66.249.75.108 - - [25/Jul/2013:15:35:41 -0400] "GET /press-room.php HTTP/1.1" 200 6775 "-" "Mozilla/5.0 (iPhone; U; CPU iPhone OS 4_1 like Mac OS X; en-us) AppleWebKit/532.9 (KHTML, like Gecko) Version/4.0.5 Mobile/8B117 Safari/6531.22.7 (compatible; Googlebot-Mobile/2.1; +http://www.google.com/bot.html)"
142.4.217.221 - - [25/Jul/2013:16:08:05 -0400] "GET / HTTP/1.1" 200 8953 "-" "Mozilla/5.0 (X11; Linux i686; rv:6.0) Gecko/20100101 Firefox/6.0"
66.87.108.41 - - [25/Jul/2013:19:27:35 -0400] "GET /slideshow/images/judge_penny_speaking_request.png HTTP/1.1" 200 291884 "http://www.google.com/search?q=judge+penny+brown+reynolds&client=ms-android-boost-us&hl=en&source=android-search-app&v=133247963&tbm=isch&tbo=u&source=univ&sa=X&ei=jbLxUb2gNY7o8gTLpoHADg&ved=0CCgQsAQ&biw=320&bih=508" "Mozilla/5.0 (Linux; U; Android 2.3.5; en-us; N860 Build/GINGERBREAD) AppleWebKit/533.1 (KHTML, like Gecko) Version/4.0 Mobile Safari/533.1"
37.115.113.47 - - [25/Jul/2013:15:56:37 -0400] "GET / HTTP/1.1" 200 8953 "http://xn--80adj4atbj1eb.xn--p1ai/" "Mozilla/4.0 (compatible; MSIE 6.0; Windows NT 5.1; SV1; .NET CLR 1.1.4322; .NET CLR 2.0.50727)"
98.100.17.18 - - [25/Jul/2013:11:35:18 -0400] "GET /slideshow/images/judge_penny_the_judge.jpg HTTP/1.1" 200 151096 "http://www.judgepenny.com/" "Mozilla/5.0 (Macintosh; Intel Mac OS X 10_6_8) AppleWebKit/534.52.7 (KHTML, like Gecko) Version/5.1.2 Safari/534.52.7"
66.249.75.108 - - [25/Jul/2013:18:14:42 -0400] "GET /penny-for-your-thoughts_whattodowhenyouloseyourjob.php HTTP/1.1" 200 9678 "-" "DoCoMo/2.0 N905i(c100;TB;W24H16) (compatible; Googlebot-Mobile/2.1; +http://www.google.com/bot.html)"
98.100.17.18 - - [25/Jul/2013:19:34:00 -0400] "GET /videos/jwplayer.js HTTP/1.1" 200 133009 "http://www.judgepenny.com/" "Mozilla/5.0 (Macintosh; Intel Mac OS X 10_6_8) AppleWebKit/534.52.7 (KHTML, like Gecko) Version/5.1.2 Safari/534.52.7"
99.141.156.241 - - [25/Jul/2013:00:33:26 -0400] "GET /images/bg.jpg HTTP/1.1" 200 71900 "http://judgepenny.com/" "Mozilla/5.0 (compatible; MSIE 10.0; Windows NT 6.2; WOW64; Trident/6.0; MALNJS)"
99.141.156.241 - - [25/Jul/2013:00:35:40 -0400] "GET /slide-style.css HTTP/1.1" 404 575 "http://judgepenny.com/shopping.php" "Mozilla/5.0 (compatible; MSIE 10.0; Windows NT 6.2; WOW64; Trident/6.0; MALNJS)"
98.100.17.18 - - [25/Jul/2013:13:00:11 -0400] "GET /videos/jwplayer.js HTTP/1.1" 200 133009 "http://www.judgepenny.com/" "Mozilla/5.0 (Macintosh; Intel Mac OS X 10_6_8) AppleWebKit/534.52.7 (KHTML, like Gecko) Version/5.1.2 Safari/534.52.7"
98.100.17.18 - - [25/Jul/2013:13:00:14 -0400] "GET /images/twitter.png HTTP/1.1" 200 2703 "http://www.judgepenny.com/" "Mozilla/5.0 (Macintosh; Intel Mac OS X 10_6_8) AppleWebKit/534.52.7 (KHTML, like Gecko) Version/5.1.2 Safari/534.52.7"
98.100.17.18 - - [25/Jul/2013:11:04:58 -0400] "GET /images/seprator.png HTTP/1.1" 200 429 "http://www.judgepenny.com/" "Mozilla/5.0 (Macintosh; Intel Mac OS X 10_6_8) AppleWebKit/534.52.7 (KHTML, like Gecko) Version/5.1.2 Safari/534.52.7"
98.100.17.18 - - [25/Jul/2013:11:04:59 -0400] "GET /images/h-right.png HTTP/1.1" 200 279 "http://www.judgepenny.com/" "Mozilla/5.0 (Macintosh; Intel Mac OS X 10_6_8) AppleWebKit/534.52.7 (KHTML, like Gecko) Version/5.1.2 Safari/534.52.7"
98.100.17.18 - - [25/Jul/2013:11:04:59 -0400] "GET /images/side-bg.png HTTP/1.1" 200 168 "http://www.judgepenny.com/" "Mozilla/5.0 (Macintosh; Intel Mac OS X 10_6_8) AppleWebKit/534.52.7 (KHTML, like Gecko) Version/5.1.2 Safari/534.52.7"
98.100.17.18 - - [25/Jul/2013:11:04:59 -0400] "GET /css/arrows.png HTTP/1.1" 200 824 "http://www.judgepenny.com/" "Mozilla/5.0 (Macintosh; Intel Mac OS X 10_6_8) AppleWebKit/534.52.7 (KHTML, like Gecko) Version/5.1.2 Safari/534.52.7"
98.100.17.18 - - [25/Jul/2013:11:35:03 -0400] "GET /slideshow/images/judge_penny_speaking_request.png HTTP/1.1" 200 291884 "http://www.judgepenny.com/" "Mozilla/5.0 (Macintosh; Intel Mac OS X 10_6_8) AppleWebKit/534.52.7 (KHTML, like Gecko) Version/5.1.2 Safari/534.52.7"
66.87.108.41 - - [25/Jul/2013:19:29:20 -0400] "GET /js/jquery.nivo.slider.pack.js HTTP/1.1" 200 15854 "http://www.judgepenny.com/" "Mozilla/5.0 (Linux; U; Android 2.3.5; en-us; N860 Build/GINGERBREAD) AppleWebKit/533.1 (KHTML, like Gecko) Version/4.0 Mobile Safari/533.1"
66.87.108.41 - - [25/Jul/2013:19:29:22 -0400] "GET /images/judge-jenny.png HTTP/1.1" 200 28663 "http://www.judgepenny.com/" "Mozilla/5.0 (Linux; U; Android 2.3.5; en-us; N860 Build/GINGERBREAD) AppleWebKit/533.1 (KHTML, like Gecko) Version/4.0 Mobile Safari/533.1"
66.87.108.41 - - [25/Jul/2013:19:29:22 -0400] "GET /images/facebook.png HTTP/1.1" 200 2371 "http://www.judgepenny.com/" "Mozilla/5.0 (Linux; U; Android 2.3.5; en-us; N860 Build/GINGERBREAD) AppleWebKit/533.1 (KHTML, like Gecko) Version/4.0 Mobile Safari/533.1"
66.87.108.41 - - [25/Jul/2013:19:29:23 -0400] "GET /images/jenny-header.png HTTP/1.1" 200 69160 "http://www.judgepenny.com/" "Mozilla/5.0 (Linux; U; Android 2.3.5; en-us; N860 Build/GINGERBREAD) AppleWebKit/533.1 (KHTML, like Gecko) Version/4.0 Mobile Safari/533.1"
66.87.108.41 - - [25/Jul/2013:19:29:24 -0400] "GET /slideshow/images/judge_penny_opportunity.jpg HTTP/1.1" 200 99540 "http://www.judgepenny.com/" "Mozilla/5.0 (Linux; U; Android 2.3.5; en-us; N860 Build/GINGERBREAD) AppleWebKit/533.1 (KHTML, like Gecko) Version/4.0 Mobile Safari/533.1"
98.100.17.18 - - [25/Jul/2013:19:38:37 -0400] "GET /images/facebook.png HTTP/1.1" 200 2371 "http://www.judgepenny.com/" "Mozilla/5.0 (Macintosh; Intel Mac OS X 10_6_8) AppleWebKit/534.52.7 (KHTML, like Gecko) Version/5.1.2 Safari/534.52.7"
157.55.32.39 - - [25/Jul/2013:03:17:08 -0400] "GET /biography.php HTTP/1.1" 200 9590 "-" "Mozilla/5.0 (compatible; bingbot/2.0; +http://www.bing.com/bingbot.htm)"
91.207.9.226 - - [25/Jul/2013:19:14:25 -0400] "GET / HTTP/1.1" 200 8953 "http://evropaedu.ru/" "Mozilla/4.79 [en] (Windows NT 5.0; U)"
99.141.156.241 - - [25/Jul/2013:00:38:13 -0400] "GET /photos.php HTTP/1.1" 200 6337 "http://judgepenny.com/events.php" "Mozilla/5.0 (compatible; MSIE 10.0; Windows NT 6.2; WOW64; Trident/6.0; MALNJS)"
99.141.156.241 - - [25/Jul/2013:00:38:16 -0400] "GET /images/pic1.jpg HTTP/1.1" 200 91045 "http://judgepenny.com/photos.php" "Mozilla/5.0 (compatible; MSIE 10.0; Windows NT 6.2; WOW64; Trident/6.0; MALNJS)"
99.141.156.241 - - [25/Jul/2013:00:41:48 -0400] "GET /images/speaking.jpg HTTP/1.1" 200 73031 "http://judgepenny.com/speaking-requests.php" "Mozilla/5.0 (compatible; MSIE 10.0; Windows NT 6.2; WOW64; Trident/6.0; MALNJS)"
65.26.130.165 - - [25/Jul/2013:09:24:54 -0400] "GET /biography.php HTTP/1.1" 302 393 "http://www.bing.com/search?q=judge+penny&form=IE10TR&src=IE10TR&pc=HPDTDFJS" "Mozilla/5.0 (compatible; MSIE 10.0; Windows NT 6.2; Win64; x64; Trident/6.0)"
65.26.130.165 - - [25/Jul/2013:09:27:59 -0400] "GET /slideshow/images/book.jpg HTTP/1.1" 200 132593 "http://judgepenny.com/index.php" "Mozilla/5.0 (compatible; MSIE 10.0; Windows NT 6.2; Win64; x64; Trident/6.0)"
65.26.130.165 - - [25/Jul/2013:09:28:03 -0400] "GET /slide-style.css HTTP/1.1" 404 575 "http://judgepenny.com/index.php" "Mozilla/5.0 (compatible; MSIE 10.0; Windows NT 6.2; Win64; x64; Trident/6.0)"
98.100.17.18 - - [25/Jul/2013:11:04:58 -0400] "GET /css/loading.gif HTTP/1.1" 200 1737 "http://www.judgepenny.com/" "Mozilla/5.0 (Macintosh; Intel Mac OS X 10_6_8) AppleWebKit/534.52.7 (KHTML, like Gecko) Version/5.1.2 Safari/534.52.7"
98.100.17.18 - - [25/Jul/2013:11:04:59 -0400] "GET /images/m-center.png HTTP/1.1" 200 191 "http://www.judgepenny.com/" "Mozilla/5.0 (Macintosh; Intel Mac OS X 10_6_8) AppleWebKit/534.52.7 (KHTML, like Gecko) Version/5.1.2 Safari/534.52.7"
98.100.17.18 - - [25/Jul/2013:11:04:59 -0400] "GET /images/s-btm.png HTTP/1.1" 200 605 "http://www.judgepenny.com/" "Mozilla/5.0 (Macintosh; Intel Mac OS X 10_6_8) AppleWebKit/534.52.7 (KHTML, like Gecko) Version/5.1.2 Safari/534.52.7"
98.100.17.18 - - [25/Jul/2013:11:04:59 -0400] "GET /css/bullets.png HTTP/1.1" 200 1281 "http://www.judgepenny.com/" "Mozilla/5.0 (Macintosh; Intel Mac OS X 10_6_8) AppleWebKit/534.52.7 (KHTML, like Gecko) Version/5.1.2 Safari/534.52.7"
157.55.35.43 - - [25/Jul/2013:23:54:51 -0400] "GET /events.php HTTP/1.1" 200 8644 "-" "Mozilla/5.0 (compatible; bingbot/2.0; +http://www.bing.com/bingbot.htm)"
157.55.32.99 - - [25/Jul/2013:15:09:09 -0400] "GET /AJCarticle.pdf HTTP/1.1" 200 2239683 "-" "Mozilla/5.0 (compatible; bingbot/2.0; +http://www.bing.com/bingbot.htm)"
76.19.97.122 - - [25/Jul/2013:00:00:05 -0400] "GET /favicon.ico HTTP/1.1" 404 575 "-" "Mozilla/5.0 (Windows NT 6.2; WOW64) AppleWebKit/537.36 (KHTML, like Gecko) Chrome/28.0.1500.72 Safari/537.36"
65.26.130.165 - - [25/Jul/2013:09:25:34 -0400] "GET /css/default.css HTTP/1.1" 200 1295 "http://judgepenny.com/biography.php" "Mozilla/5.0 (compatible; MSIE 10.0; Windows NT 6.2; Win64; x64; Trident/6.0)"
65.26.130.165 - - [25/Jul/2013:09:25:34 -0400] "GET /images/judge-jenny.png HTTP/1.1" 200 28663 "http://judgepenny.com/biography.php" "Mozilla/5.0 (compatible; MSIE 10.0; Windows NT 6.2; Win64; x64; Trident/6.0)"
65.26.130.165 - - [25/Jul/2013:09:25:34 -0400] "GET /images/twitter.png HTTP/1.1" 200 2703 "http://judgepenny.com/biography.php" "Mozilla/5.0 (compatible; MSIE 10.0; Windows NT 6.2; Win64; x64; Trident/6.0)"
65.26.130.165 - - [25/Jul/2013:09:25:34 -0400] "GET /images/judge.png HTTP/1.1" 200 164424 "http://judgepenny.com/biography.php" "Mozilla/5.0 (compatible; MSIE 10.0; Windows NT 6.2; Win64; x64; Trident/6.0)"
65.26.130.165 - - [25/Jul/2013:09:25:36 -0400] "GET /images/btn.png HTTP/1.1" 200 512 "http://judgepenny.com/biography.php" "Mozilla/5.0 (compatible; MSIE 10.0; Windows NT 6.2; Win64; x64; Trident/6.0)"
65.26.130.165 - - [25/Jul/2013:09:25:36 -0400] "GET /images/entry-bg.png HTTP/1.1" 200 18958 "http://judgepenny.com/biography.php" "Mozilla/5.0 (compatible; MSIE 10.0; Windows NT 6.2; Win64; x64; Trident/6.0)"
65.26.130.165 - - [25/Jul/2013:09:27:13 -0400] "GET /biography.php HTTP/1.1" 200 9590 "http://judgepenny.com/biography.php" "Mozilla/5.0 (compatible; MSIE 10.0; Windows NT 6.2; Win64; x64; Trident/6.0)"
65.26.130.165 - - [25/Jul/2013:09:27:57 -0400] "GET /index.php HTTP/1.1" 200 8953 "http://judgepenny.com/biography.php" "Mozilla/5.0 (compatible; MSIE 10.0; Windows NT 6.2; Win64; x64; Trident/6.0)"
65.26.130.165 - - [25/Jul/2013:09:27:59 -0400] "GET /slideshow/images/judge_penny_speaking_request.png HTTP/1.1" 200 291884 "http://judgepenny.com/index.php" "Mozilla/5.0 (compatible; MSIE 10.0; Windows NT 6.2; Win64; x64; Trident/6.0)"
98.100.17.18 - - [25/Jul/2013:11:04:39 -0400] "GET /slideshow/images/judge_penny_speaking_request.png HTTP/1.1" 200 291884 "http://www.judgepenny.com/" "Mozilla/5.0 (Macintosh; Intel Mac OS X 10_6_8) AppleWebKit/534.52.7 (KHTML, like Gecko) Version/5.1.2 Safari/534.52.7"
98.100.17.18 - - [25/Jul/2013:11:34:50 -0400] "GET /images/twitter.png HTTP/1.1" 200 2703 "http://www.judgepenny.com/" "Mozilla/5.0 (Macintosh; Intel Mac OS X 10_6_8) AppleWebKit/534.52.7 (KHTML, like Gecko) Version/5.1.2 Safari/534.52.7"
98.100.17.18 - - [25/Jul/2013:11:34:51 -0400] "GET /css/loading.gif HTTP/1.1" 200 1737 "http://www.judgepenny.com/" "Mozilla/5.0 (Macintosh; Intel Mac OS X 10_6_8) AppleWebKit/534.52.7 (KHTML, like Gecko) Version/5.1.2 Safari/534.52.7"
98.100.17.18 - - [25/Jul/2013:11:34:53 -0400] "GET /slideshow/images/judge_penny_opportunity.jpg HTTP/1.1" 200 99540 "http://www.judgepenny.com/" "Mozilla/5.0 (Macintosh; Intel Mac OS X 10_6_8) AppleWebKit/534.52.7 (KHTML, like Gecko) Version/5.1.2 Safari/534.52.7"
199.30.16.17 - - [25/Jul/2013:05:24:13 -0400] "GET /images/JudgePenny-0053_s.png HTTP/1.1" 404 575 "-" "msnbot-media/1.1 (+http://search.msn.com/msnbot.htm)"
98.100.17.18 - - [25/Jul/2013:13:00:18 -0400] "GET /slideshow/images/judge_penny_foundation.jpg HTTP/1.1" 200 175194 "http://www.judgepenny.com/" "Mozilla/5.0 (Macintosh; Intel Mac OS X 10_6_8) AppleWebKit/534.52.7 (KHTML, like Gecko) Version/5.1.2 Safari/534.52.7"
202.46.49.21 - - [25/Jul/2013:19:14:05 -0400] "GET / HTTP/1.1" 200 8953 "-" "Mozilla/5.0 (Windows NT 5.1; rv:6.0.2) Gecko/20100101 Firefox/6.0.2"
61.135.189.130 - - [25/Jul/2013:07:20:01 -0400] "GET /robots.txt HTTP/1.1" 404 575 "-" "Sogou web spider/4.0(+http://www.sogou.com/docs/help/webmasters.htm#07)"
157.55.32.39 - - [25/Jul/2013:07:43:08 -0400] "GET /index.php HTTP/1.1" 200 8953 "-" "Mozilla/5.0 (compatible; bingbot/2.0; +http://www.bing.com/bingbot.htm)"
178.154.243.82 - - [25/Jul/2013:00:39:29 -0400] "GET /slideshow/images/judge_penny_opportunity.jpg HTTP/1.1" 200 99540 "-" "Mozilla/5.0 (compatible; YandexImages/3.0; +http://yandex.com/bots)"
99.141.156.241 - - [25/Jul/2013:00:45:53 -0400] "GET /images/girls_with_pearls.png HTTP/1.1" 302 388 "http://search.yahoo.com/search;_ylt=A0oG7hnbrPBRt3wA7y5XNyoA;_ylc=X1MDMjc2NjY3OQRfcgMyBGJjawNiNmk5cGY1OHVkZ3QyJTI2YiUzRDQlMjZkJTNEMHlKMnUyOXBZRUtFRGJUcnlhY0drVUpSdUlzbU1tWHJvSjVMcG9FbDQ4MTIlMjZzJTNEcnUlMjZpJTNETnd6dzREczdUdEhYdVozdDZQS2sEY3NyY3B2aWQDTWNId29FZ2V1ckN6U1RsNVVlYkRvZ2NzWTQyYzhWSHdyTnNBQzBMYgRmcgN5ZnAtdC05MDAtMQRmcjIDc2ItdG9wBGdwcmlkA0M5Q0RkTS54U0hXRmNmUi5vS2Q3b0EEbl9yc2x0AzEwBG5fc3VnZwMwBG9yaWdpbgNzZWFyY2gueWFob28uY29tBHBvcwMwBHBxc3RyAwRwcXN0cmwDBHFzdHJsAzM2BHF1ZXJ5A3BpY3R1cmUgb2YganVkZ2UgcGVubnkgYnJvd24gIGZhbWlseQR0X3N0bXADMTM3NDczODI2ODgzNgR2dGVzdGlkA1ZJUDIyNw--?p=picture+of+judge+penny+brown++family&fr2=sb-top&fr=yfp-t-900-1" "Mozilla/4.0 (compatible; MSIE 7.0; Windows NT 6.2; WOW64; Trident/6.0; .NET4.0E; .NET4.0C; .NET CLR 3.5.30729; .NET CLR 2.0.50727; .NET CLR 3.0.30729; MALNJS)"
98.100.17.18 - - [25/Jul/2013:11:04:27 -0400] "GET /slide-style.css HTTP/1.1" 404 575 "http://www.judgepenny.com/" "Mozilla/5.0 (Macintosh; Intel Mac OS X 10_6_8) AppleWebKit/534.52.7 (KHTML, like Gecko) Version/5.1.2 Safari/534.52.7"
157.55.32.99 - - [25/Jul/2013:14:15:49 -0400] "GET /robots.txt HTTP/1.1" 404 575 "-" "Mozilla/5.0 (compatible; bingbot/2.0; +http://www.bing.com/bingbot.htm)"
91.207.9.226 - - [25/Jul/2013:19:14:24 -0400] "GET / HTTP/1.1" 200 8953 "http://evropaedu.ru/" "Mozilla/4.79 [en] (Windows NT 5.0; U)"
66.87.108.41 - - [25/Jul/2013:19:23:18 -0400] "GET /images/contact.png HTTP/1.1" 200 137804 "http://www.google.com/search?q=judge+penny+brown+reynolds&client=ms-android-boost-us&hl=en&source=android-search-app&v=133247963&tbm=isch&tbo=u&source=univ&sa=X&ei=jbLxUb2gNY7o8gTLpoHADg&ved=0CCgQsAQ&biw=320&bih=508" "Mozilla/5.0 (Linux; U; Android 2.3.5; en-us; N860 Build/GINGERBREAD) AppleWebKit/533.1 (KHTML, like Gecko) Version/4.0 Mobile Safari/533.1"
76.19.97.122 - - [25/Jul/2013:00:00:02 -0400] "GET /images/side-bg.png HTTP/1.1" 200 168 "http://www.judgepenny.com/" "Mozilla/5.0 (Windows NT 6.2; WOW64) AppleWebKit/537.36 (KHTML, like Gecko) Chrome/28.0.1500.72 Safari/537.36"
99.141.156.241 - - [25/Jul/2013:00:33:23 -0400] "GET /slide-style.css HTTP/1.1" 404 575 "http://judgepenny.com/" "Mozilla/5.0 (compatible; MSIE 10.0; Windows NT 6.2; WOW64; Trident/6.0; MALNJS)"
99.141.156.241 - - [25/Jul/2013:00:33:26 -0400] "GET /css/loading.gif HTTP/1.1" 200 1737 "http://judgepenny.com/" "Mozilla/5.0 (compatible; MSIE 10.0; Windows NT 6.2; WOW64; Trident/6.0; MALNJS)"
99.141.156.241 - - [25/Jul/2013:00:33:26 -0400] "GET /images/h-right.png HTTP/1.1" 200 279 "http://judgepenny.com/" "Mozilla/5.0 (compatible; MSIE 10.0; Windows NT 6.2; WOW64; Trident/6.0; MALNJS)"
99.141.156.241 - - [25/Jul/2013:00:33:26 -0400] "GET /images/mail-div.png HTTP/1.1" 200 1078 "http://judgepenny.com/" "Mozilla/5.0 (compatible; MSIE 10.0; Windows NT 6.2; WOW64; Trident/6.0; MALNJS)"
99.141.156.241 - - [25/Jul/2013:00:33:26 -0400] "GET /images/side-bg.png HTTP/1.1" 200 168 "http://judgepenny.com/" "Mozilla/5.0 (compatible; MSIE 10.0; Windows NT 6.2; WOW64; Trident/6.0; MALNJS)"
99.141.156.241 - - [25/Jul/2013:00:33:26 -0400] "GET /css/bullets.png HTTP/1.1" 200 1281 "http://judgepenny.com/" "Mozilla/5.0 (compatible; MSIE 10.0; Windows NT 6.2; WOW64; Trident/6.0; MALNJS)"
99.141.156.241 - - [25/Jul/2013:00:38:20 -0400] "GET /slide-style.css HTTP/1.1" 404 575 "http://judgepenny.com/photos.php" "Mozilla/5.0 (compatible; MSIE 10.0; Windows NT 6.2; WOW64; Trident/6.0; MALNJS)"
98.100.17.18 - - [25/Jul/2013:13:00:10 -0400] "GET / HTTP/1.1" 200 8953 "-" "Mozilla/5.0 (Macintosh; Intel Mac OS X 10_6_8) AppleWebKit/534.52.7 (KHTML, like Gecko) Version/5.1.2 Safari/534.52.7"
98.100.17.18 - - [25/Jul/2013:19:34:13 -0400] "GET /images/seprator.png HTTP/1.1" 200 429 "http://www.judgepenny.com/" "Mozilla/5.0 (Macintosh; Intel Mac OS X 10_6_8) AppleWebKit/534.52.7 (KHTML, like Gecko) Version/5.1.2 Safari/534.52.7"
98.100.17.18 - - [25/Jul/2013:19:39:01 -0400] "GET /slideshow/images/judge_penny_the_judge.jpg HTTP/1.1" 200 151096 "http://www.judgepenny.com/" "Mozilla/5.0 (Macintosh; Intel Mac OS X 10_6_8) AppleWebKit/534.52.7 (KHTML, like Gecko) Version/5.1.2 Safari/534.52.7"
193.43.252.252 - - [25/Jul/2013:20:09:43 -0400] "GET / HTTP/1.0" 200 8953 "http://filesonload.com" "Opera/9.80 (Windows NT 5.1; U; YB/3.5.1; ru) Presto/2.10.229 Version/11.64"
65.26.130.165 - - [25/Jul/2013:09:24:54 -0400] "GET /biography.php HTTP/1.1" 302 393 "http://www.bing.com/search?q=judge+penny&form=IE10TR&src=IE10TR&pc=HPDTDFJS" "Mozilla/5.0 (compatible; MSIE 10.0; Windows NT 6.2; Win64; x64; Trident/6.0)"
98.100.17.18 - - [25/Jul/2013:11:04:27 -0400] "GET /css/style.css HTTP/1.1" 200 9522 "http://www.judgepenny.com/" "Mozilla/5.0 (Macintosh; Intel Mac OS X 10_6_8) AppleWebKit/534.52.7 (KHTML, like Gecko) Version/5.1.2 Safari/534.52.7"
98.100.17.18 - - [25/Jul/2013:11:04:31 -0400] "GET /images/judge-jenny.png HTTP/1.1" 200 28663 "http://www.judgepenny.com/" "Mozilla/5.0 (Macintosh; Intel Mac OS X 10_6_8) AppleWebKit/534.52.7 (KHTML, like Gecko) Version/5.1.2 Safari/534.52.7"
99.141.156.241 - - [25/Jul/2013:00:34:56 -0400] "GET /images/Book_Cover.jpg HTTP/1.1" 200 51558 "http://judgepenny.com/shopping.php" "Mozilla/5.0 (compatible; MSIE 10.0; Windows NT 6.2; WOW64; Trident/6.0; MALNJS)"
99.141.156.241 - - [25/Jul/2013:00:42:18 -0400] "GET /slide-style.css HTTP/1.1" 404 575 "http://judgepenny.com/beyond-the-robe.php" "Mozilla/5.0 (compatible; MSIE 10.0; Windows NT 6.2; WOW64; Trident/6.0; MALNJS)"
99.141.156.241 - - [25/Jul/2013:00:42:19 -0400] "GET /slide-style.css HTTP/1.1" 404 575 "http://judgepenny.com/photos.php" "Mozilla/5.0 (compatible; MSIE 10.0; Windows NT 6.2; WOW64; Trident/6.0; MALNJS)"
99.141.156.241 - - [25/Jul/2013:00:42:20 -0400] "GET /slide-style.css HTTP/1.1" 404 575 "http://judgepenny.com/events.php" "Mozilla/5.0 (compatible; MSIE 10.0; Windows NT 6.2; WOW64; Trident/6.0; MALNJS)"
157.55.32.99 - - [25/Jul/2013:15:08:18 -0400] "GET /robots.txt HTTP/1.1" 404 575 "-" "Mozilla/5.0 (compatible; bingbot/2.0; +http://www.bing.com/bingbot.htm)"
178.137.93.32 - - [25/Jul/2013:08:56:17 -0400] "GET / HTTP/1.1" 200 8953 "http://fayle.ru/" "Mozilla/4.0 (compatible; MSIE 6.0; Windows XP)"
123.151.139.214 - - [25/Jul/2013:00:56:18 -0400] "GET /robots.txt HTTP/1.1" 404 575 "-" "Mozilla/5.0 (compatible; Sosospider/2.0; +http://help.soso.com/webspider.htm)"
65.26.130.165 - - [25/Jul/2013:09:27:59 -0400] "GET /slideshow/images/judge_penny_self_worth.jpg HTTP/1.1" 200 129594 "http://judgepenny.com/index.php" "Mozilla/5.0 (compatible; MSIE 10.0; Windows NT 6.2; Win64; x64; Trident/6.0)"
65.26.130.165 - - [25/Jul/2013:09:27:59 -0400] "GET /slideshow/images/judge_penny_the_judge.jpg HTTP/1.1" 200 151096 "http://judgepenny.com/index.php" "Mozilla/5.0 (compatible; MSIE 10.0; Windows NT 6.2; Win64; x64; Trident/6.0)"
65.26.130.165 - - [25/Jul/2013:09:27:59 -0400] "GET /js/jquery.nivo.slider.pack.js HTTP/1.1" 200 15854 "http://judgepenny.com/index.php" "Mozilla/5.0 (compatible; MSIE 10.0; Windows NT 6.2; Win64; x64; Trident/6.0)"
65.26.130.165 - - [25/Jul/2013:09:27:59 -0400] "GET /images/m-top.png HTTP/1.1" 200 574 "http://judgepenny.com/index.php" "Mozilla/5.0 (compatible; MSIE 10.0; Windows NT 6.2; Win64; x64; Trident/6.0)"
65.26.130.165 - - [25/Jul/2013:09:27:59 -0400] "GET /images/m-btm.png HTTP/1.1" 200 741 "http://judgepenny.com/index.php" "Mozilla/5.0 (compatible; MSIE 10.0; Windows NT 6.2; Win64; x64; Trident/6.0)"
178.154.243.82 - - [25/Jul/2013:04:32:37 -0400] "GET /images/buy-now.png HTTP/1.1" 304 - "-" "Mozilla/5.0 (compatible; YandexImages/3.0; +http://yandex.com/bots)"
24.98.212.227 - - [25/Jul/2013:12:10:32 -0400] "GET /css/default.css HTTP/1.1" 200 1295 "http://www.judgepenny.com/biography.php" "Mozilla/5.0 (iPhone; CPU iPhone OS 6_1_3 like Mac OS X) AppleWebKit/536.26 (KHTML, like Gecko) Version/6.0 Mobile/10B329 Safari/8536.25"
24.98.212.227 - - [25/Jul/2013:12:10:32 -0400] "GET /images/twitter.png HTTP/1.1" 200 2703 "http://www.judgepenny.com/biography.php" "Mozilla/5.0 (iPhone; CPU iPhone OS 6_1_3 like Mac OS X) AppleWebKit/536.26 (KHTML, like Gecko) Version/6.0 Mobile/10B329 Safari/8536.25"
24.98.212.227 - - [25/Jul/2013:12:10:32 -0400] "GET /images/buy-now.png HTTP/1.1" 200 89906 "http://www.judgepenny.com/biography.php" "Mozilla/5.0 (iPhone; CPU iPhone OS 6_1_3 like Mac OS X) AppleWebKit/536.26 (KHTML, like Gecko) Version/6.0 Mobile/10B329 Safari/8536.25"
24.98.212.227 - - [25/Jul/2013:12:10:32 -0400] "GET /images/h-div.png HTTP/1.1" 200 1503 "http://www.judgepenny.com/biography.php" "Mozilla/5.0 (iPhone; CPU iPhone OS 6_1_3 like Mac OS X) AppleWebKit/536.26 (KHTML, like Gecko) Version/6.0 Mobile/10B329 Safari/8536.25"
24.98.212.227 - - [25/Jul/2013:12:10:32 -0400] "GET /images/entry-bg.png HTTP/1.1" 200 18958 "http://www.judgepenny.com/biography.php" "Mozilla/5.0 (iPhone; CPU iPhone OS 6_1_3 like Mac OS X) AppleWebKit/536.26 (KHTML, like Gecko) Version/6.0 Mobile/10B329 Safari/8536.25"
98.100.17.18 - - [25/Jul/2013:13:00:16 -0400] "GET /css/loading.gif HTTP/1.1" 200 1737 "http://www.judgepenny.com/" "Mozilla/5.0 (Macintosh; Intel Mac OS X 10_6_8) AppleWebKit/534.52.7 (KHTML, like Gecko) Version/5.1.2 Safari/534.52.7"
37.115.113.47 - - [25/Jul/2013:15:56:37 -0400] "GET / HTTP/1.1" 200 8953 "http://xn--80adj4atbj1eb.xn--p1ai/" "Mozilla/4.0 (compatible; MSIE 6.0; Windows NT 5.1; SV1; .NET CLR 1.1.4322; .NET CLR 2.0.50727)"
66.87.108.41 - - [25/Jul/2013:19:29:12 -0400] "GET /css/nivo-slider.css HTTP/1.1" 200 1430 "http://www.judgepenny.com/" "Mozilla/5.0 (Linux; U; Android 2.3.5; en-us; N860 Build/GINGERBREAD) AppleWebKit/533.1 (KHTML, like Gecko) Version/4.0 Mobile Safari/533.1"
98.100.17.18 - - [25/Jul/2013:19:34:20 -0400] "GET /slideshow/images/judge_penny_opportunity.jpg HTTP/1.1" 200 99540 "http://www.judgepenny.com/" "Mozilla/5.0 (Macintosh; Intel Mac OS X 10_6_8) AppleWebKit/534.52.7 (KHTML, like Gecko) Version/5.1.2 Safari/534.52.7"
98.100.17.18 - - [25/Jul/2013:19:38:21 -0400] "GET /css/style.css HTTP/1.1" 200 9522 "http://www.judgepenny.com/" "Mozilla/5.0 (Macintosh; Intel Mac OS X 10_6_8) AppleWebKit/534.52.7 (KHTML, like Gecko) Version/5.1.2 Safari/534.52.7"
193.43.252.252 - - [25/Jul/2013:20:09:46 -0400] "GET / HTTP/1.0" 200 8953 "http://filesonload.com" "Opera/9.80 (Windows NT 6.1; U; ru) Presto/2.10.289 Version/12.02"
199.30.16.12 - - [25/Jul/2013:04:24:34 -0400] "GET /images/judge2.jpg HTTP/1.1" 200 50523 "-" "msnbot-media/1.1 (+http://search.msn.com/msnbot.htm)"
66.87.108.41 - - [25/Jul/2013:19:29:22 -0400] "GET /images/twitter.png HTTP/1.1" 200 2703 "http://www.judgepenny.com/" "Mozilla/5.0 (Linux; U; Android 2.3.5; en-us; N860 Build/GINGERBREAD) AppleWebKit/533.1 (KHTML, like Gecko) Version/4.0 Mobile Safari/533.1"
66.87.108.41 - - [25/Jul/2013:19:29:23 -0400] "GET /images/seprator.png HTTP/1.1" 200 429 "http://www.judgepenny.com/" "Mozilla/5.0 (Linux; U; Android 2.3.5; en-us; N860 Build/GINGERBREAD) AppleWebKit/533.1 (KHTML, like Gecko) Version/4.0 Mobile Safari/533.1"
66.87.108.41 - - [25/Jul/2013:19:29:24 -0400] "GET /slideshow/images/judge_penny_self_worth.jpg HTTP/1.1" 200 129594 "http://www.judgepenny.com/" "Mozilla/5.0 (Linux; U; Android 2.3.5; en-us; N860 Build/GINGERBREAD) AppleWebKit/533.1 (KHTML, like Gecko) Version/4.0 Mobile Safari/533.1"
98.100.17.18 - - [25/Jul/2013:11:04:25 -0400] "GET / HTTP/1.1" 200 8953 "-" "Mozilla/5.0 (Macintosh; Intel Mac OS X 10_6_8) AppleWebKit/534.52.7 (KHTML, like Gecko) Version/5.1.2 Safari/534.52.7"
98.100.17.18 - - [25/Jul/2013:11:04:27 -0400] "GET /js/jquery.nivo.slider.pack.js HTTP/1.1" 200 15854 "http://www.judgepenny.com/" "Mozilla/5.0 (Macintosh; Intel Mac OS X 10_6_8) AppleWebKit/534.52.7 (KHTML, like Gecko) Version/5.1.2 Safari/534.52.7"
157.55.32.99 - - [25/Jul/2013:12:26:32 -0400] "GET /robots.txt HTTP/1.1" 404 575 "-" "Mozilla/5.0 (compatible; bingbot/2.0; +http://www.bing.com/bingbot.htm)"
99.141.156.241 - - [25/Jul/2013:00:40:21 -0400] "GET /slide-style.css HTTP/1.1" 404 575 "http://judgepenny.com/beyond-the-robe.php" "Mozilla/5.0 (compatible; MSIE 10.0; Windows NT 6.2; WOW64; Trident/6.0; MALNJS)"
98.100.17.18 - - [25/Jul/2013:13:00:35 -0400] "GET /images/mail-div.png HTTP/1.1" 200 1078 "http://www.judgepenny.com/" "Mozilla/5.0 (Macintosh; Intel Mac OS X 10_6_8) AppleWebKit/534.52.7 (KHTML, like Gecko) Version/5.1.2 Safari/534.52.7"
65.26.130.165 - - [25/Jul/2013:09:24:54 -0400] "GET /biography.php HTTP/1.1" 302 393 "http://www.bing.com/search?q=judge+penny&form=IE10TR&src=IE10TR&pc=HPDTDFJS" "Mozilla/5.0 (compatible; MSIE 10.0; Windows NT 6.2; Win64; x64; Trident/6.0)"
65.26.130.165 - - [25/Jul/2013:09:28:03 -0400] "GET /css/loading.gif HTTP/1.1" 200 1737 "http://judgepenny.com/index.php" "Mozilla/5.0 (compatible; MSIE 10.0; Windows NT 6.2; Win64; x64; Trident/6.0)"
65.26.130.165 - - [25/Jul/2013:09:28:04 -0400] "GET /images/s-btm.png HTTP/1.1" 200 605 "http://judgepenny.com/index.php" "Mozilla/5.0 (compatible; MSIE 10.0; Windows NT 6.2; Win64; x64; Trident/6.0)"
65.26.130.165 - - [25/Jul/2013:09:28:04 -0400] "GET /images/side-bg.png HTTP/1.1" 200 168 "http://judgepenny.com/index.php" "Mozilla/5.0 (compatible; MSIE 10.0; Windows NT 6.2; Win64; x64; Trident/6.0)"
208.115.113.86 - - [25/Jul/2013:10:09:29 -0400] "GET /robots.txt HTTP/1.1" 404 575 "-" "Mozilla/5.0 (compatible; Ezooms/1.0; ezooms.bot@gmail.com)"
157.55.35.43 - - [25/Jul/2013:23:50:37 -0400] "GET /robots.txt HTTP/1.1" 404 575 "-" "Mozilla/5.0 (compatible; bingbot/2.0; +http://www.bing.com/bingbot.htm)"
99.141.156.241 - - [25/Jul/2013:00:33:20 -0400] "GET /css/nivo-slider.css HTTP/1.1" 200 1430 "http://judgepenny.com/" "Mozilla/5.0 (compatible; MSIE 10.0; Windows NT 6.2; WOW64; Trident/6.0; MALNJS)"
99.141.156.241 - - [25/Jul/2013:00:33:20 -0400] "GET /images/twitter.png HTTP/1.1" 200 2703 "http://judgepenny.com/" "Mozilla/5.0 (compatible; MSIE 10.0; Windows NT 6.2; WOW64; Trident/6.0; MALNJS)"
99.141.156.241 - - [25/Jul/2013:00:33:20 -0400] "GET /images/you-tube.png HTTP/1.1" 200 3090 "http://judgepenny.com/" "Mozilla/5.0 (compatible; MSIE 10.0; Windows NT 6.2; WOW64; Trident/6.0; MALNJS)"
99.141.156.241 - - [25/Jul/2013:00:33:20 -0400] "GET /slideshow/images/judge_penny_foundation.jpg HTTP/1.1" 200 175194 "http://judgepenny.com/" "Mozilla/5.0 (compatible; MSIE 10.0; Windows NT 6.2; WOW64; Trident/6.0; MALNJS)"
157.55.35.85 - - [25/Jul/2013:02:40:14 -0400] "GET /robots.txt HTTP/1.1" 404 575 "-" "Mozilla/5.0 (compatible; bingbot/2.0; +http://www.bing.com/bingbot.htm)"
24.98.212.227 - - [25/Jul/2013:12:10:19 -0400] "GET /images/main-btm.png HTTP/1.1" 200 398 "http://judgepenny.com/speaking-requests.php" "Mozilla/5.0 (iPhone; CPU iPhone OS 6_1_3 like Mac OS X) AppleWebKit/536.26 (KHTML, like Gecko) Version/6.0 Mobile/10B329 Safari/8536.25"
24.98.212.227 - - [25/Jul/2013:12:10:19 -0400] "GET /images/entry-bg3.png HTTP/1.1" 200 19110 "http://judgepenny.com/speaking-requests.php" "Mozilla/5.0 (iPhone; CPU iPhone OS 6_1_3 like Mac OS X) AppleWebKit/536.26 (KHTML, like Gecko) Version/6.0 Mobile/10B329 Safari/8536.25"
24.98.212.227 - - [25/Jul/2013:12:10:20 -0400] "GET /images/sub-menu.png HTTP/1.1" 200 6956 "http://judgepenny.com/speaking-requests.php" "Mozilla/5.0 (iPhone; CPU iPhone OS 6_1_3 like Mac OS X) AppleWebKit/536.26 (KHTML, like Gecko) Version/6.0 Mobile/10B329 Safari/8536.25"
66.87.108.41 - - [25/Jul/2013:19:30:23 -0400] "GET /favicon.ico HTTP/1.1" 404 575 "http://www.judgepenny.com/" "Mozilla/5.0 (Linux; U; Android 2.3.5; en-us; N860 Build/GINGERBREAD) AppleWebKit/533.1 (KHTML, like Gecko) Version/4.0 Mobile Safari/533.1"
98.100.17.18 - - [25/Jul/2013:19:34:35 -0400] "GET /slideshow/images/judge_penny_the_judge.jpg HTTP/1.1" 200 151096 "http://www.judgepenny.com/" "Mozilla/5.0 (Macintosh; Intel Mac OS X 10_6_8) AppleWebKit/534.52.7 (KHTML, like Gecko) Version/5.1.2 Safari/534.52.7"
180.76.5.161 - - [25/Jul/2013:18:59:05 -0400] "GET / HTTP/1.1" 200 8953 "-" "Mozilla/5.0 (compatible; Baiduspider/2.0; +http://www.baidu.com/search/spider.html)"
157.55.32.99 - - [25/Jul/2013:00:42:06 -0400] "GET /robots.txt HTTP/1.1" 404 575 "-" "Mozilla/5.0 (compatible; bingbot/2.0; +http://www.bing.com/bingbot.htm)"
157.55.32.99 - - [25/Jul/2013:23:05:09 -0400] "GET / HTTP/1.1" 200 8953 "-" "Mozilla/5.0 (compatible; bingbot/2.0; +http://www.bing.com/bingbot.htm)"
5.10.83.47 - - [25/Jul/2013:05:01:56 -0400] "GET / HTTP/1.1" 503 323 "-" "Mozilla/5.0 (compatible; AhrefsBot/5.0; +http://ahrefs.com/robot/)"
100.43.83.156 - - [25/Jul/2013:12:33:20 -0400] "GET /robots.txt HTTP/1.1" 404 575 "-" "Mozilla/5.0 (compatible; YandexBot/3.0; +http://yandex.com/bots)"
98.100.17.18 - - [25/Jul/2013:13:00:11 -0400] "GET /slide-style.css HTTP/1.1" 404 575 "http://www.judgepenny.com/" "Mozilla/5.0 (Macintosh; Intel Mac OS X 10_6_8) AppleWebKit/534.52.7 (KHTML, like Gecko) Version/5.1.2 Safari/534.52.7"
65.26.130.165 - - [25/Jul/2013:09:25:34 -0400] "GET /slide-style.css HTTP/1.1" 404 575 "http://judgepenny.com/biography.php" "Mozilla/5.0 (compatible; MSIE 10.0; Windows NT 6.2; Win64; x64; Trident/6.0)"
65.26.130.165 - - [25/Jul/2013:09:25:34 -0400] "GET /images/linked-in.png HTTP/1.1" 200 2575 "http://judgepenny.com/biography.php" "Mozilla/5.0 (compatible; MSIE 10.0; Windows NT 6.2; Win64; x64; Trident/6.0)"
65.26.130.165 - - [25/Jul/2013:09:25:34 -0400] "GET /images/main-btm.png HTTP/1.1" 200 398 "http://judgepenny.com/biography.php" "Mozilla/5.0 (compatible; MSIE 10.0; Windows NT 6.2; Win64; x64; Trident/6.0)"
65.26.130.165 - - [25/Jul/2013:09:25:36 -0400] "GET /images/sub-menu.png HTTP/1.1" 200 6956 "http://judgepenny.com/biography.php" "Mozilla/5.0 (compatible; MSIE 10.0; Windows NT 6.2; Win64; x64; Trident/6.0)"
65.26.130.165 - - [25/Jul/2013:09:25:36 -0400] "GET /images/right-div.png HTTP/1.1" 200 5479 "http://judgepenny.com/biography.php" "Mozilla/5.0 (compatible; MSIE 10.0; Windows NT 6.2; Win64; x64; Trident/6.0)"
98.100.17.18 - - [25/Jul/2013:11:04:31 -0400] "GET /images/you-tube.png HTTP/1.1" 200 3090 "http://www.judgepenny.com/" "Mozilla/5.0 (Macintosh; Intel Mac OS X 10_6_8) AppleWebKit/534.52.7 (KHTML, like Gecko) Version/5.1.2 Safari/534.52.7"
98.100.17.18 - - [25/Jul/2013:11:04:32 -0400] "GET /slideshow/images/judge_penny_opportunity.jpg HTTP/1.1" 200 99540 "http://www.judgepenny.com/" "Mozilla/5.0 (Macintosh; Intel Mac OS X 10_6_8) AppleWebKit/534.52.7 (KHTML, like Gecko) Version/5.1.2 Safari/534.52.7"
180.76.5.89 - - [25/Jul/2013:06:02:42 -0400] "GET /penny-for-your-thoughts.php HTTP/1.1" 200 11765 "-" "Mozilla/5.0 (compatible; Baiduspider/2.0; +http://www.baidu.com/search/spider.html)"
212.184.190.50 - - [25/Jul/2013:07:34:56 -0400] "GET /css/nivo-slider.css HTTP/1.1" 200 1430 "http://www.judgepenny.com/" "Mozilla/5.0 (Macintosh; Intel Mac OS X 10_8_4) AppleWebKit/536.30.1 (KHTML, like Gecko) Version/6.0.5 Safari/536.30.1"
212.184.190.50 - - [25/Jul/2013:07:34:57 -0400] "GET /images/judge-jenny.png HTTP/1.1" 200 28663 "http://www.judgepenny.com/" "Mozilla/5.0 (Macintosh; Intel Mac OS X 10_8_4) AppleWebKit/536.30.1 (KHTML, like Gecko) Version/6.0.5 Safari/536.30.1"
212.184.190.50 - - [25/Jul/2013:07:34:57 -0400] "GET /slideshow/images/judge_penny_speaking_request.png HTTP/1.1" 200 291884 "http://www.judgepenny.com/" "Mozilla/5.0 (Macintosh; Intel Mac OS X 10_8_4) AppleWebKit/536.30.1 (KHTML, like Gecko) Version/6.0.5 Safari/536.30.1"
212.184.190.50 - - [25/Jul/2013:07:34:58 -0400] "GET /images/h-right.png HTTP/1.1" 200 279 "http://www.judgepenny.com/" "Mozilla/5.0 (Macintosh; Intel Mac OS X 10_8_4) AppleWebKit/536.30.1 (KHTML, like Gecko) Version/6.0.5 Safari/536.30.1"
212.184.190.50 - - [25/Jul/2013:07:34:58 -0400] "GET /images/m-btm.png HTTP/1.1" 200 741 "http://www.judgepenny.com/" "Mozilla/5.0 (Macintosh; Intel Mac OS X 10_8_4) AppleWebKit/536.30.1 (KHTML, like Gecko) Version/6.0.5 Safari/536.30.1"
212.184.190.50 - - [25/Jul/2013:07:34:58 -0400] "GET /images/side-bg.png HTTP/1.1" 200 168 "http://www.judgepenny.com/" "Mozilla/5.0 (Macintosh; Intel Mac OS X 10_8_4) AppleWebKit/536.30.1 (KHTML, like Gecko) Version/6.0.5 Safari/536.30.1"
157.55.32.99 - - [25/Jul/2013:12:28:20 -0400] "GET /speaking-requests.php HTTP/1.1" 200 14865 "-" "Mozilla/5.0 (compatible; bingbot/2.0; +http://www.bing.com/bingbot.htm)"
98.100.17.18 - - [25/Jul/2013:13:00:11 -0400] "GET /css/default.css HTTP/1.1" 200 1295 "http://www.judgepenny.com/" "Mozilla/5.0 (Macintosh; Intel Mac OS X 10_6_8) AppleWebKit/534.52.7 (KHTML, like Gecko) Version/5.1.2 Safari/534.52.7"
98.100.17.18 - - [25/Jul/2013:13:00:14 -0400] "GET /images/bg.jpg HTTP/1.1" 200 71900 "http://www.judgepenny.com/" "Mozilla/5.0 (Macintosh; Intel Mac OS X 10_6_8) AppleWebKit/534.52.7 (KHTML, like Gecko) Version/5.1.2 Safari/534.52.7"
37.115.113.47 - - [25/Jul/2013:15:56:39 -0400] "GET / HTTP/1.1" 200 8953 "http://xn--80adj4atbj1eb.xn--p1ai/" "Mozilla/4.0 (compatible; MSIE 6.0; Windows NT 5.1; SV1; .NET CLR 1.1.4322; .NET CLR 2.0.50727)"
98.100.17.18 - - [25/Jul/2013:19:34:12 -0400] "GET /images/bg.jpg HTTP/1.1" 200 71900 "http://www.judgepenny.com/" "Mozilla/5.0 (Macintosh; Intel Mac OS X 10_6_8) AppleWebKit/534.52.7 (KHTML, like Gecko) Version/5.1.2 Safari/534.52.7"
98.100.17.18 - - [25/Jul/2013:19:34:12 -0400] "GET /images/jenny-header.png HTTP/1.1" 200 69160 "http://www.judgepenny.com/" "Mozilla/5.0 (Macintosh; Intel Mac OS X 10_6_8) AppleWebKit/534.52.7 (KHTML, like Gecko) Version/5.1.2 Safari/534.52.7"
98.100.17.18 - - [25/Jul/2013:19:38:21 -0400] "GET /videos/jwplayer.js HTTP/1.1" 200 133009 "http://www.judgepenny.com/" "Mozilla/5.0 (Macintosh; Intel Mac OS X 10_6_8) AppleWebKit/534.52.7 (KHTML, like Gecko) Version/5.1.2 Safari/534.52.7"
98.100.17.18 - - [25/Jul/2013:19:39:12 -0400] "GET /images/h-right.png HTTP/1.1" 200 279 "http://www.judgepenny.com/" "Mozilla/5.0 (Macintosh; Intel Mac OS X 10_6_8) AppleWebKit/534.52.7 (KHTML, like Gecko) Version/5.1.2 Safari/534.52.7"
99.141.156.241 - - [25/Jul/2013:00:33:18 -0400] "GET / HTTP/1.1" 200 8953 "http://www.bing.com/search?q=judge+penney.com&form=IE10TR&src=IE10TR&pc=MALNJS" "Mozilla/5.0 (compatible; MSIE 10.0; Windows NT 6.2; WOW64; Trident/6.0; MALNJS)"
99.141.156.241 - - [25/Jul/2013:00:33:19 -0400] "GET /videos/jwplayer.js HTTP/1.1" 200 133009 "http://judgepenny.com/" "Mozilla/5.0 (compatible; MSIE 10.0; Windows NT 6.2; WOW64; Trident/6.0; MALNJS)"
99.141.156.241 - - [25/Jul/2013:00:33:19 -0400] "GET /css/style.css HTTP/1.1" 200 9522 "http://judgepenny.com/" "Mozilla/5.0 (compatible; MSIE 10.0; Windows NT 6.2; WOW64; Trident/6.0; MALNJS)"
99.141.156.241 - - [25/Jul/2013:00:33:20 -0400] "GET /images/facebook.png HTTP/1.1" 200 2371 "http://judgepenny.com/" "Mozilla/5.0 (compatible; MSIE 10.0; Windows NT 6.2; WOW64; Trident/6.0; MALNJS)"
99.141.156.241 - - [25/Jul/2013:00:33:20 -0400] "GET /images/linked-in.png HTTP/1.1" 200 2575 "http://judgepenny.com/" "Mozilla/5.0 (compatible; MSIE 10.0; Windows NT 6.2; WOW64; Trident/6.0; MALNJS)"
99.141.156.241 - - [25/Jul/2013:00:33:20 -0400] "GET /slideshow/images/book.jpg HTTP/1.1" 200 132593 "http://judgepenny.com/" "Mozilla/5.0 (compatible; MSIE 10.0; Windows NT 6.2; WOW64; Trident/6.0; MALNJS)"
99.141.156.241 - - [25/Jul/2013:00:33:20 -0400] "GET /slideshow/images/judge_penny_opportunity.jpg HTTP/1.1" 200 99540 "http://judgepenny.com/" "Mozilla/5.0 (compatible; MSIE 10.0; Windows NT 6.2; WOW64; Trident/6.0; MALNJS)"
99.141.156.241 - - [25/Jul/2013:00:33:20 -0400] "GET /slideshow/images/judge_penny_self_worth.jpg HTTP/1.1" 200 129594 "http://judgepenny.com/" "Mozilla/5.0 (compatible; MSIE 10.0; Windows NT 6.2; WOW64; Trident/6.0; MALNJS)"
99.141.156.241 - - [25/Jul/2013:00:33:20 -0400] "GET /slideshow/images/judge_penny_speaking_request.png HTTP/1.1" 200 291884 "http://judgepenny.com/" "Mozilla/5.0 (compatible; MSIE 10.0; Windows NT 6.2; WOW64; Trident/6.0; MALNJS)"
99.141.156.241 - - [25/Jul/2013:00:33:20 -0400] "GET /js/jquery.nivo.slider.pack.js HTTP/1.1" 200 15854 "http://judgepenny.com/" "Mozilla/5.0 (compatible; MSIE 10.0; Windows NT 6.2; WOW64; Trident/6.0; MALNJS)"
99.141.156.241 - - [25/Jul/2013:00:33:20 -0400] "GET /images/m-top.png HTTP/1.1" 200 574 "http://judgepenny.com/" "Mozilla/5.0 (compatible; MSIE 10.0; Windows NT 6.2; WOW64; Trident/6.0; MALNJS)"
99.141.156.241 - - [25/Jul/2013:00:33:20 -0400] "GET /images/m-btm.png HTTP/1.1" 200 741 "http://judgepenny.com/" "Mozilla/5.0 (compatible; MSIE 10.0; Windows NT 6.2; WOW64; Trident/6.0; MALNJS)"
178.137.93.32 - - [25/Jul/2013:01:15:24 -0400] "GET / HTTP/1.1" 200 8953 "http://imonger.ru/" "Mozilla/4.0 (compatible; MSIE 6.0; Windows NT 5.2; SV1; .NET CLR 1.1.4322; .NET CLR 2.0.50727)"
212.184.190.50 - - [25/Jul/2013:07:34:55 -0400] "GET / HTTP/1.1" 200 8953 "http://www.google.com/url?sa=t&rct=j&q=&esrc=s&source=web&cd=3&ved=0CDYQFjAC&url=http%3A%2F%2Fwww.judgepenny.com%2F&ei=WQ3xUezuD4rBtQb4hoGgBA&usg=AFQjCNHtHkI_C9gsk1xU2I1lfXHdPYI7Ow&sig2=nHqkhVbK_s-1eBjw-tXf6g&bvm=bv.49784469,d.Yms" "Mozilla/5.0 (Macintosh; Intel Mac OS X 10_8_4) AppleWebKit/536.30.1 (KHTML, like Gecko) Version/6.0.5 Safari/536.30.1"
212.184.190.50 - - [25/Jul/2013:07:34:56 -0400] "GET /videos/jwplayer.js HTTP/1.1" 200 133009 "http://www.judgepenny.com/" "Mozilla/5.0 (Macintosh; Intel Mac OS X 10_8_4) AppleWebKit/536.30.1 (KHTML, like Gecko) Version/6.0.5 Safari/536.30.1"
212.184.190.50 - - [25/Jul/2013:07:34:57 -0400] "GET /images/twitter.png HTTP/1.1" 200 2703 "http://www.judgepenny.com/" "Mozilla/5.0 (Macintosh; Intel Mac OS X 10_8_4) AppleWebKit/536.30.1 (KHTML, like Gecko) Version/6.0.5 Safari/536.30.1"
212.184.190.50 - - [25/Jul/2013:07:34:57 -0400] "GET /slideshow/images/judge_penny_self_worth.jpg HTTP/1.1" 200 129594 "http://www.judgepenny.com/" "Mozilla/5.0 (Macintosh; Intel Mac OS X 10_8_4) AppleWebKit/536.30.1 (KHTML, like Gecko) Version/6.0.5 Safari/536.30.1"
212.184.190.50 - - [25/Jul/2013:07:34:57 -0400] "GET /slideshow/images/judge_penny_the_judge.jpg HTTP/1.1" 200 151096 "http://www.judgepenny.com/" "Mozilla/5.0 (Macintosh; Intel Mac OS X 10_8_4) AppleWebKit/536.30.1 (KHTML, like Gecko) Version/6.0.5 Safari/536.30.1"
212.184.190.50 - - [25/Jul/2013:07:34:58 -0400] "GET /images/jenny-header.png HTTP/1.1" 200 69160 "http://www.judgepenny.com/" "Mozilla/5.0 (Macintosh; Intel Mac OS X 10_8_4) AppleWebKit/536.30.1 (KHTML, like Gecko) Version/6.0.5 Safari/536.30.1"
212.184.190.50 - - [25/Jul/2013:07:34:58 -0400] "GET /images/mail-div.png HTTP/1.1" 200 1078 "http://www.judgepenny.com/" "Mozilla/5.0 (Macintosh; Intel Mac OS X 10_8_4) AppleWebKit/536.30.1 (KHTML, like Gecko) Version/6.0.5 Safari/536.30.1"
157.55.32.99 - - [25/Jul/2013:07:39:13 -0400] "GET / HTTP/1.1" 200 8953 "-" "Mozilla/5.0 (compatible; bingbot/2.0; +http://www.bing.com/bingbot.htm)"
178.154.243.82 - - [25/Jul/2013:07:48:42 -0400] "GET /slideshow/images/judge_penny_foundation.jpg HTTP/1.1" 200 175194 "-" "Mozilla/5.0 (compatible; YandexImages/3.0; +http://yandex.com/bots)"
65.26.130.165 - - [25/Jul/2013:09:24:55 -0400] "GET /biography.php HTTP/1.1" 302 393 "http://www.bing.com/search?q=judge+penny&form=IE10TR&src=IE10TR&pc=HPDTDFJS" "Mozilla/5.0 (compatible; MSIE 10.0; Windows NT 6.2; Win64; x64; Trident/6.0)"
98.100.17.18 - - [25/Jul/2013:11:34:42 -0400] "GET /videos/jwplayer.js HTTP/1.1" 200 133009 "http://www.judgepenny.com/" "Mozilla/5.0 (Macintosh; Intel Mac OS X 10_6_8) AppleWebKit/534.52.7 (KHTML, like Gecko) Version/5.1.2 Safari/534.52.7"
66.87.108.41 - - [25/Jul/2013:19:25:58 -0400] "GET /images/girls_with_pearls.png HTTP/1.1" 200 244372 "http://www.google.com/search?q=judge+penny+brown+reynolds&client=ms-android-boost-us&hl=en&source=android-search-app&v=133247963&tbm=isch&tbo=u&source=univ&sa=X&ei=jbLxUb2gNY7o8gTLpoHADg&ved=0CCgQsAQ&biw=320&bih=508" "Mozilla/5.0 (Linux; U; Android 2.3.5; en-us; N860 Build/GINGERBREAD) AppleWebKit/533.1 (KHTML, like Gecko) Version/4.0 Mobile Safari/533.1"
98.100.17.18 - - [25/Jul/2013:19:33:59 -0400] "GET / HTTP/1.1" 200 8953 "-" "Mozilla/5.0 (Macintosh; Intel Mac OS X 10_6_8) AppleWebKit/534.52.7 (KHTML, like Gecko) Version/5.1.2 Safari/534.52.7"
98.100.17.18 - - [25/Jul/2013:19:38:37 -0400] "GET /images/bg.jpg HTTP/1.1" 200 71900 "http://www.judgepenny.com/" "Mozilla/5.0 (Macintosh; Intel Mac OS X 10_6_8) AppleWebKit/534.52.7 (KHTML, like Gecko) Version/5.1.2 Safari/534.52.7"
157.55.32.99 - - [25/Jul/2013:23:04:34 -0400] "GET /robots.txt HTTP/1.1" 404 575 "-" "Mozilla/5.0 (compatible; bingbot/2.0; +http://www.bing.com/bingbot.htm)"
99.141.156.241 - - [25/Jul/2013:00:41:47 -0400] "GET /speaking-requests.php HTTP/1.1" 200 14865 "http://judgepenny.com/beyond-the-robe.php" "Mozilla/5.0 (compatible; MSIE 10.0; Windows NT 6.2; WOW64; Trident/6.0; MALNJS)"
24.98.212.227 - - [25/Jul/2013:12:10:20 -0400] "GET /images/events.png HTTP/1.1" 200 3829 "http://judgepenny.com/speaking-requests.php" "Mozilla/5.0 (iPhone; CPU iPhone OS 6_1_3 like Mac OS X) AppleWebKit/536.26 (KHTML, like Gecko) Version/6.0 Mobile/10B329 Safari/8536.25"
98.100.17.18 - - [25/Jul/2013:13:00:14 -0400] "GET /images/facebook.png HTTP/1.1" 200 2371 "http://www.judgepenny.com/" "Mozilla/5.0 (Macintosh; Intel Mac OS X 10_6_8) AppleWebKit/534.52.7 (KHTML, like Gecko) Version/5.1.2 Safari/534.52.7"
98.100.17.18 - - [25/Jul/2013:13:00:14 -0400] "GET /images/judge-jenny.png HTTP/1.1" 200 28663 "http://www.judgepenny.com/" "Mozilla/5.0 (Macintosh; Intel Mac OS X 10_6_8) AppleWebKit/534.52.7 (KHTML, like Gecko) Version/5.1.2 Safari/534.52.7"
98.100.17.18 - - [25/Jul/2013:13:00:15 -0400] "GET /images/seprator.png HTTP/1.1" 200 429 "http://www.judgepenny.com/" "Mozilla/5.0 (Macintosh; Intel Mac OS X 10_6_8) AppleWebKit/534.52.7 (KHTML, like Gecko) Version/5.1.2 Safari/534.52.7"
212.184.190.50 - - [25/Jul/2013:07:34:56 -0400] "GET /css/style.css HTTP/1.1" 200 9522 "http://www.judgepenny.com/" "Mozilla/5.0 (Macintosh; Intel Mac OS X 10_8_4) AppleWebKit/536.30.1 (KHTML, like Gecko) Version/6.0.5 Safari/536.30.1"
212.184.190.50 - - [25/Jul/2013:07:34:58 -0400] "GET /images/seprator.png HTTP/1.1" 200 429 "http://www.judgepenny.com/" "Mozilla/5.0 (Macintosh; Intel Mac OS X 10_8_4) AppleWebKit/536.30.1 (KHTML, like Gecko) Version/6.0.5 Safari/536.30.1"
212.184.190.50 - - [25/Jul/2013:07:34:58 -0400] "GET /images/m-center.png HTTP/1.1" 200 191 "http://www.judgepenny.com/" "Mozilla/5.0 (Macintosh; Intel Mac OS X 10_8_4) AppleWebKit/536.30.1 (KHTML, like Gecko) Version/6.0.5 Safari/536.30.1"
212.184.190.50 - - [25/Jul/2013:07:34:58 -0400] "GET /images/s-top.png HTTP/1.1" 200 440 "http://www.judgepenny.com/" "Mozilla/5.0 (Macintosh; Intel Mac OS X 10_8_4) AppleWebKit/536.30.1 (KHTML, like Gecko) Version/6.0.5 Safari/536.30.1"
212.184.190.50 - - [25/Jul/2013:07:34:58 -0400] "GET /images/s-btm.png HTTP/1.1" 200 605 "http://www.judgepenny.com/" "Mozilla/5.0 (Macintosh; Intel Mac OS X 10_8_4) AppleWebKit/536.30.1 (KHTML, like Gecko) Version/6.0.5 Safari/536.30.1"
98.100.17.18 - - [25/Jul/2013:11:04:27 -0400] "GET /css/nivo-slider.css HTTP/1.1" 200 1430 "http://www.judgepenny.com/" "Mozilla/5.0 (Macintosh; Intel Mac OS X 10_6_8) AppleWebKit/534.52.7 (KHTML, like Gecko) Version/5.1.2 Safari/534.52.7"
98.100.17.18 - - [25/Jul/2013:11:34:42 -0400] "GET /css/default.css HTTP/1.1" 200 1295 "http://www.judgepenny.com/" "Mozilla/5.0 (Macintosh; Intel Mac OS X 10_6_8) AppleWebKit/534.52.7 (KHTML, like Gecko) Version/5.1.2 Safari/534.52.7"
98.100.17.18 - - [25/Jul/2013:11:34:50 -0400] "GET /images/judge-jenny.png HTTP/1.1" 200 28663 "http://www.judgepenny.com/" "Mozilla/5.0 (Macintosh; Intel Mac OS X 10_6_8) AppleWebKit/534.52.7 (KHTML, like Gecko) Version/5.1.2 Safari/534.52.7"
98.100.17.18 - - [25/Jul/2013:19:34:49 -0400] "GET /css/arrows.png HTTP/1.1" 200 824 "http://www.judgepenny.com/" "Mozilla/5.0 (Macintosh; Intel Mac OS X 10_6_8) AppleWebKit/534.52.7 (KHTML, like Gecko) Version/5.1.2 Safari/534.52.7"
99.141.156.241 - - [25/Jul/2013:00:35:51 -0400] "GET /slide-style.css HTTP/1.1" 404 575 "http://judgepenny.com/judge-penny-story.php" "Mozilla/5.0 (compatible; MSIE 10.0; Windows NT 6.2; WOW64; Trident/6.0; MALNJS)"
99.141.156.241 - - [25/Jul/2013:00:35:51 -0400] "GET /images/buy-now.png HTTP/1.1" 200 89906 "http://judgepenny.com/judge-penny-story.php" "Mozilla/5.0 (compatible; MSIE 10.0; Windows NT 6.2; WOW64; Trident/6.0; MALNJS)"
99.141.156.241 - - [25/Jul/2013:00:45:57 -0400] "GET /images/buy-now.png HTTP/1.1" 302 378 "http://search.yahoo.com/search;_ylt=A0oG7hnbrPBRt3wA7y5XNyoA;_ylc=X1MDMjc2NjY3OQRfcgMyBGJjawNiNmk5cGY1OHVkZ3QyJTI2YiUzRDQlMjZkJTNEMHlKMnUyOXBZRUtFRGJUcnlhY0drVUpSdUlzbU1tWHJvSjVMcG9FbDQ4MTIlMjZzJTNEcnUlMjZpJTNETnd6dzREczdUdEhYdVozdDZQS2sEY3NyY3B2aWQDTWNId29FZ2V1ckN6U1RsNVVlYkRvZ2NzWTQyYzhWSHdyTnNBQzBMYgRmcgN5ZnAtdC05MDAtMQRmcjIDc2ItdG9wBGdwcmlkA0M5Q0RkTS54U0hXRmNmUi5vS2Q3b0EEbl9yc2x0AzEwBG5fc3VnZwMwBG9yaWdpbgNzZWFyY2gueWFob28uY29tBHBvcwMwBHBxc3RyAwRwcXN0cmwDBHFzdHJsAzM2BHF1ZXJ5A3BpY3R1cmUgb2YganVkZ2UgcGVubnkgYnJvd24gIGZhbWlseQR0X3N0bXADMTM3NDczODI2ODgzNgR2dGVzdGlkA1ZJUDIyNw--?p=picture+of+judge+penny+brown++family&fr2=sb-top&fr=yfp-t-900-1" "Mozilla/4.0 (compatible; MSIE 7.0; Windows NT 6.2; WOW64; Trident/6.0; .NET4.0E; .NET4.0C; .NET CLR 3.5.30729; .NET CLR 2.0.50727; .NET CLR 3.0.30729; MALNJS)"
24.98.212.227 - - [25/Jul/2013:12:10:04 -0400] "GET /slide-style.css HTTP/1.1" 404 575 "http://judgepenny.com/" "Mozilla/5.0 (iPhone; CPU iPhone OS 6_1_3 like Mac OS X) AppleWebKit/536.26 (KHTML, like Gecko) Version/6.0 Mobile/10B329 Safari/8536.25"
24.98.212.227 - - [25/Jul/2013:12:10:04 -0400] "GET /js/jquery.nivo.slider.pack.js HTTP/1.1" 200 15854 "http://judgepenny.com/" "Mozilla/5.0 (iPhone; CPU iPhone OS 6_1_3 like Mac OS X) AppleWebKit/536.26 (KHTML, like Gecko) Version/6.0 Mobile/10B329 Safari/8536.25"
24.98.212.227 - - [25/Jul/2013:12:10:04 -0400] "GET /images/judge-jenny.png HTTP/1.1" 200 28663 "http://judgepenny.com/" "Mozilla/5.0 (iPhone; CPU iPhone OS 6_1_3 like Mac OS X) AppleWebKit/536.26 (KHTML, like Gecko) Version/6.0 Mobile/10B329 Safari/8536.25"
98.100.17.18 - - [25/Jul/2013:13:00:19 -0400] "GET /slideshow/images/judge_penny_opportunity.jpg HTTP/1.1" 200 99540 "http://www.judgepenny.com/" "Mozilla/5.0 (Macintosh; Intel Mac OS X 10_6_8) AppleWebKit/534.52.7 (KHTML, like Gecko) Version/5.1.2 Safari/534.52.7"
66.87.108.41 - - [25/Jul/2013:19:29:22 -0400] "GET /images/linked-in.png HTTP/1.1" 200 2575 "http://www.judgepenny.com/" "Mozilla/5.0 (Linux; U; Android 2.3.5; en-us; N860 Build/GINGERBREAD) AppleWebKit/533.1 (KHTML, like Gecko) Version/4.0 Mobile Safari/533.1"
66.87.108.41 - - [25/Jul/2013:19:29:24 -0400] "GET /slideshow/images/judge_penny_foundation.jpg HTTP/1.1" 200 175194 "http://www.judgepenny.com/" "Mozilla/5.0 (Linux; U; Android 2.3.5; en-us; N860 Build/GINGERBREAD) AppleWebKit/533.1 (KHTML, like Gecko) Version/4.0 Mobile Safari/533.1"
66.87.108.41 - - [25/Jul/2013:19:29:36 -0400] "GET /images/m-center.png HTTP/1.1" 200 191 "http://www.judgepenny.com/" "Mozilla/5.0 (Linux; U; Android 2.3.5; en-us; N860 Build/GINGERBREAD) AppleWebKit/533.1 (KHTML, like Gecko) Version/4.0 Mobile Safari/533.1"
66.87.108.41 - - [25/Jul/2013:19:29:39 -0400] "GET /images/s-btm.png HTTP/1.1" 200 605 "http://www.judgepenny.com/" "Mozilla/5.0 (Linux; U; Android 2.3.5; en-us; N860 Build/GINGERBREAD) AppleWebKit/533.1 (KHTML, like Gecko) Version/4.0 Mobile Safari/533.1"
66.87.108.41 - - [25/Jul/2013:19:29:40 -0400] "GET /css/arrows.png HTTP/1.1" 200 824 "http://www.judgepenny.com/" "Mozilla/5.0 (Linux; U; Android 2.3.5; en-us; N860 Build/GINGERBREAD) AppleWebKit/533.1 (KHTML, like Gecko) Version/4.0 Mobile Safari/533.1"
98.100.17.18 - - [25/Jul/2013:19:34:00 -0400] "GET /css/style.css HTTP/1.1" 200 9522 "http://www.judgepenny.com/" "Mozilla/5.0 (Macintosh; Intel Mac OS X 10_6_8) AppleWebKit/534.52.7 (KHTML, like Gecko) Version/5.1.2 Safari/534.52.7"
193.43.252.252 - - [25/Jul/2013:20:09:44 -0400] "GET / HTTP/1.0" 200 8953 "http://filesonload.com" "Opera/9.80 (Windows NT 5.1; U; ru) Presto/2.10.229 Version/11.64"
65.26.130.165 - - [25/Jul/2013:09:27:31 -0400] "GET /beyond-the-robe.php HTTP/1.1" 503 323 "http://judgepenny.com/biography.php" "Mozilla/5.0 (compatible; MSIE 10.0; Windows NT 6.2; Win64; x64; Trident/6.0)"
98.100.17.18 - - [25/Jul/2013:11:04:30 -0400] "GET /css/default.css HTTP/1.1" 200 1295 "http://www.judgepenny.com/" "Mozilla/5.0 (Macintosh; Intel Mac OS X 10_6_8) AppleWebKit/534.52.7 (KHTML, like Gecko) Version/5.1.2 Safari/534.52.7"
98.100.17.18 - - [25/Jul/2013:11:04:31 -0400] "GET /slideshow/images/book.jpg HTTP/1.1" 200 132593 "http://www.judgepenny.com/" "Mozilla/5.0 (Macintosh; Intel Mac OS X 10_6_8) AppleWebKit/534.52.7 (KHTML, like Gecko) Version/5.1.2 Safari/534.52.7"
99.141.156.241 - - [25/Jul/2013:00:33:26 -0400] "GET /images/jenny-header.png HTTP/1.1" 200 69160 "http://judgepenny.com/" "Mozilla/5.0 (compatible; MSIE 10.0; Windows NT 6.2; WOW64; Trident/6.0; MALNJS)"
99.141.156.241 - - [25/Jul/2013:00:35:38 -0400] "GET /shopping.php HTTP/1.1" 200 8086 "http://judgepenny.com/shopping.php" "Mozilla/5.0 (compatible; MSIE 10.0; Windows NT 6.2; WOW64; Trident/6.0; MALNJS)"
99.141.156.241 - - [25/Jul/2013:00:35:40 -0400] "GET /images/sub-menu.png HTTP/1.1" 200 6956 "http://judgepenny.com/shopping.php" "Mozilla/5.0 (compatible; MSIE 10.0; Windows NT 6.2; WOW64; Trident/6.0; MALNJS)"
