98.100.17.18 - - [25/Jul/2013:11:04:58 -0400] "GET /images/m-top.png HTTP/1.1" 200 574 "http://www.judgepenny.com/" "Mozilla/5.0 (Macintosh; Intel Mac OS X 10_6_8) AppleWebKit/534.52.7 (KHTML, like Gecko) Version/5.1.2 Safari/534.52.7"
98.100.17.18 - - [25/Jul/2013:11:04:59 -0400] "GET /images/h-left.png HTTP/1.1" 200 137 "http://www.judgepenny.com/" "Mozilla/5.0 (Macintosh; Intel Mac OS X 10_6_8) AppleWebKit/534.52.7 (KHTML, like Gecko) Version/5.1.2 Safari/534.52.7"
98.100.17.18 - - [25/Jul/2013:11:04:59 -0400] "GET /images/s-top.png HTTP/1.1" 200 440 "http://www.judgepenny.com/" "Mozilla/5.0 (Macintosh; Intel Mac OS X 10_6_8) AppleWebKit/534.52.7 (KHTML, like Gecko) Version/5.1.2 Safari/534.52.7"
98.100.17.18 - - [25/Jul/2013:11:04:59 -0400] "GET /images/ftr-bg.png HTTP/1.1" 200 198 "http://www.judgepenny.com/" "Mozilla/5.0 (Macintosh; Intel Mac OS X 10_6_8) AppleWebKit/534.52.7 (KHTML, like Gecko) Version/5.1.2 Safari/534.52.7"
98.100.17.18 - - [25/Jul/2013:11:34:50 -0400] "GET /images/linked-in.png HTTP/1.1" 200 2575 "http://www.judgepenny.com/" "Mozilla/5.0 (Macintosh; Intel Mac OS X 10_6_8) AppleWebKit/534.52.7 (KHTML, like Gecko) Version/5.1.2 Safari/534.52.7"
98.100.17.18 - - [25/Jul/2013:11:34:51 -0400] "GET /images/seprator.png HTTP/1.1" 200 429 "http://www.judgepenny.com/" "Mozilla/5.0 (Macintosh; Intel Mac OS X 10_6_8) AppleWebKit/534.52.7 (KHTML, like Gecko) Version/5.1.2 Safari/534.52.7"
98.100.17.18 - - [25/Jul/2013:11:34:53 -0400] "GET /slideshow/images/judge_penny_foundation.jpg HTTP/1.1" 200 175194 "http://www.judgepenny.com/" "Mozilla/5.0 (Macintosh; Intel Mac OS X 10_6_8) AppleWebKit/534.52.7 (KHTML, like Gecko) Version/5.1.2 Safari/534.52.7"
98.100.17.18 - - [25/Jul/2013:11:35:18 -0400] "GET /images/m-top.png HTTP/1.1" 200 574 "http://www.judgepenny.com/" "Mozilla/5.0 (Macintosh; Intel Mac OS X 10_6_8) AppleWebKit/534.52.7 (KHTML, like Gecko) Version/5.1.2 Safari/534.52.7"
98.100.17.18 - - [25/Jul/2013:11:35:18 -0400] "GET /images/m-btm.png HTTP/1.1" 200 741 "http://www.judgepenny.com/" "Mozilla/5.0 (Macintosh; Intel Mac OS X 10_6_8) AppleWebKit/534.52.7 (KHTML, like Gecko) Version/5.1.2 Safari/534.52.7"
98.100.17.18 - - [25/Jul/2013:11:35:20 -0400] "GET /images/h-left.png HTTP/1.1" 200 137 "http://www.judgepenny.com/" "Mozilla/5.0 (Macintosh; Intel Mac OS X 10_6_8) AppleWebKit/534.52.7 (KHTML, like Gecko) Version/5.1.2 Safari/534.52.7"
98.100.17.18 - - [25/Jul/2013:11:35:22 -0400] "GET /images/m-center.png HTTP/1.1" 200 191 "http://www.judgepenny.com/" "Mozilla/5.0 (Macintosh; Intel Mac OS X 10_6_8) AppleWebKit/534.52.7 (KHTML, like Gecko) Version/5.1.2 Safari/534.52.7"
98.100.17.18 - - [25/Jul/2013:11:35:23 -0400] "GET /images/side-bg.png HTTP/1.1" 200 168 "http://www.judgepenny.com/" "Mozilla/5.0 (Macintosh; Intel Mac OS X 10_6_8) AppleWebKit/534.52.7 (KHTML, like Gecko) Version/5.1.2 Safari/534.52.7"
98.100.17.18 - - [25/Jul/2013:11:35:24 -0400] "GET /images/ftr-bg.png HTTP/1.1" 200 198 "http://www.judgepenny.com/" "Mozilla/5.0 (Macintosh; Intel Mac OS X 10_6_8) AppleWebKit/534.52.7 (KHTML, like Gecko) Version/5.1.2 Safari/534.52.7"
218.30.103.39 - - [25/Jul/2013:08:04:11 -0400] "GET / HTTP/1.1" 200 8953 "-" "Sogou web spider/4.0(+http://www.sogou.com/docs/help/webmasters.htm#07)"
98.100.17.18 - - [25/Jul/2013:13:00:36 -0400] "GET /images/side-bg.png HTTP/1.1" 200 168 "http://www.judgepenny.com/" "Mozilla/5.0 (Macintosh; Intel Mac OS X 10_6_8) AppleWebKit/534.52.7 (KHTML, like Gecko) Version/5.1.2 Safari/534.52.7"
100.43.83.156 - - [25/Jul/2013:17:53:19 -0400] "GET / HTTP/1.1" 200 8953 "-" "Mozilla/5.0 (compatible; YandexBot/3.0; +http://yandex.com/bots)"
66.249.75.108 - - [25/Jul/2013:18:56:05 -0400] "GET /photos.php HTTP/1.1" 200 6337 "-" "SAMSUNG-SGH-E250/1.0 Profile/MIDP-2.0 Configuration/CLDC-1.1 UP.Browser/6.2.3.3.c.1.101 (GUI) MMP/2.0 (compatible; Googlebot-Mobile/2.1; +http://www.google.com/bot.html)"
208.54.64.209 - - [25/Jul/2013:19:25:51 -0400] "GET /slideshow/images/judge_penny_the_judge.jpg HTTP/1.1" 200 151096 "http://www.google.com/search?q=judge+penny&client=ms-android-hms-tmobile-us&hl=en&source=android-launcher-widget&v=141292727&tbm=isch&tbo=u&source=univ&sa=X&ei=3bPxUf-oDpH69gTRoYCACg&ved=0CCoQsAQ&biw=360&bih=588&sei=7bPxUZGPI4zK9QSLzYGQAw" "Mozilla/5.0 (Linux; U; Android 4.0.3; en-us; Amaze_4G Build/IML74K) AppleWebKit/534.30 (KHTML, like Gecko) Version/4.0 Mobile Safari/534.30"
98.100.17.18 - - [25/Jul/2013:19:38:54 -0400] "GET /slideshow/images/judge_penny_self_worth.jpg HTTP/1.1" 200 129594 "http://www.judgepenny.com/" "Mozilla/5.0 (Macintosh; Intel Mac OS X 10_6_8) AppleWebKit/534.52.7 (KHTML, like Gecko) Version/5.1.2 Safari/534.52.7"
193.111.141.44 - - [25/Jul/2013:16:34:47 -0400] "GET / HTTP/1.1" 200 8953 "-" "Mozilla/5.0 (X11; Linux i686; rv:6.0) Gecko/20100101 Firefox/6.0"
98.100.17.18 - - [25/Jul/2013:11:04:50 -0400] "GET /images/jenny-header.png HTTP/1.1" 200 69160 "http://www.judgepenny.com/" "Mozilla/5.0 (Macintosh; Intel Mac OS X 10_6_8) AppleWebKit/534.52.7 (KHTML, like Gecko) Version/5.1.2 Safari/534.52.7"
66.249.75.108 - - [25/Jul/2013:23:40:00 -0400] "GET /penny-for-your-thoughts_whattodowhenyouloseyourjob.php HTTP/1.1" 200 9678 "-" "Mozilla/5.0 (compatible; Googlebot/2.1; +http://www.google.com/bot.html)"
99.141.156.241 - - [25/Jul/2013:00:33:26 -0400] "GET /images/h-left.png HTTP/1.1" 200 137 "http://judgepenny.com/" "Mozilla/5.0 (compatible; MSIE 10.0; Windows NT 6.2; WOW64; Trident/6.0; MALNJS)"
99.141.156.241 - - [25/Jul/2013:00:33:26 -0400] "GET /images/ftr-bg.png HTTP/1.1" 200 198 "http://judgepenny.com/" "Mozilla/5.0 (compatible; MSIE 10.0; Windows NT 6.2; WOW64; Trident/6.0; MALNJS)"
192.31.106.36 - - [25/Jul/2013:06:24:00 -0400] "GET /images/facebook.png HTTP/1.1" 304 - "-" "Mozilla/4.0 (compatible;)"
66.87.108.41 - - [25/Jul/2013:19:29:21 -0400] "GET /images/bg.jpg HTTP/1.1" 200 71900 "http://www.judgepenny.com/" "Mozilla/5.0 (Linux; U; Android 2.3.5; en-us; N860 Build/GINGERBREAD) AppleWebKit/533.1 (KHTML, like Gecko) Version/4.0 Mobile Safari/533.1"
193.43.252.252 - - [25/Jul/2013:20:09:42 -0400] "GET / HTTP/1.0" 200 8953 "http://filesonload.com" "Opera/9.80 (Windows NT 6.2; WOW64; MRA 8.0 (build 5784)) Presto/2.12.388 Version/12.11"
65.26.130.165 - - [25/Jul/2013:09:28:12 -0400] "GET /images/h-left.png HTTP/1.1" 200 137 "http://judgepenny.com/index.php" "Mozilla/5.0 (compatible; MSIE 10.0; Windows NT 6.2; Win64; x64; Trident/6.0)"
98.100.17.18 - - [25/Jul/2013:11:34:42 -0400] "GET /css/style.css HTTP/1.1" 200 9522 "http://www.judgepenny.com/" "Mozilla/5.0 (Macintosh; Intel Mac OS X 10_6_8) AppleWebKit/534.52.7 (KHTML, like Gecko) Version/5.1.2 Safari/534.52.7"
76.19.97.122 - - [25/Jul/2013:00:00:02 -0400] "GET /images/mail-div.png HTTP/1.1" 200 1078 "http://www.judgepenny.com/" "Mozilla/5.0 (Windows NT 6.2; WOW64) AppleWebKit/537.36 (KHTML, like Gecko) Chrome/28.0.1500.72 Safari/537.36"
99.141.156.241 - - [25/Jul/2013:00:35:07 -0400] "GET /favicon.ico HTTP/1.1" 404 575 "-" "Mozilla/5.0 (compatible; MSIE 10.0; Windows NT 6.2; Win64; x64; Trident/6.0; MALNJS)"
157.55.32.99 - - [25/Jul/2013:16:04:39 -0400] "GET /judge-penny-foundation.php HTTP/1.1" 200 7746 "-" "Mozilla/5.0 (compatible; bingbot/2.0; +http://www.bing.com/bingbot.htm)"
66.87.108.41 - - [25/Jul/2013:19:23:18 -0400] "GET /images/Book_Cover.jpg HTTP/1.1" 200 51558 "http://www.google.com/search?q=judge+penny+brown+reynolds&client=ms-android-boost-us&hl=en&source=android-search-app&v=133247963&tbm=isch&tbo=u&source=univ&sa=X&ei=jbLxUb2gNY7o8gTLpoHADg&ved=0CCgQsAQ&biw=320&bih=508" "Mozilla/5.0 (Linux; U; Android 2.3.5; en-us; N860 Build/GINGERBREAD) AppleWebKit/533.1 (KHTML, like Gecko) Version/4.0 Mobile Safari/533.1"
66.87.108.41 - - [25/Jul/2013:19:29:11 -0400] "GET / HTTP/1.1" 200 8953 "http://www.google.com/search?hl=en&redir_esc=&client=ms-android-boost-us&source=android-search-app&v=133247963&qsubts=1374794952841&q=judge+penny+.come&v=133247963" "Mozilla/5.0 (Linux; U; Android 2.3.5; en-us; N860 Build/GINGERBREAD) AppleWebKit/533.1 (KHTML, like Gecko) Version/4.0 Mobile Safari/533.1"
66.87.108.41 - - [25/Jul/2013:19:29:12 -0400] "GET /css/default.css HTTP/1.1" 200 1295 "http://www.judgepenny.com/" "Mozilla/5.0 (Linux; U; Android 2.3.5; en-us; N860 Build/GINGERBREAD) AppleWebKit/533.1 (KHTML, like Gecko) Version/4.0 Mobile Safari/533.1"
98.100.17.18 - - [25/Jul/2013:19:34:00 -0400] "GET /slide-style.css HTTP/1.1" 404 575 "http://www.judgepenny.com/" "Mozilla/5.0 (Macintosh; Intel Mac OS X 10_6_8) AppleWebKit/534.52.7 (KHTML, like Gecko) Version/5.1.2 Safari/534.52.7"
98.100.17.18 - - [25/Jul/2013:19:38:21 -0400] "GET /slide-style.css HTTP/1.1" 404 575 "http://www.judgepenny.com/" "Mozilla/5.0 (Macintosh; Intel Mac OS X 10_6_8) AppleWebKit/534.52.7 (KHTML, like Gecko) Version/5.1.2 Safari/534.52.7"
98.100.17.18 - - [25/Jul/2013:19:38:21 -0400] "GET /css/default.css HTTP/1.1" 200 1295 "http://www.judgepenny.com/" "Mozilla/5.0 (Macintosh; Intel Mac OS X 10_6_8) AppleWebKit/534.52.7 (KHTML, like Gecko) Version/5.1.2 Safari/534.52.7"
157.56.92.158 - - [25/Jul/2013:08:56:21 -0400] "GET /robots.txt HTTP/1.1" 404 575 "-" "Mozilla/5.0 (compatible; bingbot/2.0; +http://www.bing.com/bingbot.htm)"
208.115.113.86 - - [25/Jul/2013:11:15:09 -0400] "GET /contact.html HTTP/1.1" 404 575 "-" "Mozilla/5.0 (compatible; Ezooms/1.0; ezooms.bot@gmail.com)"
24.98.212.227 - - [25/Jul/2013:12:10:18 -0400] "GET /speaking-requests.php HTTP/1.1" 200 14865 "http://judgepenny.com/" "Mozilla/5.0 (iPhone; CPU iPhone OS 6_1_3 like Mac OS X) AppleWebKit/536.26 (KHTML, like Gecko) Version/6.0 Mobile/10B329 Safari/8536.25"
24.98.212.227 - - [25/Jul/2013:12:10:19 -0400] "GET /slide-style.css HTTP/1.1" 404 575 "http://judgepenny.com/speaking-requests.php" "Mozilla/5.0 (iPhone; CPU iPhone OS 6_1_3 like Mac OS X) AppleWebKit/536.26 (KHTML, like Gecko) Version/6.0 Mobile/10B329 Safari/8536.25"
24.98.212.227 - - [25/Jul/2013:12:10:19 -0400] "GET /images/speaking.jpg HTTP/1.1" 200 73031 "http://judgepenny.com/speaking-requests.php" "Mozilla/5.0 (iPhone; CPU iPhone OS 6_1_3 like Mac OS X) AppleWebKit/536.26 (KHTML, like Gecko) Version/6.0 Mobile/10B329 Safari/8536.25"
24.98.212.227 - - [25/Jul/2013:12:10:19 -0400] "GET /images/r-head.png HTTP/1.1" 200 596 "http://judgepenny.com/speaking-requests.php" "Mozilla/5.0 (iPhone; CPU iPhone OS 6_1_3 like Mac OS X) AppleWebKit/536.26 (KHTML, like Gecko) Version/6.0 Mobile/10B329 Safari/8536.25"
24.98.212.227 - - [25/Jul/2013:12:10:20 -0400] "GET /images/btn.png HTTP/1.1" 200 512 "http://judgepenny.com/speaking-requests.php" "Mozilla/5.0 (iPhone; CPU iPhone OS 6_1_3 like Mac OS X) AppleWebKit/536.26 (KHTML, like Gecko) Version/6.0 Mobile/10B329 Safari/8536.25"
66.249.75.108 - - [25/Jul/2013:12:12:13 -0400] "GET /judge-penny-foundation.php HTTP/1.1" 200 7746 "-" "Mozilla/5.0 (compatible; Googlebot/2.1; +http://www.google.com/bot.html)"
180.76.5.54 - - [25/Jul/2013:12:57:35 -0400] "GET / HTTP/1.1" 200 8953 "-" "Mozilla/5.0 (compatible; Baiduspider/2.0; +http://www.baidu.com/search/spider.html)"
123.125.71.105 - - [25/Jul/2013:14:22:17 -0400] "GET /videos/jwplayer.js HTTP/1.1" 200 133009 "http://judgepenny.com/" "Mozilla/5.0 (X11; U; Linux x86_64; en-US; rv:1.9) Gecko Minefield/3.0"
5.10.83.47 - - [25/Jul/2013:04:39:57 -0400] "GET /judge-penny-foundation.php HTTP/1.1" 200 7746 "-" "Mozilla/5.0 (compatible; AhrefsBot/5.0; +http://ahrefs.com/robot/)"
66.87.104.37 - - [25/Jul/2013:02:21:15 -0400] "GET /images/judge2.jpg HTTP/1.1" 200 50523 "http://www.google.com/search?q=judge+penny+brown+reynolds&client=ms-android-boost-us&sa=N&hl=en&source=android-search-app&v=133247963&tbm=isch&tbo=u&source=univ&ei=sMPwUfiFEca9yAGW54DgDg&ved=0CCgQsAQ&biw=320&bih=508" "Mozilla/5.0 (Linux; U; Android 2.3.5; en-us; N860 Build/GINGERBREAD) AppleWebKit/533.1 (KHTML, like Gecko) Version/4.0 Mobile Safari/533.1"
157.55.35.85 - - [25/Jul/2013:02:41:38 -0400] "GET /contact.php HTTP/1.1" 200 6149 "-" "Mozilla/5.0 (compatible; bingbot/2.0; +http://www.bing.com/bingbot.htm)"
98.100.17.18 - - [25/Jul/2013:11:05:08 -0400] "GET /images/m-btm.png HTTP/1.1" 200 741 "http://www.judgepenny.com/" "Mozilla/5.0 (Macintosh; Intel Mac OS X 10_6_8) AppleWebKit/534.52.7 (KHTML, like Gecko) Version/5.1.2 Safari/534.52.7"
98.100.17.18 - - [25/Jul/2013:11:34:42 -0400] "GET /slide-style.css HTTP/1.1" 404 575 "http://www.judgepenny.com/" "Mozilla/5.0 (Macintosh; Intel Mac OS X 10_6_8) AppleWebKit/534.52.7 (KHTML, like Gecko) Version/5.1.2 Safari/534.52.7"
212.184.190.50 - - [25/Jul/2013:05:08:45 -0400] "GET / HTTP/1.1" 302 360 "http://www.google.com/url?sa=t&rct=j&q=&esrc=s&source=web&cd=3&ved=0CDYQFjAC&url=http%3A%2F%2Fwww.judgepenny.com%2F&ei=DOvwUYWjOMXUswac6oGwDQ&usg=AFQjCNHtHkI_C9gsk1xU2I1lfXHdPYI7Ow&sig2=nV_t1mGfmIuRcYiwgUastQ&bvm=bv.49784469,d.Yms" "Mozilla/5.0 (Macintosh; Intel Mac OS X 10_8_4) AppleWebKit/536.30.1 (KHTML, like Gecko) Version/6.0.5 Safari/536.30.1"
166.205.68.26 - - [25/Jul/2013:22:34:30 -0400] "GET /images/contact.png HTTP/1.1" 200 137804 "http://www.google.com/search?hl=en&site=webhp&tbm=isch&source=hp&ei=m9_xUdSlFYXayAHlqICQBQ&q=penny+brown&oq=penny+brown&gs_l=mobile-gws-hp.3..0l4j0i5.3416.9602.0.11047.12.9.0.1.1.0.681.3470.0j1j4j0j1j3.9.0....0...1c.1.22.mobile-gws-hp..5.7.1940.IM6ZdDmmWdY&biw=320&bih=356&sei=qN_xUcT4MMz9rAGasYHgDg" "Mozilla/5.0 (iPhone; CPU iPhone OS 6_1_3 like Mac OS X) AppleWebKit/536.26 (KHTML, like Gecko) Version/6.0 Mobile/10B329 Safari/8536.25"
66.87.104.37 - - [25/Jul/2013:02:24:37 -0400] "GET /slideshow/images/judge_penny_the_judge.jpg HTTP/1.1" 200 151096 "http://www.google.com/search?q=judge+penny+brown+reynolds&client=ms-android-boost-us&sa=N&hl=en&source=android-search-app&v=133247963&tbm=isch&tbo=u&source=univ&ei=sMPwUfiFEca9yAGW54DgDg&ved=0CCgQsAQ&biw=320&bih=508" "Mozilla/5.0 (Linux; U; Android 2.3.5; en-us; N860 Build/GINGERBREAD) AppleWebKit/533.1 (KHTML, like Gecko) Version/4.0 Mobile Safari/533.1"
98.100.17.18 - - [25/Jul/2013:13:00:21 -0400] "GET /slideshow/images/judge_penny_speaking_request.png HTTP/1.1" 200 291884 "http://www.judgepenny.com/" "Mozilla/5.0 (Macintosh; Intel Mac OS X 10_6_8) AppleWebKit/534.52.7 (KHTML, like Gecko) Version/5.1.2 Safari/534.52.7"
98.100.17.18 - - [25/Jul/2013:19:34:12 -0400] "GET /images/facebook.png HTTP/1.1" 200 2371 "http://www.judgepenny.com/" "Mozilla/5.0 (Macintosh; Intel Mac OS X 10_6_8) AppleWebKit/534.52.7 (KHTML, like Gecko) Version/5.1.2 Safari/534.52.7"
193.17.208.76 - - [25/Jul/2013:04:59:02 -0400] "GET /events.php' HTTP/1.1" 404 575 "-" "Mozila/4.0 (compatible; MSIE 6.0; Windows NT 5.1;)"
98.100.17.18 - - [25/Jul/2013:11:35:22 -0400] "GET /images/h-right.png HTTP/1.1" 200 279 "http://www.judgepenny.com/" "Mozilla/5.0 (Macintosh; Intel Mac OS X 10_6_8) AppleWebKit/534.52.7 (KHTML, like Gecko) Version/5.1.2 Safari/534.52.7"
98.100.17.18 - - [25/Jul/2013:11:35:23 -0400] "GET /images/s-top.png HTTP/1.1" 200 440 "http://www.judgepenny.com/" "Mozilla/5.0 (Macintosh; Intel Mac OS X 10_6_8) AppleWebKit/534.52.7 (KHTML, like Gecko) Version/5.1.2 Safari/534.52.7"
98.100.17.18 - - [25/Jul/2013:11:35:23 -0400] "GET /images/s-btm.png HTTP/1.1" 200 605 "http://www.judgepenny.com/" "Mozilla/5.0 (Macintosh; Intel Mac OS X 10_6_8) AppleWebKit/534.52.7 (KHTML, like Gecko) Version/5.1.2 Safari/534.52.7"
98.100.17.18 - - [25/Jul/2013:11:35:24 -0400] "GET /css/bullets.png HTTP/1.1" 200 1281 "http://www.judgepenny.com/" "Mozilla/5.0 (Macintosh; Intel Mac OS X 10_6_8) AppleWebKit/534.52.7 (KHTML, like Gecko) Version/5.1.2 Safari/534.52.7"
178.137.93.32 - - [25/Jul/2013:08:19:00 -0400] "GET / HTTP/1.1" 200 8953 "http://gidserials.ru/" "Mozilla/4.0 (compatible; MSIE 6.0; Windows NT 5.2; SV1; .NET CLR 1.1.4322; .NET CLR 2.0.50727)"
99.141.156.241 - - [25/Jul/2013:00:38:16 -0400] "GET /images/pic4.jpg HTTP/1.1" 200 62897 "http://judgepenny.com/photos.php" "Mozilla/5.0 (compatible; MSIE 10.0; Windows NT 6.2; WOW64; Trident/6.0; MALNJS)"
157.55.32.39 - - [25/Jul/2013:02:49:08 -0400] "GET /biography.php HTTP/1.1" 200 9590 "-" "Mozilla/5.0 (compatible; bingbot/2.0; +http://www.bing.com/bingbot.htm)"
98.100.17.18 - - [25/Jul/2013:13:00:32 -0400] "GET /images/m-top.png HTTP/1.1" 200 574 "http://www.judgepenny.com/" "Mozilla/5.0 (Macintosh; Intel Mac OS X 10_6_8) AppleWebKit/534.52.7 (KHTML, like Gecko) Version/5.1.2 Safari/534.52.7"
98.100.17.18 - - [25/Jul/2013:13:00:33 -0400] "GET /images/m-btm.png HTTP/1.1" 200 741 "http://www.judgepenny.com/" "Mozilla/5.0 (Macintosh; Intel Mac OS X 10_6_8) AppleWebKit/534.52.7 (KHTML, like Gecko) Version/5.1.2 Safari/534.52.7"
98.100.17.18 - - [25/Jul/2013:13:00:36 -0400] "GET /css/bullets.png HTTP/1.1" 200 1281 "http://www.judgepenny.com/" "Mozilla/5.0 (Macintosh; Intel Mac OS X 10_6_8) AppleWebKit/534.52.7 (KHTML, like Gecko) Version/5.1.2 Safari/534.52.7"
98.100.17.18 - - [25/Jul/2013:19:34:12 -0400] "GET /images/linked-in.png HTTP/1.1" 200 2575 "http://www.judgepenny.com/" "Mozilla/5.0 (Macintosh; Intel Mac OS X 10_6_8) AppleWebKit/534.52.7 (KHTML, like Gecko) Version/5.1.2 Safari/534.52.7"
98.100.17.18 - - [25/Jul/2013:19:34:12 -0400] "GET /images/you-tube.png HTTP/1.1" 200 3090 "http://www.judgepenny.com/" "Mozilla/5.0 (Macintosh; Intel Mac OS X 10_6_8) AppleWebKit/534.52.7 (KHTML, like Gecko) Version/5.1.2 Safari/534.52.7"
98.100.17.18 - - [25/Jul/2013:19:34:14 -0400] "GET /slideshow/images/book.jpg HTTP/1.1" 200 132593 "http://www.judgepenny.com/" "Mozilla/5.0 (Macintosh; Intel Mac OS X 10_6_8) AppleWebKit/534.52.7 (KHTML, like Gecko) Version/5.1.2 Safari/534.52.7"
193.43.252.252 - - [25/Jul/2013:20:09:40 -0400] "GET / HTTP/1.0" 200 8953 "http://filesonload.com" "Opera/9.80 (Windows NT 6.1; MRA 6.0 (build 5970)) Presto/2.12.388 Version/12.11"
199.30.16.12 - - [25/Jul/2013:04:24:33 -0400] "GET /robots.txt HTTP/1.1" 404 575 "-" "msnbot-media/1.1 (+http://search.msn.com/msnbot.htm)"
65.26.130.165 - - [25/Jul/2013:09:24:54 -0400] "GET /biography.php HTTP/1.1" 302 393 "http://www.bing.com/search?q=judge+penny&form=IE10TR&src=IE10TR&pc=HPDTDFJS" "Mozilla/5.0 (compatible; MSIE 10.0; Windows NT 6.2; Win64; x64; Trident/6.0)"
212.184.190.50 - - [25/Jul/2013:07:34:57 -0400] "GET /js/jquery.nivo.slider.pack.js HTTP/1.1" 200 15854 "http://www.judgepenny.com/" "Mozilla/5.0 (Macintosh; Intel Mac OS X 10_8_4) AppleWebKit/536.30.1 (KHTML, like Gecko) Version/6.0.5 Safari/536.30.1"
212.184.190.50 - - [25/Jul/2013:07:34:57 -0400] "GET /images/you-tube.png HTTP/1.1" 200 3090 "http://www.judgepenny.com/" "Mozilla/5.0 (Macintosh; Intel Mac OS X 10_8_4) AppleWebKit/536.30.1 (KHTML, like Gecko) Version/6.0.5 Safari/536.30.1"
212.184.190.50 - - [25/Jul/2013:07:34:57 -0400] "GET /slideshow/images/judge_penny_opportunity.jpg HTTP/1.1" 200 99540 "http://www.judgepenny.com/" "Mozilla/5.0 (Macintosh; Intel Mac OS X 10_8_4) AppleWebKit/536.30.1 (KHTML, like Gecko) Version/6.0.5 Safari/536.30.1"
212.184.190.50 - - [25/Jul/2013:07:34:58 -0400] "GET /images/h-left.png HTTP/1.1" 200 137 "http://www.judgepenny.com/" "Mozilla/5.0 (Macintosh; Intel Mac OS X 10_8_4) AppleWebKit/536.30.1 (KHTML, like Gecko) Version/6.0.5 Safari/536.30.1"
212.184.190.50 - - [25/Jul/2013:07:34:59 -0400] "GET /css/bullets.png HTTP/1.1" 200 1281 "http://www.judgepenny.com/" "Mozilla/5.0 (Macintosh; Intel Mac OS X 10_8_4) AppleWebKit/536.30.1 (KHTML, like Gecko) Version/6.0.5 Safari/536.30.1"
212.184.190.50 - - [25/Jul/2013:07:34:59 -0400] "GET /favicon.ico HTTP/1.1" 404 575 "http://www.judgepenny.com/" "Mozilla/5.0 (Macintosh; Intel Mac OS X 10_8_4) AppleWebKit/536.30.1 (KHTML, like Gecko) Version/6.0.5 Safari/536.30.1"
98.100.17.18 - - [25/Jul/2013:13:00:36 -0400] "GET /images/s-btm.png HTTP/1.1" 200 605 "http://www.judgepenny.com/" "Mozilla/5.0 (Macintosh; Intel Mac OS X 10_6_8) AppleWebKit/534.52.7 (KHTML, like Gecko) Version/5.1.2 Safari/534.52.7"
66.87.108.41 - - [25/Jul/2013:19:23:02 -0400] "GET /images/judge.png HTTP/1.1" 200 164424 "http://www.google.com/search?q=judge+penny+brown+reynolds&client=ms-android-boost-us&hl=en&source=android-search-app&v=133247963&tbm=isch&tbo=u&source=univ&sa=X&ei=jbLxUb2gNY7o8gTLpoHADg&ved=0CCgQsAQ&biw=320&bih=508" "Mozilla/5.0 (Linux; U; Android 2.3.5; en-us; N860 Build/GINGERBREAD) AppleWebKit/533.1 (KHTML, like Gecko) Version/4.0 Mobile Safari/533.1"
66.87.108.41 - - [25/Jul/2013:19:29:35 -0400] "GET /images/m-btm.png HTTP/1.1" 200 741 "http://www.judgepenny.com/" "Mozilla/5.0 (Linux; U; Android 2.3.5; en-us; N860 Build/GINGERBREAD) AppleWebKit/533.1 (KHTML, like Gecko) Version/4.0 Mobile Safari/533.1"
66.87.108.41 - - [25/Jul/2013:19:29:35 -0400] "GET /images/h-right.png HTTP/1.1" 200 279 "http://www.judgepenny.com/" "Mozilla/5.0 (Linux; U; Android 2.3.5; en-us; N860 Build/GINGERBREAD) AppleWebKit/533.1 (KHTML, like Gecko) Version/4.0 Mobile Safari/533.1"
66.87.108.41 - - [25/Jul/2013:19:29:35 -0400] "GET /images/h-left.png HTTP/1.1" 200 137 "http://www.judgepenny.com/" "Mozilla/5.0 (Linux; U; Android 2.3.5; en-us; N860 Build/GINGERBREAD) AppleWebKit/533.1 (KHTML, like Gecko) Version/4.0 Mobile Safari/533.1"
66.87.108.41 - - [25/Jul/2013:19:29:36 -0400] "GET /images/mail-div.png HTTP/1.1" 200 1078 "http://www.judgepenny.com/" "Mozilla/5.0 (Linux; U; Android 2.3.5; en-us; N860 Build/GINGERBREAD) AppleWebKit/533.1 (KHTML, like Gecko) Version/4.0 Mobile Safari/533.1"
98.100.17.18 - - [25/Jul/2013:19:38:37 -0400] "GET /images/jenny-header.png HTTP/1.1" 200 69160 "http://www.judgepenny.com/" "Mozilla/5.0 (Macintosh; Intel Mac OS X 10_6_8) AppleWebKit/534.52.7 (KHTML, like Gecko) Version/5.1.2 Safari/534.52.7"
92.249.127.111 - - [25/Jul/2013:03:24:03 -0400] "GET / HTTP/1.1" 200 8953 "http://www.video12.ru/" "Mozilla/5.0 (compatible; news bot /2.1)"
199.30.20.80 - - [25/Jul/2013:08:10:14 -0400] "GET /images/facebook.png HTTP/1.1" 200 2371 "-" "msnbot-media/1.1 (+http://search.msn.com/msnbot.htm)"
99.141.156.241 - - [25/Jul/2013:00:38:16 -0400] "GET /images/pic5.jpg HTTP/1.1" 200 74200 "http://judgepenny.com/photos.php" "Mozilla/5.0 (compatible; MSIE 10.0; Windows NT 6.2; WOW64; Trident/6.0; MALNJS)"
99.141.156.241 - - [25/Jul/2013:00:38:16 -0400] "GET /images/pic7.jpg HTTP/1.1" 200 88548 "http://judgepenny.com/photos.php" "Mozilla/5.0 (compatible; MSIE 10.0; Windows NT 6.2; WOW64; Trident/6.0; MALNJS)"
65.26.130.165 - - [25/Jul/2013:09:25:37 -0400] "GET /favicon.ico HTTP/1.1" 404 575 "-" "Mozilla/5.0 (compatible; MSIE 10.0; Windows NT 6.2; Win64; x64; Trident/6.0)"
174.37.121.121 - - [25/Jul/2013:12:47:47 -0400] "GET /favicon.ico HTTP/1.1" 404 575 "-" "Mozilla/5.0+(compatible;+PiplBot;++http://www.pipl.com/bot/)"
66.249.75.130 - - [25/Jul/2013:12:57:23 -0400] "GET /robots.txt HTTP/1.1" 404 575 "-" "Mozilla/5.0 (compatible; Googlebot/2.1; +http://www.google.com/bot.html)"
66.249.75.130 - - [25/Jul/2013:12:57:23 -0400] "GET / HTTP/1.1" 200 8953 "-" "DoCoMo/2.0 N905i(c100;TB;W24H16) (compatible; Googlebot-Mobile/2.1; +http://www.google.com/bot.html)"
66.87.108.41 - - [25/Jul/2013:19:23:02 -0400] "GET /slideshow/images/judge_penny_the_judge.jpg HTTP/1.1" 200 151096 "http://www.google.com/search?q=judge+penny+brown+reynolds&client=ms-android-boost-us&hl=en&source=android-search-app&v=133247963&tbm=isch&tbo=u&source=univ&sa=X&ei=jbLxUb2gNY7o8gTLpoHADg&ved=0CCgQsAQ&biw=320&bih=508" "Mozilla/5.0 (Linux; U; Android 2.3.5; en-us; N860 Build/GINGERBREAD) AppleWebKit/533.1 (KHTML, like Gecko) Version/4.0 Mobile Safari/533.1"
98.100.17.18 - - [25/Jul/2013:19:34:12 -0400] "GET /images/twitter.png HTTP/1.1" 200 2703 "http://www.judgepenny.com/" "Mozilla/5.0 (Macintosh; Intel Mac OS X 10_6_8) AppleWebKit/534.52.7 (KHTML, like Gecko) Version/5.1.2 Safari/534.52.7"
65.26.130.165 - - [25/Jul/2013:09:29:01 -0400] "GET /slide-style.css HTTP/1.1" 404 575 "http://judgepenny.com/biography.php" "Mozilla/5.0 (compatible; MSIE 10.0; Windows NT 6.2; Win64; x64; Trident/6.0)"
98.100.17.18 - - [25/Jul/2013:13:00:34 -0400] "GET /images/h-left.png HTTP/1.1" 200 137 "http://www.judgepenny.com/" "Mozilla/5.0 (Macintosh; Intel Mac OS X 10_6_8) AppleWebKit/534.52.7 (KHTML, like Gecko) Version/5.1.2 Safari/534.52.7"
66.87.108.41 - - [25/Jul/2013:19:25:37 -0400] "GET /images/judge2.jpg HTTP/1.1" 200 50523 "http://www.google.com/search?q=judge+penny+brown+reynolds&client=ms-android-boost-us&hl=en&source=android-search-app&v=133247963&tbm=isch&tbo=u&source=univ&sa=X&ei=jbLxUb2gNY7o8gTLpoHADg&ved=0CCgQsAQ&biw=320&bih=508" "Mozilla/5.0 (Linux; U; Android 2.3.5; en-us; N860 Build/GINGERBREAD) AppleWebKit/533.1 (KHTML, like Gecko) Version/4.0 Mobile Safari/533.1"
98.100.17.18 - - [25/Jul/2013:19:34:00 -0400] "GET /css/default.css HTTP/1.1" 200 1295 "http://www.judgepenny.com/" "Mozilla/5.0 (Macintosh; Intel Mac OS X 10_6_8) AppleWebKit/534.52.7 (KHTML, like Gecko) Version/5.1.2 Safari/534.52.7"
98.100.17.18 - - [25/Jul/2013:19:34:36 -0400] "GET /images/m-top.png HTTP/1.1" 200 574 "http://www.judgepenny.com/" "Mozilla/5.0 (Macintosh; Intel Mac OS X 10_6_8) AppleWebKit/534.52.7 (KHTML, like Gecko) Version/5.1.2 Safari/534.52.7"
98.100.17.18 - - [25/Jul/2013:19:38:21 -0400] "GET /css/nivo-slider.css HTTP/1.1" 200 1430 "http://www.judgepenny.com/" "Mozilla/5.0 (Macintosh; Intel Mac OS X 10_6_8) AppleWebKit/534.52.7 (KHTML, like Gecko) Version/5.1.2 Safari/534.52.7"
98.100.17.18 - - [25/Jul/2013:19:38:41 -0400] "GET /images/seprator.png HTTP/1.1" 200 429 "http://www.judgepenny.com/" "Mozilla/5.0 (Macintosh; Intel Mac OS X 10_6_8) AppleWebKit/534.52.7 (KHTML, like Gecko) Version/5.1.2 Safari/534.52.7"
178.137.93.32 - - [25/Jul/2013:08:56:19 -0400] "GET / HTTP/1.1" 200 8953 "http://fayle.ru/" "Mozilla/4.0 (compatible; MSIE 6.0; Windows XP)"
99.141.156.241 - - [25/Jul/2013:00:33:28 -0400] "GET /favicon.ico HTTP/1.1" 404 575 "-" "Mozilla/5.0 (compatible; MSIE 10.0; Windows NT 6.2; Win64; x64; Trident/6.0; MALNJS)"
99.141.156.241 - - [25/Jul/2013:00:34:55 -0400] "GET /shopping.php HTTP/1.1" 200 8086 "http://judgepenny.com/" "Mozilla/5.0 (compatible; MSIE 10.0; Windows NT 6.2; WOW64; Trident/6.0; MALNJS)"
99.141.156.241 - - [25/Jul/2013:00:34:56 -0400] "GET /images/main-btm.png HTTP/1.1" 200 398 "http://judgepenny.com/shopping.php" "Mozilla/5.0 (compatible; MSIE 10.0; Windows NT 6.2; WOW64; Trident/6.0; MALNJS)"
99.141.156.241 - - [25/Jul/2013:00:34:56 -0400] "GET /images/events.png HTTP/1.1" 200 3829 "http://judgepenny.com/shopping.php" "Mozilla/5.0 (compatible; MSIE 10.0; Windows NT 6.2; WOW64; Trident/6.0; MALNJS)"
99.141.156.241 - - [25/Jul/2013:00:34:56 -0400] "GET /images/entry-bg3.png HTTP/1.1" 200 19110 "http://judgepenny.com/shopping.php" "Mozilla/5.0 (compatible; MSIE 10.0; Windows NT 6.2; WOW64; Trident/6.0; MALNJS)"
157.55.32.99 - - [25/Jul/2013:00:44:41 -0400] "GET / HTTP/1.1" 200 8953 "-" "Mozilla/5.0 (compatible; bingbot/2.0; +http://www.bing.com/bingbot.htm)"
178.137.93.32 - - [25/Jul/2013:01:15:23 -0400] "GET / HTTP/1.1" 200 8953 "http://imonger.ru/" "Mozilla/4.0 (compatible; MSIE 6.0; Windows NT 5.2; SV1; .NET CLR 1.1.4322; .NET CLR 2.0.50727)"
65.26.130.165 - - [25/Jul/2013:09:27:59 -0400] "GET /slideshow/images/judge_penny_foundation.jpg HTTP/1.1" 200 175194 "http://judgepenny.com/index.php" "Mozilla/5.0 (compatible; MSIE 10.0; Windows NT 6.2; Win64; x64; Trident/6.0)"
98.100.17.18 - - [25/Jul/2013:11:34:41 -0400] "GET / HTTP/1.1" 200 8953 "-" "Mozilla/5.0 (Macintosh; Intel Mac OS X 10_6_8) AppleWebKit/534.52.7 (KHTML, like Gecko) Version/5.1.2 Safari/534.52.7"
98.100.17.18 - - [25/Jul/2013:11:34:42 -0400] "GET /js/jquery.nivo.slider.pack.js HTTP/1.1" 200 15854 "http://www.judgepenny.com/" "Mozilla/5.0 (Macintosh; Intel Mac OS X 10_6_8) AppleWebKit/534.52.7 (KHTML, like Gecko) Version/5.1.2 Safari/534.52.7"
5.10.83.47 - - [25/Jul/2013:04:50:31 -0400] "GET /index.html HTTP/1.1" 404 575 "-" "Mozilla/5.0 (compatible; AhrefsBot/5.0; +http://ahrefs.com/robot/)"
98.100.17.18 - - [25/Jul/2013:19:34:14 -0400] "GET /css/loading.gif HTTP/1.1" 200 1737 "http://www.judgepenny.com/" "Mozilla/5.0 (Macintosh; Intel Mac OS X 10_6_8) AppleWebKit/534.52.7 (KHTML, like Gecko) Version/5.1.2 Safari/534.52.7"
98.100.17.18 - - [25/Jul/2013:19:34:23 -0400] "GET /slideshow/images/judge_penny_self_worth.jpg HTTP/1.1" 200 129594 "http://www.judgepenny.com/" "Mozilla/5.0 (Macintosh; Intel Mac OS X 10_6_8) AppleWebKit/534.52.7 (KHTML, like Gecko) Version/5.1.2 Safari/534.52.7"
99.141.156.241 - - [25/Jul/2013:00:33:56 -0400] "GET /speaking-requests.php HTTP/1.1" 503 323 "http://judgepenny.com/" "Mozilla/5.0 (compatible; MSIE 10.0; Windows NT 6.2; WOW64; Trident/6.0; MALNJS)"
98.100.17.18 - - [25/Jul/2013:11:04:51 -0400] "GET /slideshow/images/judge_penny_the_judge.jpg HTTP/1.1" 200 151096 "http://www.judgepenny.com/" "Mozilla/5.0 (Macintosh; Intel Mac OS X 10_6_8) AppleWebKit/534.52.7 (KHTML, like Gecko) Version/5.1.2 Safari/534.52.7"
98.100.17.18 - - [25/Jul/2013:11:34:50 -0400] "GET /images/facebook.png HTTP/1.1" 200 2371 "http://www.judgepenny.com/" "Mozilla/5.0 (Macintosh; Intel Mac OS X 10_6_8) AppleWebKit/534.52.7 (KHTML, like Gecko) Version/5.1.2 Safari/534.52.7"
98.100.17.18 - - [25/Jul/2013:11:34:50 -0400] "GET /images/you-tube.png HTTP/1.1" 200 3090 "http://www.judgepenny.com/" "Mozilla/5.0 (Macintosh; Intel Mac OS X 10_6_8) AppleWebKit/534.52.7 (KHTML, like Gecko) Version/5.1.2 Safari/534.52.7"
98.100.17.18 - - [25/Jul/2013:11:34:52 -0400] "GET /slideshow/images/book.jpg HTTP/1.1" 200 132593 "http://www.judgepenny.com/" "Mozilla/5.0 (Macintosh; Intel Mac OS X 10_6_8) AppleWebKit/534.52.7 (KHTML, like Gecko) Version/5.1.2 Safari/534.52.7"
178.154.243.82 - - [25/Jul/2013:13:19:31 -0400] "GET /images/linked-in.png HTTP/1.1" 304 - "-" "Mozilla/5.0 (compatible; YandexImages/3.0; +http://yandex.com/bots)"
100.43.83.156 - - [25/Jul/2013:17:53:26 -0400] "GET / HTTP/1.1" 200 8953 "-" "Mozilla/5.0 (compatible; YandexBot/3.0; +http://yandex.com/bots)"
202.46.50.30 - - [25/Jul/2013:18:45:09 -0400] "GET /slide-style.css HTTP/1.1" 404 575 "-" "Mozilla/5.0 (Windows; U; Windows NT 5.1; zh-CN; rv:1.9.1.2) Firefox/3.5.2"
66.87.108.41 - - [25/Jul/2013:19:29:12 -0400] "GET /slide-style.css HTTP/1.1" 404 575 "http://www.judgepenny.com/" "Mozilla/5.0 (Linux; U; Android 2.3.5; en-us; N860 Build/GINGERBREAD) AppleWebKit/533.1 (KHTML, like Gecko) Version/4.0 Mobile Safari/533.1"
98.100.17.18 - - [25/Jul/2013:19:38:19 -0400] "GET / HTTP/1.1" 200 8953 "-" "Mozilla/5.0 (Macintosh; Intel Mac OS X 10_6_8) AppleWebKit/534.52.7 (KHTML, like Gecko) Version/5.1.2 Safari/534.52.7"
98.100.17.18 - - [25/Jul/2013:19:38:21 -0400] "GET /js/jquery.nivo.slider.pack.js HTTP/1.1" 200 15854 "http://www.judgepenny.com/" "Mozilla/5.0 (Macintosh; Intel Mac OS X 10_6_8) AppleWebKit/534.52.7 (KHTML, like Gecko) Version/5.1.2 Safari/534.52.7"
142.4.217.219 - - [25/Jul/2013:16:08:04 -0400] "GET /biography.php HTTP/1.1" 200 9590 "-" "Mozilla/5.0 (X11; Linux i686; rv:6.0) Gecko/20100101 Firefox/6.0"
100.43.83.156 - - [25/Jul/2013:17:52:57 -0400] "GET /robots.txt HTTP/1.1" 404 575 "-" "Mozilla/5.0 (compatible; YandexBot/3.0; +http://yandex.com/bots)"
100.43.83.156 - - [25/Jul/2013:17:52:58 -0400] "GET / HTTP/1.1" 200 8953 "-" "Mozilla/5.0 (compatible; YandexBot/3.0; +http://yandex.com/bots)"
91.207.9.226 - - [25/Jul/2013:19:14:25 -0400] "GET / HTTP/1.1" 200 8953 "http://evropaedu.ru/" "Mozilla/4.79 [en] (Windows NT 5.0; U)"
208.54.64.209 - - [25/Jul/2013:19:26:30 -0400] "GET /images/contact.png HTTP/1.1" 200 137804 "http://www.google.com/search?q=judge+penny&client=ms-android-hms-tmobile-us&hl=en&source=android-launcher-widget&v=141292727&tbm=isch&tbo=u&source=univ&sa=X&ei=3bPxUf-oDpH69gTRoYCACg&ved=0CCoQsAQ&biw=360&bih=588&sei=7bPxUZGPI4zK9QSLzYGQAw" "Mozilla/5.0 (Linux; U; Android 4.0.3; en-us; Amaze_4G Build/IML74K) AppleWebKit/534.30 (KHTML, like Gecko) Version/4.0 Mobile Safari/534.30"
98.100.17.18 - - [25/Jul/2013:19:34:45 -0400] "GET /images/h-right.png HTTP/1.1" 200 279 "http://www.judgepenny.com/" "Mozilla/5.0 (Macintosh; Intel Mac OS X 10_6_8) AppleWebKit/534.52.7 (KHTML, like Gecko) Version/5.1.2 Safari/534.52.7"
98.100.17.18 - - [25/Jul/2013:19:34:46 -0400] "GET /images/mail-div.png HTTP/1.1" 200 1078 "http://www.judgepenny.com/" "Mozilla/5.0 (Macintosh; Intel Mac OS X 10_6_8) AppleWebKit/534.52.7 (KHTML, like Gecko) Version/5.1.2 Safari/534.52.7"
98.100.17.18 - - [25/Jul/2013:19:34:47 -0400] "GET /images/side-bg.png HTTP/1.1" 200 168 "http://www.judgepenny.com/" "Mozilla/5.0 (Macintosh; Intel Mac OS X 10_6_8) AppleWebKit/534.52.7 (KHTML, like Gecko) Version/5.1.2 Safari/534.52.7"
98.100.17.18 - - [25/Jul/2013:19:34:48 -0400] "GET /images/ftr-bg.png HTTP/1.1" 200 198 "http://www.judgepenny.com/" "Mozilla/5.0 (Macintosh; Intel Mac OS X 10_6_8) AppleWebKit/534.52.7 (KHTML, like Gecko) Version/5.1.2 Safari/534.52.7"
98.100.17.18 - - [25/Jul/2013:19:38:37 -0400] "GET /images/linked-in.png HTTP/1.1" 200 2575 "http://www.judgepenny.com/" "Mozilla/5.0 (Macintosh; Intel Mac OS X 10_6_8) AppleWebKit/534.52.7 (KHTML, like Gecko) Version/5.1.2 Safari/534.52.7"
98.100.17.18 - - [25/Jul/2013:19:38:39 -0400] "GET /css/loading.gif HTTP/1.1" 200 1737 "http://www.judgepenny.com/" "Mozilla/5.0 (Macintosh; Intel Mac OS X 10_6_8) AppleWebKit/534.52.7 (KHTML, like Gecko) Version/5.1.2 Safari/534.52.7"
98.100.17.18 - - [25/Jul/2013:19:38:42 -0400] "GET /slideshow/images/book.jpg HTTP/1.1" 200 132593 "http://www.judgepenny.com/" "Mozilla/5.0 (Macintosh; Intel Mac OS X 10_6_8) AppleWebKit/534.52.7 (KHTML, like Gecko) Version/5.1.2 Safari/534.52.7"
98.100.17.18 - - [25/Jul/2013:19:38:53 -0400] "GET /slideshow/images/judge_penny_foundation.jpg HTTP/1.1" 200 175194 "http://www.judgepenny.com/" "Mozilla/5.0 (Macintosh; Intel Mac OS X 10_6_8) AppleWebKit/534.52.7 (KHTML, like Gecko) Version/5.1.2 Safari/534.52.7"
98.100.17.18 - - [25/Jul/2013:19:38:56 -0400] "GET /slideshow/images/judge_penny_speaking_request.png HTTP/1.1" 200 291884 "http://www.judgepenny.com/" "Mozilla/5.0 (Macintosh; Intel Mac OS X 10_6_8) AppleWebKit/534.52.7 (KHTML, like Gecko) Version/5.1.2 Safari/534.52.7"
92.249.127.111 - - [25/Jul/2013:21:52:11 -0400] "GET / HTTP/1.1" 200 8953 "http://ralmeone.com/" "Mozilla/5.0 (compatible; news bot /2.1)"
65.26.130.165 - - [25/Jul/2013:09:28:04 -0400] "GET /images/h-right.png HTTP/1.1" 200 279 "http://judgepenny.com/index.php" "Mozilla/5.0 (compatible; MSIE 10.0; Windows NT 6.2; Win64; x64; Trident/6.0)"
65.26.130.165 - - [25/Jul/2013:09:28:04 -0400] "GET /css/arrows.png HTTP/1.1" 200 824 "http://judgepenny.com/index.php" "Mozilla/5.0 (compatible; MSIE 10.0; Windows NT 6.2; Win64; x64; Trident/6.0)"
98.100.17.18 - - [25/Jul/2013:11:04:59 -0400] "GET /images/mail-div.png HTTP/1.1" 200 1078 "http://www.judgepenny.com/" "Mozilla/5.0 (Macintosh; Intel Mac OS X 10_6_8) AppleWebKit/534.52.7 (KHTML, like Gecko) Version/5.1.2 Safari/534.52.7"
98.100.17.18 - - [25/Jul/2013:11:35:00 -0400] "GET /slideshow/images/judge_penny_self_worth.jpg HTTP/1.1" 200 129594 "http://www.judgepenny.com/" "Mozilla/5.0 (Macintosh; Intel Mac OS X 10_6_8) AppleWebKit/534.52.7 (KHTML, like Gecko) Version/5.1.2 Safari/534.52.7"
99.141.156.241 - - [25/Jul/2013:00:32:48 -0400] "GET / HTTP/1.1" 302 356 "http://search.yahoo.com/search;_ylt=A0oG7mfypfBRfTEAhrhXNyoA;_ylc=X1MDMjc2NjY3OQRfcgMyBGJjawNiNmk5cGY1OHVkZ3QyJTI2YiUzRDQlMjZkJTNEMHlKMnUyOXBZRUtFRGJUcnlhY0drVUpSdUlzbU1tWHJvSjVMcG9FbDQ4MTIlMjZzJTNEcnUlMjZpJTNETnd6dzREczdUdEhYdVozdDZQS2sEY3NyY3B2aWQDakJsMnJVZ2V1ckN6U1RsNVVlYkRvZ1NuWTQyYzhWSHdwZklBRFBrcQRmcgN5ZnAtdC05MDAtMQRmcjIDc2EtZ3AEZ3ByaWQDNUxPWkZ2YkhTR3VELlN6Y3BpTjZxQQRuX3JzbHQDMTAEbl9zdWdnAzEwBG9yaWdpbgNzZWFyY2gueWFob28uY29tBHBvcwMxBHBxc3RyA2p1ZGdlIHBlBHBxc3RybAM4BHFzdHJsAzI2BHF1ZXJ5A2p1ZGdlIHBlbm55IGJyb3duIHJleW5vbGRzBHRfc3RtcAMxMzc0NzM3NjA2MjkzBHZ0ZXN0aWQDVklQMjI3?p=judge+penny+brown+reynolds&fr2=sb-top&fr=yfp-t-900-1" "Mozilla/4.0 (compatible; MSIE 7.0; Windows NT 6.2; WOW64; Trident/6.0; .NET4.0E; .NET4.0C; .NET CLR 3.5.30729; .NET CLR 2.0.50727; .NET CLR 3.0.30729; MALNJS)"
99.141.156.241 - - [25/Jul/2013:00:34:56 -0400] "GET /images/r-head.png HTTP/1.1" 200 596 "http://judgepenny.com/shopping.php" "Mozilla/5.0 (compatible; MSIE 10.0; Windows NT 6.2; WOW64; Trident/6.0; MALNJS)"
99.141.156.241 - - [25/Jul/2013:00:36:05 -0400] "GET /biography.php HTTP/1.1" 200 9590 "http://judgepenny.com/judge-penny-story.php" "Mozilla/5.0 (compatible; MSIE 10.0; Windows NT 6.2; WOW64; Trident/6.0; MALNJS)"
99.141.156.241 - - [25/Jul/2013:00:36:06 -0400] "GET /images/judge.png HTTP/1.1" 200 164424 "http://judgepenny.com/biography.php" "Mozilla/5.0 (compatible; MSIE 10.0; Windows NT 6.2; WOW64; Trident/6.0; MALNJS)"
157.55.32.39 - - [25/Jul/2013:03:16:12 -0400] "GET /robots.txt HTTP/1.1" 404 575 "-" "Mozilla/5.0 (compatible; bingbot/2.0; +http://www.bing.com/bingbot.htm)"
218.30.103.39 - - [25/Jul/2013:07:19:28 -0400] "GET / HTTP/1.1" 200 8953 "-" "Sogou web spider/4.0(+http://www.sogou.com/docs/help/webmasters.htm#07)"
218.30.103.39 - - [25/Jul/2013:07:19:34 -0400] "GET /robots.txt HTTP/1.1" 404 575 "-" "Sogou web spider/4.0"
199.30.20.80 - - [25/Jul/2013:08:10:13 -0400] "GET /robots.txt HTTP/1.1" 404 575 "-" "msnbot-media/1.1 (+http://search.msn.com/msnbot.htm)"
100.43.83.156 - - [25/Jul/2013:12:33:22 -0400] "GET / HTTP/1.1" 200 8953 "-" "Mozilla/5.0 (compatible; YandexBot/3.0; +http://yandex.com/bots)"
98.100.17.18 - - [25/Jul/2013:13:00:35 -0400] "GET /images/m-center.png HTTP/1.1" 200 191 "http://www.judgepenny.com/" "Mozilla/5.0 (Macintosh; Intel Mac OS X 10_6_8) AppleWebKit/534.52.7 (KHTML, like Gecko) Version/5.1.2 Safari/534.52.7"
65.26.130.165 - - [25/Jul/2013:09:25:34 -0400] "GET /css/nivo-slider.css HTTP/1.1" 200 1430 "http://judgepenny.com/biography.php" "Mozilla/5.0 (compatible; MSIE 10.0; Windows NT 6.2; Win64; x64; Trident/6.0)"
65.26.130.165 - - [25/Jul/2013:09:25:34 -0400] "GET /images/you-tube.png HTTP/1.1" 200 3090 "http://judgepenny.com/biography.php" "Mozilla/5.0 (compatible; MSIE 10.0; Windows NT 6.2; Win64; x64; Trident/6.0)"
65.26.130.165 - - [25/Jul/2013:09:25:36 -0400] "GET /images/jenny-header.png HTTP/1.1" 200 69160 "http://judgepenny.com/biography.php" "Mozilla/5.0 (compatible; MSIE 10.0; Windows NT 6.2; Win64; x64; Trident/6.0)"
98.100.17.18 - - [25/Jul/2013:11:04:31 -0400] "GET /images/linked-in.png HTTP/1.1" 200 2575 "http://www.judgepenny.com/" "Mozilla/5.0 (Macintosh; Intel Mac OS X 10_6_8) AppleWebKit/534.52.7 (KHTML, like Gecko) Version/5.1.2 Safari/534.52.7"
98.100.17.18 - - [25/Jul/2013:11:04:32 -0400] "GET /slideshow/images/judge_penny_self_worth.jpg HTTP/1.1" 200 129594 "http://www.judgepenny.com/" "Mozilla/5.0 (Macintosh; Intel Mac OS X 10_6_8) AppleWebKit/534.52.7 (KHTML, like Gecko) Version/5.1.2 Safari/534.52.7"
98.100.17.18 - - [25/Jul/2013:11:34:42 -0400] "GET /css/nivo-slider.css HTTP/1.1" 200 1430 "http://www.judgepenny.com/" "Mozilla/5.0 (Macintosh; Intel Mac OS X 10_6_8) AppleWebKit/534.52.7 (KHTML, like Gecko) Version/5.1.2 Safari/534.52.7"
166.205.68.26 - - [25/Jul/2013:22:34:44 -0400] "GET /images/Book_Cover.jpg HTTP/1.1" 200 51558 "http://www.google.com/search?hl=en&site=webhp&tbm=isch&source=hp&ei=m9_xUdSlFYXayAHlqICQBQ&q=penny+brown&oq=penny+brown&gs_l=mobile-gws-hp.3..0l4j0i5.3416.9602.0.11047.12.9.0.1.1.0.681.3470.0j1j4j0j1j3.9.0....0...1c.1.22.mobile-gws-hp..5.7.1940.IM6ZdDmmWdY&biw=320&bih=356&sei=qN_xUcT4MMz9rAGasYHgDg" "Mozilla/5.0 (iPhone; CPU iPhone OS 6_1_3 like Mac OS X) AppleWebKit/536.26 (KHTML, like Gecko) Version/6.0 Mobile/10B329 Safari/8536.25"
166.205.68.26 - - [25/Jul/2013:22:34:45 -0400] "GET /images/girls_with_pearls.png HTTP/1.1" 200 244372 "http://www.google.com/search?hl=en&site=webhp&tbm=isch&source=hp&ei=m9_xUdSlFYXayAHlqICQBQ&q=penny+brown&oq=penny+brown&gs_l=mobile-gws-hp.3..0l4j0i5.3416.9602.0.11047.12.9.0.1.1.0.681.3470.0j1j4j0j1j3.9.0....0...1c.1.22.mobile-gws-hp..5.7.1940.IM6ZdDmmWdY&biw=320&bih=356&sei=qN_xUcT4MMz9rAGasYHgDg" "Mozilla/5.0 (iPhone; CPU iPhone OS 6_1_3 like Mac OS X) AppleWebKit/536.26 (KHTML, like Gecko) Version/6.0 Mobile/10B329 Safari/8536.25"
218.30.103.39 - - [25/Jul/2013:16:48:20 -0400] "GET /robots.txt HTTP/1.1" 404 575 "-" "Sogou web spider/4.0"
66.87.108.41 - - [25/Jul/2013:19:29:22 -0400] "GET /images/you-tube.png HTTP/1.1" 200 3090 "http://www.judgepenny.com/" "Mozilla/5.0 (Linux; U; Android 2.3.5; en-us; N860 Build/GINGERBREAD) AppleWebKit/533.1 (KHTML, like Gecko) Version/4.0 Mobile Safari/533.1"
66.87.108.41 - - [25/Jul/2013:19:29:23 -0400] "GET /css/loading.gif HTTP/1.1" 200 1737 "http://www.judgepenny.com/" "Mozilla/5.0 (Linux; U; Android 2.3.5; en-us; N860 Build/GINGERBREAD) AppleWebKit/533.1 (KHTML, like Gecko) Version/4.0 Mobile Safari/533.1"
157.55.36.36 - - [25/Jul/2013:07:55:10 -0400] "GET /events.php HTTP/1.1" 200 8644 "-" "Mozilla/5.0 (compatible; bingbot/2.0; +http://www.bing.com/bingbot.htm)"
66.249.75.108 - - [25/Jul/2013:12:12:13 -0400] "GET /robots.txt HTTP/1.1" 404 575 "-" "Mozilla/5.0 (compatible; Googlebot/2.1; +http://www.google.com/bot.html)"
157.55.32.99 - - [25/Jul/2013:14:16:40 -0400] "GET / HTTP/1.1" 200 8953 "-" "Mozilla/5.0 (compatible; bingbot/2.0; +http://www.bing.com/bingbot.htm)"
199.30.16.17 - - [25/Jul/2013:05:24:13 -0400] "GET /robots.txt HTTP/1.1" 404 575 "-" "msnbot-media/1.1 (+http://search.msn.com/msnbot.htm)"
98.100.17.18 - - [25/Jul/2013:19:34:12 -0400] "GET /images/judge-jenny.png HTTP/1.1" 200 28663 "http://www.judgepenny.com/" "Mozilla/5.0 (Macintosh; Intel Mac OS X 10_6_8) AppleWebKit/534.52.7 (KHTML, like Gecko) Version/5.1.2 Safari/534.52.7"
98.100.17.18 - - [25/Jul/2013:19:34:18 -0400] "GET /slideshow/images/judge_penny_foundation.jpg HTTP/1.1" 200 175194 "http://www.judgepenny.com/" "Mozilla/5.0 (Macintosh; Intel Mac OS X 10_6_8) AppleWebKit/534.52.7 (KHTML, like Gecko) Version/5.1.2 Safari/534.52.7"
98.100.17.18 - - [25/Jul/2013:19:38:37 -0400] "GET /images/judge-jenny.png HTTP/1.1" 200 28663 "http://www.judgepenny.com/" "Mozilla/5.0 (Macintosh; Intel Mac OS X 10_6_8) AppleWebKit/534.52.7 (KHTML, like Gecko) Version/5.1.2 Safari/534.52.7"
157.56.92.158 - - [25/Jul/2013:09:00:10 -0400] "GET /shopping.php HTTP/1.1" 200 8086 "-" "Mozilla/5.0 (compatible; bingbot/2.0; +http://www.bing.com/bingbot.htm)"
98.100.17.18 - - [25/Jul/2013:11:35:23 -0400] "GET /images/mail-div.png HTTP/1.1" 200 1078 "http://www.judgepenny.com/" "Mozilla/5.0 (Macintosh; Intel Mac OS X 10_6_8) AppleWebKit/534.52.7 (KHTML, like Gecko) Version/5.1.2 Safari/534.52.7"
98.100.17.18 - - [25/Jul/2013:11:35:24 -0400] "GET /css/arrows.png HTTP/1.1" 200 824 "http://www.judgepenny.com/" "Mozilla/5.0 (Macintosh; Intel Mac OS X 10_6_8) AppleWebKit/534.52.7 (KHTML, like Gecko) Version/5.1.2 Safari/534.52.7"
99.141.156.241 - - [25/Jul/2013:00:41:48 -0400] "GET /slide-style.css HTTP/1.1" 404 575 "http://judgepenny.com/speaking-requests.php" "Mozilla/5.0 (compatible; MSIE 10.0; Windows NT 6.2; WOW64; Trident/6.0; MALNJS)"
66.87.104.37 - - [25/Jul/2013:02:23:48 -0400] "GET /images/contact.png HTTP/1.1" 200 137804 "http://www.google.com/search?q=judge+penny+brown+reynolds&client=ms-android-boost-us&sa=N&hl=en&source=android-search-app&v=133247963&tbm=isch&tbo=u&source=univ&ei=sMPwUfiFEca9yAGW54DgDg&ved=0CCgQsAQ&biw=320&bih=508" "Mozilla/5.0 (Linux; U; Android 2.3.5; en-us; N860 Build/GINGERBREAD) AppleWebKit/533.1 (KHTML, like Gecko) Version/4.0 Mobile Safari/533.1"
99.141.156.241 - - [25/Jul/2013:00:42:20 -0400] "GET /slide-style.css HTTP/1.1" 404 575 "http://judgepenny.com/biography.php" "Mozilla/5.0 (compatible; MSIE 10.0; Windows NT 6.2; WOW64; Trident/6.0; MALNJS)"
99.141.156.241 - - [25/Jul/2013:00:42:20 -0400] "GET /slide-style.css HTTP/1.1" 404 575 "http://judgepenny.com/judge-penny-story.php" "Mozilla/5.0 (compatible; MSIE 10.0; Windows NT 6.2; WOW64; Trident/6.0; MALNJS)"
66.249.75.108 - - [25/Jul/2013:12:23:52 -0400] "GET /css/default.css HTTP/1.1" 200 1295 "-" "Mozilla/5.0 (compatible; Googlebot/2.1; +http://www.google.com/bot.html)"
208.177.72.32 - - [25/Jul/2013:12:24:19 -0400] "GET /judge-penny-story.php HTTP/1.0" 200 13963 "http://www.judgepenny.com/judge-penny-story.php" "Mozilla/5.0 (Windows NT 5.1; rv:16.0) Gecko/20121026 Firefox/16.0 SeaMonkey/2.13.2"
75.126.192.187 - - [25/Jul/2013:12:47:47 -0400] "GET /images/books_DVD.jpg HTTP/1.1" 404 575 "-" "Mozilla/5.0+(compatible;+PiplBot;++http://www.pipl.com/bot/)"
98.100.17.18 - - [25/Jul/2013:13:00:14 -0400] "GET /images/linked-in.png HTTP/1.1" 200 2575 "http://www.judgepenny.com/" "Mozilla/5.0 (Macintosh; Intel Mac OS X 10_6_8) AppleWebKit/534.52.7 (KHTML, like Gecko) Version/5.1.2 Safari/534.52.7"
99.141.156.241 - - [25/Jul/2013:00:35:51 -0400] "GET /images/h-div.png HTTP/1.1" 200 1503 "http://judgepenny.com/judge-penny-story.php" "Mozilla/5.0 (compatible; MSIE 10.0; Windows NT 6.2; WOW64; Trident/6.0; MALNJS)"
24.98.212.227 - - [25/Jul/2013:12:10:32 -0400] "GET /css/nivo-slider.css HTTP/1.1" 200 1430 "http://www.judgepenny.com/biography.php" "Mozilla/5.0 (iPhone; CPU iPhone OS 6_1_3 like Mac OS X) AppleWebKit/536.26 (KHTML, like Gecko) Version/6.0 Mobile/10B329 Safari/8536.25"
24.98.212.227 - - [25/Jul/2013:12:10:32 -0400] "GET /images/linked-in.png HTTP/1.1" 200 2575 "http://www.judgepenny.com/biography.php" "Mozilla/5.0 (iPhone; CPU iPhone OS 6_1_3 like Mac OS X) AppleWebKit/536.26 (KHTML, like Gecko) Version/6.0 Mobile/10B329 Safari/8536.25"
24.98.212.227 - - [25/Jul/2013:12:10:32 -0400] "GET /images/judge.png HTTP/1.1" 200 164424 "http://www.judgepenny.com/biography.php" "Mozilla/5.0 (iPhone; CPU iPhone OS 6_1_3 like Mac OS X) AppleWebKit/536.26 (KHTML, like Gecko) Version/6.0 Mobile/10B329 Safari/8536.25"
24.98.212.227 - - [25/Jul/2013:12:10:32 -0400] "GET /images/seprator.png HTTP/1.1" 200 429 "http://www.judgepenny.com/biography.php" "Mozilla/5.0 (iPhone; CPU iPhone OS 6_1_3 like Mac OS X) AppleWebKit/536.26 (KHTML, like Gecko) Version/6.0 Mobile/10B329 Safari/8536.25"
24.98.212.227 - - [25/Jul/2013:12:10:32 -0400] "GET /images/ftr-bg.png HTTP/1.1" 200 198 "http://www.judgepenny.com/biography.php" "Mozilla/5.0 (iPhone; CPU iPhone OS 6_1_3 like Mac OS X) AppleWebKit/536.26 (KHTML, like Gecko) Version/6.0 Mobile/10B329 Safari/8536.25"
66.249.75.108 - - [25/Jul/2013:12:23:53 -0400] "GET /css/nivo-slider.css HTTP/1.1" 200 1430 "-" "Mozilla/5.0 (compatible; Googlebot/2.1; +http://www.google.com/bot.html)"
98.100.17.18 - - [25/Jul/2013:19:38:37 -0400] "GET /images/twitter.png HTTP/1.1" 200 2703 "http://www.judgepenny.com/" "Mozilla/5.0 (Macintosh; Intel Mac OS X 10_6_8) AppleWebKit/534.52.7 (KHTML, like Gecko) Version/5.1.2 Safari/534.52.7"
157.55.36.36 - - [25/Jul/2013:07:14:39 -0400] "GET /judge-penny%C3%A2%E2%82%AC%E2%84%A2s-foundation HTTP/1.1" 404 575 "-" "Mozilla/5.0 (compatible; bingbot/2.0; +http://www.bing.com/bingbot.htm)"
99.141.156.241 - - [25/Jul/2013:00:35:51 -0400] "GET /images/right-div.png HTTP/1.1" 200 5479 "http://judgepenny.com/judge-penny-story.php" "Mozilla/5.0 (compatible; MSIE 10.0; Windows NT 6.2; WOW64; Trident/6.0; MALNJS)"
65.26.130.165 - - [25/Jul/2013:09:25:33 -0400] "GET /biography.php HTTP/1.1" 200 9590 "-" "Mozilla/5.0 (compatible; MSIE 10.0; Windows NT 6.2; Win64; x64; Trident/6.0)"
65.26.130.165 - - [25/Jul/2013:09:25:34 -0400] "GET /css/style.css HTTP/1.1" 200 9522 "http://judgepenny.com/biography.php" "Mozilla/5.0 (compatible; MSIE 10.0; Windows NT 6.2; Win64; x64; Trident/6.0)"
65.26.130.165 - - [25/Jul/2013:09:25:34 -0400] "GET /images/facebook.png HTTP/1.1" 200 2371 "http://judgepenny.com/biography.php" "Mozilla/5.0 (compatible; MSIE 10.0; Windows NT 6.2; Win64; x64; Trident/6.0)"
65.26.130.165 - - [25/Jul/2013:09:25:34 -0400] "GET /images/buy-now.png HTTP/1.1" 200 89906 "http://judgepenny.com/biography.php" "Mozilla/5.0 (compatible; MSIE 10.0; Windows NT 6.2; Win64; x64; Trident/6.0)"
65.26.130.165 - - [25/Jul/2013:09:25:36 -0400] "GET /images/h-div.png HTTP/1.1" 200 1503 "http://judgepenny.com/biography.php" "Mozilla/5.0 (compatible; MSIE 10.0; Windows NT 6.2; Win64; x64; Trident/6.0)"
65.26.130.165 - - [25/Jul/2013:09:25:36 -0400] "GET /images/ftr-bg.png HTTP/1.1" 200 198 "http://judgepenny.com/biography.php" "Mozilla/5.0 (compatible; MSIE 10.0; Windows NT 6.2; Win64; x64; Trident/6.0)"
65.26.130.165 - - [25/Jul/2013:09:28:04 -0400] "GET /images/mail-div.png HTTP/1.1" 200 1078 "http://judgepenny.com/index.php" "Mozilla/5.0 (compatible; MSIE 10.0; Windows NT 6.2; Win64; x64; Trident/6.0)"
98.100.17.18 - - [25/Jul/2013:11:04:43 -0400] "GET /images/bg.jpg HTTP/1.1" 200 71900 "http://www.judgepenny.com/" "Mozilla/5.0 (Macintosh; Intel Mac OS X 10_6_8) AppleWebKit/534.52.7 (KHTML, like Gecko) Version/5.1.2 Safari/534.52.7"
24.98.212.227 - - [25/Jul/2013:12:10:03 -0400] "GET /css/nivo-slider.css HTTP/1.1" 200 1430 "http://judgepenny.com/" "Mozilla/5.0 (iPhone; CPU iPhone OS 6_1_3 like Mac OS X) AppleWebKit/536.26 (KHTML, like Gecko) Version/6.0 Mobile/10B329 Safari/8536.25"
24.98.212.227 - - [25/Jul/2013:12:10:04 -0400] "GET /images/you-tube.png HTTP/1.1" 200 3090 "http://judgepenny.com/" "Mozilla/5.0 (iPhone; CPU iPhone OS 6_1_3 like Mac OS X) AppleWebKit/536.26 (KHTML, like Gecko) Version/6.0 Mobile/10B329 Safari/8536.25"
24.98.212.227 - - [25/Jul/2013:12:10:04 -0400] "GET /slideshow/images/judge_penny_self_worth.jpg HTTP/1.1" 200 129594 "http://judgepenny.com/" "Mozilla/5.0 (iPhone; CPU iPhone OS 6_1_3 like Mac OS X) AppleWebKit/536.26 (KHTML, like Gecko) Version/6.0 Mobile/10B329 Safari/8536.25"
24.98.212.227 - - [25/Jul/2013:12:10:04 -0400] "GET /images/m-btm.png HTTP/1.1" 200 741 "http://judgepenny.com/" "Mozilla/5.0 (iPhone; CPU iPhone OS 6_1_3 like Mac OS X) AppleWebKit/536.26 (KHTML, like Gecko) Version/6.0 Mobile/10B329 Safari/8536.25"
98.100.17.18 - - [25/Jul/2013:13:00:35 -0400] "GET /images/s-top.png HTTP/1.1" 200 440 "http://www.judgepenny.com/" "Mozilla/5.0 (Macintosh; Intel Mac OS X 10_6_8) AppleWebKit/534.52.7 (KHTML, like Gecko) Version/5.1.2 Safari/534.52.7"
