174.225.0.254 - - [28/Jul/2013:15:17:16 -0400] "GET /images/you-tube.png HTTP/1.1" 200 3090 "http://judgepenny.com/biography.php" "Mozilla/5.0 (iPad; CPU OS 6_1_3 like Mac OS X) AppleWebKit/536.26 (KHTML, like Gecko) Version/6.0 Mobile/10B329 Safari/8536.25"
174.225.0.254 - - [28/Jul/2013:15:17:16 -0400] "GET /images/main-btm.png HTTP/1.1" 200 398 "http://judgepenny.com/biography.php" "Mozilla/5.0 (iPad; CPU OS 6_1_3 like Mac OS X) AppleWebKit/536.26 (KHTML, like Gecko) Version/6.0 Mobile/10B329 Safari/8536.25"
174.225.0.254 - - [28/Jul/2013:15:17:16 -0400] "GET /images/buy-now.png HTTP/1.1" 200 89906 "http://judgepenny.com/biography.php" "Mozilla/5.0 (iPad; CPU OS 6_1_3 like Mac OS X) AppleWebKit/536.26 (KHTML, like Gecko) Version/6.0 Mobile/10B329 Safari/8536.25"
174.225.0.254 - - [28/Jul/2013:15:17:16 -0400] "GET /images/judge.png HTTP/1.1" 200 164424 "http://judgepenny.com/biography.php" "Mozilla/5.0 (iPad; CPU OS 6_1_3 like Mac OS X) AppleWebKit/536.26 (KHTML, like Gecko) Version/6.0 Mobile/10B329 Safari/8536.25"
174.225.0.254 - - [28/Jul/2013:15:17:16 -0400] "GET /images/jenny-header.png HTTP/1.1" 200 69160 "http://judgepenny.com/biography.php" "Mozilla/5.0 (iPad; CPU OS 6_1_3 like Mac OS X) AppleWebKit/536.26 (KHTML, like Gecko) Version/6.0 Mobile/10B329 Safari/8536.25"
174.225.0.254 - - [28/Jul/2013:15:17:16 -0400] "GET /images/bg.jpg HTTP/1.1" 200 71900 "http://judgepenny.com/biography.php" "Mozilla/5.0 (iPad; CPU OS 6_1_3 like Mac OS X) AppleWebKit/536.26 (KHTML, like Gecko) Version/6.0 Mobile/10B329 Safari/8536.25"
174.225.0.254 - - [28/Jul/2013:15:17:16 -0400] "GET /images/h-div.png HTTP/1.1" 200 1503 "http://judgepenny.com/biography.php" "Mozilla/5.0 (iPad; CPU OS 6_1_3 like Mac OS X) AppleWebKit/536.26 (KHTML, like Gecko) Version/6.0 Mobile/10B329 Safari/8536.25"
174.225.0.254 - - [28/Jul/2013:15:17:18 -0400] "GET /images/seprator.png HTTP/1.1" 200 429 "http://judgepenny.com/biography.php" "Mozilla/5.0 (iPad; CPU OS 6_1_3 like Mac OS X) AppleWebKit/536.26 (KHTML, like Gecko) Version/6.0 Mobile/10B329 Safari/8536.25"
174.225.0.254 - - [28/Jul/2013:15:17:18 -0400] "GET /images/entry-bg.png HTTP/1.1" 200 18958 "http://judgepenny.com/biography.php" "Mozilla/5.0 (iPad; CPU OS 6_1_3 like Mac OS X) AppleWebKit/536.26 (KHTML, like Gecko) Version/6.0 Mobile/10B329 Safari/8536.25"
174.225.0.254 - - [28/Jul/2013:15:17:18 -0400] "GET /images/btn.png HTTP/1.1" 200 512 "http://judgepenny.com/biography.php" "Mozilla/5.0 (iPad; CPU OS 6_1_3 like Mac OS X) AppleWebKit/536.26 (KHTML, like Gecko) Version/6.0 Mobile/10B329 Safari/8536.25"
174.225.0.254 - - [28/Jul/2013:15:17:18 -0400] "GET /images/ftr-bg.png HTTP/1.1" 200 198 "http://judgepenny.com/biography.php" "Mozilla/5.0 (iPad; CPU OS 6_1_3 like Mac OS X) AppleWebKit/536.26 (KHTML, like Gecko) Version/6.0 Mobile/10B329 Safari/8536.25"
174.225.0.254 - - [28/Jul/2013:15:17:19 -0400] "GET /images/right-div.png HTTP/1.1" 200 5479 "http://judgepenny.com/biography.php" "Mozilla/5.0 (iPad; CPU OS 6_1_3 like Mac OS X) AppleWebKit/536.26 (KHTML, like Gecko) Version/6.0 Mobile/10B329 Safari/8536.25"
174.225.0.254 - - [28/Jul/2013:15:17:20 -0400] "GET /images/sub-menu.png HTTP/1.1" 200 6956 "http://judgepenny.com/biography.php" "Mozilla/5.0 (iPad; CPU OS 6_1_3 like Mac OS X) AppleWebKit/536.26 (KHTML, like Gecko) Version/6.0 Mobile/10B329 Safari/8536.25"
180.76.5.62 - - [28/Jul/2013:16:26:07 -0400] "GET /photos.php HTTP/1.1" 200 6337 "-" "Mozilla/5.0 (compatible; Baiduspider/2.0; +http://www.baidu.com/search/spider.html)"
208.115.111.70 - - [28/Jul/2013:16:27:07 -0400] "GET /robots.txt HTTP/1.1" 404 575 "-" "Mozilla/5.0 (compatible; Ezooms/1.0; ezooms.bot@gmail.com)"
208.115.111.70 - - [28/Jul/2013:17:08:29 -0400] "GET /about_judge_penny.htm HTTP/1.1" 404 575 "-" "Mozilla/5.0 (compatible; Ezooms/1.0; ezooms.bot@gmail.com)"
5.10.83.96 - - [28/Jul/2013:17:12:31 -0400] "GET /penny-for-your-thoughts_howtowalkawayfromabadrelationship.php HTTP/1.1" 200 7498 "-" "Mozilla/5.0 (compatible; AhrefsBot/5.0; +http://ahrefs.com/robot/)"
157.55.35.112 - - [28/Jul/2013:17:16:44 -0400] "GET /robots.txt HTTP/1.1" 404 575 "-" "Mozilla/5.0 (compatible; bingbot/2.0; +http://www.bing.com/bingbot.htm)"
5.10.83.96 - - [28/Jul/2013:17:23:05 -0400] "GET /photos.php HTTP/1.1" 200 6337 "-" "Mozilla/5.0 (compatible; AhrefsBot/5.0; +http://ahrefs.com/robot/)"
157.55.35.112 - - [28/Jul/2013:17:23:16 -0400] "GET /judge-penny-foundation.php HTTP/1.1" 200 7746 "-" "Mozilla/5.0 (compatible; bingbot/2.0; +http://www.bing.com/bingbot.htm)"
5.10.83.96 - - [28/Jul/2013:17:25:59 -0400] "GET /index.php HTTP/1.1" 200 8953 "-" "Mozilla/5.0 (compatible; AhrefsBot/5.0; +http://ahrefs.com/robot/)"
157.55.35.112 - - [28/Jul/2013:17:26:40 -0400] "GET /robots.txt HTTP/1.1" 404 575 "-" "Mozilla/5.0 (compatible; bingbot/2.0; +http://www.bing.com/bingbot.htm)"
157.55.35.112 - - [28/Jul/2013:17:27:09 -0400] "GET / HTTP/1.1" 200 8953 "-" "Mozilla/5.0 (compatible; bingbot/2.0; +http://www.bing.com/bingbot.htm)"
5.10.83.96 - - [28/Jul/2013:17:50:44 -0400] "GET /speaking-requests.php HTTP/1.1" 200 14865 "-" "Mozilla/5.0 (compatible; AhrefsBot/5.0; +http://ahrefs.com/robot/)"
157.55.35.112 - - [28/Jul/2013:17:51:10 -0400] "GET / HTTP/1.1" 200 8953 "-" "Mozilla/5.0 (compatible; bingbot/2.0; +http://www.bing.com/bingbot.htm)"
157.55.35.112 - - [28/Jul/2013:17:53:12 -0400] "GET / HTTP/1.1" 200 8953 "-" "Mozilla/5.0 (compatible; bingbot/2.0; +http://www.bing.com/bingbot.htm)"
208.54.44.226 - - [28/Jul/2013:17:54:33 -0400] "GET /biography.php HTTP/1.1" 200 9590 "http://www.google.com/search?redir_esc=&redir_esc=&hl=en&client=ms-android-hms-tmobile-us&source=android-browser-suggest&v=200400000&qsubts=1375022997503&q=judge%20penny%20brown%20reynolds" "Mozilla/5.0 (X11; Linux x86_64) AppleWebKit/534.24 (KHTML, like Gecko) Chrome/11.0.696.34 Safari/534.24"
208.54.44.226 - - [28/Jul/2013:17:54:40 -0400] "GET /biography.php HTTP/1.1" 200 9590 "http://www.google.com/url?sa=t&rct=j&q=judge%20penny%20brown%20reynolds%20biography&source=web&cd=1&ved=0CCoQFjAA&url=http%3A%2F%2Fwww.judgepenny.com%2Fbiography.php&ei=FpP1UbfgBobI9gSv9oHQBg&usg=AFQjCNGUQ2K5i51RxnosGnvOv7jN2Ne2mA&sig2=nKS1EfuFTE1tk2lt4alUFg&bvm=bv.49784469,d.eWU" "Mozilla/5.0 (X11; Linux x86_64) AppleWebKit/534.24 (KHTML, like Gecko) Chrome/11.0.696.34 Safari/534.24"
208.54.44.226 - - [28/Jul/2013:17:54:41 -0400] "GET /css/style.css HTTP/1.1" 200 9522 "http://www.judgepenny.com/biography.php" "Mozilla/5.0 (X11; Linux x86_64) AppleWebKit/534.24 (KHTML, like Gecko) Chrome/11.0.696.34 Safari/534.24"
208.54.44.226 - - [28/Jul/2013:17:54:41 -0400] "GET /css/default.css HTTP/1.1" 200 1295 "http://www.judgepenny.com/biography.php" "Mozilla/5.0 (X11; Linux x86_64) AppleWebKit/534.24 (KHTML, like Gecko) Chrome/11.0.696.34 Safari/534.24"
208.54.44.226 - - [28/Jul/2013:17:54:41 -0400] "GET /css/nivo-slider.css HTTP/1.1" 200 1430 "http://www.judgepenny.com/biography.php" "Mozilla/5.0 (X11; Linux x86_64) AppleWebKit/534.24 (KHTML, like Gecko) Chrome/11.0.696.34 Safari/534.24"
208.54.44.226 - - [28/Jul/2013:17:54:41 -0400] "GET /slide-style.css HTTP/1.1" 404 575 "http://www.judgepenny.com/biography.php" "Mozilla/5.0 (X11; Linux x86_64) AppleWebKit/534.24 (KHTML, like Gecko) Chrome/11.0.696.34 Safari/534.24"
208.54.44.226 - - [28/Jul/2013:17:54:41 -0400] "GET /videos/jwplayer.js HTTP/1.1" 200 133009 "http://www.judgepenny.com/biography.php" "Mozilla/5.0 (X11; Linux x86_64) AppleWebKit/534.24 (KHTML, like Gecko) Chrome/11.0.696.34 Safari/534.24"
208.54.44.226 - - [28/Jul/2013:17:54:41 -0400] "GET /images/bg.jpg HTTP/1.1" 200 71900 "http://www.judgepenny.com/biography.php" "Mozilla/5.0 (X11; Linux x86_64) AppleWebKit/534.24 (KHTML, like Gecko) Chrome/11.0.696.34 Safari/534.24"
208.54.44.226 - - [28/Jul/2013:17:54:41 -0400] "GET /images/jenny-header.png HTTP/1.1" 200 69160 "http://www.judgepenny.com/biography.php" "Mozilla/5.0 (X11; Linux x86_64) AppleWebKit/534.24 (KHTML, like Gecko) Chrome/11.0.696.34 Safari/534.24"
208.54.44.226 - - [28/Jul/2013:17:54:41 -0400] "GET /images/judge-jenny.png HTTP/1.1" 200 28663 "http://www.judgepenny.com/biography.php" "Mozilla/5.0 (X11; Linux x86_64) AppleWebKit/534.24 (KHTML, like Gecko) Chrome/11.0.696.34 Safari/534.24"
208.54.44.226 - - [28/Jul/2013:17:54:42 -0400] "GET /images/facebook.png HTTP/1.1" 200 2371 "http://www.judgepenny.com/biography.php" "Mozilla/5.0 (X11; Linux x86_64) AppleWebKit/534.24 (KHTML, like Gecko) Chrome/11.0.696.34 Safari/534.24"
208.54.44.226 - - [28/Jul/2013:17:54:42 -0400] "GET /images/twitter.png HTTP/1.1" 200 2703 "http://www.judgepenny.com/biography.php" "Mozilla/5.0 (X11; Linux x86_64) AppleWebKit/534.24 (KHTML, like Gecko) Chrome/11.0.696.34 Safari/534.24"
208.54.44.226 - - [28/Jul/2013:17:54:42 -0400] "GET /images/linked-in.png HTTP/1.1" 200 2575 "http://www.judgepenny.com/biography.php" "Mozilla/5.0 (X11; Linux x86_64) AppleWebKit/534.24 (KHTML, like Gecko) Chrome/11.0.696.34 Safari/534.24"
208.54.44.226 - - [28/Jul/2013:17:54:42 -0400] "GET /images/btn.png HTTP/1.1" 200 512 "http://www.judgepenny.com/biography.php" "Mozilla/5.0 (X11; Linux x86_64) AppleWebKit/534.24 (KHTML, like Gecko) Chrome/11.0.696.34 Safari/534.24"
208.54.44.226 - - [28/Jul/2013:17:54:42 -0400] "GET /images/sub-menu.png HTTP/1.1" 200 6956 "http://www.judgepenny.com/biography.php" "Mozilla/5.0 (X11; Linux x86_64) AppleWebKit/534.24 (KHTML, like Gecko) Chrome/11.0.696.34 Safari/534.24"
208.54.44.226 - - [28/Jul/2013:17:54:42 -0400] "GET /images/h-div.png HTTP/1.1" 200 1503 "http://www.judgepenny.com/biography.php" "Mozilla/5.0 (X11; Linux x86_64) AppleWebKit/534.24 (KHTML, like Gecko) Chrome/11.0.696.34 Safari/534.24"
208.54.44.226 - - [28/Jul/2013:17:54:42 -0400] "GET /images/buy-now.png HTTP/1.1" 200 89906 "http://www.judgepenny.com/biography.php" "Mozilla/5.0 (X11; Linux x86_64) AppleWebKit/534.24 (KHTML, like Gecko) Chrome/11.0.696.34 Safari/534.24"
208.54.44.226 - - [28/Jul/2013:17:54:42 -0400] "GET /images/main-btm.png HTTP/1.1" 200 398 "http://www.judgepenny.com/biography.php" "Mozilla/5.0 (X11; Linux x86_64) AppleWebKit/534.24 (KHTML, like Gecko) Chrome/11.0.696.34 Safari/534.24"
208.54.44.226 - - [28/Jul/2013:17:54:42 -0400] "GET /images/you-tube.png HTTP/1.1" 200 3090 "http://www.judgepenny.com/biography.php" "Mozilla/5.0 (X11; Linux x86_64) AppleWebKit/534.24 (KHTML, like Gecko) Chrome/11.0.696.34 Safari/534.24"
208.54.44.226 - - [28/Jul/2013:17:54:42 -0400] "GET /images/judge.png HTTP/1.1" 200 164424 "http://www.judgepenny.com/biography.php" "Mozilla/5.0 (X11; Linux x86_64) AppleWebKit/534.24 (KHTML, like Gecko) Chrome/11.0.696.34 Safari/534.24"
208.54.44.226 - - [28/Jul/2013:17:54:42 -0400] "GET /images/seprator.png HTTP/1.1" 200 429 "http://www.judgepenny.com/biography.php" "Mozilla/5.0 (X11; Linux x86_64) AppleWebKit/534.24 (KHTML, like Gecko) Chrome/11.0.696.34 Safari/534.24"
208.54.44.226 - - [28/Jul/2013:17:54:42 -0400] "GET /images/ftr-bg.png HTTP/1.1" 200 198 "http://www.judgepenny.com/biography.php" "Mozilla/5.0 (X11; Linux x86_64) AppleWebKit/534.24 (KHTML, like Gecko) Chrome/11.0.696.34 Safari/534.24"
208.54.44.226 - - [28/Jul/2013:17:54:42 -0400] "GET /images/entry-bg.png HTTP/1.1" 200 18958 "http://www.judgepenny.com/biography.php" "Mozilla/5.0 (X11; Linux x86_64) AppleWebKit/534.24 (KHTML, like Gecko) Chrome/11.0.696.34 Safari/534.24"
208.54.44.226 - - [28/Jul/2013:17:54:42 -0400] "GET /images/right-div.png HTTP/1.1" 200 5479 "http://www.judgepenny.com/biography.php" "Mozilla/5.0 (X11; Linux x86_64) AppleWebKit/534.24 (KHTML, like Gecko) Chrome/11.0.696.34 Safari/534.24"
208.54.44.226 - - [28/Jul/2013:17:54:42 -0400] "GET /favicon.ico HTTP/1.1" 404 575 "http://www.judgepenny.com/biography.php" "Mozilla/5.0 (X11; Linux x86_64) AppleWebKit/534.24 (KHTML, like Gecko) Chrome/11.0.696.34 Safari/534.24"
208.54.44.226 - - [28/Jul/2013:17:56:57 -0400] "GET /shopping.php HTTP/1.1" 200 8086 "http://www.judgepenny.com/biography.php" "Mozilla/5.0 (X11; Linux x86_64) AppleWebKit/534.24 (KHTML, like Gecko) Chrome/11.0.696.34 Safari/534.24"
208.54.44.226 - - [28/Jul/2013:17:56:58 -0400] "GET /slide-style.css HTTP/1.1" 404 575 "http://www.judgepenny.com/shopping.php" "Mozilla/5.0 (X11; Linux x86_64) AppleWebKit/534.24 (KHTML, like Gecko) Chrome/11.0.696.34 Safari/534.24"
208.54.44.226 - - [28/Jul/2013:17:56:58 -0400] "GET /images/entry-bg3.png HTTP/1.1" 200 19110 "http://www.judgepenny.com/shopping.php" "Mozilla/5.0 (X11; Linux x86_64) AppleWebKit/534.24 (KHTML, like Gecko) Chrome/11.0.696.34 Safari/534.24"
208.54.44.226 - - [28/Jul/2013:17:56:58 -0400] "GET /images/Book_Cover.jpg HTTP/1.1" 200 51558 "http://www.judgepenny.com/shopping.php" "Mozilla/5.0 (X11; Linux x86_64) AppleWebKit/534.24 (KHTML, like Gecko) Chrome/11.0.696.34 Safari/534.24"
208.54.44.226 - - [28/Jul/2013:17:56:58 -0400] "GET /images/r-head.png HTTP/1.1" 200 596 "http://www.judgepenny.com/shopping.php" "Mozilla/5.0 (X11; Linux x86_64) AppleWebKit/534.24 (KHTML, like Gecko) Chrome/11.0.696.34 Safari/534.24"
208.54.44.226 - - [28/Jul/2013:17:56:58 -0400] "GET /images/events.png HTTP/1.1" 200 3829 "http://www.judgepenny.com/shopping.php" "Mozilla/5.0 (X11; Linux x86_64) AppleWebKit/534.24 (KHTML, like Gecko) Chrome/11.0.696.34 Safari/534.24"
208.54.44.226 - - [28/Jul/2013:17:57:37 -0400] "GET /penny-for-your-thoughts.php HTTP/1.1" 200 11765 "http://www.judgepenny.com/shopping.php" "Mozilla/5.0 (X11; Linux x86_64) AppleWebKit/534.24 (KHTML, like Gecko) Chrome/11.0.696.34 Safari/534.24"
208.54.44.226 - - [28/Jul/2013:17:57:38 -0400] "GET /slide-style.css HTTP/1.1" 404 575 "http://www.judgepenny.com/penny-for-your-thoughts.php" "Mozilla/5.0 (X11; Linux x86_64) AppleWebKit/534.24 (KHTML, like Gecko) Chrome/11.0.696.34 Safari/534.24"
208.54.44.226 - - [28/Jul/2013:17:57:38 -0400] "GET /images/advice.jpg HTTP/1.1" 200 51293 "http://www.judgepenny.com/penny-for-your-thoughts.php" "Mozilla/5.0 (X11; Linux x86_64) AppleWebKit/534.24 (KHTML, like Gecko) Chrome/11.0.696.34 Safari/534.24"
208.54.44.226 - - [28/Jul/2013:17:57:57 -0400] "GET /judge-penny-foundation.php HTTP/1.1" 200 7746 "http://www.judgepenny.com/shopping.php" "Mozilla/5.0 (X11; Linux x86_64) AppleWebKit/534.24 (KHTML, like Gecko) Chrome/11.0.696.34 Safari/534.24"
208.54.44.226 - - [28/Jul/2013:17:57:58 -0400] "GET /slide-style.css HTTP/1.1" 404 575 "http://www.judgepenny.com/judge-penny-foundation.php" "Mozilla/5.0 (X11; Linux x86_64) AppleWebKit/534.24 (KHTML, like Gecko) Chrome/11.0.696.34 Safari/534.24"
208.54.44.226 - - [28/Jul/2013:17:57:58 -0400] "GET /images/girls_with_pearls.png HTTP/1.1" 200 244372 "http://www.judgepenny.com/judge-penny-foundation.php" "Mozilla/5.0 (X11; Linux x86_64) AppleWebKit/534.24 (KHTML, like Gecko) Chrome/11.0.696.34 Safari/534.24"
208.54.44.226 - - [28/Jul/2013:17:57:58 -0400] "GET /images/s-menu-b.png HTTP/1.1" 200 334 "http://www.judgepenny.com/judge-penny-foundation.php" "Mozilla/5.0 (X11; Linux x86_64) AppleWebKit/534.24 (KHTML, like Gecko) Chrome/11.0.696.34 Safari/534.24"
208.54.44.226 - - [28/Jul/2013:18:00:07 -0400] "GET /index.php HTTP/1.1" 200 8953 "http://www.judgepenny.com/judge-penny-foundation.php" "Mozilla/5.0 (X11; Linux x86_64) AppleWebKit/534.24 (KHTML, like Gecko) Chrome/11.0.696.34 Safari/534.24"
208.54.44.226 - - [28/Jul/2013:18:00:09 -0400] "GET /js/jquery.nivo.slider.pack.js HTTP/1.1" 200 15854 "http://www.judgepenny.com/index.php" "Mozilla/5.0 (X11; Linux x86_64) AppleWebKit/534.24 (KHTML, like Gecko) Chrome/11.0.696.34 Safari/534.24"
208.54.44.226 - - [28/Jul/2013:18:00:09 -0400] "GET /slide-style.css HTTP/1.1" 404 575 "http://www.judgepenny.com/index.php" "Mozilla/5.0 (X11; Linux x86_64) AppleWebKit/534.24 (KHTML, like Gecko) Chrome/11.0.696.34 Safari/534.24"
208.54.44.226 - - [28/Jul/2013:18:00:09 -0400] "GET /images/m-top.png HTTP/1.1" 200 574 "http://www.judgepenny.com/index.php" "Mozilla/5.0 (X11; Linux x86_64) AppleWebKit/534.24 (KHTML, like Gecko) Chrome/11.0.696.34 Safari/534.24"
208.54.44.226 - - [28/Jul/2013:18:00:09 -0400] "GET /css/loading.gif HTTP/1.1" 200 1737 "http://www.judgepenny.com/index.php" "Mozilla/5.0 (X11; Linux x86_64) AppleWebKit/534.24 (KHTML, like Gecko) Chrome/11.0.696.34 Safari/534.24"
208.54.44.226 - - [28/Jul/2013:18:00:09 -0400] "GET /images/m-btm.png HTTP/1.1" 200 741 "http://www.judgepenny.com/index.php" "Mozilla/5.0 (X11; Linux x86_64) AppleWebKit/534.24 (KHTML, like Gecko) Chrome/11.0.696.34 Safari/534.24"
5.10.83.96 - - [28/Jul/2013:18:02:21 -0400] "GET /events.php HTTP/1.1" 200 8644 "-" "Mozilla/5.0 (compatible; AhrefsBot/5.0; +http://ahrefs.com/robot/)"
46.118.152.23 - - [28/Jul/2013:18:04:56 -0400] "GET / HTTP/1.1" 200 8953 "http://beautyfashion.mybb.ru/" "Opera/9.01 (Windows NT 5.1; U; en)"
46.118.152.23 - - [28/Jul/2013:18:04:57 -0400] "GET / HTTP/1.1" 200 8953 "http://beautyfashion.mybb.ru/" "Opera/9.01 (Windows NT 5.1; U; en)"
46.118.152.23 - - [28/Jul/2013:18:04:58 -0400] "GET / HTTP/1.1" 200 8953 "http://beautyfashion.mybb.ru/" "Opera/9.01 (Windows NT 5.1; U; en)"
157.55.35.84 - - [28/Jul/2013:18:05:40 -0400] "GET /contact.php HTTP/1.1" 200 6149 "-" "Mozilla/5.0 (compatible; bingbot/2.0; +http://www.bing.com/bingbot.htm)"
157.56.92.158 - - [28/Jul/2013:18:13:25 -0400] "GET /robots.txt HTTP/1.1" 404 575 "-" "Mozilla/5.0 (compatible; bingbot/2.0; +http://www.bing.com/bingbot.htm)"
157.56.92.158 - - [28/Jul/2013:18:14:10 -0400] "GET /shopping.php HTTP/1.1" 200 8086 "-" "Mozilla/5.0 (compatible; bingbot/2.0; +http://www.bing.com/bingbot.htm)"
5.10.83.96 - - [28/Jul/2013:18:26:47 -0400] "GET /biography.php HTTP/1.1" 200 9590 "-" "Mozilla/5.0 (compatible; AhrefsBot/5.0; +http://ahrefs.com/robot/)"
5.10.83.96 - - [28/Jul/2013:18:40:44 -0400] "GET /judge-penny-story.php HTTP/1.1" 200 13963 "-" "Mozilla/5.0 (compatible; AhrefsBot/5.0; +http://ahrefs.com/robot/)"
157.55.35.112 - - [28/Jul/2013:18:40:46 -0400] "GET / HTTP/1.1" 200 8953 "-" "Mozilla/5.0 (compatible; bingbot/2.0; +http://www.bing.com/bingbot.htm)"
157.55.35.112 - - [28/Jul/2013:18:56:09 -0400] "GET /speaking-requests.php HTTP/1.1" 200 14865 "-" "Mozilla/5.0 (compatible; bingbot/2.0; +http://www.bing.com/bingbot.htm)"
5.10.83.65 - - [28/Jul/2013:18:57:27 -0400] "GET /robots.txt HTTP/1.1" 404 575 "-" "Mozilla/5.0 (compatible; AhrefsBot/5.0; +http://ahrefs.com/robot/)"
157.55.35.112 - - [28/Jul/2013:19:12:13 -0400] "GET /speaking-requests.php HTTP/1.1" 200 14865 "-" "Mozilla/5.0 (compatible; bingbot/2.0; +http://www.bing.com/bingbot.htm)"
5.10.83.96 - - [28/Jul/2013:19:12:18 -0400] "GET /media.php HTTP/1.1" 200 6682 "-" "Mozilla/5.0 (compatible; AhrefsBot/5.0; +http://ahrefs.com/robot/)"
157.55.35.112 - - [28/Jul/2013:19:16:19 -0400] "GET / HTTP/1.1" 200 8953 "-" "Mozilla/5.0 (compatible; bingbot/2.0; +http://www.bing.com/bingbot.htm)"
5.10.83.96 - - [28/Jul/2013:19:22:46 -0400] "GET /judge-penny-foundation.php HTTP/1.1" 200 7746 "-" "Mozilla/5.0 (compatible; AhrefsBot/5.0; +http://ahrefs.com/robot/)"
5.10.83.96 - - [28/Jul/2013:19:36:59 -0400] "GET / HTTP/1.1" 200 8953 "-" "Mozilla/5.0 (compatible; AhrefsBot/5.0; +http://ahrefs.com/robot/)"
157.55.35.112 - - [28/Jul/2013:19:48:10 -0400] "GET / HTTP/1.1" 200 8953 "-" "Mozilla/5.0 (compatible; bingbot/2.0; +http://www.bing.com/bingbot.htm)"
66.249.84.94 - - [28/Jul/2013:20:21:08 -0400] "GET / HTTP/1.1" 200 8953 "-" "Mozilla/5.0 (Windows NT 6.1; rv:6.0) Gecko/20110814 Firefox/6.0 Google (+https://developers.google.com/+/web/snippet/)"
66.249.84.94 - - [28/Jul/2013:20:21:09 -0400] "GET /favicon.ico HTTP/1.1" 404 575 "-" "Mozilla/5.0 (Windows NT 6.1; rv:6.0) Gecko/20110814 Firefox/6.0 Google (+https://developers.google.com/+/web/snippet/)"
66.249.75.108 - - [28/Jul/2013:21:17:33 -0400] "GET /robots.txt HTTP/1.1" 404 575 "-" "Mozilla/5.0 (compatible; Googlebot/2.1; +http://www.google.com/bot.html)"
66.249.75.108 - - [28/Jul/2013:21:17:33 -0400] "GET /shopping.php HTTP/1.1" 200 8086 "-" "SAMSUNG-SGH-E250/1.0 Profile/MIDP-2.0 Configuration/CLDC-1.1 UP.Browser/6.2.3.3.c.1.101 (GUI) MMP/2.0 (compatible; Googlebot-Mobile/2.1; +http://www.google.com/bot.html)"
157.55.32.39 - - [28/Jul/2013:21:48:32 -0400] "GET /robots.txt HTTP/1.1" 404 575 "-" "Mozilla/5.0 (compatible; bingbot/2.0; +http://www.bing.com/bingbot.htm)"
157.55.32.39 - - [28/Jul/2013:21:49:09 -0400] "GET /penny-for-your-thoughts.php HTTP/1.1" 200 11765 "-" "Mozilla/5.0 (compatible; bingbot/2.0; +http://www.bing.com/bingbot.htm)"
91.207.9.226 - - [28/Jul/2013:21:56:09 -0400] "GET / HTTP/1.1" 200 8953 "http://ogosexshop.com.ua/" "Mozilla/4.0 (compatible; MSIE 5.0; Windows 3.1)"
91.207.9.226 - - [28/Jul/2013:21:56:10 -0400] "GET / HTTP/1.1" 200 8953 "http://ogosexshop.com.ua/" "Mozilla/4.0 (compatible; MSIE 5.0; Windows 3.1)"
91.207.9.226 - - [28/Jul/2013:21:56:11 -0400] "GET / HTTP/1.1" 200 8953 "http://ogosexshop.com.ua/" "Mozilla/4.0 (compatible; MSIE 5.0; Windows 3.1)"
157.55.32.39 - - [28/Jul/2013:22:11:09 -0400] "GET /penny-for-your-thoughts.php HTTP/1.1" 200 11765 "-" "Mozilla/5.0 (compatible; bingbot/2.0; +http://www.bing.com/bingbot.htm)"
46.118.152.23 - - [28/Jul/2013:22:16:03 -0400] "GET / HTTP/1.1" 200 8953 "http://litugolok.1bb.ru/" "Mozilla/4.0 (compatible; MSIE 6.0; Windows NT 5.0; KTXN)"
46.118.152.23 - - [28/Jul/2013:22:16:04 -0400] "GET / HTTP/1.1" 200 8953 "http://litugolok.1bb.ru/" "Mozilla/4.0 (compatible; MSIE 6.0; Windows NT 5.0; KTXN)"
46.118.152.23 - - [28/Jul/2013:22:16:05 -0400] "GET / HTTP/1.1" 200 8953 "http://litugolok.1bb.ru/" "Mozilla/4.0 (compatible; MSIE 6.0; Windows NT 5.0; KTXN)"
37.115.113.47 - - [28/Jul/2013:22:16:35 -0400] "GET / HTTP/1.1" 200 8953 "http://sdelaisait.ru/" "Mozilla/4.0 (compatible; MSIE 6.0; Windows NT 5.1; FREE; .NET CLR 1.1.4322)"
37.115.113.47 - - [28/Jul/2013:22:16:36 -0400] "GET / HTTP/1.1" 200 8953 "http://sdelaisait.ru/" "Mozilla/4.0 (compatible; MSIE 6.0; Windows NT 5.1; FREE; .NET CLR 1.1.4322)"
37.115.113.47 - - [28/Jul/2013:22:16:37 -0400] "GET / HTTP/1.1" 200 8953 "http://sdelaisait.ru/" "Mozilla/4.0 (compatible; MSIE 6.0; Windows NT 5.1; FREE; .NET CLR 1.1.4322)"
157.55.35.112 - - [28/Jul/2013:22:34:45 -0400] "GET /penny-for-your-thoughts_howtowalkawayfromabadrelationship.php HTTP/1.1" 200 7498 "-" "Mozilla/5.0 (compatible; bingbot/2.0; +http://www.bing.com/bingbot.htm)"
66.249.75.108 - - [28/Jul/2013:22:45:52 -0400] "GET /photos.php HTTP/1.1" 200 6337 "-" "DoCoMo/2.0 N905i(c100;TB;W24H16) (compatible; Googlebot-Mobile/2.1; +http://www.google.com/bot.html)"
5.10.83.28 - - [28/Jul/2013:22:53:37 -0400] "GET /contact.php HTTP/1.1" 200 6149 "-" "Mozilla/5.0 (compatible; AhrefsBot/5.0; +http://ahrefs.com/robot/)"
5.10.83.28 - - [28/Jul/2013:22:54:13 -0400] "GET /events.php HTTP/1.1" 200 8644 "-" "Mozilla/5.0 (compatible; AhrefsBot/5.0; +http://ahrefs.com/robot/)"
5.10.83.28 - - [28/Jul/2013:23:02:02 -0400] "GET /penny-for-your-thoughts.php HTTP/1.1" 200 11765 "-" "Mozilla/5.0 (compatible; AhrefsBot/5.0; +http://ahrefs.com/robot/)"
5.10.83.28 - - [28/Jul/2013:23:17:53 -0400] "GET /penny-for-your-thoughts_itsnotwhatyousaybuthowyousayitl.php HTTP/1.1" 200 8648 "-" "Mozilla/5.0 (compatible; AhrefsBot/5.0; +http://ahrefs.com/robot/)"
5.10.83.28 - - [28/Jul/2013:23:24:09 -0400] "GET /penny-for-your-thoughts_whattodowhenyouloseyourjob.php HTTP/1.1" 200 9678 "-" "Mozilla/5.0 (compatible; AhrefsBot/5.0; +http://ahrefs.com/robot/)"
66.249.75.108 - - [28/Jul/2013:23:39:29 -0400] "GET /events.php HTTP/1.1" 200 8644 "-" "Mozilla/5.0 (compatible; Googlebot/2.1; +http://www.google.com/bot.html)"
66.249.75.108 - - [28/Jul/2013:23:43:12 -0400] "GET /css/default.css HTTP/1.1" 200 1295 "-" "Mozilla/5.0 (compatible; Googlebot/2.1; +http://www.google.com/bot.html)"
5.10.83.28 - - [28/Jul/2013:23:52:02 -0400] "GET /photos.php HTTP/1.1" 200 6337 "-" "Mozilla/5.0 (compatible; AhrefsBot/5.0; +http://ahrefs.com/robot/)"
157.55.35.112 - - [28/Jul/2013:23:54:02 -0400] "GET /robots.txt HTTP/1.1" 404 575 "-" "Mozilla/5.0 (compatible; bingbot/2.0; +http://www.bing.com/bingbot.htm)"
157.55.35.112 - - [28/Jul/2013:23:55:11 -0400] "GET / HTTP/1.1" 200 8953 "-" "Mozilla/5.0 (compatible; bingbot/2.0; +http://www.bing.com/bingbot.htm)"
5.10.83.28 - - [28/Jul/2013:23:55:24 -0400] "GET /shopping.php HTTP/1.1" 200 8086 "-" "Mozilla/5.0 (compatible; AhrefsBot/5.0; +http://ahrefs.com/robot/)"
