37.139.52.23 - - [31/Jul/2013:00:25:14 -0400] "GET / HTTP/1.1" 200 8953 "http://mystiqueindia.mybb.ru/" "Mozilla/4.0 (compatible; MSIE 7.0; Windows NT 5.1; SV1; .NET CLR 2.0.50727)"
37.139.52.23 - - [31/Jul/2013:00:25:16 -0400] "GET / HTTP/1.1" 200 8953 "http://mystiqueindia.mybb.ru/" "Mozilla/4.0 (compatible; MSIE 7.0; Windows NT 5.1; SV1; .NET CLR 2.0.50727)"
199.30.24.148 - - [31/Jul/2013:00:28:07 -0400] "GET /images/jenny-header.png HTTP/1.1" 200 69160 "http://www.judgepenny.com/judge-penny-story.php" "Mozilla/5.0 (Windows NT 6.1; WOW64) AppleWebKit/534+ (KHTML, like Gecko) BingPreview/1.0b"
199.30.24.148 - - [31/Jul/2013:00:28:07 -0400] "GET /images/seprator.png HTTP/1.1" 200 429 "http://www.judgepenny.com/judge-penny-story.php" "Mozilla/5.0 (Windows NT 6.1; WOW64) AppleWebKit/534+ (KHTML, like Gecko) BingPreview/1.0b"
199.30.24.148 - - [31/Jul/2013:00:28:07 -0400] "GET /images/h-div.png HTTP/1.1" 200 1503 "http://www.judgepenny.com/judge-penny-story.php" "Mozilla/5.0 (Windows NT 6.1; WOW64) AppleWebKit/534+ (KHTML, like Gecko) BingPreview/1.0b"
199.30.24.148 - - [31/Jul/2013:00:28:07 -0400] "GET /images/bg.jpg HTTP/1.1" 200 71900 "http://www.judgepenny.com/judge-penny-story.php" "Mozilla/5.0 (Windows NT 6.1; WOW64) AppleWebKit/534+ (KHTML, like Gecko) BingPreview/1.0b"
199.30.24.148 - - [31/Jul/2013:00:28:07 -0400] "GET /images/right-div.png HTTP/1.1" 200 5479 "http://www.judgepenny.com/judge-penny-story.php" "Mozilla/5.0 (Windows NT 6.1; WOW64) AppleWebKit/534+ (KHTML, like Gecko) BingPreview/1.0b"
157.55.35.112 - - [31/Jul/2013:01:11:06 -0400] "GET /robots.txt HTTP/1.1" 404 575 "-" "Mozilla/5.0 (compatible; bingbot/2.0; +http://www.bing.com/bingbot.htm)"
157.55.35.112 - - [31/Jul/2013:01:14:12 -0400] "GET / HTTP/1.1" 200 8953 "-" "Mozilla/5.0 (compatible; bingbot/2.0; +http://www.bing.com/bingbot.htm)"
62.146.2.234 - - [31/Jul/2013:02:19:13 -0400] "GET /robots.txt HTTP/1.1" 404 575 "-" "Domnutch-Bot/Nutch-1.0 (Domnutch; http://www.Nutch.de/)"
62.146.2.234 - - [31/Jul/2013:02:19:13 -0400] "GET / HTTP/1.1" 200 8953 "-" "Domnutch-Bot/Nutch-1.0 (Domnutch; http://www.Nutch.de/)"
123.225.80.186 - - [31/Jul/2013:02:28:11 -0400] "GET / HTTP/1.0" 200 8953 "-" "Mozilla/4.0 (compatible; MSIE 6.0; Windows NT 5.1; SV1)"
60.46.55.236 - - [31/Jul/2013:02:28:13 -0400] "GET /videos/jwplayer.js HTTP/1.0" 200 133009 "http://www.judgepenny.com/" "Mozilla/4.0 (compatible; MSIE 6.0; Windows NT 5.1; SV1)"
116.81.235.32 - - [31/Jul/2013:02:28:17 -0400] "GET /slide-style.css HTTP/1.0" 404 575 "http://www.judgepenny.com/" "Mozilla/4.0 (compatible; MSIE 6.0; Windows NT 5.1; SV1)"
116.80.35.68 - - [31/Jul/2013:02:28:17 -0400] "GET /css/nivo-slider.css HTTP/1.0" 200 1430 "http://www.judgepenny.com/" "Mozilla/4.0 (compatible; MSIE 6.0; Windows NT 5.1; SV1)"
116.80.36.54 - - [31/Jul/2013:02:28:17 -0400] "GET /css/default.css HTTP/1.0" 200 1295 "http://www.judgepenny.com/" "Mozilla/4.0 (compatible; MSIE 6.0; Windows NT 5.1; SV1)"
118.8.129.107 - - [31/Jul/2013:02:28:17 -0400] "GET /css/style.css HTTP/1.0" 200 9522 "http://www.judgepenny.com/" "Mozilla/4.0 (compatible; MSIE 6.0; Windows NT 5.1; SV1)"
114.191.55.17 - - [31/Jul/2013:02:28:17 -0400] "GET /images/facebook.png HTTP/1.0" 200 2371 "http://www.judgepenny.com/" "Mozilla/4.0 (compatible; MSIE 6.0; Windows NT 5.1; SV1)"
114.185.14.65 - - [31/Jul/2013:02:28:17 -0400] "GET /images/judge-jenny.png HTTP/1.0" 200 28663 "http://www.judgepenny.com/" "Mozilla/4.0 (compatible; MSIE 6.0; Windows NT 5.1; SV1)"
123.224.112.57 - - [31/Jul/2013:02:28:17 -0400] "GET /images/you-tube.png HTTP/1.0" 200 3090 "http://www.judgepenny.com/" "Mozilla/4.0 (compatible; MSIE 6.0; Windows NT 5.1; SV1)"
123.225.80.186 - - [31/Jul/2013:02:28:18 -0400] "GET /images/linked-in.png HTTP/1.0" 200 2575 "http://www.judgepenny.com/" "Mozilla/4.0 (compatible; MSIE 6.0; Windows NT 5.1; SV1)"
114.185.14.65 - - [31/Jul/2013:02:28:20 -0400] "GET /images/twitter.png HTTP/1.0" 200 2703 "http://www.judgepenny.com/" "Mozilla/4.0 (compatible; MSIE 6.0; Windows NT 5.1; SV1)"
116.81.235.32 - - [31/Jul/2013:02:28:20 -0400] "GET /slideshow/images/book.jpg HTTP/1.0" 200 132593 "http://www.judgepenny.com/" "Mozilla/4.0 (compatible; MSIE 6.0; Windows NT 5.1; SV1)"
121.94.31.217 - - [31/Jul/2013:02:28:20 -0400] "GET /slideshow/images/judge_penny_self_worth.jpg HTTP/1.0" 200 129594 "http://www.judgepenny.com/" "Mozilla/4.0 (compatible; MSIE 6.0; Windows NT 5.1; SV1)"
118.8.129.107 - - [31/Jul/2013:02:28:20 -0400] "GET /images/seprator.png HTTP/1.0" 200 429 "http://www.judgepenny.com/" "Mozilla/4.0 (compatible; MSIE 6.0; Windows NT 5.1; SV1)"
116.80.36.54 - - [31/Jul/2013:02:28:20 -0400] "GET /slideshow/images/judge_penny_foundation.jpg HTTP/1.0" 200 175194 "http://www.judgepenny.com/" "Mozilla/4.0 (compatible; MSIE 6.0; Windows NT 5.1; SV1)"
118.8.129.107 - - [31/Jul/2013:02:28:20 -0400] "GET /slideshow/images/judge_penny_speaking_request.png HTTP/1.0" 200 291884 "http://www.judgepenny.com/" "Mozilla/4.0 (compatible; MSIE 6.0; Windows NT 5.1; SV1)"
123.224.112.57 - - [31/Jul/2013:02:28:24 -0400] "GET /slideshow/images/judge_penny_the_judge.jpg HTTP/1.0" 200 151096 "http://www.judgepenny.com/" "Mozilla/4.0 (compatible; MSIE 6.0; Windows NT 5.1; SV1)"
114.186.109.202 - - [31/Jul/2013:02:28:27 -0400] "GET /images/bg.jpg HTTP/1.0" 200 71900 "http://www.judgepenny.com/" "Mozilla/4.0 (compatible; MSIE 6.0; Windows NT 5.1; SV1)"
114.186.109.202 - - [31/Jul/2013:02:28:27 -0400] "GET /images/jenny-header.png HTTP/1.0" 200 69160 "http://www.judgepenny.com/" "Mozilla/4.0 (compatible; MSIE 6.0; Windows NT 5.1; SV1)"
123.224.112.57 - - [31/Jul/2013:02:28:30 -0400] "GET /css/loading.gif HTTP/1.0" 200 1737 "http://www.judgepenny.com/" "Mozilla/4.0 (compatible; MSIE 6.0; Windows NT 5.1; SV1)"
114.186.109.202 - - [31/Jul/2013:02:28:31 -0400] "GET /slideshow/images/judge_penny_opportunity.jpg HTTP/1.0" 200 99540 "http://www.judgepenny.com/" "Mozilla/4.0 (compatible; MSIE 6.0; Windows NT 5.1; SV1)"
114.186.109.202 - - [31/Jul/2013:02:28:32 -0400] "GET /js/jquery.nivo.slider.pack.js HTTP/1.0" 200 15854 "http://www.judgepenny.com/" "Mozilla/4.0 (compatible; MSIE 6.0; Windows NT 5.1; SV1)"
114.186.109.202 - - [31/Jul/2013:02:28:33 -0400] "GET /images/m-top.png HTTP/1.0" 200 574 "http://www.judgepenny.com/" "Mozilla/4.0 (compatible; MSIE 6.0; Windows NT 5.1; SV1)"
116.81.235.32 - - [31/Jul/2013:02:28:33 -0400] "GET /images/m-center.png HTTP/1.0" 200 191 "http://www.judgepenny.com/" "Mozilla/4.0 (compatible; MSIE 6.0; Windows NT 5.1; SV1)"
123.224.225.238 - - [31/Jul/2013:02:28:35 -0400] "GET /images/m-btm.png HTTP/1.0" 200 741 "http://www.judgepenny.com/" "Mozilla/4.0 (compatible; MSIE 6.0; Windows NT 5.1; SV1)"
60.46.55.236 - - [31/Jul/2013:02:28:36 -0400] "GET /images/h-right.png HTTP/1.0" 200 279 "http://www.judgepenny.com/" "Mozilla/4.0 (compatible; MSIE 6.0; Windows NT 5.1; SV1)"
60.46.55.236 - - [31/Jul/2013:02:28:36 -0400] "GET /images/h-left.png HTTP/1.0" 200 137 "http://www.judgepenny.com/" "Mozilla/4.0 (compatible; MSIE 6.0; Windows NT 5.1; SV1)"
60.46.55.236 - - [31/Jul/2013:02:28:36 -0400] "GET /images/mail-div.png HTTP/1.0" 200 1078 "http://www.judgepenny.com/" "Mozilla/4.0 (compatible; MSIE 6.0; Windows NT 5.1; SV1)"
114.185.14.65 - - [31/Jul/2013:02:28:36 -0400] "GET /images/s-top.png HTTP/1.0" 200 440 "http://www.judgepenny.com/" "Mozilla/4.0 (compatible; MSIE 6.0; Windows NT 5.1; SV1)"
118.8.129.107 - - [31/Jul/2013:02:28:36 -0400] "GET /images/side-bg.png HTTP/1.0" 200 168 "http://www.judgepenny.com/" "Mozilla/4.0 (compatible; MSIE 6.0; Windows NT 5.1; SV1)"
123.224.225.238 - - [31/Jul/2013:02:28:36 -0400] "GET /images/s-btm.png HTTP/1.0" 200 605 "http://www.judgepenny.com/" "Mozilla/4.0 (compatible; MSIE 6.0; Windows NT 5.1; SV1)"
114.191.55.17 - - [31/Jul/2013:02:28:37 -0400] "GET /images/ftr-bg.png HTTP/1.0" 200 198 "http://www.judgepenny.com/" "Mozilla/4.0 (compatible; MSIE 6.0; Windows NT 5.1; SV1)"
123.225.80.186 - - [31/Jul/2013:02:28:38 -0400] "GET /css/arrows.png HTTP/1.0" 200 824 "http://www.judgepenny.com/" "Mozilla/4.0 (compatible; MSIE 6.0; Windows NT 5.1; SV1)"
118.8.129.107 - - [31/Jul/2013:02:28:38 -0400] "GET /css/bullets.png HTTP/1.0" 200 1281 "http://www.judgepenny.com/" "Mozilla/4.0 (compatible; MSIE 6.0; Windows NT 5.1; SV1)"
5.10.83.22 - - [31/Jul/2013:03:09:32 -0400] "GET /penny-for-your-thoughts_whattodowhenyouloseyourjob.php HTTP/1.1" 200 9678 "-" "Mozilla/5.0 (compatible; AhrefsBot/5.0; +http://ahrefs.com/robot/)"
5.10.83.22 - - [31/Jul/2013:03:10:27 -0400] "GET /beyond-the-robe.php HTTP/1.1" 200 8574 "-" "Mozilla/5.0 (compatible; AhrefsBot/5.0; +http://ahrefs.com/robot/)"
199.30.16.42 - - [31/Jul/2013:03:27:17 -0400] "GET /robots.txt HTTP/1.1" 404 575 "-" "msnbot-media/1.1 (+http://search.msn.com/msnbot.htm)"
199.30.16.42 - - [31/Jul/2013:03:27:17 -0400] "GET /images/you-tube.png HTTP/1.1" 200 3090 "-" "msnbot-media/1.1 (+http://search.msn.com/msnbot.htm)"
157.56.93.61 - - [31/Jul/2013:03:48:59 -0400] "GET /robots.txt HTTP/1.1" 404 575 "-" "Mozilla/5.0 (compatible; bingbot/2.0; +http://www.bing.com/bingbot.htm)"
157.56.93.61 - - [31/Jul/2013:03:50:10 -0400] "GET /events.php HTTP/1.1" 200 8644 "-" "Mozilla/5.0 (compatible; bingbot/2.0; +http://www.bing.com/bingbot.htm)"
157.55.35.112 - - [31/Jul/2013:03:51:08 -0400] "GET /images/twitter.png HTTP/1.1" 200 2703 "-" "Mozilla/5.0 (compatible; bingbot/2.0; +http://www.bing.com/bingbot.htm)"
157.55.32.39 - - [31/Jul/2013:03:51:38 -0400] "GET /images/entry-bg3.png HTTP/1.1" 200 19110 "-" "Mozilla/5.0 (compatible; bingbot/2.0; +http://www.bing.com/bingbot.htm)"
92.249.127.111 - - [31/Jul/2013:03:53:38 -0400] "GET / HTTP/1.1" 200 8953 "http://toureseme.net/" "Mozilla/5.0 (compatible; news bot /2.1)"
92.249.127.111 - - [31/Jul/2013:03:53:39 -0400] "GET / HTTP/1.1" 200 8953 "http://toureseme.net/" "Mozilla/5.0 (compatible; news bot /2.1)"
92.249.127.111 - - [31/Jul/2013:03:53:39 -0400] "GET / HTTP/1.1" 200 8953 "http://toureseme.net/" "Mozilla/5.0 (compatible; news bot /2.1)"
5.10.83.22 - - [31/Jul/2013:03:56:44 -0400] "GET /penny-for-your-thoughts.php HTTP/1.1" 200 11765 "-" "Mozilla/5.0 (compatible; AhrefsBot/5.0; +http://ahrefs.com/robot/)"
37.115.113.47 - - [31/Jul/2013:03:57:59 -0400] "GET / HTTP/1.1" 200 8953 "http://www.hab.su/" "Mozilla/4.0 (compatible; MSIE 6.0; Windows NT 5.1; .NET CLR 1.1.4322)"
37.115.113.47 - - [31/Jul/2013:03:58:00 -0400] "GET / HTTP/1.1" 200 8953 "http://www.hab.su/" "Mozilla/4.0 (compatible; MSIE 6.0; Windows NT 5.1; .NET CLR 1.1.4322)"
37.115.113.47 - - [31/Jul/2013:03:58:00 -0400] "GET / HTTP/1.1" 200 8953 "http://www.hab.su/" "Mozilla/4.0 (compatible; MSIE 6.0; Windows NT 5.1; .NET CLR 1.1.4322)"
5.10.83.22 - - [31/Jul/2013:04:03:10 -0400] "GET /shopping.php HTTP/1.1" 200 8086 "-" "Mozilla/5.0 (compatible; AhrefsBot/5.0; +http://ahrefs.com/robot/)"
5.10.83.22 - - [31/Jul/2013:04:11:57 -0400] "GET /index.php HTTP/1.1" 200 8953 "-" "Mozilla/5.0 (compatible; AhrefsBot/5.0; +http://ahrefs.com/robot/)"
208.115.111.70 - - [31/Jul/2013:04:27:50 -0400] "GET /robots.txt HTTP/1.1" 404 575 "-" "Mozilla/5.0 (compatible; Ezooms/1.0; ezooms.bot@gmail.com)"
91.207.9.226 - - [31/Jul/2013:04:36:25 -0400] "GET / HTTP/1.1" 200 8953 "http://lgschematics.ru/" "Mozilla/4.0 (compatible; MSIE 6.0; Windows NT 5.1; MRA 4.3 (build 01218); .NET CLR 1.1.4322)"
91.207.9.226 - - [31/Jul/2013:04:36:25 -0400] "GET / HTTP/1.1" 200 8953 "http://lgschematics.ru/" "Mozilla/4.0 (compatible; MSIE 6.0; Windows NT 5.1; MRA 4.3 (build 01218); .NET CLR 1.1.4322)"
91.207.9.226 - - [31/Jul/2013:04:36:26 -0400] "GET / HTTP/1.1" 200 8953 "http://lgschematics.ru/" "Mozilla/4.0 (compatible; MSIE 6.0; Windows NT 5.1; MRA 4.3 (build 01218); .NET CLR 1.1.4322)"
5.10.83.22 - - [31/Jul/2013:04:36:59 -0400] "GET /penny-for-your-thoughts_howtowalkawayfromabadrelationship.php HTTP/1.1" 200 7498 "-" "Mozilla/5.0 (compatible; AhrefsBot/5.0; +http://ahrefs.com/robot/)"
178.154.243.82 - - [31/Jul/2013:04:39:23 -0400] "GET /images/s-menu-b.png HTTP/1.1" 304 - "-" "Mozilla/5.0 (compatible; YandexImages/3.0; +http://yandex.com/bots)"
5.10.83.22 - - [31/Jul/2013:04:40:10 -0400] "GET /video-clips.php HTTP/1.1" 200 7451 "-" "Mozilla/5.0 (compatible; AhrefsBot/5.0; +http://ahrefs.com/robot/)"
100.43.83.156 - - [31/Jul/2013:04:42:27 -0400] "GET /robots.txt HTTP/1.1" 404 575 "-" "Mozilla/5.0 (compatible; YandexBot/3.0; +http://yandex.com/bots)"
100.43.83.156 - - [31/Jul/2013:04:42:29 -0400] "GET / HTTP/1.1" 200 8953 "-" "Mozilla/5.0 (compatible; YandexBot/3.0; +http://yandex.com/bots)"
100.43.83.156 - - [31/Jul/2013:04:42:30 -0400] "GET / HTTP/1.1" 200 8953 "-" "Mozilla/5.0 (compatible; YandexBot/3.0; +http://yandex.com/bots)"
100.43.83.156 - - [31/Jul/2013:04:42:35 -0400] "GET / HTTP/1.1" 200 8953 "-" "Mozilla/5.0 (compatible; YandexBot/3.0; +http://yandex.com/bots)"
100.43.83.156 - - [31/Jul/2013:04:42:37 -0400] "GET / HTTP/1.1" 200 8953 "-" "Mozilla/5.0 (compatible; YandexBot/3.0; +http://yandex.com/bots)"
5.10.83.22 - - [31/Jul/2013:04:43:01 -0400] "GET /penny-for-your-thoughts_itsnotwhatyousaybuthowyousayitl.php HTTP/1.1" 200 8648 "-" "Mozilla/5.0 (compatible; AhrefsBot/5.0; +http://ahrefs.com/robot/)"
5.10.83.22 - - [31/Jul/2013:04:46:32 -0400] "GET /events.php HTTP/1.1" 200 8644 "-" "Mozilla/5.0 (compatible; AhrefsBot/5.0; +http://ahrefs.com/robot/)"
71.254.156.7 - - [31/Jul/2013:04:57:26 -0400] "GET /penny-for-your-thoughts_whattodowhenyouloseyourjob.php HTTP/1.0" 200 9678 "-" "Mozilla/5.0 (X11; Ubuntu; Linux x86_64; rv:16.0) Gecko/20100101 Firefox/16.0"
205.237.88.150 - - [31/Jul/2013:04:59:26 -0400] "GET / HTTP/1.0" 200 8953 "-" "=Mozilla/5.0 (Windows; U; Windows NT 6.1; en-US) AppleWebKit/534.16 (KHTML, like Gecko) Chrome/10.0.648.204 Safari/534.16"
50.16.12.128 - - [31/Jul/2013:05:04:45 -0400] "GET / HTTP/1.1" 200 8953 "-" "Mozilla/5.0 (Windows NT 6.1; WOW64) AppleWebKit/535.11 (KHTML, like Gecko) Chrome/17.0.963.56 Safari/535.11"
208.115.111.70 - - [31/Jul/2013:05:13:18 -0400] "GET /biography.html?e12bede0 HTTP/1.1" 404 575 "-" "Mozilla/5.0 (compatible; Ezooms/1.0; ezooms.bot@gmail.com)"
208.115.111.70 - - [31/Jul/2013:05:13:20 -0400] "GET /about_judge_penny.htm HTTP/1.1" 404 575 "-" "Mozilla/5.0 (compatible; Ezooms/1.0; ezooms.bot@gmail.com)"
178.154.243.82 - - [31/Jul/2013:05:20:43 -0400] "GET /images/linked-in.png HTTP/1.1" 304 - "-" "Mozilla/5.0 (compatible; YandexImages/3.0; +http://yandex.com/bots)"
178.154.243.82 - - [31/Jul/2013:06:11:10 -0400] "GET /images/speaking.jpg HTTP/1.1" 304 - "-" "Mozilla/5.0 (compatible; YandexImages/3.0; +http://yandex.com/bots)"
46.118.152.23 - - [31/Jul/2013:06:37:55 -0400] "GET / HTTP/1.1" 200 8953 "http://remont-comp-pomosh.ru/" "Opera/8.01 (Windows NT 5.1)"
46.118.152.23 - - [31/Jul/2013:06:37:56 -0400] "GET / HTTP/1.1" 200 8953 "http://remont-comp-pomosh.ru/" "Opera/8.01 (Windows NT 5.1)"
46.118.152.23 - - [31/Jul/2013:06:37:56 -0400] "GET / HTTP/1.1" 200 8953 "http://remont-comp-pomosh.ru/" "Opera/8.01 (Windows NT 5.1)"
178.154.243.82 - - [31/Jul/2013:07:12:10 -0400] "GET /images/m-btm.png HTTP/1.1" 304 - "-" "Mozilla/5.0 (compatible; YandexImages/3.0; +http://yandex.com/bots)"
5.10.83.68 - - [31/Jul/2013:07:41:55 -0400] "GET /photos.php HTTP/1.1" 200 6337 "-" "Mozilla/5.0 (compatible; AhrefsBot/5.0; +http://ahrefs.com/robot/)"
5.10.83.68 - - [31/Jul/2013:07:44:45 -0400] "GET /speaking-requests.php HTTP/1.1" 200 14865 "-" "Mozilla/5.0 (compatible; AhrefsBot/5.0; +http://ahrefs.com/robot/)"
65.55.215.45 - - [31/Jul/2013:07:49:30 -0400] "GET /robots.txt HTTP/1.1" 404 575 "-" "msnbot-media/1.1 (+http://search.msn.com/msnbot.htm)"
65.55.215.45 - - [31/Jul/2013:07:49:30 -0400] "GET /images/twitter.png HTTP/1.1" 200 2703 "-" "msnbot-media/1.1 (+http://search.msn.com/msnbot.htm)"
157.55.35.112 - - [31/Jul/2013:07:54:26 -0400] "GET /robots.txt HTTP/1.1" 404 575 "-" "Mozilla/5.0 (compatible; bingbot/2.0; +http://www.bing.com/bingbot.htm)"
5.10.83.68 - - [31/Jul/2013:07:55:14 -0400] "GET /biography.php HTTP/1.1" 200 9590 "-" "Mozilla/5.0 (compatible; AhrefsBot/5.0; +http://ahrefs.com/robot/)"
157.55.35.112 - - [31/Jul/2013:07:56:49 -0400] "GET / HTTP/1.1" 200 8953 "-" "Mozilla/5.0 (compatible; bingbot/2.0; +http://www.bing.com/bingbot.htm)"
5.10.83.68 - - [31/Jul/2013:07:59:51 -0400] "GET /penny-for-your-thoughts_howdoIdealwithanoutofcontrol.php HTTP/1.1" 200 8668 "-" "Mozilla/5.0 (compatible; AhrefsBot/5.0; +http://ahrefs.com/robot/)"
218.30.103.39 - - [31/Jul/2013:08:03:32 -0400] "GET / HTTP/1.1" 200 8953 "-" "Sogou web spider/4.0(+http://www.sogou.com/docs/help/webmasters.htm#07)"
121.99.30.36 - - [31/Jul/2013:08:04:37 -0400] "HEAD / HTTP/1.1" 200 - "-" "Xenu Link Sleuth/1.3.8"
157.55.35.112 - - [31/Jul/2013:08:12:51 -0400] "GET /beyond-the-robe.php HTTP/1.1" 200 8574 "-" "Mozilla/5.0 (compatible; bingbot/2.0; +http://www.bing.com/bingbot.htm)"
178.255.215.81 - - [31/Jul/2013:08:15:28 -0400] "GET /robots.txt HTTP/1.1" 404 575 "-" "Mozilla/5.0 (compatible; Exabot/3.0 (BiggerBetter); +http://www.exabot.com/go/robot)"
178.255.215.81 - - [31/Jul/2013:08:15:28 -0400] "GET /index.htm HTTP/1.1" 404 575 "-" "Mozilla/5.0 (compatible; Exabot/3.0 (BiggerBetter); +http://www.exabot.com/go/robot)"
220.181.108.94 - - [31/Jul/2013:08:18:36 -0400] "GET /images/main-btm.png HTTP/1.1" 200 398 "-" "Baiduspider-image+(+http://www.baidu.com/search/spider.htm)"
5.10.83.68 - - [31/Jul/2013:08:21:32 -0400] "GET /media.php HTTP/1.1" 200 6682 "-" "Mozilla/5.0 (compatible; AhrefsBot/5.0; +http://ahrefs.com/robot/)"
218.30.103.39 - - [31/Jul/2013:08:23:35 -0400] "GET /robots.txt HTTP/1.1" 404 575 "-" "Sogou web spider/4.0"
178.154.243.82 - - [31/Jul/2013:08:25:18 -0400] "GET /images/pic2.jpg HTTP/1.1" 304 - "-" "Mozilla/5.0 (compatible; YandexImages/3.0; +http://yandex.com/bots)"
218.30.103.39 - - [31/Jul/2013:08:42:19 -0400] "GET / HTTP/1.1" 200 8953 "-" "Sogou web spider/4.0(+http://www.sogou.com/docs/help/webmasters.htm#07)"
5.10.83.68 - - [31/Jul/2013:08:49:28 -0400] "GET /judge-penny-story.php HTTP/1.1" 200 13963 "-" "Mozilla/5.0 (compatible; AhrefsBot/5.0; +http://ahrefs.com/robot/)"
5.10.83.68 - - [31/Jul/2013:08:55:12 -0400] "GET /index.html HTTP/1.1" 404 575 "-" "Mozilla/5.0 (compatible; AhrefsBot/5.0; +http://ahrefs.com/robot/)"
46.118.152.23 - - [31/Jul/2013:09:36:50 -0400] "GET / HTTP/1.1" 200 8953 "http://renkele.net/" "Mozilla/4.0 (compatible; MSIE 5.0; Windows 2000) Opera 6.0 [en]"
46.118.152.23 - - [31/Jul/2013:09:36:51 -0400] "GET / HTTP/1.1" 200 8953 "http://renkele.net/" "Mozilla/4.0 (compatible; MSIE 5.0; Windows 2000) Opera 6.0 [en]"
46.118.152.23 - - [31/Jul/2013:09:36:52 -0400] "GET / HTTP/1.1" 200 8953 "http://renkele.net/" "Mozilla/4.0 (compatible; MSIE 5.0; Windows 2000) Opera 6.0 [en]"
178.154.243.82 - - [31/Jul/2013:10:04:38 -0400] "GET /images/m-top.png HTTP/1.1" 304 - "-" "Mozilla/5.0 (compatible; YandexImages/3.0; +http://yandex.com/bots)"
208.115.113.86 - - [31/Jul/2013:10:23:02 -0400] "GET /robots.txt HTTP/1.1" 404 575 "-" "Mozilla/5.0 (compatible; Ezooms/1.0; ezooms.bot@gmail.com)"
157.56.93.61 - - [31/Jul/2013:10:24:58 -0400] "GET /robots.txt HTTP/1.1" 404 575 "-" "Mozilla/5.0 (compatible; bingbot/2.0; +http://www.bing.com/bingbot.htm)"
157.56.93.61 - - [31/Jul/2013:10:25:39 -0400] "GET /contact.php HTTP/1.1" 200 6149 "-" "Mozilla/5.0 (compatible; bingbot/2.0; +http://www.bing.com/bingbot.htm)"
5.10.83.25 - - [31/Jul/2013:11:14:55 -0400] "GET / HTTP/1.1" 200 8953 "-" "Mozilla/5.0 (compatible; AhrefsBot/5.0; +http://ahrefs.com/robot/)"
208.115.113.86 - - [31/Jul/2013:11:17:57 -0400] "GET /shopping.php HTTP/1.1" 200 8086 "-" "Mozilla/5.0 (compatible; Ezooms/1.0; ezooms.bot@gmail.com)"
66.249.75.108 - - [31/Jul/2013:12:13:13 -0400] "GET /robots.txt HTTP/1.1" 404 575 "-" "Mozilla/5.0 (compatible; Googlebot/2.1; +http://www.google.com/bot.html)"
66.249.75.108 - - [31/Jul/2013:12:13:13 -0400] "GET /images/bg-header-bottom.jpg HTTP/1.1" 404 575 "-" "Googlebot-Image/1.0"
66.249.75.108 - - [31/Jul/2013:12:28:23 -0400] "GET /penny-for-your-thoughts_itsnotwhatyousaybuthowyousayitl.php HTTP/1.1" 200 8648 "-" "Mozilla/5.0 (compatible; Googlebot/2.1; +http://www.google.com/bot.html)"
66.249.75.108 - - [31/Jul/2013:12:37:28 -0400] "GET /images/JudgePenny-0053_s.png HTTP/1.1" 404 575 "-" "Googlebot-Image/1.0"
157.55.35.112 - - [31/Jul/2013:12:46:20 -0400] "GET /robots.txt HTTP/1.1" 404 575 "-" "Mozilla/5.0 (compatible; bingbot/2.0; +http://www.bing.com/bingbot.htm)"
157.55.35.112 - - [31/Jul/2013:12:47:48 -0400] "GET / HTTP/1.1" 200 8953 "-" "Mozilla/5.0 (compatible; bingbot/2.0; +http://www.bing.com/bingbot.htm)"
178.154.243.82 - - [31/Jul/2013:13:13:54 -0400] "GET /robots.txt HTTP/1.1" 404 575 "-" "Mozilla/5.0 (compatible; YandexImages/3.0; +http://yandex.com/bots)"
71.177.184.59 - - [31/Jul/2013:13:21:49 -0400] "GET /penny-for-your-thoughts_itsnotwhatyousaybuthowyousayitl.php HTTP/1.0" 200 8648 "-" "Mozilla/5.0 (X11; Ubuntu; Linux x86_64; rv:16.0) Gecko/20100101 Firefox/16.0"
178.154.243.82 - - [31/Jul/2013:14:07:33 -0400] "GET /images/media3.png HTTP/1.1" 304 - "-" "Mozilla/5.0 (compatible; YandexImages/3.0; +http://yandex.com/bots)"
157.56.93.61 - - [31/Jul/2013:14:22:23 -0400] "GET /robots.txt HTTP/1.1" 404 575 "-" "Mozilla/5.0 (compatible; bingbot/2.0; +http://www.bing.com/bingbot.htm)"
157.56.93.61 - - [31/Jul/2013:14:23:09 -0400] "GET /events.php HTTP/1.1" 200 8644 "-" "Mozilla/5.0 (compatible; bingbot/2.0; +http://www.bing.com/bingbot.htm)"
123.125.71.78 - - [31/Jul/2013:14:51:59 -0400] "GET / HTTP/1.1" 200 8953 "-" "Mozilla/5.0 (Linux;u;Android 2.3.7;zh-cn;) AppleWebKit/533.1 (KHTML,like Gecko) Version/4.0 Mobile Safari/533.1 (compatible; +http://www.baidu.com/search/spider.html)"
123.125.71.114 - - [31/Jul/2013:14:52:07 -0400] "GET /videos/jwplayer.js HTTP/1.1" 200 133009 "http://www.judgepenny.com/" "Mozilla/5.0 (X11; U; Linux x86_64; en-US; rv:1.9) Gecko Minefield/3.0"
123.125.71.101 - - [31/Jul/2013:14:52:09 -0400] "GET /js/jquery.nivo.slider.pack.js HTTP/1.1" 200 15854 "http://www.judgepenny.com/" "Mozilla/5.0 (X11; U; Linux x86_64; en-US; rv:1.9) Gecko Minefield/3.0"
178.154.243.82 - - [31/Jul/2013:15:13:57 -0400] "GET /images/m-top.png HTTP/1.1" 304 - "-" "Mozilla/5.0 (compatible; YandexImages/3.0; +http://yandex.com/bots)"
65.55.215.59 - - [31/Jul/2013:15:20:18 -0400] "GET /robots.txt HTTP/1.1" 404 575 "-" "msnbot-media/1.1 (+http://search.msn.com/msnbot.htm)"
65.55.215.59 - - [31/Jul/2013:15:20:18 -0400] "GET /images/media3.png HTTP/1.1" 200 106718 "-" "msnbot-media/1.1 (+http://search.msn.com/msnbot.htm)"
199.30.20.43 - - [31/Jul/2013:15:21:30 -0400] "GET /robots.txt HTTP/1.1" 404 575 "-" "msnbot-media/1.1 (+http://search.msn.com/msnbot.htm)"
199.30.20.43 - - [31/Jul/2013:15:21:30 -0400] "GET /photos/DSC00261.jpg HTTP/1.1" 404 575 "-" "msnbot-media/1.1 (+http://search.msn.com/msnbot.htm)"
157.55.32.39 - - [31/Jul/2013:15:39:59 -0400] "GET /robots.txt HTTP/1.1" 404 575 "-" "Mozilla/5.0 (compatible; bingbot/2.0; +http://www.bing.com/bingbot.htm)"
157.55.32.39 - - [31/Jul/2013:15:40:38 -0400] "GET /penny-for-your-thoughts_whattodowhenyouloseyourjob.php HTTP/1.1" 200 9678 "-" "Mozilla/5.0 (compatible; bingbot/2.0; +http://www.bing.com/bingbot.htm)"
157.56.93.61 - - [31/Jul/2013:15:41:38 -0400] "GET /slide-style.css HTTP/1.1" 404 575 "-" "Mozilla/5.0 (compatible; bingbot/2.0; +http://www.bing.com/bingbot.htm)"
157.55.35.112 - - [31/Jul/2013:15:42:08 -0400] "GET /css/nivo-slider.css HTTP/1.1" 200 1430 "-" "Mozilla/5.0 (compatible; bingbot/2.0; +http://www.bing.com/bingbot.htm)"
157.55.35.112 - - [31/Jul/2013:15:42:09 -0400] "GET /css/default.css HTTP/1.1" 200 1295 "-" "Mozilla/5.0 (compatible; bingbot/2.0; +http://www.bing.com/bingbot.htm)"
157.55.35.112 - - [31/Jul/2013:15:42:10 -0400] "GET /css/style.css HTTP/1.1" 200 9522 "-" "Mozilla/5.0 (compatible; bingbot/2.0; +http://www.bing.com/bingbot.htm)"
157.56.92.158 - - [31/Jul/2013:15:42:38 -0400] "GET /videos/jwplayer.js HTTP/1.1" 200 133009 "-" "Mozilla/5.0 (compatible; bingbot/2.0; +http://www.bing.com/bingbot.htm)"
178.154.243.82 - - [31/Jul/2013:15:49:23 -0400] "GET /images/pic2.jpg HTTP/1.1" 304 - "-" "Mozilla/5.0 (compatible; YandexImages/3.0; +http://yandex.com/bots)"
157.56.93.61 - - [31/Jul/2013:16:16:38 -0400] "GET /press-room.php HTTP/1.1" 200 6775 "-" "Mozilla/5.0 (compatible; bingbot/2.0; +http://www.bing.com/bingbot.htm)"
180.76.5.11 - - [31/Jul/2013:16:21:51 -0400] "GET / HTTP/1.1" 200 8953 "-" "Mozilla/5.0 (compatible; Baiduspider/2.0; +http://www.baidu.com/search/spider.html)"
178.154.243.82 - - [31/Jul/2013:16:32:43 -0400] "GET /images/m-icon.png HTTP/1.1" 304 - "-" "Mozilla/5.0 (compatible; YandexImages/3.0; +http://yandex.com/bots)"
31.104.215.158 - - [31/Jul/2013:16:37:34 -0400] "GET /images/judge.png HTTP/1.1" 200 164424 "http://www.google.co.uk/search?site=&source=hp&ei=WHX5UfvnHYa60QW1u4DwDg&q=judge+reynolds&oq=judge+rey&gs_l=mobile-gws-hp.1.0.0l5.3829.13187.0.15015.10.8.0.2.2.0.372.1966.0j2j4j2.8.0....0...1c.1.23.mobile-gws-hp..1.9.1644.6VXGxMIxMTY" "Mozilla/5.0 (iPhone; CPU iPhone OS 6_1_3 like Mac OS X) AppleWebKit/536.26 (KHTML, like Gecko) Version/6.0 Mobile/10B329 Safari/8536.25"
68.10.167.24 - - [31/Jul/2013:17:01:14 -0400] "GET /images/advice.jpg HTTP/1.1" 200 51293 "https://www.google.com/" "Mozilla/5.0 (iPhone; CPU iPhone OS 6_1_3 like Mac OS X) AppleWebKit/536.26 (KHTML, like Gecko) Version/6.0 Mobile/10B329 Safari/8536.25"
205.237.88.151 - - [31/Jul/2013:17:12:20 -0400] "GET / HTTP/1.0" 200 8953 "-" "=Mozilla/5.0 (Windows; U; Windows NT 6.1; en-US) AppleWebKit/534.16 (KHTML, like Gecko) Chrome/10.0.648.204 Safari/534.16"
178.137.93.32 - - [31/Jul/2013:17:18:02 -0400] "GET / HTTP/1.1" 200 8953 "http://imonger.ru/" "Mozilla/4.0 (compatible; MSIE 6.0; Windows NT 5.2; SV1; .NET CLR 1.1.4322; .NET CLR 2.0.50727)"
178.137.93.32 - - [31/Jul/2013:17:18:03 -0400] "GET / HTTP/1.1" 200 8953 "http://imonger.ru/" "Mozilla/4.0 (compatible; MSIE 6.0; Windows NT 5.2; SV1; .NET CLR 1.1.4322; .NET CLR 2.0.50727)"
178.154.243.82 - - [31/Jul/2013:17:25:13 -0400] "GET /images/m-btm.png HTTP/1.1" 304 - "-" "Mozilla/5.0 (compatible; YandexImages/3.0; +http://yandex.com/bots)"
157.55.32.39 - - [31/Jul/2013:18:18:02 -0400] "GET /robots.txt HTTP/1.1" 404 575 "-" "Mozilla/5.0 (compatible; bingbot/2.0; +http://www.bing.com/bingbot.htm)"
157.55.32.39 - - [31/Jul/2013:18:18:38 -0400] "GET /photos.php HTTP/1.1" 200 6337 "-" "Mozilla/5.0 (compatible; bingbot/2.0; +http://www.bing.com/bingbot.htm)"
178.154.243.82 - - [31/Jul/2013:18:22:59 -0400] "GET /images/speaking.jpg HTTP/1.1" 304 - "-" "Mozilla/5.0 (compatible; YandexImages/3.0; +http://yandex.com/bots)"
220.181.108.167 - - [31/Jul/2013:19:12:38 -0400] "GET /images/m-btm.png HTTP/1.1" 200 741 "-" "Baiduspider-image+(+http://www.baidu.com/search/spider.htm)"
157.55.35.112 - - [31/Jul/2013:19:13:23 -0400] "GET /robots.txt HTTP/1.1" 404 575 "-" "Mozilla/5.0 (compatible; bingbot/2.0; +http://www.bing.com/bingbot.htm)"
157.55.35.112 - - [31/Jul/2013:19:14:12 -0400] "GET / HTTP/1.1" 200 8953 "-" "Mozilla/5.0 (compatible; bingbot/2.0; +http://www.bing.com/bingbot.htm)"
157.55.32.39 - - [31/Jul/2013:19:38:31 -0400] "GET /robots.txt HTTP/1.1" 404 575 "-" "Mozilla/5.0 (compatible; bingbot/2.0; +http://www.bing.com/bingbot.htm)"
157.55.32.39 - - [31/Jul/2013:19:39:08 -0400] "GET /photos.php HTTP/1.1" 200 6337 "-" "Mozilla/5.0 (compatible; bingbot/2.0; +http://www.bing.com/bingbot.htm)"
178.154.243.82 - - [31/Jul/2013:19:39:28 -0400] "GET /images/pic7.jpg HTTP/1.1" 304 - "-" "Mozilla/5.0 (compatible; YandexImages/3.0; +http://yandex.com/bots)"
5.10.83.8 - - [31/Jul/2013:19:39:30 -0400] "GET /press-room.php HTTP/1.1" 200 6775 "-" "Mozilla/5.0 (compatible; AhrefsBot/5.0; +http://ahrefs.com/robot/)"
46.229.160.208 - - [31/Jul/2013:19:46:06 -0400] "GET /JudgePennyBrownReynoldsBio.pdf HTTP/1.1" 200 918125 "-" "Mozilla/4.0 (compatible; MSIE 7.0; Windows NT 6.0; GTB5; SLCC1; .NET CLR 2.0.50727; Media Center PC 5.0; .NET CLR 3.0.04506)"
157.55.32.39 - - [31/Jul/2013:20:17:38 -0400] "GET /photos.php HTTP/1.1" 200 6337 "-" "Mozilla/5.0 (compatible; bingbot/2.0; +http://www.bing.com/bingbot.htm)"
71.177.184.59 - - [31/Jul/2013:20:24:38 -0400] "GET /media.php HTTP/1.0" 200 6682 "-" "Mozilla/5.0 (X11; Ubuntu; Linux x86_64; rv:16.0) Gecko/20100101 Firefox/16.0"
208.115.111.70 - - [31/Jul/2013:20:26:55 -0400] "GET /robots.txt HTTP/1.1" 404 575 "-" "Mozilla/5.0 (compatible; Ezooms/1.0; ezooms.bot@gmail.com)"
157.56.92.158 - - [31/Jul/2013:20:32:58 -0400] "GET /robots.txt HTTP/1.1" 404 575 "-" "Mozilla/5.0 (compatible; bingbot/2.0; +http://www.bing.com/bingbot.htm)"
157.56.92.158 - - [31/Jul/2013:20:33:39 -0400] "GET /about_judge_penny.htm HTTP/1.1" 404 575 "-" "Mozilla/5.0 (compatible; bingbot/2.0; +http://www.bing.com/bingbot.htm)"
157.55.32.39 - - [31/Jul/2013:20:37:08 -0400] "GET /photos.php HTTP/1.1" 200 6337 "-" "Mozilla/5.0 (compatible; bingbot/2.0; +http://www.bing.com/bingbot.htm)"
24.74.85.28 - - [31/Jul/2013:20:40:10 -0400] "GET /slideshow/images/judge_penny_the_judge.jpg HTTP/1.1" 200 151096 "http://www.google.com/search?q=judge+penny&hl=en-US&source=android-browser&tbm=isch&tbo=u&source=univ&sa=X&ei=R675Ue7TF4Gi9QSg54GQAQ&ved=0CDAQsAQ&biw=1280&bih=800" "Mozilla/5.0 (Linux; U; Android 3.2; en-us; GT-P7510 Build/HTJ85B) AppleWebKit/534.13 (KHTML, like Gecko) Version/4.0 Safari/534.13"
24.74.85.28 - - [31/Jul/2013:20:40:10 -0400] "GET /slideshow/images/judge_penny_the_judge.jpg HTTP/1.1" 200 151096 "http://www.google.com/search?q=judge+penny&hl=en-US&source=android-browser&tbm=isch&tbo=u&source=univ&sa=X&ei=R675Ue7TF4Gi9QSg54GQAQ&ved=0CDAQsAQ&biw=1280&bih=800" "Mozilla/5.0 (Linux; U; Android 3.2; en-us; GT-P7510 Build/HTJ85B) AppleWebKit/534.13 (KHTML, like Gecko) Version/4.0 Safari/534.13"
24.74.85.28 - - [31/Jul/2013:20:40:20 -0400] "GET /slideshow/images/judge_penny_the_judge.jpg HTTP/1.1" 206 148200 "http://www.google.com/search?q=judge+penny&hl=en-US&source=android-browser&tbm=isch&tbo=u&source=univ&sa=X&ei=R675Ue7TF4Gi9QSg54GQAQ&ved=0CDAQsAQ&biw=1280&bih=800" "Mozilla/5.0 (Linux; U; Android 3.2; en-us; GT-P7510 Build/HTJ85B) AppleWebKit/534.13 (KHTML, like Gecko) Version/4.0 Safari/534.13"
74.171.90.76 - - [31/Jul/2013:20:55:00 -0400] "GET /biography.php HTTP/1.1" 302 393 "http://www.bing.com/search?q=judge+penny+brown+reynolds&form=HPNMHP&pc=HPNTDF&pq=judge+pe&sc=8-8&sp=1&qs=LS&sk=" "Mozilla/4.0 (compatible; MSIE 8.0; Windows NT 6.1; WOW64; Trident/4.0; chromeframe/28.0.1500.95; SLCC2; .NET CLR 2.0.50727; .NET CLR 3.5.30729; .NET CLR 3.0.30729; Media Center PC 6.0; HPNTDF; .NET4.0C; InfoPath.3; BRI/1; BRI/2)"
74.171.90.76 - - [31/Jul/2013:20:56:27 -0400] "GET /images/Book_Cover.jpg HTTP/1.1" 302 381 "http://www.bing.com/images/search?q=judge+penny+brown+reynolds&qpvt=judge+penny+brown+reynolds&FORM=IGRE" "Mozilla/4.0 (compatible; MSIE 8.0; Windows NT 6.1; WOW64; Trident/4.0; chromeframe/28.0.1500.95; SLCC2; .NET CLR 2.0.50727; .NET CLR 3.5.30729; .NET CLR 3.0.30729; Media Center PC 6.0; HPNTDF; .NET4.0C; InfoPath.3; BRI/1; BRI/2)"
74.171.90.76 - - [31/Jul/2013:20:56:29 -0400] "GET /images/media3.png HTTP/1.1" 302 377 "http://www.bing.com/images/search?q=judge+penny+brown+reynolds&qpvt=judge+penny+brown+reynolds&FORM=IGRE" "Mozilla/4.0 (compatible; MSIE 8.0; Windows NT 6.1; WOW64; Trident/4.0; chromeframe/28.0.1500.95; SLCC2; .NET CLR 2.0.50727; .NET CLR 3.5.30729; .NET CLR 3.0.30729; Media Center PC 6.0; HPNTDF; .NET4.0C; InfoPath.3; BRI/1; BRI/2)"
74.171.90.76 - - [31/Jul/2013:20:56:29 -0400] "GET /images/speaking.jpg HTTP/1.1" 302 379 "http://www.bing.com/images/search?q=judge+penny+brown+reynolds&qpvt=judge+penny+brown+reynolds&FORM=IGRE" "Mozilla/4.0 (compatible; MSIE 8.0; Windows NT 6.1; WOW64; Trident/4.0; chromeframe/28.0.1500.95; SLCC2; .NET CLR 2.0.50727; .NET CLR 3.5.30729; .NET CLR 3.0.30729; Media Center PC 6.0; HPNTDF; .NET4.0C; InfoPath.3; BRI/1; BRI/2)"
65.55.219.138 - - [31/Jul/2013:20:56:30 -0400] "GET /shopping.php HTTP/1.1" 200 8086 "-" "Mozilla/5.0 (Windows NT 6.1; WOW64) AppleWebKit/534+ (KHTML, like Gecko) BingPreview/1.0b"
65.55.219.138 - - [31/Jul/2013:20:56:32 -0400] "GET /videos/jwplayer.js HTTP/1.1" 200 133009 "http://www.judgepenny.com/shopping.php" "Mozilla/5.0 (Windows NT 6.1; WOW64) AppleWebKit/534+ (KHTML, like Gecko) BingPreview/1.0b"
65.55.219.138 - - [31/Jul/2013:20:56:32 -0400] "GET /css/nivo-slider.css HTTP/1.1" 200 1430 "http://www.judgepenny.com/shopping.php" "Mozilla/5.0 (Windows NT 6.1; WOW64) AppleWebKit/534+ (KHTML, like Gecko) BingPreview/1.0b"
65.55.219.138 - - [31/Jul/2013:20:56:32 -0400] "GET /css/default.css HTTP/1.1" 200 1295 "http://www.judgepenny.com/shopping.php" "Mozilla/5.0 (Windows NT 6.1; WOW64) AppleWebKit/534+ (KHTML, like Gecko) BingPreview/1.0b"
65.55.219.138 - - [31/Jul/2013:20:56:32 -0400] "GET /css/style.css HTTP/1.1" 200 9522 "http://www.judgepenny.com/shopping.php" "Mozilla/5.0 (Windows NT 6.1; WOW64) AppleWebKit/534+ (KHTML, like Gecko) BingPreview/1.0b"
65.55.219.138 - - [31/Jul/2013:20:56:32 -0400] "GET /slide-style.css HTTP/1.1" 404 575 "http://www.judgepenny.com/shopping.php" "Mozilla/5.0 (Windows NT 6.1; WOW64) AppleWebKit/534+ (KHTML, like Gecko) BingPreview/1.0b"
65.55.219.138 - - [31/Jul/2013:20:56:32 -0400] "GET /images/judge-jenny.png HTTP/1.1" 200 28663 "http://www.judgepenny.com/shopping.php" "Mozilla/5.0 (Windows NT 6.1; WOW64) AppleWebKit/534+ (KHTML, like Gecko) BingPreview/1.0b"
65.55.219.138 - - [31/Jul/2013:20:56:32 -0400] "GET /images/twitter.png HTTP/1.1" 200 2703 "http://www.judgepenny.com/shopping.php" "Mozilla/5.0 (Windows NT 6.1; WOW64) AppleWebKit/534+ (KHTML, like Gecko) BingPreview/1.0b"
65.55.219.138 - - [31/Jul/2013:20:56:32 -0400] "GET /images/facebook.png HTTP/1.1" 200 2371 "http://www.judgepenny.com/shopping.php" "Mozilla/5.0 (Windows NT 6.1; WOW64) AppleWebKit/534+ (KHTML, like Gecko) BingPreview/1.0b"
65.55.219.138 - - [31/Jul/2013:20:56:33 -0400] "GET /images/linked-in.png HTTP/1.1" 200 2575 "http://www.judgepenny.com/shopping.php" "Mozilla/5.0 (Windows NT 6.1; WOW64) AppleWebKit/534+ (KHTML, like Gecko) BingPreview/1.0b"
65.55.219.138 - - [31/Jul/2013:20:56:33 -0400] "GET /images/you-tube.png HTTP/1.1" 200 3090 "http://www.judgepenny.com/shopping.php" "Mozilla/5.0 (Windows NT 6.1; WOW64) AppleWebKit/534+ (KHTML, like Gecko) BingPreview/1.0b"
65.55.219.138 - - [31/Jul/2013:20:56:33 -0400] "GET /images/Book_Cover.jpg HTTP/1.1" 200 51558 "http://www.judgepenny.com/shopping.php" "Mozilla/5.0 (Windows NT 6.1; WOW64) AppleWebKit/534+ (KHTML, like Gecko) BingPreview/1.0b"
65.55.219.138 - - [31/Jul/2013:20:56:33 -0400] "GET /images/main-btm.png HTTP/1.1" 200 398 "http://www.judgepenny.com/shopping.php" "Mozilla/5.0 (Windows NT 6.1; WOW64) AppleWebKit/534+ (KHTML, like Gecko) BingPreview/1.0b"
65.55.219.138 - - [31/Jul/2013:20:56:34 -0400] "GET /images/r-head.png HTTP/1.1" 200 596 "http://www.judgepenny.com/shopping.php" "Mozilla/5.0 (Windows NT 6.1; WOW64) AppleWebKit/534+ (KHTML, like Gecko) BingPreview/1.0b"
65.55.219.138 - - [31/Jul/2013:20:56:34 -0400] "GET /images/seprator.png HTTP/1.1" 200 429 "http://www.judgepenny.com/shopping.php" "Mozilla/5.0 (Windows NT 6.1; WOW64) AppleWebKit/534+ (KHTML, like Gecko) BingPreview/1.0b"
65.55.219.138 - - [31/Jul/2013:20:56:34 -0400] "GET /images/bg.jpg HTTP/1.1" 200 71900 "http://www.judgepenny.com/shopping.php" "Mozilla/5.0 (Windows NT 6.1; WOW64) AppleWebKit/534+ (KHTML, like Gecko) BingPreview/1.0b"
65.55.219.138 - - [31/Jul/2013:20:56:34 -0400] "GET /images/jenny-header.png HTTP/1.1" 200 69160 "http://www.judgepenny.com/shopping.php" "Mozilla/5.0 (Windows NT 6.1; WOW64) AppleWebKit/534+ (KHTML, like Gecko) BingPreview/1.0b"
68.195.13.78 - - [31/Jul/2013:21:03:19 -0400] "GET /images/contact.png HTTP/1.1" 200 137804 "-" "Mozilla/5.0 (Windows NT 6.0; WOW64) AppleWebKit/537.36 (KHTML, like Gecko) Chrome/28.0.1500.72 Safari/537.36"
157.55.32.39 - - [31/Jul/2013:21:06:08 -0400] "GET /photos.php HTTP/1.1" 200 6337 "-" "Mozilla/5.0 (compatible; bingbot/2.0; +http://www.bing.com/bingbot.htm)"
180.76.5.141 - - [31/Jul/2013:21:10:37 -0400] "GET / HTTP/1.1" 200 8953 "-" "Mozilla/5.0 (compatible; Baiduspider/2.0; +http://www.baidu.com/search/spider.html)"
208.115.111.70 - - [31/Jul/2013:21:11:44 -0400] "GET /penny-for-your-thoughts_howtowalkawayfromabadrelationship.php HTTP/1.1" 200 7498 "-" "Mozilla/5.0 (compatible; Ezooms/1.0; ezooms.bot@gmail.com)"
178.154.243.82 - - [31/Jul/2013:21:16:08 -0400] "GET /images/s-menu-b.png HTTP/1.1" 304 - "-" "Mozilla/5.0 (compatible; YandexImages/3.0; +http://yandex.com/bots)"
178.137.93.32 - - [31/Jul/2013:21:19:07 -0400] "GET / HTTP/1.1" 200 8953 "http://www.cvfind.info/" "Mozilla/4.0 (compatible; MSIE 6.0; Windows NT 5.2; SV1; .NET CLR 1.1.4322; .NET CLR 2.0.50727)"
178.137.93.32 - - [31/Jul/2013:21:19:08 -0400] "GET / HTTP/1.1" 200 8953 "http://www.cvfind.info/" "Mozilla/4.0 (compatible; MSIE 6.0; Windows NT 5.2; SV1; .NET CLR 1.1.4322; .NET CLR 2.0.50727)"
178.137.93.32 - - [31/Jul/2013:21:19:08 -0400] "GET / HTTP/1.1" 200 8953 "http://www.cvfind.info/" "Mozilla/4.0 (compatible; MSIE 6.0; Windows NT 5.2; SV1; .NET CLR 1.1.4322; .NET CLR 2.0.50727)"
208.54.36.157 - - [31/Jul/2013:21:52:58 -0400] "GET /images/judge.png HTTP/1.1" 200 164424 "http://www.google.com/search?hl=en&biw=320&bih=484&site=webhp&tbm=isch&sa=1&ei=pr75UYS1L4rs8wT3nYCICw&q=penny+brown&oq=penny+brown&gs_l=mobile-gws-serp.3...140743.147160.0.148091.12.12.0.0.0.0.0.0..0.0....0...1c.1.23.mobile-gws-serp..12.0.0.fFi_C0X3VaI" "Mozilla/5.0 (iPhone; CPU iPhone OS 6_1_4 like Mac OS X) AppleWebKit/536.26 (KHTML, like Gecko) Version/6.0 Mobile/10B350 Safari/8536.25"
208.54.36.157 - - [31/Jul/2013:21:53:18 -0400] "GET /images/contact.png HTTP/1.1" 200 137804 "http://www.google.com/search?hl=en&biw=320&bih=484&site=webhp&tbm=isch&sa=1&ei=pr75UYS1L4rs8wT3nYCICw&q=penny+brown&oq=penny+brown&gs_l=mobile-gws-serp.3...140743.147160.0.148091.12.12.0.0.0.0.0.0..0.0....0...1c.1.23.mobile-gws-serp..12.0.0.fFi_C0X3VaI" "Mozilla/5.0 (iPhone; CPU iPhone OS 6_1_4 like Mac OS X) AppleWebKit/536.26 (KHTML, like Gecko) Version/6.0 Mobile/10B350 Safari/8536.25"
208.54.36.157 - - [31/Jul/2013:21:54:09 -0400] "GET /images/Book_Cover.jpg HTTP/1.1" 200 51558 "http://www.google.com/search?hl=en&biw=320&bih=484&site=webhp&tbm=isch&sa=1&ei=pr75UYS1L4rs8wT3nYCICw&q=penny+brown&oq=penny+brown&gs_l=mobile-gws-serp.3...140743.147160.0.148091.12.12.0.0.0.0.0.0..0.0....0...1c.1.23.mobile-gws-serp..12.0.0.fFi_C0X3VaI" "Mozilla/5.0 (iPhone; CPU iPhone OS 6_1_4 like Mac OS X) AppleWebKit/536.26 (KHTML, like Gecko) Version/6.0 Mobile/10B350 Safari/8536.25"
208.54.36.157 - - [31/Jul/2013:21:54:32 -0400] "GET /images/girls_with_pearls.png HTTP/1.1" 200 244372 "http://www.google.com/search?hl=en&biw=320&bih=484&site=webhp&tbm=isch&sa=1&ei=pr75UYS1L4rs8wT3nYCICw&q=penny+brown&oq=penny+brown&gs_l=mobile-gws-serp.3...140743.147160.0.148091.12.12.0.0.0.0.0.0..0.0....0...1c.1.23.mobile-gws-serp..12.0.0.fFi_C0X3VaI" "Mozilla/5.0 (iPhone; CPU iPhone OS 6_1_4 like Mac OS X) AppleWebKit/536.26 (KHTML, like Gecko) Version/6.0 Mobile/10B350 Safari/8536.25"
178.154.243.82 - - [31/Jul/2013:21:57:45 -0400] "GET /images/linked-in.png HTTP/1.1" 304 - "-" "Mozilla/5.0 (compatible; YandexImages/3.0; +http://yandex.com/bots)"
65.27.176.94 - - [31/Jul/2013:22:11:33 -0400] "GET /images/advice.jpg HTTP/1.1" 200 51293 "-" "Mozilla/5.0 (Windows NT 6.0; rv:22.0) Gecko/20100101 Firefox/22.0"
199.30.16.34 - - [31/Jul/2013:22:28:05 -0400] "GET /robots.txt HTTP/1.1" 404 575 "-" "msnbot-media/1.1 (+http://search.msn.com/msnbot.htm)"
199.30.16.34 - - [31/Jul/2013:22:28:05 -0400] "GET /images/m-btm.png HTTP/1.1" 200 741 "-" "msnbot-media/1.1 (+http://search.msn.com/msnbot.htm)"
157.55.32.39 - - [31/Jul/2013:22:47:05 -0400] "GET /robots.txt HTTP/1.1" 404 575 "-" "Mozilla/5.0 (compatible; bingbot/2.0; +http://www.bing.com/bingbot.htm)"
157.55.32.39 - - [31/Jul/2013:22:47:38 -0400] "GET /penny-for-your-thoughts.php HTTP/1.1" 200 11765 "-" "Mozilla/5.0 (compatible; bingbot/2.0; +http://www.bing.com/bingbot.htm)"
66.249.75.108 - - [31/Jul/2013:23:09:51 -0400] "GET /robots.txt HTTP/1.1" 404 575 "-" "Mozilla/5.0 (compatible; Googlebot/2.1; +http://www.google.com/bot.html)"
66.249.75.108 - - [31/Jul/2013:23:09:51 -0400] "GET /judge-penny-story.php HTTP/1.1" 200 13963 "-" "Mozilla/5.0 (compatible; Googlebot/2.1; +http://www.google.com/bot.html)"
205.237.88.151 - - [31/Jul/2013:23:26:43 -0400] "GET / HTTP/1.0" 200 8953 "-" "=Mozilla/5.0 (Windows; U; Windows NT 6.1; en-US) AppleWebKit/534.16 (KHTML, like Gecko) Chrome/10.0.648.204 Safari/534.16"
157.56.93.61 - - [31/Jul/2013:23:51:14 -0400] "GET /robots.txt HTTP/1.1" 404 575 "-" "Mozilla/5.0 (compatible; bingbot/2.0; +http://www.bing.com/bingbot.htm)"
157.56.93.61 - - [31/Jul/2013:23:52:09 -0400] "GET /slide-style.css HTTP/1.1" 404 575 "-" "Mozilla/5.0 (compatible; bingbot/2.0; +http://www.bing.com/bingbot.htm)"
