91.207.9.226 - - [28/Jul/2013:01:04:47 -0400] "GET / HTTP/1.1" 200 8953 "http://basicuse.net/" "Mozilla/4.0 (compatible; MSIE 5.5; Windows NT 5.0; .NET CLR 1.1.4322)"
91.207.9.226 - - [28/Jul/2013:01:04:48 -0400] "GET / HTTP/1.1" 200 8953 "http://basicuse.net/" "Mozilla/4.0 (compatible; MSIE 5.5; Windows NT 5.0; .NET CLR 1.1.4322)"
91.207.9.226 - - [28/Jul/2013:01:04:50 -0400] "GET / HTTP/1.1" 200 8953 "http://basicuse.net/" "Mozilla/4.0 (compatible; MSIE 5.5; Windows NT 5.0; .NET CLR 1.1.4322)"
157.56.92.158 - - [28/Jul/2013:01:07:52 -0400] "GET /robots.txt HTTP/1.1" 404 575 "-" "Mozilla/5.0 (compatible; bingbot/2.0; +http://www.bing.com/bingbot.htm)"
157.56.92.158 - - [28/Jul/2013:01:09:10 -0400] "GET /judge-penny-story.php HTTP/1.1" 200 13963 "-" "Mozilla/5.0 (compatible; bingbot/2.0; +http://www.bing.com/bingbot.htm)"
173.199.120.19 - - [28/Jul/2013:01:31:09 -0400] "GET /video-clips.php HTTP/1.1" 200 7451 "-" "Mozilla/5.0 (compatible; AhrefsBot/4.0; +http://ahrefs.com/robot/)"
157.55.32.39 - - [28/Jul/2013:02:15:18 -0400] "GET /robots.txt HTTP/1.1" 404 575 "-" "Mozilla/5.0 (compatible; bingbot/2.0; +http://www.bing.com/bingbot.htm)"
218.30.103.39 - - [28/Jul/2013:02:16:10 -0400] "GET / HTTP/1.1" 200 8953 "-" "Sogou web spider/4.0(+http://www.sogou.com/docs/help/webmasters.htm#07)"
157.55.32.39 - - [28/Jul/2013:02:16:08 -0400] "GET /penny-for-your-thoughts.php HTTP/1.1" 200 11765 "-" "Mozilla/5.0 (compatible; bingbot/2.0; +http://www.bing.com/bingbot.htm)"
218.30.103.39 - - [28/Jul/2013:02:16:18 -0400] "GET /robots.txt HTTP/1.1" 404 575 "-" "Sogou web spider/4.0"
61.135.189.130 - - [28/Jul/2013:02:17:14 -0400] "GET /slide-style.css HTTP/1.1" 404 575 "-" "Mozilla/4.0 (compatible; MSIE 7.0; Windows NT 6.0; Trident/4.0)"
61.135.189.130 - - [28/Jul/2013:02:17:14 -0400] "GET /robots.txt HTTP/1.1" 404 575 "-" "Sogou web spider/4.0(+http://www.sogou.com/docs/help/webmasters.htm#07)"
208.115.113.86 - - [28/Jul/2013:02:25:50 -0400] "GET /robots.txt HTTP/1.1" 404 575 "-" "Mozilla/5.0 (compatible; Ezooms/1.0; ezooms.bot@gmail.com)"
173.199.120.19 - - [28/Jul/2013:03:02:33 -0400] "GET /about_judge_penny.htm HTTP/1.1" 404 575 "-" "Mozilla/5.0 (compatible; AhrefsBot/4.0; +http://ahrefs.com/robot/)"
218.30.103.39 - - [28/Jul/2013:03:02:46 -0400] "GET / HTTP/1.1" 200 8953 "-" "Sogou web spider/4.0(+http://www.sogou.com/docs/help/webmasters.htm#07)"
208.115.113.86 - - [28/Jul/2013:03:13:21 -0400] "GET /penny-for-your-thoughts.php HTTP/1.1" 200 11765 "-" "Mozilla/5.0 (compatible; Ezooms/1.0; ezooms.bot@gmail.com)"
5.10.83.36 - - [28/Jul/2013:03:44:06 -0400] "GET /media.php HTTP/1.1" 200 6682 "-" "Mozilla/5.0 (compatible; AhrefsBot/5.0; +http://ahrefs.com/robot/)"
192.31.106.36 - - [28/Jul/2013:03:46:00 -0400] "GET /images/right-div.png HTTP/1.1" 304 - "-" "Mozilla/4.0 (compatible;)"
157.56.92.158 - - [28/Jul/2013:03:48:48 -0400] "GET /robots.txt HTTP/1.1" 404 575 "-" "Mozilla/5.0 (compatible; bingbot/2.0; +http://www.bing.com/bingbot.htm)"
157.56.92.158 - - [28/Jul/2013:03:49:40 -0400] "GET /shopping.php HTTP/1.1" 200 8086 "-" "Mozilla/5.0 (compatible; bingbot/2.0; +http://www.bing.com/bingbot.htm)"
5.10.83.36 - - [28/Jul/2013:03:55:53 -0400] "GET /penny-for-your-thoughts_howtowalkawayfromabadrelationship.php HTTP/1.1" 200 7498 "-" "Mozilla/5.0 (compatible; AhrefsBot/5.0; +http://ahrefs.com/robot/)"
5.10.83.36 - - [28/Jul/2013:04:02:17 -0400] "GET /index.php HTTP/1.1" 200 8953 "-" "Mozilla/5.0 (compatible; AhrefsBot/5.0; +http://ahrefs.com/robot/)"
5.10.83.36 - - [28/Jul/2013:04:12:31 -0400] "GET /penny-for-your-thoughts_whattodowhenyouloseyourjob.php HTTP/1.1" 200 9678 "-" "Mozilla/5.0 (compatible; AhrefsBot/5.0; +http://ahrefs.com/robot/)"
157.55.35.84 - - [28/Jul/2013:04:24:59 -0400] "GET /robots.txt HTTP/1.1" 404 575 "-" "Mozilla/5.0 (compatible; bingbot/2.0; +http://www.bing.com/bingbot.htm)"
157.55.35.84 - - [28/Jul/2013:04:25:40 -0400] "GET /contact.php HTTP/1.1" 200 6149 "-" "Mozilla/5.0 (compatible; bingbot/2.0; +http://www.bing.com/bingbot.htm)"
157.55.35.112 - - [28/Jul/2013:05:27:56 -0400] "GET /robots.txt HTTP/1.1" 404 575 "-" "Mozilla/5.0 (compatible; bingbot/2.0; +http://www.bing.com/bingbot.htm)"
157.55.35.112 - - [28/Jul/2013:05:28:39 -0400] "GET / HTTP/1.1" 200 8953 "-" "Mozilla/5.0 (compatible; bingbot/2.0; +http://www.bing.com/bingbot.htm)"
5.10.83.36 - - [28/Jul/2013:05:36:32 -0400] "GET /judge-penny-story.php HTTP/1.1" 200 13963 "-" "Mozilla/5.0 (compatible; AhrefsBot/5.0; +http://ahrefs.com/robot/)"
5.10.83.36 - - [28/Jul/2013:05:52:00 -0400] "GET /biography.php HTTP/1.1" 200 9590 "-" "Mozilla/5.0 (compatible; AhrefsBot/5.0; +http://ahrefs.com/robot/)"
184.22.211.146 - - [28/Jul/2013:05:54:52 -0400] "GET /links.htm HTTP/1.1" 404 575 "-" "Mozilla/5.0 (X11; Linux i686; rv:6.0) Gecko/20100101 Firefox/6.0"
5.10.83.36 - - [28/Jul/2013:06:16:49 -0400] "GET /judge-penny-foundation.php HTTP/1.1" 200 7746 "-" "Mozilla/5.0 (compatible; AhrefsBot/5.0; +http://ahrefs.com/robot/)"
66.249.75.108 - - [28/Jul/2013:06:18:36 -0400] "GET /robots.txt HTTP/1.1" 404 575 "-" "Mozilla/5.0 (compatible; Googlebot/2.1; +http://www.google.com/bot.html)"
66.249.75.108 - - [28/Jul/2013:06:18:36 -0400] "GET / HTTP/1.1" 200 8953 "-" "Mozilla/5.0 (compatible; Googlebot/2.1; +http://www.google.com/bot.html)"
66.249.75.108 - - [28/Jul/2013:06:23:17 -0400] "GET /css/nivo-slider.css HTTP/1.1" 200 1430 "-" "Mozilla/5.0 (compatible; Googlebot/2.1; +http://www.google.com/bot.html)"
66.249.75.108 - - [28/Jul/2013:06:23:20 -0400] "GET /css/style.css HTTP/1.1" 200 9522 "-" "Mozilla/5.0 (compatible; Googlebot/2.1; +http://www.google.com/bot.html)"
132.170.90.164 - - [28/Jul/2013:06:40:09 -0400] "GET /images/judge.png HTTP/1.1" 200 164424 "-" "Mozilla/5.0 (Windows NT 6.1; WOW64) AppleWebKit/537.36 (KHTML, like Gecko) Chrome/28.0.1500.72 Safari/537.36"
66.249.75.108 - - [28/Jul/2013:06:52:15 -0400] "GET /biography.php HTTP/1.1" 200 9590 "-" "Mozilla/5.0 (compatible; Googlebot/2.1; +http://www.google.com/bot.html)"
173.199.120.19 - - [28/Jul/2013:07:04:41 -0400] "GET /photos.php HTTP/1.1" 200 6337 "-" "Mozilla/5.0 (compatible; AhrefsBot/4.0; +http://ahrefs.com/robot/)"
66.249.75.108 - - [28/Jul/2013:07:05:19 -0400] "GET /index.html HTTP/1.1" 404 575 "-" "Mozilla/5.0 (compatible; Googlebot/2.1; +http://www.google.com/bot.html)"
157.55.32.39 - - [28/Jul/2013:07:43:50 -0400] "GET /robots.txt HTTP/1.1" 404 575 "-" "Mozilla/5.0 (compatible; bingbot/2.0; +http://www.bing.com/bingbot.htm)"
157.55.32.39 - - [28/Jul/2013:07:44:39 -0400] "GET /index.php HTTP/1.1" 200 8953 "-" "Mozilla/5.0 (compatible; bingbot/2.0; +http://www.bing.com/bingbot.htm)"
192.31.106.36 - - [28/Jul/2013:07:48:08 -0400] "GET /images/judge.png HTTP/1.1" 304 - "-" "Mozilla/4.0 (compatible;)"
5.10.83.55 - - [28/Jul/2013:07:55:03 -0400] "GET /media.php HTTP/1.1" 200 6682 "-" "Mozilla/5.0 (compatible; AhrefsBot/5.0; +http://ahrefs.com/robot/)"
157.55.35.112 - - [28/Jul/2013:07:57:49 -0400] "GET /robots.txt HTTP/1.1" 404 575 "-" "Mozilla/5.0 (compatible; bingbot/2.0; +http://www.bing.com/bingbot.htm)"
157.55.35.112 - - [28/Jul/2013:07:58:44 -0400] "GET / HTTP/1.1" 200 8953 "-" "Mozilla/5.0 (compatible; bingbot/2.0; +http://www.bing.com/bingbot.htm)"
5.10.83.55 - - [28/Jul/2013:08:25:39 -0400] "GET /video-clips.php HTTP/1.1" 200 7451 "-" "Mozilla/5.0 (compatible; AhrefsBot/5.0; +http://ahrefs.com/robot/)"
157.55.35.112 - - [28/Jul/2013:08:25:43 -0400] "GET /speaking-requests.php HTTP/1.1" 200 14865 "-" "Mozilla/5.0 (compatible; bingbot/2.0; +http://www.bing.com/bingbot.htm)"
5.10.83.55 - - [28/Jul/2013:08:33:56 -0400] "GET /penny-for-your-thoughts_itsnotwhatyousaybuthowyousayitl.php HTTP/1.1" 200 8648 "-" "Mozilla/5.0 (compatible; AhrefsBot/5.0; +http://ahrefs.com/robot/)"
5.10.83.55 - - [28/Jul/2013:08:47:13 -0400] "GET /shopping.php HTTP/1.1" 200 8086 "-" "Mozilla/5.0 (compatible; AhrefsBot/5.0; +http://ahrefs.com/robot/)"
5.10.83.55 - - [28/Jul/2013:08:58:59 -0400] "GET /photos.php HTTP/1.1" 200 6337 "-" "Mozilla/5.0 (compatible; AhrefsBot/5.0; +http://ahrefs.com/robot/)"
5.10.83.55 - - [28/Jul/2013:09:24:11 -0400] "GET /about_judge_penny.htm HTTP/1.1" 404 575 "-" "Mozilla/5.0 (compatible; AhrefsBot/5.0; +http://ahrefs.com/robot/)"
66.249.75.108 - - [28/Jul/2013:09:33:24 -0400] "GET /photos/thumb_DSC00835.jpg HTTP/1.1" 404 575 "-" "Googlebot-Image/1.0"
193.106.136.33 - - [28/Jul/2013:09:44:06 -0400] "GET / HTTP/1.1" 200 8953 "http://doctornevrolog.ru/" "Mozilla/4.76 [en] (Windows NT 5.0; U)"
193.106.136.33 - - [28/Jul/2013:09:44:07 -0400] "GET / HTTP/1.1" 200 8953 "http://doctornevrolog.ru/" "Mozilla/4.76 [en] (Windows NT 5.0; U)"
193.106.136.33 - - [28/Jul/2013:09:44:07 -0400] "GET / HTTP/1.1" 200 8953 "http://doctornevrolog.ru/" "Mozilla/4.76 [en] (Windows NT 5.0; U)"
5.10.83.55 - - [28/Jul/2013:09:48:59 -0400] "GET /contact.php HTTP/1.1" 200 6149 "-" "Mozilla/5.0 (compatible; AhrefsBot/5.0; +http://ahrefs.com/robot/)"
192.31.106.36 - - [28/Jul/2013:10:06:51 -0400] "GET /images/linked-in.png HTTP/1.1" 304 - "-" "Mozilla/4.0 (compatible;)"
5.10.83.55 - - [28/Jul/2013:10:20:23 -0400] "GET /index.php HTTP/1.1" 200 8953 "-" "Mozilla/5.0 (compatible; AhrefsBot/5.0; +http://ahrefs.com/robot/)"
5.10.83.55 - - [28/Jul/2013:10:28:13 -0400] "GET /events.php HTTP/1.1" 200 8644 "-" "Mozilla/5.0 (compatible; AhrefsBot/5.0; +http://ahrefs.com/robot/)"
208.54.44.226 - - [28/Jul/2013:10:50:47 -0400] "GET / HTTP/1.1" 200 8953 "http://www.google.com/url?sa=t&rct=j&q=judge%20penny%20brown%20reynolds&source=web&cd=6&ved=0CD4QFjAF&url=http%3A%2F%2Fwww.judgepenny.com%2F&ei=li_1UefOG5Ho8QSE2ICACA&usg=AFQjCNHtHkI_C9gsk1xU2I1lfXHdPYI7Ow&sig2=mtG2GENsWkFJcdMaeIPSpw&bvm=bv.49784469,d.eWU" "Mozilla/5.0 (X11; Linux x86_64) AppleWebKit/534.24 (KHTML, like Gecko) Chrome/11.0.696.34 Safari/534.24"
208.54.44.226 - - [28/Jul/2013:10:50:48 -0400] "GET /videos/jwplayer.js HTTP/1.1" 200 133009 "http://www.judgepenny.com/" "Mozilla/5.0 (X11; Linux x86_64) AppleWebKit/534.24 (KHTML, like Gecko) Chrome/11.0.696.34 Safari/534.24"
208.54.44.226 - - [28/Jul/2013:10:50:49 -0400] "GET /css/style.css HTTP/1.1" 200 9522 "http://www.judgepenny.com/" "Mozilla/5.0 (X11; Linux x86_64) AppleWebKit/534.24 (KHTML, like Gecko) Chrome/11.0.696.34 Safari/534.24"
208.54.44.226 - - [28/Jul/2013:10:50:49 -0400] "GET /css/default.css HTTP/1.1" 200 1295 "http://www.judgepenny.com/" "Mozilla/5.0 (X11; Linux x86_64) AppleWebKit/534.24 (KHTML, like Gecko) Chrome/11.0.696.34 Safari/534.24"
208.54.44.226 - - [28/Jul/2013:10:50:49 -0400] "GET /css/nivo-slider.css HTTP/1.1" 200 1430 "http://www.judgepenny.com/" "Mozilla/5.0 (X11; Linux x86_64) AppleWebKit/534.24 (KHTML, like Gecko) Chrome/11.0.696.34 Safari/534.24"
208.54.44.226 - - [28/Jul/2013:10:50:49 -0400] "GET /slide-style.css HTTP/1.1" 404 575 "http://www.judgepenny.com/" "Mozilla/5.0 (X11; Linux x86_64) AppleWebKit/534.24 (KHTML, like Gecko) Chrome/11.0.696.34 Safari/534.24"
208.54.44.226 - - [28/Jul/2013:10:50:49 -0400] "GET /js/jquery.nivo.slider.pack.js HTTP/1.1" 200 15854 "http://www.judgepenny.com/" "Mozilla/5.0 (X11; Linux x86_64) AppleWebKit/534.24 (KHTML, like Gecko) Chrome/11.0.696.34 Safari/534.24"
208.54.44.226 - - [28/Jul/2013:10:50:50 -0400] "GET /images/bg.jpg HTTP/1.1" 200 71900 "http://www.judgepenny.com/" "Mozilla/5.0 (X11; Linux x86_64) AppleWebKit/534.24 (KHTML, like Gecko) Chrome/11.0.696.34 Safari/534.24"
208.54.44.226 - - [28/Jul/2013:10:50:50 -0400] "GET /images/jenny-header.png HTTP/1.1" 200 69160 "http://www.judgepenny.com/" "Mozilla/5.0 (X11; Linux x86_64) AppleWebKit/534.24 (KHTML, like Gecko) Chrome/11.0.696.34 Safari/534.24"
208.54.44.226 - - [28/Jul/2013:10:50:51 -0400] "GET /images/judge-jenny.png HTTP/1.1" 200 28663 "http://www.judgepenny.com/" "Mozilla/5.0 (X11; Linux x86_64) AppleWebKit/534.24 (KHTML, like Gecko) Chrome/11.0.696.34 Safari/534.24"
208.54.44.226 - - [28/Jul/2013:10:50:51 -0400] "GET /images/facebook.png HTTP/1.1" 200 2371 "http://www.judgepenny.com/" "Mozilla/5.0 (X11; Linux x86_64) AppleWebKit/534.24 (KHTML, like Gecko) Chrome/11.0.696.34 Safari/534.24"
208.54.44.226 - - [28/Jul/2013:10:50:51 -0400] "GET /images/twitter.png HTTP/1.1" 200 2703 "http://www.judgepenny.com/" "Mozilla/5.0 (X11; Linux x86_64) AppleWebKit/534.24 (KHTML, like Gecko) Chrome/11.0.696.34 Safari/534.24"
208.54.44.226 - - [28/Jul/2013:10:50:51 -0400] "GET /images/linked-in.png HTTP/1.1" 200 2575 "http://www.judgepenny.com/" "Mozilla/5.0 (X11; Linux x86_64) AppleWebKit/534.24 (KHTML, like Gecko) Chrome/11.0.696.34 Safari/534.24"
208.54.44.226 - - [28/Jul/2013:10:50:51 -0400] "GET /images/you-tube.png HTTP/1.1" 200 3090 "http://www.judgepenny.com/" "Mozilla/5.0 (X11; Linux x86_64) AppleWebKit/534.24 (KHTML, like Gecko) Chrome/11.0.696.34 Safari/534.24"
208.54.44.226 - - [28/Jul/2013:10:50:51 -0400] "GET /images/seprator.png HTTP/1.1" 200 429 "http://www.judgepenny.com/" "Mozilla/5.0 (X11; Linux x86_64) AppleWebKit/534.24 (KHTML, like Gecko) Chrome/11.0.696.34 Safari/534.24"
208.54.44.226 - - [28/Jul/2013:10:50:51 -0400] "GET /css/loading.gif HTTP/1.1" 200 1737 "http://www.judgepenny.com/" "Mozilla/5.0 (X11; Linux x86_64) AppleWebKit/534.24 (KHTML, like Gecko) Chrome/11.0.696.34 Safari/534.24"
208.54.44.226 - - [28/Jul/2013:10:50:51 -0400] "GET /slideshow/images/book.jpg HTTP/1.1" 200 132593 "http://www.judgepenny.com/" "Mozilla/5.0 (X11; Linux x86_64) AppleWebKit/534.24 (KHTML, like Gecko) Chrome/11.0.696.34 Safari/534.24"
208.54.44.226 - - [28/Jul/2013:10:50:51 -0400] "GET /slideshow/images/judge_penny_foundation.jpg HTTP/1.1" 200 175194 "http://www.judgepenny.com/" "Mozilla/5.0 (X11; Linux x86_64) AppleWebKit/534.24 (KHTML, like Gecko) Chrome/11.0.696.34 Safari/534.24"
208.54.44.226 - - [28/Jul/2013:10:50:51 -0400] "GET /slideshow/images/judge_penny_opportunity.jpg HTTP/1.1" 200 99540 "http://www.judgepenny.com/" "Mozilla/5.0 (X11; Linux x86_64) AppleWebKit/534.24 (KHTML, like Gecko) Chrome/11.0.696.34 Safari/534.24"
208.54.44.226 - - [28/Jul/2013:10:50:51 -0400] "GET /slideshow/images/judge_penny_self_worth.jpg HTTP/1.1" 200 129594 "http://www.judgepenny.com/" "Mozilla/5.0 (X11; Linux x86_64) AppleWebKit/534.24 (KHTML, like Gecko) Chrome/11.0.696.34 Safari/534.24"
208.54.44.226 - - [28/Jul/2013:10:50:51 -0400] "GET /slideshow/images/judge_penny_the_judge.jpg HTTP/1.1" 200 151096 "http://www.judgepenny.com/" "Mozilla/5.0 (X11; Linux x86_64) AppleWebKit/534.24 (KHTML, like Gecko) Chrome/11.0.696.34 Safari/534.24"
208.54.44.226 - - [28/Jul/2013:10:50:51 -0400] "GET /images/m-top.png HTTP/1.1" 200 574 "http://www.judgepenny.com/" "Mozilla/5.0 (X11; Linux x86_64) AppleWebKit/534.24 (KHTML, like Gecko) Chrome/11.0.696.34 Safari/534.24"
208.54.44.226 - - [28/Jul/2013:10:50:51 -0400] "GET /images/m-btm.png HTTP/1.1" 200 741 "http://www.judgepenny.com/" "Mozilla/5.0 (X11; Linux x86_64) AppleWebKit/534.24 (KHTML, like Gecko) Chrome/11.0.696.34 Safari/534.24"
208.54.44.226 - - [28/Jul/2013:10:50:51 -0400] "GET /slideshow/images/judge_penny_speaking_request.png HTTP/1.1" 200 291884 "http://www.judgepenny.com/" "Mozilla/5.0 (X11; Linux x86_64) AppleWebKit/534.24 (KHTML, like Gecko) Chrome/11.0.696.34 Safari/534.24"
208.54.44.226 - - [28/Jul/2013:10:50:52 -0400] "GET /images/h-right.png HTTP/1.1" 200 279 "http://www.judgepenny.com/" "Mozilla/5.0 (X11; Linux x86_64) AppleWebKit/534.24 (KHTML, like Gecko) Chrome/11.0.696.34 Safari/534.24"
208.54.44.226 - - [28/Jul/2013:10:50:52 -0400] "GET /images/h-left.png HTTP/1.1" 200 137 "http://www.judgepenny.com/" "Mozilla/5.0 (X11; Linux x86_64) AppleWebKit/534.24 (KHTML, like Gecko) Chrome/11.0.696.34 Safari/534.24"
208.54.44.226 - - [28/Jul/2013:10:50:52 -0400] "GET /images/m-center.png HTTP/1.1" 200 191 "http://www.judgepenny.com/" "Mozilla/5.0 (X11; Linux x86_64) AppleWebKit/534.24 (KHTML, like Gecko) Chrome/11.0.696.34 Safari/534.24"
208.54.44.226 - - [28/Jul/2013:10:50:52 -0400] "GET /images/mail-div.png HTTP/1.1" 200 1078 "http://www.judgepenny.com/" "Mozilla/5.0 (X11; Linux x86_64) AppleWebKit/534.24 (KHTML, like Gecko) Chrome/11.0.696.34 Safari/534.24"
208.54.44.226 - - [28/Jul/2013:10:50:52 -0400] "GET /images/s-top.png HTTP/1.1" 200 440 "http://www.judgepenny.com/" "Mozilla/5.0 (X11; Linux x86_64) AppleWebKit/534.24 (KHTML, like Gecko) Chrome/11.0.696.34 Safari/534.24"
208.54.44.226 - - [28/Jul/2013:10:50:52 -0400] "GET /images/side-bg.png HTTP/1.1" 200 168 "http://www.judgepenny.com/" "Mozilla/5.0 (X11; Linux x86_64) AppleWebKit/534.24 (KHTML, like Gecko) Chrome/11.0.696.34 Safari/534.24"
208.54.44.226 - - [28/Jul/2013:10:50:52 -0400] "GET /images/s-btm.png HTTP/1.1" 200 605 "http://www.judgepenny.com/" "Mozilla/5.0 (X11; Linux x86_64) AppleWebKit/534.24 (KHTML, like Gecko) Chrome/11.0.696.34 Safari/534.24"
208.54.44.226 - - [28/Jul/2013:10:50:53 -0400] "GET /images/ftr-bg.png HTTP/1.1" 200 198 "http://www.judgepenny.com/" "Mozilla/5.0 (X11; Linux x86_64) AppleWebKit/534.24 (KHTML, like Gecko) Chrome/11.0.696.34 Safari/534.24"
208.54.44.226 - - [28/Jul/2013:10:50:53 -0400] "GET /css/arrows.png HTTP/1.1" 200 824 "http://www.judgepenny.com/" "Mozilla/5.0 (X11; Linux x86_64) AppleWebKit/534.24 (KHTML, like Gecko) Chrome/11.0.696.34 Safari/534.24"
208.54.44.226 - - [28/Jul/2013:10:50:53 -0400] "GET /css/bullets.png HTTP/1.1" 200 1281 "http://www.judgepenny.com/" "Mozilla/5.0 (X11; Linux x86_64) AppleWebKit/534.24 (KHTML, like Gecko) Chrome/11.0.696.34 Safari/534.24"
208.54.44.226 - - [28/Jul/2013:10:50:56 -0400] "GET /favicon.ico HTTP/1.1" 404 575 "http://www.judgepenny.com/" "Mozilla/5.0 (X11; Linux x86_64) AppleWebKit/534.24 (KHTML, like Gecko) Chrome/11.0.696.34 Safari/534.24"
208.54.44.226 - - [28/Jul/2013:10:51:16 -0400] "GET /speaking-requests.php HTTP/1.1" 200 14865 "http://www.judgepenny.com/" "Mozilla/5.0 (X11; Linux x86_64) AppleWebKit/534.24 (KHTML, like Gecko) Chrome/11.0.696.34 Safari/534.24"
208.54.44.226 - - [28/Jul/2013:10:51:17 -0400] "GET /slide-style.css HTTP/1.1" 404 575 "http://www.judgepenny.com/speaking-requests.php" "Mozilla/5.0 (X11; Linux x86_64) AppleWebKit/534.24 (KHTML, like Gecko) Chrome/11.0.696.34 Safari/534.24"
208.54.44.226 - - [28/Jul/2013:10:51:17 -0400] "GET /images/speaking.jpg HTTP/1.1" 200 73031 "http://www.judgepenny.com/speaking-requests.php" "Mozilla/5.0 (X11; Linux x86_64) AppleWebKit/534.24 (KHTML, like Gecko) Chrome/11.0.696.34 Safari/534.24"
208.54.44.226 - - [28/Jul/2013:10:51:18 -0400] "GET /images/r-head.png HTTP/1.1" 200 596 "http://www.judgepenny.com/speaking-requests.php" "Mozilla/5.0 (X11; Linux x86_64) AppleWebKit/534.24 (KHTML, like Gecko) Chrome/11.0.696.34 Safari/534.24"
208.54.44.226 - - [28/Jul/2013:10:51:18 -0400] "GET /images/entry-bg3.png HTTP/1.1" 200 19110 "http://www.judgepenny.com/speaking-requests.php" "Mozilla/5.0 (X11; Linux x86_64) AppleWebKit/534.24 (KHTML, like Gecko) Chrome/11.0.696.34 Safari/534.24"
208.54.44.226 - - [28/Jul/2013:10:51:18 -0400] "GET /images/main-btm.png HTTP/1.1" 200 398 "http://www.judgepenny.com/speaking-requests.php" "Mozilla/5.0 (X11; Linux x86_64) AppleWebKit/534.24 (KHTML, like Gecko) Chrome/11.0.696.34 Safari/534.24"
208.54.44.226 - - [28/Jul/2013:10:51:26 -0400] "GET /images/btn.png HTTP/1.1" 200 512 "http://www.judgepenny.com/speaking-requests.php" "Mozilla/5.0 (X11; Linux x86_64) AppleWebKit/534.24 (KHTML, like Gecko) Chrome/11.0.696.34 Safari/534.24"
208.54.44.226 - - [28/Jul/2013:10:51:52 -0400] "GET /images/events.png HTTP/1.1" 200 3829 "http://www.judgepenny.com/speaking-requests.php" "Mozilla/5.0 (X11; Linux x86_64) AppleWebKit/534.24 (KHTML, like Gecko) Chrome/11.0.696.34 Safari/534.24"
208.54.44.226 - - [28/Jul/2013:10:51:57 -0400] "GET /images/sub-menu.png HTTP/1.1" 200 6956 "http://www.judgepenny.com/speaking-requests.php" "Mozilla/5.0 (X11; Linux x86_64) AppleWebKit/534.24 (KHTML, like Gecko) Chrome/11.0.696.34 Safari/534.24"
208.54.44.226 - - [28/Jul/2013:10:52:06 -0400] "GET /judge-penny-foundation.php HTTP/1.1" 200 7746 "http://www.judgepenny.com/" "Mozilla/5.0 (X11; Linux x86_64) AppleWebKit/534.24 (KHTML, like Gecko) Chrome/11.0.696.34 Safari/534.24"
208.54.44.226 - - [28/Jul/2013:10:52:07 -0400] "GET /slide-style.css HTTP/1.1" 404 575 "http://www.judgepenny.com/judge-penny-foundation.php" "Mozilla/5.0 (X11; Linux x86_64) AppleWebKit/534.24 (KHTML, like Gecko) Chrome/11.0.696.34 Safari/534.24"
208.54.44.226 - - [28/Jul/2013:10:52:07 -0400] "GET /images/s-menu-b.png HTTP/1.1" 200 334 "http://www.judgepenny.com/judge-penny-foundation.php" "Mozilla/5.0 (X11; Linux x86_64) AppleWebKit/534.24 (KHTML, like Gecko) Chrome/11.0.696.34 Safari/534.24"
208.54.44.226 - - [28/Jul/2013:10:52:07 -0400] "GET /images/girls_with_pearls.png HTTP/1.1" 200 244372 "http://www.judgepenny.com/judge-penny-foundation.php" "Mozilla/5.0 (X11; Linux x86_64) AppleWebKit/534.24 (KHTML, like Gecko) Chrome/11.0.696.34 Safari/534.24"
208.54.44.226 - - [28/Jul/2013:10:54:44 -0400] "GET /photos.php HTTP/1.1" 200 6337 "http://www.judgepenny.com/" "Mozilla/5.0 (X11; Linux x86_64) AppleWebKit/534.24 (KHTML, like Gecko) Chrome/11.0.696.34 Safari/534.24"
208.54.44.226 - - [28/Jul/2013:10:54:45 -0400] "GET /slide-style.css HTTP/1.1" 404 575 "http://www.judgepenny.com/photos.php" "Mozilla/5.0 (X11; Linux x86_64) AppleWebKit/534.24 (KHTML, like Gecko) Chrome/11.0.696.34 Safari/534.24"
208.54.44.226 - - [28/Jul/2013:10:54:45 -0400] "GET /images/pic1.jpg HTTP/1.1" 200 91045 "http://www.judgepenny.com/photos.php" "Mozilla/5.0 (X11; Linux x86_64) AppleWebKit/534.24 (KHTML, like Gecko) Chrome/11.0.696.34 Safari/534.24"
208.54.44.226 - - [28/Jul/2013:10:54:45 -0400] "GET /images/pic3.jpg HTTP/1.1" 200 49773 "http://www.judgepenny.com/photos.php" "Mozilla/5.0 (X11; Linux x86_64) AppleWebKit/534.24 (KHTML, like Gecko) Chrome/11.0.696.34 Safari/534.24"
208.54.44.226 - - [28/Jul/2013:10:54:45 -0400] "GET /images/pic2.jpg HTTP/1.1" 200 85634 "http://www.judgepenny.com/photos.php" "Mozilla/5.0 (X11; Linux x86_64) AppleWebKit/534.24 (KHTML, like Gecko) Chrome/11.0.696.34 Safari/534.24"
208.54.44.226 - - [28/Jul/2013:10:54:45 -0400] "GET /images/pic4.jpg HTTP/1.1" 200 62897 "http://www.judgepenny.com/photos.php" "Mozilla/5.0 (X11; Linux x86_64) AppleWebKit/534.24 (KHTML, like Gecko) Chrome/11.0.696.34 Safari/534.24"
208.54.44.226 - - [28/Jul/2013:10:54:45 -0400] "GET /images/pic5.jpg HTTP/1.1" 200 74200 "http://www.judgepenny.com/photos.php" "Mozilla/5.0 (X11; Linux x86_64) AppleWebKit/534.24 (KHTML, like Gecko) Chrome/11.0.696.34 Safari/534.24"
208.54.44.226 - - [28/Jul/2013:10:54:45 -0400] "GET /images/pic6.jpg HTTP/1.1" 200 57281 "http://www.judgepenny.com/photos.php" "Mozilla/5.0 (X11; Linux x86_64) AppleWebKit/534.24 (KHTML, like Gecko) Chrome/11.0.696.34 Safari/534.24"
208.54.44.226 - - [28/Jul/2013:10:54:45 -0400] "GET /images/pic7.jpg HTTP/1.1" 200 88548 "http://www.judgepenny.com/photos.php" "Mozilla/5.0 (X11; Linux x86_64) AppleWebKit/534.24 (KHTML, like Gecko) Chrome/11.0.696.34 Safari/534.24"
208.54.44.226 - - [28/Jul/2013:10:54:45 -0400] "GET /images/pic8.jpg HTTP/1.1" 200 115644 "http://www.judgepenny.com/photos.php" "Mozilla/5.0 (X11; Linux x86_64) AppleWebKit/534.24 (KHTML, like Gecko) Chrome/11.0.696.34 Safari/534.24"
157.55.35.112 - - [28/Jul/2013:10:55:14 -0400] "GET /robots.txt HTTP/1.1" 404 575 "-" "Mozilla/5.0 (compatible; bingbot/2.0; +http://www.bing.com/bingbot.htm)"
157.55.35.112 - - [28/Jul/2013:10:56:12 -0400] "GET / HTTP/1.1" 200 8953 "-" "Mozilla/5.0 (compatible; bingbot/2.0; +http://www.bing.com/bingbot.htm)"
208.54.44.226 - - [28/Jul/2013:10:56:28 -0400] "GET /penny-for-your-thoughts.php HTTP/1.1" 200 11765 "http://www.judgepenny.com/photos.php" "Mozilla/5.0 (X11; Linux x86_64) AppleWebKit/534.24 (KHTML, like Gecko) Chrome/11.0.696.34 Safari/534.24"
208.54.44.226 - - [28/Jul/2013:10:56:28 -0400] "GET /slide-style.css HTTP/1.1" 404 575 "http://www.judgepenny.com/penny-for-your-thoughts.php" "Mozilla/5.0 (X11; Linux x86_64) AppleWebKit/534.24 (KHTML, like Gecko) Chrome/11.0.696.34 Safari/534.24"
208.54.44.226 - - [28/Jul/2013:10:56:28 -0400] "GET /images/advice.jpg HTTP/1.1" 200 51293 "http://www.judgepenny.com/penny-for-your-thoughts.php" "Mozilla/5.0 (X11; Linux x86_64) AppleWebKit/534.24 (KHTML, like Gecko) Chrome/11.0.696.34 Safari/534.24"
208.54.44.226 - - [28/Jul/2013:10:59:33 -0400] "GET /penny-for-your-thoughts_howtowalkawayfromabadrelationship.php HTTP/1.1" 200 7498 "http://www.judgepenny.com/penny-for-your-thoughts.php" "Mozilla/5.0 (X11; Linux x86_64) AppleWebKit/534.24 (KHTML, like Gecko) Chrome/11.0.696.34 Safari/534.24"
208.54.44.226 - - [28/Jul/2013:10:59:33 -0400] "GET /slide-style.css HTTP/1.1" 404 575 "http://www.judgepenny.com/penny-for-your-thoughts_howtowalkawayfromabadrelationship.php" "Mozilla/5.0 (X11; Linux x86_64) AppleWebKit/534.24 (KHTML, like Gecko) Chrome/11.0.696.34 Safari/534.24"
208.54.44.226 - - [28/Jul/2013:11:00:44 -0400] "GET /media.php HTTP/1.1" 200 6682 "http://www.judgepenny.com/penny-for-your-thoughts.php" "Mozilla/5.0 (X11; Linux x86_64) AppleWebKit/534.24 (KHTML, like Gecko) Chrome/11.0.696.34 Safari/534.24"
208.54.44.226 - - [28/Jul/2013:11:00:45 -0400] "GET /images/m-icon.png HTTP/1.1" 200 12891 "http://www.judgepenny.com/media.php" "Mozilla/5.0 (X11; Linux x86_64) AppleWebKit/534.24 (KHTML, like Gecko) Chrome/11.0.696.34 Safari/534.24"
208.54.44.226 - - [28/Jul/2013:11:00:45 -0400] "GET /images/media3.png HTTP/1.1" 200 106718 "http://www.judgepenny.com/media.php" "Mozilla/5.0 (X11; Linux x86_64) AppleWebKit/534.24 (KHTML, like Gecko) Chrome/11.0.696.34 Safari/534.24"
208.54.44.226 - - [28/Jul/2013:11:00:45 -0400] "GET /slide-style.css HTTP/1.1" 404 575 "http://www.judgepenny.com/media.php" "Mozilla/5.0 (X11; Linux x86_64) AppleWebKit/534.24 (KHTML, like Gecko) Chrome/11.0.696.34 Safari/534.24"
66.249.75.108 - - [28/Jul/2013:11:08:04 -0400] "GET / HTTP/1.1" 200 8953 "-" "DoCoMo/2.0 N905i(c100;TB;W24H16) (compatible; Googlebot-Mobile/2.1; +http://www.google.com/bot.html)"
66.249.75.108 - - [28/Jul/2013:11:16:40 -0400] "GET /judge-penny-story.php HTTP/1.1" 200 13963 "-" "Mozilla/5.0 (compatible; Googlebot/2.1; +http://www.google.com/bot.html)"
166.181.3.42 - - [28/Jul/2013:11:20:11 -0400] "GET /shopping.php HTTP/1.1" 200 8086 "-" "Mozilla/5.0 (Linux; U; Android 2.3.6; en-us; SCH-R930 Build/GINGERBREAD) AppleWebKit/533.1 (KHTML, like Gecko) Version/4.0 Mobile Safari/533.1 USCC-R930"
166.181.3.89 - - [28/Jul/2013:11:20:11 -0400] "GET /css/style.css HTTP/1.1" 200 9522 "http://www.judgepenny.com/shopping.php" "Mozilla/5.0 (Linux; U; Android 2.3.6; en-us; SCH-R930 Build/GINGERBREAD) AppleWebKit/533.1 (KHTML, like Gecko) Version/4.0 Mobile Safari/533.1 USCC-R930"
166.181.3.42 - - [28/Jul/2013:11:20:11 -0400] "GET /videos/jwplayer.js HTTP/1.1" 200 133009 "http://www.judgepenny.com/shopping.php" "Mozilla/5.0 (Linux; U; Android 2.3.6; en-us; SCH-R930 Build/GINGERBREAD) AppleWebKit/533.1 (KHTML, like Gecko) Version/4.0 Mobile Safari/533.1 USCC-R930"
166.181.3.15 - - [28/Jul/2013:11:20:11 -0400] "GET /css/nivo-slider.css HTTP/1.1" 200 1430 "http://www.judgepenny.com/shopping.php" "Mozilla/5.0 (Linux; U; Android 2.3.6; en-us; SCH-R930 Build/GINGERBREAD) AppleWebKit/533.1 (KHTML, like Gecko) Version/4.0 Mobile Safari/533.1 USCC-R930"
166.181.3.223 - - [28/Jul/2013:11:20:11 -0400] "GET /slide-style.css HTTP/1.1" 404 575 "http://www.judgepenny.com/shopping.php" "Mozilla/5.0 (Linux; U; Android 2.3.6; en-us; SCH-R930 Build/GINGERBREAD) AppleWebKit/533.1 (KHTML, like Gecko) Version/4.0 Mobile Safari/533.1 USCC-R930"
166.181.3.154 - - [28/Jul/2013:11:20:11 -0400] "GET /css/default.css HTTP/1.1" 200 1295 "http://www.judgepenny.com/shopping.php" "Mozilla/5.0 (Linux; U; Android 2.3.6; en-us; SCH-R930 Build/GINGERBREAD) AppleWebKit/533.1 (KHTML, like Gecko) Version/4.0 Mobile Safari/533.1 USCC-R930"
166.181.3.46 - - [28/Jul/2013:11:20:15 -0400] "GET /images/bg.jpg HTTP/1.1" 200 71900 "http://www.judgepenny.com/shopping.php" "Mozilla/5.0 (Linux; U; Android 2.3.6; en-us; SCH-R930 Build/GINGERBREAD) AppleWebKit/533.1 (KHTML, like Gecko) Version/4.0 Mobile Safari/533.1 USCC-R930"
166.181.3.62 - - [28/Jul/2013:11:20:15 -0400] "GET /images/jenny-header.png HTTP/1.1" 200 69160 "http://www.judgepenny.com/shopping.php" "Mozilla/5.0 (Linux; U; Android 2.3.6; en-us; SCH-R930 Build/GINGERBREAD) AppleWebKit/533.1 (KHTML, like Gecko) Version/4.0 Mobile Safari/533.1 USCC-R930"
166.181.3.229 - - [28/Jul/2013:11:20:15 -0400] "GET /images/judge-jenny.png HTTP/1.1" 200 28663 "http://www.judgepenny.com/shopping.php" "Mozilla/5.0 (Linux; U; Android 2.3.6; en-us; SCH-R930 Build/GINGERBREAD) AppleWebKit/533.1 (KHTML, like Gecko) Version/4.0 Mobile Safari/533.1 USCC-R930"
166.181.3.62 - - [28/Jul/2013:11:20:15 -0400] "GET /images/twitter.png HTTP/1.1" 200 2703 "http://www.judgepenny.com/shopping.php" "Mozilla/5.0 (Linux; U; Android 2.3.6; en-us; SCH-R930 Build/GINGERBREAD) AppleWebKit/533.1 (KHTML, like Gecko) Version/4.0 Mobile Safari/533.1 USCC-R930"
166.181.3.147 - - [28/Jul/2013:11:20:15 -0400] "GET /images/facebook.png HTTP/1.1" 200 2371 "http://www.judgepenny.com/shopping.php" "Mozilla/5.0 (Linux; U; Android 2.3.6; en-us; SCH-R930 Build/GINGERBREAD) AppleWebKit/533.1 (KHTML, like Gecko) Version/4.0 Mobile Safari/533.1 USCC-R930"
166.181.3.140 - - [28/Jul/2013:11:20:15 -0400] "GET /images/linked-in.png HTTP/1.1" 200 2575 "http://www.judgepenny.com/shopping.php" "Mozilla/5.0 (Linux; U; Android 2.3.6; en-us; SCH-R930 Build/GINGERBREAD) AppleWebKit/533.1 (KHTML, like Gecko) Version/4.0 Mobile Safari/533.1 USCC-R930"
166.181.3.20 - - [28/Jul/2013:11:20:15 -0400] "GET /images/you-tube.png HTTP/1.1" 200 3090 "http://www.judgepenny.com/shopping.php" "Mozilla/5.0 (Linux; U; Android 2.3.6; en-us; SCH-R930 Build/GINGERBREAD) AppleWebKit/533.1 (KHTML, like Gecko) Version/4.0 Mobile Safari/533.1 USCC-R930"
166.181.3.108 - - [28/Jul/2013:11:20:15 -0400] "GET /images/r-head.png HTTP/1.1" 200 596 "http://www.judgepenny.com/shopping.php" "Mozilla/5.0 (Linux; U; Android 2.3.6; en-us; SCH-R930 Build/GINGERBREAD) AppleWebKit/533.1 (KHTML, like Gecko) Version/4.0 Mobile Safari/533.1 USCC-R930"
166.181.3.74 - - [28/Jul/2013:11:20:15 -0400] "GET /images/seprator.png HTTP/1.1" 200 429 "http://www.judgepenny.com/shopping.php" "Mozilla/5.0 (Linux; U; Android 2.3.6; en-us; SCH-R930 Build/GINGERBREAD) AppleWebKit/533.1 (KHTML, like Gecko) Version/4.0 Mobile Safari/533.1 USCC-R930"
166.181.3.62 - - [28/Jul/2013:11:20:15 -0400] "GET /images/entry-bg3.png HTTP/1.1" 200 19110 "http://www.judgepenny.com/shopping.php" "Mozilla/5.0 (Linux; U; Android 2.3.6; en-us; SCH-R930 Build/GINGERBREAD) AppleWebKit/533.1 (KHTML, like Gecko) Version/4.0 Mobile Safari/533.1 USCC-R930"
166.181.3.229 - - [28/Jul/2013:11:20:15 -0400] "GET /images/Book_Cover.jpg HTTP/1.1" 200 51558 "http://www.judgepenny.com/shopping.php" "Mozilla/5.0 (Linux; U; Android 2.3.6; en-us; SCH-R930 Build/GINGERBREAD) AppleWebKit/533.1 (KHTML, like Gecko) Version/4.0 Mobile Safari/533.1 USCC-R930"
166.181.3.143 - - [28/Jul/2013:11:20:15 -0400] "GET /images/main-btm.png HTTP/1.1" 200 398 "http://www.judgepenny.com/shopping.php" "Mozilla/5.0 (Linux; U; Android 2.3.6; en-us; SCH-R930 Build/GINGERBREAD) AppleWebKit/533.1 (KHTML, like Gecko) Version/4.0 Mobile Safari/533.1 USCC-R930"
166.181.3.62 - - [28/Jul/2013:11:20:16 -0400] "GET /images/sub-menu.png HTTP/1.1" 200 6956 "http://www.judgepenny.com/shopping.php" "Mozilla/5.0 (Linux; U; Android 2.3.6; en-us; SCH-R930 Build/GINGERBREAD) AppleWebKit/533.1 (KHTML, like Gecko) Version/4.0 Mobile Safari/533.1 USCC-R930"
166.181.3.147 - - [28/Jul/2013:11:20:16 -0400] "GET /images/btn.png HTTP/1.1" 200 512 "http://www.judgepenny.com/shopping.php" "Mozilla/5.0 (Linux; U; Android 2.3.6; en-us; SCH-R930 Build/GINGERBREAD) AppleWebKit/533.1 (KHTML, like Gecko) Version/4.0 Mobile Safari/533.1 USCC-R930"
166.181.3.140 - - [28/Jul/2013:11:20:16 -0400] "GET /images/ftr-bg.png HTTP/1.1" 200 198 "http://www.judgepenny.com/shopping.php" "Mozilla/5.0 (Linux; U; Android 2.3.6; en-us; SCH-R930 Build/GINGERBREAD) AppleWebKit/533.1 (KHTML, like Gecko) Version/4.0 Mobile Safari/533.1 USCC-R930"
166.181.3.46 - - [28/Jul/2013:11:20:17 -0400] "GET /images/events.png HTTP/1.1" 200 3829 "http://www.judgepenny.com/shopping.php" "Mozilla/5.0 (Linux; U; Android 2.3.6; en-us; SCH-R930 Build/GINGERBREAD) AppleWebKit/533.1 (KHTML, like Gecko) Version/4.0 Mobile Safari/533.1 USCC-R930"
166.181.3.51 - - [28/Jul/2013:11:20:33 -0400] "GET /favicon.ico HTTP/1.1" 404 575 "http://www.judgepenny.com/shopping.php" "Mozilla/5.0 (Linux; U; Android 2.3.6; en-us; SCH-R930 Build/GINGERBREAD) AppleWebKit/533.1 (KHTML, like Gecko) Version/4.0 Mobile Safari/533.1 USCC-R930"
178.137.93.32 - - [28/Jul/2013:11:33:25 -0400] "GET / HTTP/1.1" 200 8953 "http://imonger.ru/" "Mozilla/4.0 (compatible; MSIE 6.0; Windows NT 5.2; SV1; .NET CLR 1.1.4322; .NET CLR 2.0.50727)"
178.137.93.32 - - [28/Jul/2013:11:33:24 -0400] "GET / HTTP/1.1" 200 8953 "http://imonger.ru/" "Mozilla/4.0 (compatible; MSIE 6.0; Windows NT 5.2; SV1; .NET CLR 1.1.4322; .NET CLR 2.0.50727)"
157.55.35.112 - - [28/Jul/2013:12:17:39 -0400] "GET /robots.txt HTTP/1.1" 404 575 "-" "Mozilla/5.0 (compatible; bingbot/2.0; +http://www.bing.com/bingbot.htm)"
157.55.35.112 - - [28/Jul/2013:12:18:44 -0400] "GET /judge-penny-foundation.php HTTP/1.1" 200 7746 "-" "Mozilla/5.0 (compatible; bingbot/2.0; +http://www.bing.com/bingbot.htm)"
157.55.35.112 - - [28/Jul/2013:12:33:34 -0400] "GET /robots.txt HTTP/1.1" 404 575 "-" "Mozilla/5.0 (compatible; bingbot/2.0; +http://www.bing.com/bingbot.htm)"
157.55.35.112 - - [28/Jul/2013:12:36:15 -0400] "GET / HTTP/1.1" 200 8953 "-" "Mozilla/5.0 (compatible; bingbot/2.0; +http://www.bing.com/bingbot.htm)"
5.10.83.13 - - [28/Jul/2013:12:56:27 -0400] "GET /penny-for-your-thoughts.php HTTP/1.1" 200 11765 "-" "Mozilla/5.0 (compatible; AhrefsBot/5.0; +http://ahrefs.com/robot/)"
5.10.83.13 - - [28/Jul/2013:13:05:10 -0400] "GET /penny-for-your-thoughts_howdoIdealwithanoutofcontrol.php HTTP/1.1" 200 8668 "-" "Mozilla/5.0 (compatible; AhrefsBot/5.0; +http://ahrefs.com/robot/)"
5.10.83.13 - - [28/Jul/2013:13:09:45 -0400] "GET /index.html HTTP/1.1" 404 575 "-" "Mozilla/5.0 (compatible; AhrefsBot/5.0; +http://ahrefs.com/robot/)"
5.10.83.13 - - [28/Jul/2013:13:35:28 -0400] "GET /press-room.php HTTP/1.1" 200 6775 "-" "Mozilla/5.0 (compatible; AhrefsBot/5.0; +http://ahrefs.com/robot/)"
5.10.83.13 - - [28/Jul/2013:13:37:58 -0400] "GET /media.php HTTP/1.1" 200 6682 "-" "Mozilla/5.0 (compatible; AhrefsBot/5.0; +http://ahrefs.com/robot/)"
66.56.13.36 - - [28/Jul/2013:13:51:38 -0400] "GET / HTTP/1.1" 200 8953 "https://www.google.com/" "Mozilla/5.0 (Windows NT 6.1) AppleWebKit/537.36 (KHTML, like Gecko) Chrome/28.0.1500.72 Safari/537.36"
66.56.13.36 - - [28/Jul/2013:13:51:38 -0400] "GET /videos/jwplayer.js HTTP/1.1" 200 133009 "http://www.judgepenny.com/" "Mozilla/5.0 (Windows NT 6.1) AppleWebKit/537.36 (KHTML, like Gecko) Chrome/28.0.1500.72 Safari/537.36"
66.56.13.36 - - [28/Jul/2013:13:51:38 -0400] "GET /css/default.css HTTP/1.1" 200 1295 "http://www.judgepenny.com/" "Mozilla/5.0 (Windows NT 6.1) AppleWebKit/537.36 (KHTML, like Gecko) Chrome/28.0.1500.72 Safari/537.36"
66.56.13.36 - - [28/Jul/2013:13:51:38 -0400] "GET /css/style.css HTTP/1.1" 200 9522 "http://www.judgepenny.com/" "Mozilla/5.0 (Windows NT 6.1) AppleWebKit/537.36 (KHTML, like Gecko) Chrome/28.0.1500.72 Safari/537.36"
66.56.13.36 - - [28/Jul/2013:13:51:38 -0400] "GET /slide-style.css HTTP/1.1" 404 575 "http://www.judgepenny.com/" "Mozilla/5.0 (Windows NT 6.1) AppleWebKit/537.36 (KHTML, like Gecko) Chrome/28.0.1500.72 Safari/537.36"
66.56.13.36 - - [28/Jul/2013:13:51:38 -0400] "GET /css/nivo-slider.css HTTP/1.1" 200 1430 "http://www.judgepenny.com/" "Mozilla/5.0 (Windows NT 6.1) AppleWebKit/537.36 (KHTML, like Gecko) Chrome/28.0.1500.72 Safari/537.36"
66.56.13.36 - - [28/Jul/2013:13:51:38 -0400] "GET /js/jquery.nivo.slider.pack.js HTTP/1.1" 200 15854 "http://www.judgepenny.com/" "Mozilla/5.0 (Windows NT 6.1) AppleWebKit/537.36 (KHTML, like Gecko) Chrome/28.0.1500.72 Safari/537.36"
66.56.13.36 - - [28/Jul/2013:13:51:39 -0400] "GET /images/judge-jenny.png HTTP/1.1" 200 28663 "http://www.judgepenny.com/" "Mozilla/5.0 (Windows NT 6.1) AppleWebKit/537.36 (KHTML, like Gecko) Chrome/28.0.1500.72 Safari/537.36"
66.56.13.36 - - [28/Jul/2013:13:51:39 -0400] "GET /images/twitter.png HTTP/1.1" 200 2703 "http://www.judgepenny.com/" "Mozilla/5.0 (Windows NT 6.1) AppleWebKit/537.36 (KHTML, like Gecko) Chrome/28.0.1500.72 Safari/537.36"
66.56.13.36 - - [28/Jul/2013:13:51:39 -0400] "GET /images/you-tube.png HTTP/1.1" 200 3090 "http://www.judgepenny.com/" "Mozilla/5.0 (Windows NT 6.1) AppleWebKit/537.36 (KHTML, like Gecko) Chrome/28.0.1500.72 Safari/537.36"
66.56.13.36 - - [28/Jul/2013:13:51:39 -0400] "GET /images/facebook.png HTTP/1.1" 200 2371 "http://www.judgepenny.com/" "Mozilla/5.0 (Windows NT 6.1) AppleWebKit/537.36 (KHTML, like Gecko) Chrome/28.0.1500.72 Safari/537.36"
66.56.13.36 - - [28/Jul/2013:13:51:39 -0400] "GET /images/linked-in.png HTTP/1.1" 200 2575 "http://www.judgepenny.com/" "Mozilla/5.0 (Windows NT 6.1) AppleWebKit/537.36 (KHTML, like Gecko) Chrome/28.0.1500.72 Safari/537.36"
66.56.13.36 - - [28/Jul/2013:13:51:39 -0400] "GET /slideshow/images/book.jpg HTTP/1.1" 200 132593 "http://www.judgepenny.com/" "Mozilla/5.0 (Windows NT 6.1) AppleWebKit/537.36 (KHTML, like Gecko) Chrome/28.0.1500.72 Safari/537.36"
66.56.13.36 - - [28/Jul/2013:13:51:39 -0400] "GET /slideshow/images/judge_penny_foundation.jpg HTTP/1.1" 200 175194 "http://www.judgepenny.com/" "Mozilla/5.0 (Windows NT 6.1) AppleWebKit/537.36 (KHTML, like Gecko) Chrome/28.0.1500.72 Safari/537.36"
66.56.13.36 - - [28/Jul/2013:13:51:39 -0400] "GET /slideshow/images/judge_penny_opportunity.jpg HTTP/1.1" 200 99540 "http://www.judgepenny.com/" "Mozilla/5.0 (Windows NT 6.1) AppleWebKit/537.36 (KHTML, like Gecko) Chrome/28.0.1500.72 Safari/537.36"
66.56.13.36 - - [28/Jul/2013:13:51:39 -0400] "GET /slideshow/images/judge_penny_self_worth.jpg HTTP/1.1" 200 129594 "http://www.judgepenny.com/" "Mozilla/5.0 (Windows NT 6.1) AppleWebKit/537.36 (KHTML, like Gecko) Chrome/28.0.1500.72 Safari/537.36"
66.56.13.36 - - [28/Jul/2013:13:51:39 -0400] "GET /images/bg.jpg HTTP/1.1" 200 71900 "http://www.judgepenny.com/" "Mozilla/5.0 (Windows NT 6.1) AppleWebKit/537.36 (KHTML, like Gecko) Chrome/28.0.1500.72 Safari/537.36"
66.56.13.36 - - [28/Jul/2013:13:51:39 -0400] "GET /images/jenny-header.png HTTP/1.1" 200 69160 "http://www.judgepenny.com/" "Mozilla/5.0 (Windows NT 6.1) AppleWebKit/537.36 (KHTML, like Gecko) Chrome/28.0.1500.72 Safari/537.36"
66.56.13.36 - - [28/Jul/2013:13:51:39 -0400] "GET /images/seprator.png HTTP/1.1" 200 429 "http://www.judgepenny.com/" "Mozilla/5.0 (Windows NT 6.1) AppleWebKit/537.36 (KHTML, like Gecko) Chrome/28.0.1500.72 Safari/537.36"
66.56.13.36 - - [28/Jul/2013:13:51:39 -0400] "GET /css/loading.gif HTTP/1.1" 200 1737 "http://www.judgepenny.com/" "Mozilla/5.0 (Windows NT 6.1) AppleWebKit/537.36 (KHTML, like Gecko) Chrome/28.0.1500.72 Safari/537.36"
66.56.13.36 - - [28/Jul/2013:13:51:39 -0400] "GET /slideshow/images/judge_penny_the_judge.jpg HTTP/1.1" 200 151096 "http://www.judgepenny.com/" "Mozilla/5.0 (Windows NT 6.1) AppleWebKit/537.36 (KHTML, like Gecko) Chrome/28.0.1500.72 Safari/537.36"
66.56.13.36 - - [28/Jul/2013:13:51:39 -0400] "GET /images/h-right.png HTTP/1.1" 200 279 "http://www.judgepenny.com/" "Mozilla/5.0 (Windows NT 6.1) AppleWebKit/537.36 (KHTML, like Gecko) Chrome/28.0.1500.72 Safari/537.36"
66.56.13.36 - - [28/Jul/2013:13:51:40 -0400] "GET /images/h-left.png HTTP/1.1" 200 137 "http://www.judgepenny.com/" "Mozilla/5.0 (Windows NT 6.1) AppleWebKit/537.36 (KHTML, like Gecko) Chrome/28.0.1500.72 Safari/537.36"
66.56.13.36 - - [28/Jul/2013:13:51:40 -0400] "GET /images/m-top.png HTTP/1.1" 200 574 "http://www.judgepenny.com/" "Mozilla/5.0 (Windows NT 6.1) AppleWebKit/537.36 (KHTML, like Gecko) Chrome/28.0.1500.72 Safari/537.36"
66.56.13.36 - - [28/Jul/2013:13:51:40 -0400] "GET /images/m-center.png HTTP/1.1" 200 191 "http://www.judgepenny.com/" "Mozilla/5.0 (Windows NT 6.1) AppleWebKit/537.36 (KHTML, like Gecko) Chrome/28.0.1500.72 Safari/537.36"
66.56.13.36 - - [28/Jul/2013:13:51:40 -0400] "GET /images/mail-div.png HTTP/1.1" 200 1078 "http://www.judgepenny.com/" "Mozilla/5.0 (Windows NT 6.1) AppleWebKit/537.36 (KHTML, like Gecko) Chrome/28.0.1500.72 Safari/537.36"
66.56.13.36 - - [28/Jul/2013:13:51:40 -0400] "GET /images/m-btm.png HTTP/1.1" 200 741 "http://www.judgepenny.com/" "Mozilla/5.0 (Windows NT 6.1) AppleWebKit/537.36 (KHTML, like Gecko) Chrome/28.0.1500.72 Safari/537.36"
66.56.13.36 - - [28/Jul/2013:13:51:40 -0400] "GET /images/s-top.png HTTP/1.1" 200 440 "http://www.judgepenny.com/" "Mozilla/5.0 (Windows NT 6.1) AppleWebKit/537.36 (KHTML, like Gecko) Chrome/28.0.1500.72 Safari/537.36"
66.56.13.36 - - [28/Jul/2013:13:51:40 -0400] "GET /images/side-bg.png HTTP/1.1" 200 168 "http://www.judgepenny.com/" "Mozilla/5.0 (Windows NT 6.1) AppleWebKit/537.36 (KHTML, like Gecko) Chrome/28.0.1500.72 Safari/537.36"
66.56.13.36 - - [28/Jul/2013:13:51:40 -0400] "GET /images/ftr-bg.png HTTP/1.1" 200 198 "http://www.judgepenny.com/" "Mozilla/5.0 (Windows NT 6.1) AppleWebKit/537.36 (KHTML, like Gecko) Chrome/28.0.1500.72 Safari/537.36"
66.56.13.36 - - [28/Jul/2013:13:51:40 -0400] "GET /images/s-btm.png HTTP/1.1" 200 605 "http://www.judgepenny.com/" "Mozilla/5.0 (Windows NT 6.1) AppleWebKit/537.36 (KHTML, like Gecko) Chrome/28.0.1500.72 Safari/537.36"
66.56.13.36 - - [28/Jul/2013:13:51:41 -0400] "GET /css/arrows.png HTTP/1.1" 200 824 "http://www.judgepenny.com/" "Mozilla/5.0 (Windows NT 6.1) AppleWebKit/537.36 (KHTML, like Gecko) Chrome/28.0.1500.72 Safari/537.36"
66.56.13.36 - - [28/Jul/2013:13:51:41 -0400] "GET /css/bullets.png HTTP/1.1" 200 1281 "http://www.judgepenny.com/" "Mozilla/5.0 (Windows NT 6.1) AppleWebKit/537.36 (KHTML, like Gecko) Chrome/28.0.1500.72 Safari/537.36"
66.56.13.36 - - [28/Jul/2013:13:51:39 -0400] "GET /slideshow/images/judge_penny_speaking_request.png HTTP/1.1" 200 291884 "http://www.judgepenny.com/" "Mozilla/5.0 (Windows NT 6.1) AppleWebKit/537.36 (KHTML, like Gecko) Chrome/28.0.1500.72 Safari/537.36"
66.56.13.36 - - [28/Jul/2013:13:51:43 -0400] "GET /favicon.ico HTTP/1.1" 404 575 "-" "Mozilla/5.0 (Windows NT 6.1) AppleWebKit/537.36 (KHTML, like Gecko) Chrome/28.0.1500.72 Safari/537.36"
66.56.13.36 - - [28/Jul/2013:13:52:06 -0400] "GET /events.php HTTP/1.1" 200 8644 "http://www.judgepenny.com/" "Mozilla/5.0 (Windows NT 6.1) AppleWebKit/537.36 (KHTML, like Gecko) Chrome/28.0.1500.72 Safari/537.36"
66.56.13.36 - - [28/Jul/2013:13:52:07 -0400] "GET /slide-style.css HTTP/1.1" 404 575 "http://www.judgepenny.com/events.php" "Mozilla/5.0 (Windows NT 6.1) AppleWebKit/537.36 (KHTML, like Gecko) Chrome/28.0.1500.72 Safari/537.36"
66.56.13.36 - - [28/Jul/2013:13:52:07 -0400] "GET /images/buy-now.png HTTP/1.1" 200 89906 "http://www.judgepenny.com/events.php" "Mozilla/5.0 (Windows NT 6.1) AppleWebKit/537.36 (KHTML, like Gecko) Chrome/28.0.1500.72 Safari/537.36"
66.56.13.36 - - [28/Jul/2013:13:52:07 -0400] "GET /images/btn.png HTTP/1.1" 200 512 "http://www.judgepenny.com/events.php" "Mozilla/5.0 (Windows NT 6.1) AppleWebKit/537.36 (KHTML, like Gecko) Chrome/28.0.1500.72 Safari/537.36"
66.56.13.36 - - [28/Jul/2013:13:52:07 -0400] "GET /images/sub-menu.png HTTP/1.1" 200 6956 "http://www.judgepenny.com/events.php" "Mozilla/5.0 (Windows NT 6.1) AppleWebKit/537.36 (KHTML, like Gecko) Chrome/28.0.1500.72 Safari/537.36"
66.56.13.36 - - [28/Jul/2013:13:52:07 -0400] "GET /images/right-div.png HTTP/1.1" 200 5479 "http://www.judgepenny.com/events.php" "Mozilla/5.0 (Windows NT 6.1) AppleWebKit/537.36 (KHTML, like Gecko) Chrome/28.0.1500.72 Safari/537.36"
66.56.13.36 - - [28/Jul/2013:13:52:07 -0400] "GET /images/h-div.png HTTP/1.1" 200 1503 "http://www.judgepenny.com/events.php" "Mozilla/5.0 (Windows NT 6.1) AppleWebKit/537.36 (KHTML, like Gecko) Chrome/28.0.1500.72 Safari/537.36"
66.56.13.36 - - [28/Jul/2013:13:52:07 -0400] "GET /images/main-btm.png HTTP/1.1" 200 398 "http://www.judgepenny.com/events.php" "Mozilla/5.0 (Windows NT 6.1) AppleWebKit/537.36 (KHTML, like Gecko) Chrome/28.0.1500.72 Safari/537.36"
66.56.13.36 - - [28/Jul/2013:13:52:07 -0400] "GET /images/entry-bg3.png HTTP/1.1" 200 19110 "http://www.judgepenny.com/events.php" "Mozilla/5.0 (Windows NT 6.1) AppleWebKit/537.36 (KHTML, like Gecko) Chrome/28.0.1500.72 Safari/537.36"
66.56.13.36 - - [28/Jul/2013:13:52:08 -0400] "GET /favicon.ico HTTP/1.1" 404 575 "-" "Mozilla/5.0 (Windows NT 6.1) AppleWebKit/537.36 (KHTML, like Gecko) Chrome/28.0.1500.72 Safari/537.36"
66.56.13.36 - - [28/Jul/2013:13:53:10 -0400] "GET /events.php HTTP/1.1" 200 8644 "http://www.judgepenny.com/events.php" "Mozilla/5.0 (Windows NT 6.1) AppleWebKit/537.36 (KHTML, like Gecko) Chrome/28.0.1500.72 Safari/537.36"
66.56.13.36 - - [28/Jul/2013:13:53:11 -0400] "GET /slide-style.css HTTP/1.1" 404 575 "http://www.judgepenny.com/events.php" "Mozilla/5.0 (Windows NT 6.1) AppleWebKit/537.36 (KHTML, like Gecko) Chrome/28.0.1500.72 Safari/537.36"
66.56.13.36 - - [28/Jul/2013:13:53:12 -0400] "GET /favicon.ico HTTP/1.1" 404 575 "-" "Mozilla/5.0 (Windows NT 6.1) AppleWebKit/537.36 (KHTML, like Gecko) Chrome/28.0.1500.72 Safari/537.36"
5.10.83.13 - - [28/Jul/2013:14:04:41 -0400] "GET /beyond-the-robe.php HTTP/1.1" 200 8574 "-" "Mozilla/5.0 (compatible; AhrefsBot/5.0; +http://ahrefs.com/robot/)"
66.56.13.36 - - [28/Jul/2013:14:08:01 -0400] "GET /speaking-requests.php HTTP/1.1" 200 14865 "http://www.judgepenny.com/events.php" "Mozilla/5.0 (Windows NT 6.1) AppleWebKit/537.36 (KHTML, like Gecko) Chrome/28.0.1500.72 Safari/537.36"
66.56.13.36 - - [28/Jul/2013:14:08:02 -0400] "GET /slide-style.css HTTP/1.1" 404 575 "http://www.judgepenny.com/speaking-requests.php" "Mozilla/5.0 (Windows NT 6.1) AppleWebKit/537.36 (KHTML, like Gecko) Chrome/28.0.1500.72 Safari/537.36"
66.56.13.36 - - [28/Jul/2013:14:08:02 -0400] "GET /images/speaking.jpg HTTP/1.1" 200 73031 "http://www.judgepenny.com/speaking-requests.php" "Mozilla/5.0 (Windows NT 6.1) AppleWebKit/537.36 (KHTML, like Gecko) Chrome/28.0.1500.72 Safari/537.36"
66.56.13.36 - - [28/Jul/2013:14:08:03 -0400] "GET /images/r-head.png HTTP/1.1" 200 596 "http://www.judgepenny.com/speaking-requests.php" "Mozilla/5.0 (Windows NT 6.1) AppleWebKit/537.36 (KHTML, like Gecko) Chrome/28.0.1500.72 Safari/537.36"
66.56.13.36 - - [28/Jul/2013:14:08:03 -0400] "GET /images/events.png HTTP/1.1" 200 3829 "http://www.judgepenny.com/speaking-requests.php" "Mozilla/5.0 (Windows NT 6.1) AppleWebKit/537.36 (KHTML, like Gecko) Chrome/28.0.1500.72 Safari/537.36"
66.56.13.36 - - [28/Jul/2013:14:08:03 -0400] "GET /favicon.ico HTTP/1.1" 404 575 "-" "Mozilla/5.0 (Windows NT 6.1) AppleWebKit/537.36 (KHTML, like Gecko) Chrome/28.0.1500.72 Safari/537.36"
66.56.13.36 - - [28/Jul/2013:14:08:41 -0400] "GET /favicon.ico HTTP/1.1" 404 575 "-" "Mozilla/5.0 (Windows NT 6.1) AppleWebKit/537.36 (KHTML, like Gecko) Chrome/28.0.1500.72 Safari/537.36"
5.10.83.13 - - [28/Jul/2013:14:56:59 -0400] "GET /events.php HTTP/1.1" 200 8644 "-" "Mozilla/5.0 (compatible; AhrefsBot/5.0; +http://ahrefs.com/robot/)"
5.10.83.13 - - [28/Jul/2013:14:58:58 -0400] "GET /index.php HTTP/1.1" 200 8953 "-" "Mozilla/5.0 (compatible; AhrefsBot/5.0; +http://ahrefs.com/robot/)"
174.225.0.254 - - [28/Jul/2013:15:17:13 -0400] "GET /biography.php HTTP/1.1" 200 9590 "-" "Mozilla/5.0 (iPad; CPU OS 6_1_3 like Mac OS X) AppleWebKit/536.26 (KHTML, like Gecko) Version/6.0 Mobile/10B329 Safari/8536.25"
174.225.0.254 - - [28/Jul/2013:15:17:14 -0400] "GET /videos/jwplayer.js HTTP/1.1" 200 133009 "http://judgepenny.com/biography.php" "Mozilla/5.0 (iPad; CPU OS 6_1_3 like Mac OS X) AppleWebKit/536.26 (KHTML, like Gecko) Version/6.0 Mobile/10B329 Safari/8536.25"
174.225.0.254 - - [28/Jul/2013:15:17:14 -0400] "GET /css/default.css HTTP/1.1" 200 1295 "http://judgepenny.com/biography.php" "Mozilla/5.0 (iPad; CPU OS 6_1_3 like Mac OS X) AppleWebKit/536.26 (KHTML, like Gecko) Version/6.0 Mobile/10B329 Safari/8536.25"
174.225.0.254 - - [28/Jul/2013:15:17:14 -0400] "GET /css/style.css HTTP/1.1" 200 9522 "http://judgepenny.com/biography.php" "Mozilla/5.0 (iPad; CPU OS 6_1_3 like Mac OS X) AppleWebKit/536.26 (KHTML, like Gecko) Version/6.0 Mobile/10B329 Safari/8536.25"
174.225.0.254 - - [28/Jul/2013:15:17:14 -0400] "GET /slide-style.css HTTP/1.1" 404 575 "http://judgepenny.com/biography.php" "Mozilla/5.0 (iPad; CPU OS 6_1_3 like Mac OS X) AppleWebKit/536.26 (KHTML, like Gecko) Version/6.0 Mobile/10B329 Safari/8536.25"
174.225.0.254 - - [28/Jul/2013:15:17:14 -0400] "GET /css/nivo-slider.css HTTP/1.1" 200 1430 "http://judgepenny.com/biography.php" "Mozilla/5.0 (iPad; CPU OS 6_1_3 like Mac OS X) AppleWebKit/536.26 (KHTML, like Gecko) Version/6.0 Mobile/10B329 Safari/8536.25"
174.225.0.254 - - [28/Jul/2013:15:17:16 -0400] "GET /images/judge-jenny.png HTTP/1.1" 200 28663 "http://judgepenny.com/biography.php" "Mozilla/5.0 (iPad; CPU OS 6_1_3 like Mac OS X) AppleWebKit/536.26 (KHTML, like Gecko) Version/6.0 Mobile/10B329 Safari/8536.25"
174.225.0.254 - - [28/Jul/2013:15:17:16 -0400] "GET /images/linked-in.png HTTP/1.1" 200 2575 "http://judgepenny.com/biography.php" "Mozilla/5.0 (iPad; CPU OS 6_1_3 like Mac OS X) AppleWebKit/536.26 (KHTML, like Gecko) Version/6.0 Mobile/10B329 Safari/8536.25"
174.225.0.254 - - [28/Jul/2013:15:17:16 -0400] "GET /images/facebook.png HTTP/1.1" 200 2371 "http://judgepenny.com/biography.php" "Mozilla/5.0 (iPad; CPU OS 6_1_3 like Mac OS X) AppleWebKit/536.26 (KHTML, like Gecko) Version/6.0 Mobile/10B329 Safari/8536.25"
174.225.0.254 - - [28/Jul/2013:15:17:16 -0400] "GET /images/twitter.png HTTP/1.1" 200 2703 "http://judgepenny.com/biography.php" "Mozilla/5.0 (iPad; CPU OS 6_1_3 like Mac OS X) AppleWebKit/536.26 (KHTML, like Gecko) Version/6.0 Mobile/10B329 Safari/8536.25"
