184.88.229.200 - - [05/Aug/2013:00:03:12 -0400] "GET /images/judge.png HTTP/1.1" 200 164424 "-" "Mozilla/5.0 (iPad; CPU OS 6_1 like Mac OS X) AppleWebKit/536.26 (KHTML, like Gecko) Mobile/10B141"
65.55.215.98 - - [05/Aug/2013:00:29:14 -0400] "GET /robots.txt HTTP/1.1" 404 575 "-" "msnbot-media/1.1 (+http://search.msn.com/msnbot.htm)"
65.55.215.98 - - [05/Aug/2013:00:29:14 -0400] "GET /JPENNY_homepagephoto_sm2.png HTTP/1.1" 404 575 "-" "msnbot-media/1.1 (+http://search.msn.com/msnbot.htm)"
178.154.243.82 - - [05/Aug/2013:00:48:16 -0400] "GET /images/m-top.png HTTP/1.1" 304 - "-" "Mozilla/5.0 (compatible; YandexImages/3.0; +http://yandex.com/bots)"
98.70.79.221 - - [05/Aug/2013:00:51:34 -0400] "GET /images/judge.png HTTP/1.1" 200 164424 "-" "Mozilla/5.0 (Macintosh; Intel Mac OS X 10_8_4) AppleWebKit/536.30.1 (KHTML, like Gecko)"
173.199.114.51 - - [05/Aug/2013:00:52:13 -0400] "GET /media.php HTTP/1.1" 200 6682 "-" "Mozilla/5.0 (compatible; AhrefsBot/4.0; +http://ahrefs.com/robot/)"
184.22.183.114 - - [05/Aug/2013:01:02:03 -0400] "GET /links.htm HTTP/1.1" 404 575 "-" "Mozilla/5.0 (X11; Linux i686; rv:6.0) Gecko/20100101 Firefox/6.0"
5.10.83.65 - - [05/Aug/2013:01:05:53 -0400] "GET /robots.txt HTTP/1.1" 404 575 "-" "Mozilla/5.0 (compatible; AhrefsBot/5.0; +http://ahrefs.com/robot/)"
178.156.154.125 - - [05/Aug/2013:01:50:14 -0400] "GET / HTTP/1.1" 200 8953 "-" "Mozilla/5.0 (Windows; U; MSIE 9.0; Windows NT 9.0; en-US)"
208.115.113.86 - - [05/Aug/2013:02:22:05 -0400] "GET /robots.txt HTTP/1.1" 404 575 "-" "Mozilla/5.0 (compatible; Ezooms/1.0; ezooms.bot@gmail.com)"
108.72.48.35 - - [05/Aug/2013:02:22:30 -0400] "GET /biography.php HTTP/1.1" 200 9590 "https://www.google.com/" "Mozilla/5.0 (iPhone; CPU iPhone OS 6_1_3 like Mac OS X) AppleWebKit/536.26 (KHTML, like Gecko) Version/6.0 Mobile/10B329 Safari/8536.25"
108.72.48.35 - - [05/Aug/2013:02:22:31 -0400] "GET /css/nivo-slider.css HTTP/1.1" 200 1430 "http://www.judgepenny.com/biography.php" "Mozilla/5.0 (iPhone; CPU iPhone OS 6_1_3 like Mac OS X) AppleWebKit/536.26 (KHTML, like Gecko) Version/6.0 Mobile/10B329 Safari/8536.25"
108.72.48.35 - - [05/Aug/2013:02:22:31 -0400] "GET /videos/jwplayer.js HTTP/1.1" 200 133009 "http://www.judgepenny.com/biography.php" "Mozilla/5.0 (iPhone; CPU iPhone OS 6_1_3 like Mac OS X) AppleWebKit/536.26 (KHTML, like Gecko) Version/6.0 Mobile/10B329 Safari/8536.25"
108.72.48.35 - - [05/Aug/2013:02:22:31 -0400] "GET /css/style.css HTTP/1.1" 200 9522 "http://www.judgepenny.com/biography.php" "Mozilla/5.0 (iPhone; CPU iPhone OS 6_1_3 like Mac OS X) AppleWebKit/536.26 (KHTML, like Gecko) Version/6.0 Mobile/10B329 Safari/8536.25"
108.72.48.35 - - [05/Aug/2013:02:22:31 -0400] "GET /css/default.css HTTP/1.1" 200 1295 "http://www.judgepenny.com/biography.php" "Mozilla/5.0 (iPhone; CPU iPhone OS 6_1_3 like Mac OS X) AppleWebKit/536.26 (KHTML, like Gecko) Version/6.0 Mobile/10B329 Safari/8536.25"
108.72.48.35 - - [05/Aug/2013:02:22:31 -0400] "GET /slide-style.css HTTP/1.1" 404 575 "http://www.judgepenny.com/biography.php" "Mozilla/5.0 (iPhone; CPU iPhone OS 6_1_3 like Mac OS X) AppleWebKit/536.26 (KHTML, like Gecko) Version/6.0 Mobile/10B329 Safari/8536.25"
108.72.48.35 - - [05/Aug/2013:02:22:32 -0400] "GET /images/facebook.png HTTP/1.1" 200 2371 "http://www.judgepenny.com/biography.php" "Mozilla/5.0 (iPhone; CPU iPhone OS 6_1_3 like Mac OS X) AppleWebKit/536.26 (KHTML, like Gecko) Version/6.0 Mobile/10B329 Safari/8536.25"
108.72.48.35 - - [05/Aug/2013:02:22:32 -0400] "GET /images/twitter.png HTTP/1.1" 200 2703 "http://www.judgepenny.com/biography.php" "Mozilla/5.0 (iPhone; CPU iPhone OS 6_1_3 like Mac OS X) AppleWebKit/536.26 (KHTML, like Gecko) Version/6.0 Mobile/10B329 Safari/8536.25"
108.72.48.35 - - [05/Aug/2013:02:22:32 -0400] "GET /images/judge-jenny.png HTTP/1.1" 200 28663 "http://www.judgepenny.com/biography.php" "Mozilla/5.0 (iPhone; CPU iPhone OS 6_1_3 like Mac OS X) AppleWebKit/536.26 (KHTML, like Gecko) Version/6.0 Mobile/10B329 Safari/8536.25"
108.72.48.35 - - [05/Aug/2013:02:22:32 -0400] "GET /images/linked-in.png HTTP/1.1" 200 2575 "http://www.judgepenny.com/biography.php" "Mozilla/5.0 (iPhone; CPU iPhone OS 6_1_3 like Mac OS X) AppleWebKit/536.26 (KHTML, like Gecko) Version/6.0 Mobile/10B329 Safari/8536.25"
108.72.48.35 - - [05/Aug/2013:02:22:32 -0400] "GET /images/you-tube.png HTTP/1.1" 200 3090 "http://www.judgepenny.com/biography.php" "Mozilla/5.0 (iPhone; CPU iPhone OS 6_1_3 like Mac OS X) AppleWebKit/536.26 (KHTML, like Gecko) Version/6.0 Mobile/10B329 Safari/8536.25"
108.72.48.35 - - [05/Aug/2013:02:22:32 -0400] "GET /images/main-btm.png HTTP/1.1" 200 398 "http://www.judgepenny.com/biography.php" "Mozilla/5.0 (iPhone; CPU iPhone OS 6_1_3 like Mac OS X) AppleWebKit/536.26 (KHTML, like Gecko) Version/6.0 Mobile/10B329 Safari/8536.25"
108.72.48.35 - - [05/Aug/2013:02:22:32 -0400] "GET /images/judge.png HTTP/1.1" 200 164424 "http://www.judgepenny.com/biography.php" "Mozilla/5.0 (iPhone; CPU iPhone OS 6_1_3 like Mac OS X) AppleWebKit/536.26 (KHTML, like Gecko) Version/6.0 Mobile/10B329 Safari/8536.25"
108.72.48.35 - - [05/Aug/2013:02:22:32 -0400] "GET /images/buy-now.png HTTP/1.1" 200 89906 "http://www.judgepenny.com/biography.php" "Mozilla/5.0 (iPhone; CPU iPhone OS 6_1_3 like Mac OS X) AppleWebKit/536.26 (KHTML, like Gecko) Version/6.0 Mobile/10B329 Safari/8536.25"
108.72.48.35 - - [05/Aug/2013:02:22:32 -0400] "GET /images/bg.jpg HTTP/1.1" 200 71900 "http://www.judgepenny.com/biography.php" "Mozilla/5.0 (iPhone; CPU iPhone OS 6_1_3 like Mac OS X) AppleWebKit/536.26 (KHTML, like Gecko) Version/6.0 Mobile/10B329 Safari/8536.25"
108.72.48.35 - - [05/Aug/2013:02:22:32 -0400] "GET /images/btn.png HTTP/1.1" 200 512 "http://www.judgepenny.com/biography.php" "Mozilla/5.0 (iPhone; CPU iPhone OS 6_1_3 like Mac OS X) AppleWebKit/536.26 (KHTML, like Gecko) Version/6.0 Mobile/10B329 Safari/8536.25"
108.72.48.35 - - [05/Aug/2013:02:22:32 -0400] "GET /images/jenny-header.png HTTP/1.1" 200 69160 "http://www.judgepenny.com/biography.php" "Mozilla/5.0 (iPhone; CPU iPhone OS 6_1_3 like Mac OS X) AppleWebKit/536.26 (KHTML, like Gecko) Version/6.0 Mobile/10B329 Safari/8536.25"
108.72.48.35 - - [05/Aug/2013:02:22:32 -0400] "GET /images/right-div.png HTTP/1.1" 200 5479 "http://www.judgepenny.com/biography.php" "Mozilla/5.0 (iPhone; CPU iPhone OS 6_1_3 like Mac OS X) AppleWebKit/536.26 (KHTML, like Gecko) Version/6.0 Mobile/10B329 Safari/8536.25"
108.72.48.35 - - [05/Aug/2013:02:22:32 -0400] "GET /images/entry-bg.png HTTP/1.1" 200 18958 "http://www.judgepenny.com/biography.php" "Mozilla/5.0 (iPhone; CPU iPhone OS 6_1_3 like Mac OS X) AppleWebKit/536.26 (KHTML, like Gecko) Version/6.0 Mobile/10B329 Safari/8536.25"
108.72.48.35 - - [05/Aug/2013:02:22:33 -0400] "GET /images/h-div.png HTTP/1.1" 200 1503 "http://www.judgepenny.com/biography.php" "Mozilla/5.0 (iPhone; CPU iPhone OS 6_1_3 like Mac OS X) AppleWebKit/536.26 (KHTML, like Gecko) Version/6.0 Mobile/10B329 Safari/8536.25"
108.72.48.35 - - [05/Aug/2013:02:22:34 -0400] "GET /images/ftr-bg.png HTTP/1.1" 200 198 "http://www.judgepenny.com/biography.php" "Mozilla/5.0 (iPhone; CPU iPhone OS 6_1_3 like Mac OS X) AppleWebKit/536.26 (KHTML, like Gecko) Version/6.0 Mobile/10B329 Safari/8536.25"
108.72.48.35 - - [05/Aug/2013:02:22:36 -0400] "GET /images/sub-menu.png HTTP/1.1" 200 6956 "http://www.judgepenny.com/biography.php" "Mozilla/5.0 (iPhone; CPU iPhone OS 6_1_3 like Mac OS X) AppleWebKit/536.26 (KHTML, like Gecko) Version/6.0 Mobile/10B329 Safari/8536.25"
108.72.48.35 - - [05/Aug/2013:02:22:37 -0400] "GET /images/seprator.png HTTP/1.1" 200 429 "http://www.judgepenny.com/biography.php" "Mozilla/5.0 (iPhone; CPU iPhone OS 6_1_3 like Mac OS X) AppleWebKit/536.26 (KHTML, like Gecko) Version/6.0 Mobile/10B329 Safari/8536.25"
108.72.48.35 - - [05/Aug/2013:02:24:19 -0400] "GET / HTTP/1.1" 200 8953 "https://www.google.com/" "Mozilla/5.0 (iPhone; CPU iPhone OS 6_1_3 like Mac OS X) AppleWebKit/536.26 (KHTML, like Gecko) Version/6.0 Mobile/10B329 Safari/8536.25"
108.72.48.35 - - [05/Aug/2013:02:24:20 -0400] "GET /css/style.css HTTP/1.1" 200 9522 "http://www.judgepenny.com/" "Mozilla/5.0 (iPhone; CPU iPhone OS 6_1_3 like Mac OS X) AppleWebKit/536.26 (KHTML, like Gecko) Version/6.0 Mobile/10B329 Safari/8536.25"
108.72.48.35 - - [05/Aug/2013:02:24:20 -0400] "GET /slide-style.css HTTP/1.1" 404 575 "http://www.judgepenny.com/" "Mozilla/5.0 (iPhone; CPU iPhone OS 6_1_3 like Mac OS X) AppleWebKit/536.26 (KHTML, like Gecko) Version/6.0 Mobile/10B329 Safari/8536.25"
108.72.48.35 - - [05/Aug/2013:02:24:21 -0400] "GET /images/judge-jenny.png HTTP/1.1" 200 28663 "http://www.judgepenny.com/" "Mozilla/5.0 (iPhone; CPU iPhone OS 6_1_3 like Mac OS X) AppleWebKit/536.26 (KHTML, like Gecko) Version/6.0 Mobile/10B329 Safari/8536.25"
108.72.48.35 - - [05/Aug/2013:02:24:21 -0400] "GET /images/facebook.png HTTP/1.1" 200 2371 "http://www.judgepenny.com/" "Mozilla/5.0 (iPhone; CPU iPhone OS 6_1_3 like Mac OS X) AppleWebKit/536.26 (KHTML, like Gecko) Version/6.0 Mobile/10B329 Safari/8536.25"
108.72.48.35 - - [05/Aug/2013:02:24:21 -0400] "GET /images/twitter.png HTTP/1.1" 200 2703 "http://www.judgepenny.com/" "Mozilla/5.0 (iPhone; CPU iPhone OS 6_1_3 like Mac OS X) AppleWebKit/536.26 (KHTML, like Gecko) Version/6.0 Mobile/10B329 Safari/8536.25"
108.72.48.35 - - [05/Aug/2013:02:24:21 -0400] "GET /images/linked-in.png HTTP/1.1" 200 2575 "http://www.judgepenny.com/" "Mozilla/5.0 (iPhone; CPU iPhone OS 6_1_3 like Mac OS X) AppleWebKit/536.26 (KHTML, like Gecko) Version/6.0 Mobile/10B329 Safari/8536.25"
108.72.48.35 - - [05/Aug/2013:02:24:21 -0400] "GET /images/you-tube.png HTTP/1.1" 200 3090 "http://www.judgepenny.com/" "Mozilla/5.0 (iPhone; CPU iPhone OS 6_1_3 like Mac OS X) AppleWebKit/536.26 (KHTML, like Gecko) Version/6.0 Mobile/10B329 Safari/8536.25"
108.72.48.35 - - [05/Aug/2013:02:24:21 -0400] "GET /slideshow/images/book.jpg HTTP/1.1" 200 132593 "http://www.judgepenny.com/" "Mozilla/5.0 (iPhone; CPU iPhone OS 6_1_3 like Mac OS X) AppleWebKit/536.26 (KHTML, like Gecko) Version/6.0 Mobile/10B329 Safari/8536.25"
108.72.48.35 - - [05/Aug/2013:02:24:21 -0400] "GET /slideshow/images/judge_penny_foundation.jpg HTTP/1.1" 200 175194 "http://www.judgepenny.com/" "Mozilla/5.0 (iPhone; CPU iPhone OS 6_1_3 like Mac OS X) AppleWebKit/536.26 (KHTML, like Gecko) Version/6.0 Mobile/10B329 Safari/8536.25"
108.72.48.35 - - [05/Aug/2013:02:24:21 -0400] "GET /slideshow/images/judge_penny_opportunity.jpg HTTP/1.1" 200 99540 "http://www.judgepenny.com/" "Mozilla/5.0 (iPhone; CPU iPhone OS 6_1_3 like Mac OS X) AppleWebKit/536.26 (KHTML, like Gecko) Version/6.0 Mobile/10B329 Safari/8536.25"
108.72.48.35 - - [05/Aug/2013:02:24:21 -0400] "GET /slideshow/images/judge_penny_self_worth.jpg HTTP/1.1" 200 129594 "http://www.judgepenny.com/" "Mozilla/5.0 (iPhone; CPU iPhone OS 6_1_3 like Mac OS X) AppleWebKit/536.26 (KHTML, like Gecko) Version/6.0 Mobile/10B329 Safari/8536.25"
108.72.48.35 - - [05/Aug/2013:02:24:21 -0400] "GET /js/jquery.nivo.slider.pack.js HTTP/1.1" 200 15854 "http://www.judgepenny.com/" "Mozilla/5.0 (iPhone; CPU iPhone OS 6_1_3 like Mac OS X) AppleWebKit/536.26 (KHTML, like Gecko) Version/6.0 Mobile/10B329 Safari/8536.25"
108.72.48.35 - - [05/Aug/2013:02:24:22 -0400] "GET /slideshow/images/judge_penny_the_judge.jpg HTTP/1.1" 200 151096 "http://www.judgepenny.com/" "Mozilla/5.0 (iPhone; CPU iPhone OS 6_1_3 like Mac OS X) AppleWebKit/536.26 (KHTML, like Gecko) Version/6.0 Mobile/10B329 Safari/8536.25"
108.72.48.35 - - [05/Aug/2013:02:24:21 -0400] "GET /slideshow/images/judge_penny_speaking_request.png HTTP/1.1" 200 291884 "http://www.judgepenny.com/" "Mozilla/5.0 (iPhone; CPU iPhone OS 6_1_3 like Mac OS X) AppleWebKit/536.26 (KHTML, like Gecko) Version/6.0 Mobile/10B329 Safari/8536.25"
108.72.48.35 - - [05/Aug/2013:02:24:26 -0400] "GET /images/s-btm.png HTTP/1.1" 200 605 "http://www.judgepenny.com/" "Mozilla/5.0 (iPhone; CPU iPhone OS 6_1_3 like Mac OS X) AppleWebKit/536.26 (KHTML, like Gecko) Version/6.0 Mobile/10B329 Safari/8536.25"
108.72.48.35 - - [05/Aug/2013:02:24:26 -0400] "GET /images/s-top.png HTTP/1.1" 200 440 "http://www.judgepenny.com/" "Mozilla/5.0 (iPhone; CPU iPhone OS 6_1_3 like Mac OS X) AppleWebKit/536.26 (KHTML, like Gecko) Version/6.0 Mobile/10B329 Safari/8536.25"
108.72.48.35 - - [05/Aug/2013:02:24:26 -0400] "GET /css/loading.gif HTTP/1.1" 200 1737 "http://www.judgepenny.com/" "Mozilla/5.0 (iPhone; CPU iPhone OS 6_1_3 like Mac OS X) AppleWebKit/536.26 (KHTML, like Gecko) Version/6.0 Mobile/10B329 Safari/8536.25"
108.72.48.35 - - [05/Aug/2013:02:24:26 -0400] "GET /images/h-left.png HTTP/1.1" 200 137 "http://www.judgepenny.com/" "Mozilla/5.0 (iPhone; CPU iPhone OS 6_1_3 like Mac OS X) AppleWebKit/536.26 (KHTML, like Gecko) Version/6.0 Mobile/10B329 Safari/8536.25"
108.72.48.35 - - [05/Aug/2013:02:24:26 -0400] "GET /images/side-bg.png HTTP/1.1" 200 168 "http://www.judgepenny.com/" "Mozilla/5.0 (iPhone; CPU iPhone OS 6_1_3 like Mac OS X) AppleWebKit/536.26 (KHTML, like Gecko) Version/6.0 Mobile/10B329 Safari/8536.25"
108.72.48.35 - - [05/Aug/2013:02:24:26 -0400] "GET /css/arrows.png HTTP/1.1" 200 824 "http://www.judgepenny.com/" "Mozilla/5.0 (iPhone; CPU iPhone OS 6_1_3 like Mac OS X) AppleWebKit/536.26 (KHTML, like Gecko) Version/6.0 Mobile/10B329 Safari/8536.25"
108.72.48.35 - - [05/Aug/2013:02:24:26 -0400] "GET /css/bullets.png HTTP/1.1" 200 1281 "http://www.judgepenny.com/" "Mozilla/5.0 (iPhone; CPU iPhone OS 6_1_3 like Mac OS X) AppleWebKit/536.26 (KHTML, like Gecko) Version/6.0 Mobile/10B329 Safari/8536.25"
108.72.48.35 - - [05/Aug/2013:02:24:26 -0400] "GET /images/mail-div.png HTTP/1.1" 200 1078 "http://www.judgepenny.com/" "Mozilla/5.0 (iPhone; CPU iPhone OS 6_1_3 like Mac OS X) AppleWebKit/536.26 (KHTML, like Gecko) Version/6.0 Mobile/10B329 Safari/8536.25"
108.72.48.35 - - [05/Aug/2013:02:24:26 -0400] "GET /images/h-right.png HTTP/1.1" 200 279 "http://www.judgepenny.com/" "Mozilla/5.0 (iPhone; CPU iPhone OS 6_1_3 like Mac OS X) AppleWebKit/536.26 (KHTML, like Gecko) Version/6.0 Mobile/10B329 Safari/8536.25"
108.72.48.35 - - [05/Aug/2013:02:24:26 -0400] "GET /images/m-center.png HTTP/1.1" 200 191 "http://www.judgepenny.com/" "Mozilla/5.0 (iPhone; CPU iPhone OS 6_1_3 like Mac OS X) AppleWebKit/536.26 (KHTML, like Gecko) Version/6.0 Mobile/10B329 Safari/8536.25"
108.72.48.35 - - [05/Aug/2013:02:24:26 -0400] "GET /images/m-btm.png HTTP/1.1" 200 741 "http://www.judgepenny.com/" "Mozilla/5.0 (iPhone; CPU iPhone OS 6_1_3 like Mac OS X) AppleWebKit/536.26 (KHTML, like Gecko) Version/6.0 Mobile/10B329 Safari/8536.25"
108.72.48.35 - - [05/Aug/2013:02:24:26 -0400] "GET /images/m-top.png HTTP/1.1" 200 574 "http://www.judgepenny.com/" "Mozilla/5.0 (iPhone; CPU iPhone OS 6_1_3 like Mac OS X) AppleWebKit/536.26 (KHTML, like Gecko) Version/6.0 Mobile/10B329 Safari/8536.25"
108.72.48.35 - - [05/Aug/2013:02:24:26 -0400] "GET /images/seprator.png HTTP/1.1" 200 429 "http://www.judgepenny.com/" "Mozilla/5.0 (iPhone; CPU iPhone OS 6_1_3 like Mac OS X) AppleWebKit/536.26 (KHTML, like Gecko) Version/6.0 Mobile/10B329 Safari/8536.25"
108.72.48.35 - - [05/Aug/2013:02:24:26 -0400] "GET /images/ftr-bg.png HTTP/1.1" 200 198 "http://www.judgepenny.com/" "Mozilla/5.0 (iPhone; CPU iPhone OS 6_1_3 like Mac OS X) AppleWebKit/536.26 (KHTML, like Gecko) Version/6.0 Mobile/10B329 Safari/8536.25"
173.199.114.51 - - [05/Aug/2013:02:36:52 -0400] "GET /shopping.php HTTP/1.1" 200 8086 "-" "Mozilla/5.0 (compatible; AhrefsBot/4.0; +http://ahrefs.com/robot/)"
213.110.133.221 - - [05/Aug/2013:02:38:05 -0400] "GET / HTTP/1.1" 200 8953 "http://www.fotopostapp.com/" "Mozilla/4.0 (compatible; Blog Search;)"
213.110.133.221 - - [05/Aug/2013:02:38:03 -0400] "GET / HTTP/1.1" 200 8953 "http://www.fotopostapp.com/" "Mozilla/4.0 (compatible; Blog Search;)"
208.115.113.86 - - [05/Aug/2013:03:04:40 -0400] "GET /judge-penny-foundation.php HTTP/1.1" 200 7746 "-" "Mozilla/5.0 (compatible; Ezooms/1.0; ezooms.bot@gmail.com)"
178.154.243.82 - - [05/Aug/2013:03:35:40 -0400] "GET /images/main-btm.png HTTP/1.1" 200 398 "-" "Mozilla/5.0 (compatible; YandexImages/3.0; +http://yandex.com/bots)"
208.177.76.10 - - [05/Aug/2013:04:38:37 -0400] "GET /judge-penny-story.php HTTP/1.0" 200 13963 "http://www.judgepenny.com/judge-penny-story.php" "Mozilla/5.0 (Windows NT 6.1) AppleWebKit/535.19 (KHTML, like Gecko) Chrome/18.0.1025.1634 Safari/535.19 YI"
173.199.114.51 - - [05/Aug/2013:04:39:20 -0400] "GET /penny-for-your-thoughts_howdoIdealwithanoutofcontrol.php HTTP/1.1" 200 8668 "-" "Mozilla/5.0 (compatible; AhrefsBot/4.0; +http://ahrefs.com/robot/)"
173.199.114.51 - - [05/Aug/2013:05:15:14 -0400] "GET /judge-penny-story.php HTTP/1.1" 200 13963 "-" "Mozilla/5.0 (compatible; AhrefsBot/4.0; +http://ahrefs.com/robot/)"
46.229.164.98 - - [05/Aug/2013:05:27:16 -0400] "GET / HTTP/1.1" 200 8953 "-" "Mozilla/5.0 (compatible; SemrushBot/0.96.4; +http://www.semrush.com/bot.html)"
157.55.32.143 - - [05/Aug/2013:05:28:02 -0400] "GET /robots.txt HTTP/1.1" 404 575 "-" "Mozilla/5.0 (compatible; bingbot/2.0; +http://www.bing.com/bingbot.htm)"
157.55.32.143 - - [05/Aug/2013:05:29:11 -0400] "GET /shopping.html HTTP/1.1" 404 575 "-" "Mozilla/5.0 (compatible; bingbot/2.0; +http://www.bing.com/bingbot.htm)"
46.229.164.100 - - [05/Aug/2013:05:29:50 -0400] "GET / HTTP/1.1" 200 8953 "-" "Mozilla/5.0 (compatible; SemrushBot/0.96.4; +http://www.semrush.com/bot.html)"
178.154.243.82 - - [05/Aug/2013:06:12:21 -0400] "GET /images/m-top.png HTTP/1.1" 304 - "-" "Mozilla/5.0 (compatible; YandexImages/3.0; +http://yandex.com/bots)"
208.115.113.86 - - [05/Aug/2013:06:19:12 -0400] "GET /robots.txt HTTP/1.1" 404 575 "-" "Mozilla/5.0 (compatible; Ezooms/1.0; ezooms.bot@gmail.com)"
46.118.152.23 - - [05/Aug/2013:06:25:34 -0400] "GET / HTTP/1.1" 200 8953 "http://remont-fridge-tv.ru/" "Mozilla/4.0 (compatible; MSIE 6.0; Windows NT 5.2; SV1; .NET CLR 1.1.4322; .NET CLR 2.0.50727)"
46.118.152.23 - - [05/Aug/2013:06:25:34 -0400] "GET / HTTP/1.1" 200 8953 "http://usakanler.net/" "Mozilla/4.0 (compatible; MSIE 6.0; Windows NT 5.2; SV1; .NET CLR 1.1.4322; .NET CLR 2.0.50727)"
46.118.152.23 - - [05/Aug/2013:06:25:35 -0400] "GET / HTTP/1.1" 200 8953 "http://remont-fridge-tv.ru/" "Mozilla/4.0 (compatible; MSIE 6.0; Windows NT 5.2; SV1; .NET CLR 1.1.4322; .NET CLR 2.0.50727)"
46.118.152.23 - - [05/Aug/2013:06:25:36 -0400] "GET / HTTP/1.1" 200 8953 "http://remont-fridge-tv.ru/" "Mozilla/4.0 (compatible; MSIE 6.0; Windows NT 5.2; SV1; .NET CLR 1.1.4322; .NET CLR 2.0.50727)"
46.118.152.23 - - [05/Aug/2013:06:25:36 -0400] "GET / HTTP/1.1" 200 8953 "http://usakanler.net/" "Mozilla/4.0 (compatible; MSIE 6.0; Windows NT 5.2; SV1; .NET CLR 1.1.4322; .NET CLR 2.0.50727)"
46.118.152.23 - - [05/Aug/2013:06:25:37 -0400] "GET / HTTP/1.1" 200 8953 "http://usakanler.net/" "Mozilla/4.0 (compatible; MSIE 6.0; Windows NT 5.2; SV1; .NET CLR 1.1.4322; .NET CLR 2.0.50727)"
208.115.113.86 - - [05/Aug/2013:07:13:05 -0400] "GET /video-clips.php HTTP/1.1" 200 7451 "-" "Mozilla/5.0 (compatible; Ezooms/1.0; ezooms.bot@gmail.com)"
173.199.114.51 - - [05/Aug/2013:07:14:30 -0400] "GET /penny-for-your-thoughts.php HTTP/1.1" 200 11765 "-" "Mozilla/5.0 (compatible; AhrefsBot/4.0; +http://ahrefs.com/robot/)"
173.199.114.51 - - [05/Aug/2013:07:19:22 -0400] "GET /biography.php HTTP/1.1" 200 9590 "-" "Mozilla/5.0 (compatible; AhrefsBot/4.0; +http://ahrefs.com/robot/)"
178.154.243.82 - - [05/Aug/2013:07:25:10 -0400] "GET /images/linked-in.png HTTP/1.1" 304 - "-" "Mozilla/5.0 (compatible; YandexImages/3.0; +http://yandex.com/bots)"
157.55.35.112 - - [05/Aug/2013:07:32:56 -0400] "GET /robots.txt HTTP/1.1" 404 575 "-" "Mozilla/5.0 (compatible; bingbot/2.0; +http://www.bing.com/bingbot.htm)"
157.55.35.112 - - [05/Aug/2013:07:34:13 -0400] "GET / HTTP/1.1" 200 8953 "-" "Mozilla/5.0 (compatible; bingbot/2.0; +http://www.bing.com/bingbot.htm)"
157.55.35.112 - - [05/Aug/2013:08:58:08 -0400] "GET / HTTP/1.1" 200 8953 "-" "Mozilla/5.0 (compatible; bingbot/2.0; +http://www.bing.com/bingbot.htm)"
157.55.35.112 - - [05/Aug/2013:08:58:17 -0400] "GET /css/nivo-slider.css HTTP/1.1" 200 1430 "-" "Mozilla/5.0 (compatible; bingbot/2.0; +http://www.bing.com/bingbot.htm)"
157.55.35.112 - - [05/Aug/2013:08:58:18 -0400] "GET /css/style.css HTTP/1.1" 200 9522 "-" "Mozilla/5.0 (compatible; bingbot/2.0; +http://www.bing.com/bingbot.htm)"
178.154.243.82 - - [05/Aug/2013:09:04:30 -0400] "GET /images/s-menu-b.png HTTP/1.1" 304 - "-" "Mozilla/5.0 (compatible; YandexImages/3.0; +http://yandex.com/bots)"
180.76.5.7 - - [05/Aug/2013:09:33:12 -0400] "GET /events.php HTTP/1.1" 200 8644 "-" "Mozilla/5.0 (compatible; Baiduspider/2.0; +http://www.baidu.com/search/spider.html)"
173.199.114.51 - - [05/Aug/2013:10:07:35 -0400] "GET /press-room.php HTTP/1.1" 200 6775 "-" "Mozilla/5.0 (compatible; AhrefsBot/4.0; +http://ahrefs.com/robot/)"
173.199.114.51 - - [05/Aug/2013:11:09:18 -0400] "GET /index.html HTTP/1.1" 404 575 "-" "Mozilla/5.0 (compatible; AhrefsBot/4.0; +http://ahrefs.com/robot/)"
173.199.114.51 - - [05/Aug/2013:11:13:22 -0400] "GET /emailsubs.php HTTP/1.1" 302 - "-" "Mozilla/5.0 (compatible; AhrefsBot/4.0; +http://ahrefs.com/robot/)"
66.249.75.108 - - [05/Aug/2013:12:21:56 -0400] "GET /robots.txt HTTP/1.1" 404 575 "-" "Mozilla/5.0 (compatible; Googlebot/2.1; +http://www.google.com/bot.html)"
66.249.75.108 - - [05/Aug/2013:12:21:56 -0400] "GET /judge-penny-story.php HTTP/1.1" 200 13963 "-" "Mozilla/5.0 (compatible; Googlebot/2.1; +http://www.google.com/bot.html)"
178.154.243.82 - - [05/Aug/2013:12:22:49 -0400] "GET /images/m-btm.png HTTP/1.1" 304 - "-" "Mozilla/5.0 (compatible; YandexImages/3.0; +http://yandex.com/bots)"
199.19.251.18 - - [05/Aug/2013:12:29:35 -0400] "GET / HTTP/1.1" 302 360 "http://www.google.com/search?q=judge+penny+brown+reynolds&oq=judge+penny+bro&gs_l=heirloom-serp.3.0.0l8.1922.4312.0.5578.15.11.0.4.4.0.125.609.10j1.11.0....0...1ac.1.23.heirloom-serp..0.15.640.Y4-fvFDuWYc" "Mozilla/4.0 (compatible; MSIE 7.0; Windows NT 5.1; .NET CLR 2.0.50727; .NET CLR 3.0.4506.2152; .NET CLR 3.5.30729; .NET CLR 1.1.4322; .NET4.0C; .NET4.0E)"
70.189.181.239 - - [05/Aug/2013:12:32:30 -0400] "GET / HTTP/1.1" 200 8953 "-" "Mozilla/5.0 (iPhone; CPU iPhone OS 6_1_4 like Mac OS X) AppleWebKit/536.26 (KHTML, like Gecko) Version/6.0 Mobile/10B350 Safari/8536.25"
70.189.181.239 - - [05/Aug/2013:12:32:31 -0400] "GET /css/style.css HTTP/1.1" 200 9522 "http://www.judgepenny.com/" "Mozilla/5.0 (iPhone; CPU iPhone OS 6_1_4 like Mac OS X) AppleWebKit/536.26 (KHTML, like Gecko) Version/6.0 Mobile/10B350 Safari/8536.25"
70.189.181.239 - - [05/Aug/2013:12:32:31 -0400] "GET /videos/jwplayer.js HTTP/1.1" 200 133009 "http://www.judgepenny.com/" "Mozilla/5.0 (iPhone; CPU iPhone OS 6_1_4 like Mac OS X) AppleWebKit/536.26 (KHTML, like Gecko) Version/6.0 Mobile/10B350 Safari/8536.25"
70.189.181.239 - - [05/Aug/2013:12:32:31 -0400] "GET /css/nivo-slider.css HTTP/1.1" 200 1430 "http://www.judgepenny.com/" "Mozilla/5.0 (iPhone; CPU iPhone OS 6_1_4 like Mac OS X) AppleWebKit/536.26 (KHTML, like Gecko) Version/6.0 Mobile/10B350 Safari/8536.25"
70.189.181.239 - - [05/Aug/2013:12:32:31 -0400] "GET /slide-style.css HTTP/1.1" 404 575 "http://www.judgepenny.com/" "Mozilla/5.0 (iPhone; CPU iPhone OS 6_1_4 like Mac OS X) AppleWebKit/536.26 (KHTML, like Gecko) Version/6.0 Mobile/10B350 Safari/8536.25"
70.189.181.239 - - [05/Aug/2013:12:32:31 -0400] "GET /css/default.css HTTP/1.1" 200 1295 "http://www.judgepenny.com/" "Mozilla/5.0 (iPhone; CPU iPhone OS 6_1_4 like Mac OS X) AppleWebKit/536.26 (KHTML, like Gecko) Version/6.0 Mobile/10B350 Safari/8536.25"
70.189.181.239 - - [05/Aug/2013:12:32:31 -0400] "GET /js/jquery.nivo.slider.pack.js HTTP/1.1" 200 15854 "http://www.judgepenny.com/" "Mozilla/5.0 (iPhone; CPU iPhone OS 6_1_4 like Mac OS X) AppleWebKit/536.26 (KHTML, like Gecko) Version/6.0 Mobile/10B350 Safari/8536.25"
70.189.181.239 - - [05/Aug/2013:12:32:31 -0400] "GET /images/facebook.png HTTP/1.1" 200 2371 "http://www.judgepenny.com/" "Mozilla/5.0 (iPhone; CPU iPhone OS 6_1_4 like Mac OS X) AppleWebKit/536.26 (KHTML, like Gecko) Version/6.0 Mobile/10B350 Safari/8536.25"
70.189.181.239 - - [05/Aug/2013:12:32:31 -0400] "GET /slideshow/images/book.jpg HTTP/1.1" 200 132593 "http://www.judgepenny.com/" "Mozilla/5.0 (iPhone; CPU iPhone OS 6_1_4 like Mac OS X) AppleWebKit/536.26 (KHTML, like Gecko) Version/6.0 Mobile/10B350 Safari/8536.25"
70.189.181.239 - - [05/Aug/2013:12:32:31 -0400] "GET /images/twitter.png HTTP/1.1" 200 2703 "http://www.judgepenny.com/" "Mozilla/5.0 (iPhone; CPU iPhone OS 6_1_4 like Mac OS X) AppleWebKit/536.26 (KHTML, like Gecko) Version/6.0 Mobile/10B350 Safari/8536.25"
70.189.181.239 - - [05/Aug/2013:12:32:31 -0400] "GET /slideshow/images/judge_penny_self_worth.jpg HTTP/1.1" 200 129594 "http://www.judgepenny.com/" "Mozilla/5.0 (iPhone; CPU iPhone OS 6_1_4 like Mac OS X) AppleWebKit/536.26 (KHTML, like Gecko) Version/6.0 Mobile/10B350 Safari/8536.25"
70.189.181.239 - - [05/Aug/2013:12:32:31 -0400] "GET /images/judge-jenny.png HTTP/1.1" 200 28663 "http://www.judgepenny.com/" "Mozilla/5.0 (iPhone; CPU iPhone OS 6_1_4 like Mac OS X) AppleWebKit/536.26 (KHTML, like Gecko) Version/6.0 Mobile/10B350 Safari/8536.25"
70.189.181.239 - - [05/Aug/2013:12:32:31 -0400] "GET /images/you-tube.png HTTP/1.1" 200 3090 "http://www.judgepenny.com/" "Mozilla/5.0 (iPhone; CPU iPhone OS 6_1_4 like Mac OS X) AppleWebKit/536.26 (KHTML, like Gecko) Version/6.0 Mobile/10B350 Safari/8536.25"
70.189.181.239 - - [05/Aug/2013:12:32:31 -0400] "GET /images/seprator.png HTTP/1.1" 200 429 "http://www.judgepenny.com/" "Mozilla/5.0 (iPhone; CPU iPhone OS 6_1_4 like Mac OS X) AppleWebKit/536.26 (KHTML, like Gecko) Version/6.0 Mobile/10B350 Safari/8536.25"
70.189.181.239 - - [05/Aug/2013:12:32:31 -0400] "GET /css/loading.gif HTTP/1.1" 200 1737 "http://www.judgepenny.com/" "Mozilla/5.0 (iPhone; CPU iPhone OS 6_1_4 like Mac OS X) AppleWebKit/536.26 (KHTML, like Gecko) Version/6.0 Mobile/10B350 Safari/8536.25"
70.189.181.239 - - [05/Aug/2013:12:32:31 -0400] "GET /images/linked-in.png HTTP/1.1" 200 2575 "http://www.judgepenny.com/" "Mozilla/5.0 (iPhone; CPU iPhone OS 6_1_4 like Mac OS X) AppleWebKit/536.26 (KHTML, like Gecko) Version/6.0 Mobile/10B350 Safari/8536.25"
70.189.181.239 - - [05/Aug/2013:12:32:31 -0400] "GET /images/m-btm.png HTTP/1.1" 200 741 "http://www.judgepenny.com/" "Mozilla/5.0 (iPhone; CPU iPhone OS 6_1_4 like Mac OS X) AppleWebKit/536.26 (KHTML, like Gecko) Version/6.0 Mobile/10B350 Safari/8536.25"
70.189.181.239 - - [05/Aug/2013:12:32:31 -0400] "GET /images/bg.jpg HTTP/1.1" 200 71900 "http://www.judgepenny.com/" "Mozilla/5.0 (iPhone; CPU iPhone OS 6_1_4 like Mac OS X) AppleWebKit/536.26 (KHTML, like Gecko) Version/6.0 Mobile/10B350 Safari/8536.25"
70.189.181.239 - - [05/Aug/2013:12:32:31 -0400] "GET /slideshow/images/judge_penny_speaking_request.png HTTP/1.1" 200 291884 "http://www.judgepenny.com/" "Mozilla/5.0 (iPhone; CPU iPhone OS 6_1_4 like Mac OS X) AppleWebKit/536.26 (KHTML, like Gecko) Version/6.0 Mobile/10B350 Safari/8536.25"
70.189.181.239 - - [05/Aug/2013:12:32:32 -0400] "GET /css/arrows.png HTTP/1.1" 200 824 "http://www.judgepenny.com/" "Mozilla/5.0 (iPhone; CPU iPhone OS 6_1_4 like Mac OS X) AppleWebKit/536.26 (KHTML, like Gecko) Version/6.0 Mobile/10B350 Safari/8536.25"
70.189.181.239 - - [05/Aug/2013:12:32:32 -0400] "GET /images/side-bg.png HTTP/1.1" 200 168 "http://www.judgepenny.com/" "Mozilla/5.0 (iPhone; CPU iPhone OS 6_1_4 like Mac OS X) AppleWebKit/536.26 (KHTML, like Gecko) Version/6.0 Mobile/10B350 Safari/8536.25"
70.189.181.239 - - [05/Aug/2013:12:32:32 -0400] "GET /images/h-right.png HTTP/1.1" 200 279 "http://www.judgepenny.com/" "Mozilla/5.0 (iPhone; CPU iPhone OS 6_1_4 like Mac OS X) AppleWebKit/536.26 (KHTML, like Gecko) Version/6.0 Mobile/10B350 Safari/8536.25"
70.189.181.239 - - [05/Aug/2013:12:32:32 -0400] "GET /css/bullets.png HTTP/1.1" 200 1281 "http://www.judgepenny.com/" "Mozilla/5.0 (iPhone; CPU iPhone OS 6_1_4 like Mac OS X) AppleWebKit/536.26 (KHTML, like Gecko) Version/6.0 Mobile/10B350 Safari/8536.25"
70.189.181.239 - - [05/Aug/2013:12:32:32 -0400] "GET /images/s-btm.png HTTP/1.1" 200 605 "http://www.judgepenny.com/" "Mozilla/5.0 (iPhone; CPU iPhone OS 6_1_4 like Mac OS X) AppleWebKit/536.26 (KHTML, like Gecko) Version/6.0 Mobile/10B350 Safari/8536.25"
70.189.181.239 - - [05/Aug/2013:12:32:32 -0400] "GET /images/s-top.png HTTP/1.1" 200 440 "http://www.judgepenny.com/" "Mozilla/5.0 (iPhone; CPU iPhone OS 6_1_4 like Mac OS X) AppleWebKit/536.26 (KHTML, like Gecko) Version/6.0 Mobile/10B350 Safari/8536.25"
70.189.181.239 - - [05/Aug/2013:12:32:32 -0400] "GET /images/h-left.png HTTP/1.1" 200 137 "http://www.judgepenny.com/" "Mozilla/5.0 (iPhone; CPU iPhone OS 6_1_4 like Mac OS X) AppleWebKit/536.26 (KHTML, like Gecko) Version/6.0 Mobile/10B350 Safari/8536.25"
70.189.181.239 - - [05/Aug/2013:12:32:32 -0400] "GET /slideshow/images/judge_penny_the_judge.jpg HTTP/1.1" 200 151096 "http://www.judgepenny.com/" "Mozilla/5.0 (iPhone; CPU iPhone OS 6_1_4 like Mac OS X) AppleWebKit/536.26 (KHTML, like Gecko) Version/6.0 Mobile/10B350 Safari/8536.25"
70.189.181.239 - - [05/Aug/2013:12:32:32 -0400] "GET /slideshow/images/judge_penny_foundation.jpg HTTP/1.1" 200 175194 "http://www.judgepenny.com/" "Mozilla/5.0 (iPhone; CPU iPhone OS 6_1_4 like Mac OS X) AppleWebKit/536.26 (KHTML, like Gecko) Version/6.0 Mobile/10B350 Safari/8536.25"
70.189.181.239 - - [05/Aug/2013:12:32:32 -0400] "GET /images/m-top.png HTTP/1.1" 200 574 "http://www.judgepenny.com/" "Mozilla/5.0 (iPhone; CPU iPhone OS 6_1_4 like Mac OS X) AppleWebKit/536.26 (KHTML, like Gecko) Version/6.0 Mobile/10B350 Safari/8536.25"
70.189.181.239 - - [05/Aug/2013:12:32:32 -0400] "GET /slideshow/images/judge_penny_opportunity.jpg HTTP/1.1" 200 99540 "http://www.judgepenny.com/" "Mozilla/5.0 (iPhone; CPU iPhone OS 6_1_4 like Mac OS X) AppleWebKit/536.26 (KHTML, like Gecko) Version/6.0 Mobile/10B350 Safari/8536.25"
70.189.181.239 - - [05/Aug/2013:12:32:32 -0400] "GET /images/jenny-header.png HTTP/1.1" 200 69160 "http://www.judgepenny.com/" "Mozilla/5.0 (iPhone; CPU iPhone OS 6_1_4 like Mac OS X) AppleWebKit/536.26 (KHTML, like Gecko) Version/6.0 Mobile/10B350 Safari/8536.25"
70.189.181.239 - - [05/Aug/2013:12:32:34 -0400] "GET /images/ftr-bg.png HTTP/1.1" 200 198 "http://www.judgepenny.com/" "Mozilla/5.0 (iPhone; CPU iPhone OS 6_1_4 like Mac OS X) AppleWebKit/536.26 (KHTML, like Gecko) Version/6.0 Mobile/10B350 Safari/8536.25"
66.249.75.108 - - [05/Aug/2013:12:33:29 -0400] "GET /css/default.css HTTP/1.1" 200 1295 "-" "Mozilla/5.0 (compatible; Googlebot/2.1; +http://www.google.com/bot.html)"
66.249.75.108 - - [05/Aug/2013:12:33:31 -0400] "GET /css/style.css HTTP/1.1" 200 9522 "-" "Mozilla/5.0 (compatible; Googlebot/2.1; +http://www.google.com/bot.html)"
173.199.114.51 - - [05/Aug/2013:12:41:59 -0400] "GET /penny-for-your-thoughts_howtowalkawayfromabadrelationship.php HTTP/1.1" 200 7498 "-" "Mozilla/5.0 (compatible; AhrefsBot/4.0; +http://ahrefs.com/robot/)"
92.249.127.111 - - [05/Aug/2013:14:03:03 -0400] "GET / HTTP/1.1" 200 8953 "http://toureseme.net/" "Mozilla/5.0 (compatible; news bot /2.1)"
92.249.127.111 - - [05/Aug/2013:14:03:04 -0400] "GET / HTTP/1.1" 200 8953 "http://toureseme.net/" "Mozilla/5.0 (compatible; news bot /2.1)"
92.249.127.111 - - [05/Aug/2013:14:03:05 -0400] "GET / HTTP/1.1" 200 8953 "http://toureseme.net/" "Mozilla/5.0 (compatible; news bot /2.1)"
208.115.113.86 - - [05/Aug/2013:14:18:41 -0400] "GET /robots.txt HTTP/1.1" 404 575 "-" "Mozilla/5.0 (compatible; Ezooms/1.0; ezooms.bot@gmail.com)"
65.55.215.110 - - [05/Aug/2013:14:41:03 -0400] "GET /robots.txt HTTP/1.1" 404 575 "-" "msnbot-media/1.1 (+http://search.msn.com/msnbot.htm)"
65.55.215.110 - - [05/Aug/2013:14:41:03 -0400] "GET /images/s-menu-b.png HTTP/1.1" 200 334 "-" "msnbot-media/1.1 (+http://search.msn.com/msnbot.htm)"
216.54.92.23 - - [05/Aug/2013:14:43:43 -0400] "GET /biography.php HTTP/1.1" 302 397 "http://www.bing.com/search?q=judge+biography&src=IE-SearchBox&FORM=IE8SRC" "Mozilla/4.0 (compatible; MSIE 8.0; Windows NT 6.1; WOW64; Trident/4.0; SLCC2; .NET CLR 2.0.50727; .NET CLR 3.5.30729; .NET CLR 3.0.30729; Media Center PC 6.0)"
208.115.113.86 - - [05/Aug/2013:15:04:46 -0400] "GET /contact.php HTTP/1.1" 200 6149 "-" "Mozilla/5.0 (compatible; Ezooms/1.0; ezooms.bot@gmail.com)"
157.55.35.112 - - [05/Aug/2013:15:28:40 -0400] "GET /robots.txt HTTP/1.1" 404 575 "-" "Mozilla/5.0 (compatible; bingbot/2.0; +http://www.bing.com/bingbot.htm)"
157.55.35.112 - - [05/Aug/2013:15:29:08 -0400] "GET / HTTP/1.1" 200 8953 "-" "Mozilla/5.0 (compatible; bingbot/2.0; +http://www.bing.com/bingbot.htm)"
66.249.75.108 - - [05/Aug/2013:15:55:07 -0400] "GET /penny-for-your-thoughts_whattodowhenyouloseyourjob.php HTTP/1.1" 200 9678 "-" "Mozilla/5.0 (compatible; Googlebot/2.1; +http://www.google.com/bot.html)"
157.55.35.112 - - [05/Aug/2013:15:55:23 -0400] "GET /robots.txt HTTP/1.1" 404 575 "-" "Mozilla/5.0 (compatible; bingbot/2.0; +http://www.bing.com/bingbot.htm)"
157.55.35.112 - - [05/Aug/2013:15:57:18 -0400] "GET / HTTP/1.1" 200 8953 "-" "Mozilla/5.0 (compatible; bingbot/2.0; +http://www.bing.com/bingbot.htm)"
208.115.111.70 - - [05/Aug/2013:16:20:46 -0400] "GET /robots.txt HTTP/1.1" 404 575 "-" "Mozilla/5.0 (compatible; Ezooms/1.0; ezooms.bot@gmail.com)"
178.154.243.82 - - [05/Aug/2013:16:59:51 -0400] "GET /images/m-top.png HTTP/1.1" 304 - "-" "Mozilla/5.0 (compatible; YandexImages/3.0; +http://yandex.com/bots)"
208.115.111.70 - - [05/Aug/2013:17:05:14 -0400] "GET /judge-penny-story.php HTTP/1.1" 200 13963 "-" "Mozilla/5.0 (compatible; Ezooms/1.0; ezooms.bot@gmail.com)"
208.115.111.70 - - [05/Aug/2013:17:05:17 -0400] "GET /events.php HTTP/1.1" 200 8644 "-" "Mozilla/5.0 (compatible; Ezooms/1.0; ezooms.bot@gmail.com)"
74.103.195.201 - - [05/Aug/2013:17:16:45 -0400] "GET /images/advice.jpg HTTP/1.1" 200 51293 "http://www.google.com/search?q=how+do+i+walk+away+from+someone+i+love&client=ms-android-metropcs-us&hl=en&source=android-browser-type&v=134000000&source=lnms&tbm=isch&sa=X&ei=txUAUpXeBK3l4AOs6YHoCQ&ved=0CAcQ_AUoAQ&biw=320&bih=455" "Mozilla/5.0 (Linux; U; Android 2.3.6; en-us; SCH-R820 Build/GINGERBREAD) AppleWebKit/533.1 (KHTML, like Gecko) Version/4.0 Mobile Safari/533.1"
173.199.114.51 - - [05/Aug/2013:17:23:41 -0400] "GET /index.php?blank_email HTTP/1.1" 200 8953 "-" "Mozilla/5.0 (compatible; AhrefsBot/4.0; +http://ahrefs.com/robot/)"
12.173.76.162 - - [05/Aug/2013:17:35:40 -0400] "GET / HTTP/1.1" 200 8953 "https://www.google.com/" "Mozilla/5.0 (Windows NT 6.1; WOW64) AppleWebKit/537.36 (KHTML, like Gecko) Chrome/28.0.1500.95 Safari/537.36"
12.173.76.162 - - [05/Aug/2013:17:35:40 -0400] "GET /css/style.css HTTP/1.1" 200 9522 "http://www.judgepenny.com/" "Mozilla/5.0 (Windows NT 6.1; WOW64) AppleWebKit/537.36 (KHTML, like Gecko) Chrome/28.0.1500.95 Safari/537.36"
12.173.76.162 - - [05/Aug/2013:17:35:40 -0400] "GET /slide-style.css HTTP/1.1" 404 575 "http://www.judgepenny.com/" "Mozilla/5.0 (Windows NT 6.1; WOW64) AppleWebKit/537.36 (KHTML, like Gecko) Chrome/28.0.1500.95 Safari/537.36"
12.173.76.162 - - [05/Aug/2013:17:35:40 -0400] "GET /css/default.css HTTP/1.1" 200 1295 "http://www.judgepenny.com/" "Mozilla/5.0 (Windows NT 6.1; WOW64) AppleWebKit/537.36 (KHTML, like Gecko) Chrome/28.0.1500.95 Safari/537.36"
12.173.76.162 - - [05/Aug/2013:17:35:40 -0400] "GET /videos/jwplayer.js HTTP/1.1" 200 133009 "http://www.judgepenny.com/" "Mozilla/5.0 (Windows NT 6.1; WOW64) AppleWebKit/537.36 (KHTML, like Gecko) Chrome/28.0.1500.95 Safari/537.36"
12.173.76.162 - - [05/Aug/2013:17:35:40 -0400] "GET /css/nivo-slider.css HTTP/1.1" 200 1430 "http://www.judgepenny.com/" "Mozilla/5.0 (Windows NT 6.1; WOW64) AppleWebKit/537.36 (KHTML, like Gecko) Chrome/28.0.1500.95 Safari/537.36"
12.173.76.162 - - [05/Aug/2013:17:35:40 -0400] "GET /js/jquery.nivo.slider.pack.js HTTP/1.1" 200 15854 "http://www.judgepenny.com/" "Mozilla/5.0 (Windows NT 6.1; WOW64) AppleWebKit/537.36 (KHTML, like Gecko) Chrome/28.0.1500.95 Safari/537.36"
12.173.76.162 - - [05/Aug/2013:17:35:50 -0400] "GET /images/judge-jenny.png HTTP/1.1" 200 28663 "http://www.judgepenny.com/" "Mozilla/5.0 (Windows NT 6.1; WOW64) AppleWebKit/537.36 (KHTML, like Gecko) Chrome/28.0.1500.95 Safari/537.36"
12.173.76.162 - - [05/Aug/2013:17:35:50 -0400] "GET /images/twitter.png HTTP/1.1" 200 2703 "http://www.judgepenny.com/" "Mozilla/5.0 (Windows NT 6.1; WOW64) AppleWebKit/537.36 (KHTML, like Gecko) Chrome/28.0.1500.95 Safari/537.36"
12.173.76.162 - - [05/Aug/2013:17:35:50 -0400] "GET /images/facebook.png HTTP/1.1" 200 2371 "http://www.judgepenny.com/" "Mozilla/5.0 (Windows NT 6.1; WOW64) AppleWebKit/537.36 (KHTML, like Gecko) Chrome/28.0.1500.95 Safari/537.36"
12.173.76.162 - - [05/Aug/2013:17:35:50 -0400] "GET /images/you-tube.png HTTP/1.1" 200 3090 "http://www.judgepenny.com/" "Mozilla/5.0 (Windows NT 6.1; WOW64) AppleWebKit/537.36 (KHTML, like Gecko) Chrome/28.0.1500.95 Safari/537.36"
12.173.76.162 - - [05/Aug/2013:17:35:50 -0400] "GET /images/linked-in.png HTTP/1.1" 200 2575 "http://www.judgepenny.com/" "Mozilla/5.0 (Windows NT 6.1; WOW64) AppleWebKit/537.36 (KHTML, like Gecko) Chrome/28.0.1500.95 Safari/537.36"
12.173.76.162 - - [05/Aug/2013:17:35:50 -0400] "GET /slideshow/images/book.jpg HTTP/1.1" 200 132593 "http://www.judgepenny.com/" "Mozilla/5.0 (Windows NT 6.1; WOW64) AppleWebKit/537.36 (KHTML, like Gecko) Chrome/28.0.1500.95 Safari/537.36"
12.173.76.162 - - [05/Aug/2013:17:35:50 -0400] "GET /images/bg.jpg HTTP/1.1" 200 71900 "http://www.judgepenny.com/" "Mozilla/5.0 (Windows NT 6.1; WOW64) AppleWebKit/537.36 (KHTML, like Gecko) Chrome/28.0.1500.95 Safari/537.36"
12.173.76.162 - - [05/Aug/2013:17:35:50 -0400] "GET /slideshow/images/judge_penny_foundation.jpg HTTP/1.1" 200 175194 "http://www.judgepenny.com/" "Mozilla/5.0 (Windows NT 6.1; WOW64) AppleWebKit/537.36 (KHTML, like Gecko) Chrome/28.0.1500.95 Safari/537.36"
12.173.76.162 - - [05/Aug/2013:17:35:50 -0400] "GET /images/jenny-header.png HTTP/1.1" 200 69160 "http://www.judgepenny.com/" "Mozilla/5.0 (Windows NT 6.1; WOW64) AppleWebKit/537.36 (KHTML, like Gecko) Chrome/28.0.1500.95 Safari/537.36"
12.173.76.162 - - [05/Aug/2013:17:35:50 -0400] "GET /slideshow/images/judge_penny_opportunity.jpg HTTP/1.1" 200 99540 "http://www.judgepenny.com/" "Mozilla/5.0 (Windows NT 6.1; WOW64) AppleWebKit/537.36 (KHTML, like Gecko) Chrome/28.0.1500.95 Safari/537.36"
12.173.76.162 - - [05/Aug/2013:17:35:50 -0400] "GET /images/seprator.png HTTP/1.1" 200 429 "http://www.judgepenny.com/" "Mozilla/5.0 (Windows NT 6.1; WOW64) AppleWebKit/537.36 (KHTML, like Gecko) Chrome/28.0.1500.95 Safari/537.36"
12.173.76.162 - - [05/Aug/2013:17:35:51 -0400] "GET /css/loading.gif HTTP/1.1" 200 1737 "http://www.judgepenny.com/" "Mozilla/5.0 (Windows NT 6.1; WOW64) AppleWebKit/537.36 (KHTML, like Gecko) Chrome/28.0.1500.95 Safari/537.36"
12.173.76.162 - - [05/Aug/2013:17:35:51 -0400] "GET /slideshow/images/judge_penny_the_judge.jpg HTTP/1.1" 200 151096 "http://www.judgepenny.com/" "Mozilla/5.0 (Windows NT 6.1; WOW64) AppleWebKit/537.36 (KHTML, like Gecko) Chrome/28.0.1500.95 Safari/537.36"
12.173.76.162 - - [05/Aug/2013:17:35:51 -0400] "GET /slideshow/images/judge_penny_self_worth.jpg HTTP/1.1" 200 129594 "http://www.judgepenny.com/" "Mozilla/5.0 (Windows NT 6.1; WOW64) AppleWebKit/537.36 (KHTML, like Gecko) Chrome/28.0.1500.95 Safari/537.36"
12.173.76.162 - - [05/Aug/2013:17:35:51 -0400] "GET /images/h-right.png HTTP/1.1" 200 279 "http://www.judgepenny.com/" "Mozilla/5.0 (Windows NT 6.1; WOW64) AppleWebKit/537.36 (KHTML, like Gecko) Chrome/28.0.1500.95 Safari/537.36"
12.173.76.162 - - [05/Aug/2013:17:35:51 -0400] "GET /images/h-left.png HTTP/1.1" 200 137 "http://www.judgepenny.com/" "Mozilla/5.0 (Windows NT 6.1; WOW64) AppleWebKit/537.36 (KHTML, like Gecko) Chrome/28.0.1500.95 Safari/537.36"
12.173.76.162 - - [05/Aug/2013:17:35:51 -0400] "GET /images/m-center.png HTTP/1.1" 200 191 "http://www.judgepenny.com/" "Mozilla/5.0 (Windows NT 6.1; WOW64) AppleWebKit/537.36 (KHTML, like Gecko) Chrome/28.0.1500.95 Safari/537.36"
12.173.76.162 - - [05/Aug/2013:17:35:51 -0400] "GET /images/mail-div.png HTTP/1.1" 200 1078 "http://www.judgepenny.com/" "Mozilla/5.0 (Windows NT 6.1; WOW64) AppleWebKit/537.36 (KHTML, like Gecko) Chrome/28.0.1500.95 Safari/537.36"
12.173.76.162 - - [05/Aug/2013:17:35:51 -0400] "GET /images/m-btm.png HTTP/1.1" 200 741 "http://www.judgepenny.com/" "Mozilla/5.0 (Windows NT 6.1; WOW64) AppleWebKit/537.36 (KHTML, like Gecko) Chrome/28.0.1500.95 Safari/537.36"
12.173.76.162 - - [05/Aug/2013:17:35:51 -0400] "GET /images/s-top.png HTTP/1.1" 200 440 "http://www.judgepenny.com/" "Mozilla/5.0 (Windows NT 6.1; WOW64) AppleWebKit/537.36 (KHTML, like Gecko) Chrome/28.0.1500.95 Safari/537.36"
12.173.76.162 - - [05/Aug/2013:17:35:51 -0400] "GET /images/side-bg.png HTTP/1.1" 200 168 "http://www.judgepenny.com/" "Mozilla/5.0 (Windows NT 6.1; WOW64) AppleWebKit/537.36 (KHTML, like Gecko) Chrome/28.0.1500.95 Safari/537.36"
12.173.76.162 - - [05/Aug/2013:17:35:51 -0400] "GET /images/s-btm.png HTTP/1.1" 200 605 "http://www.judgepenny.com/" "Mozilla/5.0 (Windows NT 6.1; WOW64) AppleWebKit/537.36 (KHTML, like Gecko) Chrome/28.0.1500.95 Safari/537.36"
12.173.76.162 - - [05/Aug/2013:17:35:51 -0400] "GET /images/ftr-bg.png HTTP/1.1" 200 198 "http://www.judgepenny.com/" "Mozilla/5.0 (Windows NT 6.1; WOW64) AppleWebKit/537.36 (KHTML, like Gecko) Chrome/28.0.1500.95 Safari/537.36"
12.173.76.162 - - [05/Aug/2013:17:35:51 -0400] "GET /css/arrows.png HTTP/1.1" 200 824 "http://www.judgepenny.com/" "Mozilla/5.0 (Windows NT 6.1; WOW64) AppleWebKit/537.36 (KHTML, like Gecko) Chrome/28.0.1500.95 Safari/537.36"
12.173.76.162 - - [05/Aug/2013:17:35:51 -0400] "GET /css/bullets.png HTTP/1.1" 200 1281 "http://www.judgepenny.com/" "Mozilla/5.0 (Windows NT 6.1; WOW64) AppleWebKit/537.36 (KHTML, like Gecko) Chrome/28.0.1500.95 Safari/537.36"
12.173.76.162 - - [05/Aug/2013:17:35:51 -0400] "GET /images/m-top.png HTTP/1.1" 200 574 "http://www.judgepenny.com/" "Mozilla/5.0 (Windows NT 6.1; WOW64) AppleWebKit/537.36 (KHTML, like Gecko) Chrome/28.0.1500.95 Safari/537.36"
12.173.76.162 - - [05/Aug/2013:17:35:51 -0400] "GET /slideshow/images/judge_penny_speaking_request.png HTTP/1.1" 200 291884 "http://www.judgepenny.com/" "Mozilla/5.0 (Windows NT 6.1; WOW64) AppleWebKit/537.36 (KHTML, like Gecko) Chrome/28.0.1500.95 Safari/537.36"
12.173.76.162 - - [05/Aug/2013:17:35:55 -0400] "GET /favicon.ico HTTP/1.1" 404 575 "-" "Mozilla/5.0 (Windows NT 6.1; WOW64) AppleWebKit/537.36 (KHTML, like Gecko) Chrome/28.0.1500.95 Safari/537.36"
12.173.76.162 - - [05/Aug/2013:17:35:55 -0400] "GET /index.php HTTP/1.1" 200 8953 "http://www.judgepenny.com/" "Mozilla/5.0 (Windows NT 6.1; WOW64) AppleWebKit/537.36 (KHTML, like Gecko) Chrome/28.0.1500.95 Safari/537.36"
12.173.76.162 - - [05/Aug/2013:17:35:56 -0400] "GET /slide-style.css HTTP/1.1" 404 575 "http://www.judgepenny.com/index.php" "Mozilla/5.0 (Windows NT 6.1; WOW64) AppleWebKit/537.36 (KHTML, like Gecko) Chrome/28.0.1500.95 Safari/537.36"
12.173.76.162 - - [05/Aug/2013:17:35:56 -0400] "GET /favicon.ico HTTP/1.1" 404 575 "-" "Mozilla/5.0 (Windows NT 6.1; WOW64) AppleWebKit/537.36 (KHTML, like Gecko) Chrome/28.0.1500.95 Safari/537.36"
12.173.76.162 - - [05/Aug/2013:17:36:03 -0400] "GET /biography.php HTTP/1.1" 200 9590 "http://www.judgepenny.com/index.php" "Mozilla/5.0 (Windows NT 6.1; WOW64) AppleWebKit/537.36 (KHTML, like Gecko) Chrome/28.0.1500.95 Safari/537.36"
12.173.76.162 - - [05/Aug/2013:17:36:05 -0400] "GET /slide-style.css HTTP/1.1" 404 575 "http://www.judgepenny.com/biography.php" "Mozilla/5.0 (Windows NT 6.1; WOW64) AppleWebKit/537.36 (KHTML, like Gecko) Chrome/28.0.1500.95 Safari/537.36"
12.173.76.162 - - [05/Aug/2013:17:36:05 -0400] "GET /images/btn.png HTTP/1.1" 200 512 "http://www.judgepenny.com/biography.php" "Mozilla/5.0 (Windows NT 6.1; WOW64) AppleWebKit/537.36 (KHTML, like Gecko) Chrome/28.0.1500.95 Safari/537.36"
12.173.76.162 - - [05/Aug/2013:17:36:05 -0400] "GET /images/judge.png HTTP/1.1" 200 164424 "http://www.judgepenny.com/biography.php" "Mozilla/5.0 (Windows NT 6.1; WOW64) AppleWebKit/537.36 (KHTML, like Gecko) Chrome/28.0.1500.95 Safari/537.36"
12.173.76.162 - - [05/Aug/2013:17:36:05 -0400] "GET /images/buy-now.png HTTP/1.1" 200 89906 "http://www.judgepenny.com/biography.php" "Mozilla/5.0 (Windows NT 6.1; WOW64) AppleWebKit/537.36 (KHTML, like Gecko) Chrome/28.0.1500.95 Safari/537.36"
12.173.76.162 - - [05/Aug/2013:17:36:05 -0400] "GET /images/h-div.png HTTP/1.1" 200 1503 "http://www.judgepenny.com/biography.php" "Mozilla/5.0 (Windows NT 6.1; WOW64) AppleWebKit/537.36 (KHTML, like Gecko) Chrome/28.0.1500.95 Safari/537.36"
12.173.76.162 - - [05/Aug/2013:17:36:05 -0400] "GET /images/sub-menu.png HTTP/1.1" 200 6956 "http://www.judgepenny.com/biography.php" "Mozilla/5.0 (Windows NT 6.1; WOW64) AppleWebKit/537.36 (KHTML, like Gecko) Chrome/28.0.1500.95 Safari/537.36"
12.173.76.162 - - [05/Aug/2013:17:36:05 -0400] "GET /images/main-btm.png HTTP/1.1" 200 398 "http://www.judgepenny.com/biography.php" "Mozilla/5.0 (Windows NT 6.1; WOW64) AppleWebKit/537.36 (KHTML, like Gecko) Chrome/28.0.1500.95 Safari/537.36"
12.173.76.162 - - [05/Aug/2013:17:36:05 -0400] "GET /images/right-div.png HTTP/1.1" 200 5479 "http://www.judgepenny.com/biography.php" "Mozilla/5.0 (Windows NT 6.1; WOW64) AppleWebKit/537.36 (KHTML, like Gecko) Chrome/28.0.1500.95 Safari/537.36"
12.173.76.162 - - [05/Aug/2013:17:36:05 -0400] "GET /images/entry-bg.png HTTP/1.1" 200 18958 "http://www.judgepenny.com/biography.php" "Mozilla/5.0 (Windows NT 6.1; WOW64) AppleWebKit/537.36 (KHTML, like Gecko) Chrome/28.0.1500.95 Safari/537.36"
12.173.76.162 - - [05/Aug/2013:17:36:09 -0400] "GET /favicon.ico HTTP/1.1" 404 575 "-" "Mozilla/5.0 (Windows NT 6.1; WOW64) AppleWebKit/537.36 (KHTML, like Gecko) Chrome/28.0.1500.95 Safari/537.36"
178.137.93.32 - - [05/Aug/2013:17:56:40 -0400] "GET / HTTP/1.1" 200 8953 "http://www.cvfind.info/" "Mozilla/4.0 (compatible; MSIE 6.0; Windows NT 5.2; SV1; .NET CLR 1.1.4322; .NET CLR 2.0.50727)"
178.137.93.32 - - [05/Aug/2013:17:56:42 -0400] "GET / HTTP/1.1" 200 8953 "http://www.cvfind.info/" "Mozilla/4.0 (compatible; MSIE 6.0; Windows NT 5.2; SV1; .NET CLR 1.1.4322; .NET CLR 2.0.50727)"
178.137.93.32 - - [05/Aug/2013:17:56:42 -0400] "GET / HTTP/1.1" 200 8953 "http://www.cvfind.info/" "Mozilla/4.0 (compatible; MSIE 6.0; Windows NT 5.2; SV1; .NET CLR 1.1.4322; .NET CLR 2.0.50727)"
108.129.40.107 - - [05/Aug/2013:17:59:30 -0400] "GET / HTTP/1.1" 302 360 "http://www.google.com/url?sa=t&rct=j&q=&esrc=s&source=web&cd=8&ved=0CEoQFjAH&url=http%3A%2F%2Fwww.judgepenny.com%2F&ei=HiAAUqqKG-3G4AOZ8oHIDA&usg=AFQjCNHtHkI_C9gsk1xU2I1lfXHdPYI7Ow" "Mozilla/5.0 (Windows NT 5.1; rv:22.0) Gecko/20100101 Firefox/22.0"
195.242.218.133 - - [05/Aug/2013:18:04:07 -0400] "GET / HTTP/1.1" 200 8953 "http://en.winpm.ws/" "Mozilla/3.0 (x86 [en] Windows NT 5.1; Sun)"
195.242.218.133 - - [05/Aug/2013:18:04:08 -0400] "GET / HTTP/1.1" 200 8953 "http://en.winpm.ws/" "Mozilla/3.0 (x86 [en] Windows NT 5.1; Sun)"
208.115.113.86 - - [05/Aug/2013:18:26:23 -0400] "GET /robots.txt HTTP/1.1" 404 575 "-" "Mozilla/5.0 (compatible; Ezooms/1.0; ezooms.bot@gmail.com)"
184.22.211.146 - - [05/Aug/2013:18:34:43 -0400] "GET /biography.php HTTP/1.1" 200 9590 "-" "Mozilla/5.0 (X11; Linux i686; rv:6.0) Gecko/20100101 Firefox/6.0"
184.22.211.146 - - [05/Aug/2013:18:34:43 -0400] "GET / HTTP/1.1" 200 8953 "-" "Mozilla/5.0 (X11; Linux i686; rv:6.0) Gecko/20100101 Firefox/6.0"
108.196.227.150 - - [05/Aug/2013:18:49:09 -0400] "GET /speaking-requests.php HTTP/1.1" 302 405 "http://search.yahoo.com/search;_ylt=A0oGdV.lKwBSyhsAdSBXNyoA?p=penny+brown+in+oklahoma&ei=UTF-8&fr=yfp-t-900&pstart=1&b=11" "Mozilla/5.0 (compatible; MSIE 10.0; Windows NT 6.1; WOW64; Trident/6.0)"
108.196.227.150 - - [05/Aug/2013:18:49:21 -0400] "GET /speaking-requests.php HTTP/1.1" 200 14865 "-" "Mozilla/5.0 (compatible; MSIE 10.0; Windows NT 6.1; WOW64; Trident/6.0)"
108.196.227.150 - - [05/Aug/2013:18:49:22 -0400] "GET /videos/jwplayer.js HTTP/1.1" 200 133009 "http://www.judgepenny.com/speaking-requests.php" "Mozilla/5.0 (compatible; MSIE 10.0; Windows NT 6.1; WOW64; Trident/6.0)"
108.196.227.150 - - [05/Aug/2013:18:49:22 -0400] "GET /css/default.css HTTP/1.1" 200 1295 "http://www.judgepenny.com/speaking-requests.php" "Mozilla/5.0 (compatible; MSIE 10.0; Windows NT 6.1; WOW64; Trident/6.0)"
108.196.227.150 - - [05/Aug/2013:18:49:22 -0400] "GET /css/style.css HTTP/1.1" 200 9522 "http://www.judgepenny.com/speaking-requests.php" "Mozilla/5.0 (compatible; MSIE 10.0; Windows NT 6.1; WOW64; Trident/6.0)"
108.196.227.150 - - [05/Aug/2013:18:49:22 -0400] "GET /css/nivo-slider.css HTTP/1.1" 200 1430 "http://www.judgepenny.com/speaking-requests.php" "Mozilla/5.0 (compatible; MSIE 10.0; Windows NT 6.1; WOW64; Trident/6.0)"
108.196.227.150 - - [05/Aug/2013:18:49:22 -0400] "GET /slide-style.css HTTP/1.1" 404 575 "http://www.judgepenny.com/speaking-requests.php" "Mozilla/5.0 (compatible; MSIE 10.0; Windows NT 6.1; WOW64; Trident/6.0)"
108.196.227.150 - - [05/Aug/2013:18:49:22 -0400] "GET /images/judge-jenny.png HTTP/1.1" 200 28663 "http://www.judgepenny.com/speaking-requests.php" "Mozilla/5.0 (compatible; MSIE 10.0; Windows NT 6.1; WOW64; Trident/6.0)"
108.196.227.150 - - [05/Aug/2013:18:49:22 -0400] "GET /images/facebook.png HTTP/1.1" 200 2371 "http://www.judgepenny.com/speaking-requests.php" "Mozilla/5.0 (compatible; MSIE 10.0; Windows NT 6.1; WOW64; Trident/6.0)"
108.196.227.150 - - [05/Aug/2013:18:49:22 -0400] "GET /images/twitter.png HTTP/1.1" 200 2703 "http://www.judgepenny.com/speaking-requests.php" "Mozilla/5.0 (compatible; MSIE 10.0; Windows NT 6.1; WOW64; Trident/6.0)"
108.196.227.150 - - [05/Aug/2013:18:49:22 -0400] "GET /images/linked-in.png HTTP/1.1" 200 2575 "http://www.judgepenny.com/speaking-requests.php" "Mozilla/5.0 (compatible; MSIE 10.0; Windows NT 6.1; WOW64; Trident/6.0)"
