99.141.156.241 - - [25/Jul/2013:00:35:51 -0400] "GET /judge-penny-story.php HTTP/1.1" 200 13963 "http://judgepenny.com/shopping.php" "Mozilla/5.0 (compatible; MSIE 10.0; Windows NT 6.2; WOW64; Trident/6.0; MALNJS)"
61.135.189.130 - - [25/Jul/2013:07:20:00 -0400] "GET /slide-style.css HTTP/1.1" 404 575 "-" "Mozilla/4.0 (compatible; MSIE 7.0; Windows NT 6.0; Trident/4.0)"
98.100.17.18 - - [25/Jul/2013:11:04:31 -0400] "GET /images/facebook.png HTTP/1.1" 200 2371 "http://www.judgepenny.com/" "Mozilla/5.0 (Macintosh; Intel Mac OS X 10_6_8) AppleWebKit/534.52.7 (KHTML, like Gecko) Version/5.1.2 Safari/534.52.7"
98.100.17.18 - - [25/Jul/2013:11:04:32 -0400] "GET /slideshow/images/judge_penny_foundation.jpg HTTP/1.1" 200 175194 "http://www.judgepenny.com/" "Mozilla/5.0 (Macintosh; Intel Mac OS X 10_6_8) AppleWebKit/534.52.7 (KHTML, like Gecko) Version/5.1.2 Safari/534.52.7"
98.100.17.18 - - [25/Jul/2013:11:34:50 -0400] "GET /images/jenny-header.png HTTP/1.1" 200 69160 "http://www.judgepenny.com/" "Mozilla/5.0 (Macintosh; Intel Mac OS X 10_6_8) AppleWebKit/534.52.7 (KHTML, like Gecko) Version/5.1.2 Safari/534.52.7"
92.249.127.111 - - [25/Jul/2013:21:52:12 -0400] "GET / HTTP/1.1" 200 8953 "http://ralmeone.com/" "Mozilla/5.0 (compatible; news bot /2.1)"
220.181.108.141 - - [25/Jul/2013:04:50:06 -0400] "GET /images/m-btm.png HTTP/1.1" 200 741 "-" "Baiduspider-image+(+http://www.baidu.com/search/spider.htm)"
184.22.211.146 - - [25/Jul/2013:16:08:06 -0400] "GET / HTTP/1.1" 200 8953 "-" "Mozilla/5.0 (X11; Linux i686; rv:6.0) Gecko/20100101 Firefox/6.0"
218.30.103.39 - - [25/Jul/2013:16:48:17 -0400] "GET / HTTP/1.1" 200 8953 "-" "Sogou web spider/4.0(+http://www.sogou.com/docs/help/webmasters.htm#07)"
98.100.17.18 - - [25/Jul/2013:19:34:44 -0400] "GET /images/m-btm.png HTTP/1.1" 200 741 "http://www.judgepenny.com/" "Mozilla/5.0 (Macintosh; Intel Mac OS X 10_6_8) AppleWebKit/534.52.7 (KHTML, like Gecko) Version/5.1.2 Safari/534.52.7"
98.100.17.18 - - [25/Jul/2013:19:34:45 -0400] "GET /images/h-left.png HTTP/1.1" 200 137 "http://www.judgepenny.com/" "Mozilla/5.0 (Macintosh; Intel Mac OS X 10_6_8) AppleWebKit/534.52.7 (KHTML, like Gecko) Version/5.1.2 Safari/534.52.7"
98.100.17.18 - - [25/Jul/2013:19:34:45 -0400] "GET /images/m-center.png HTTP/1.1" 200 191 "http://www.judgepenny.com/" "Mozilla/5.0 (Macintosh; Intel Mac OS X 10_6_8) AppleWebKit/534.52.7 (KHTML, like Gecko) Version/5.1.2 Safari/534.52.7"
98.100.17.18 - - [25/Jul/2013:19:34:47 -0400] "GET /images/s-top.png HTTP/1.1" 200 440 "http://www.judgepenny.com/" "Mozilla/5.0 (Macintosh; Intel Mac OS X 10_6_8) AppleWebKit/534.52.7 (KHTML, like Gecko) Version/5.1.2 Safari/534.52.7"
98.100.17.18 - - [25/Jul/2013:19:34:48 -0400] "GET /images/s-btm.png HTTP/1.1" 200 605 "http://www.judgepenny.com/" "Mozilla/5.0 (Macintosh; Intel Mac OS X 10_6_8) AppleWebKit/534.52.7 (KHTML, like Gecko) Version/5.1.2 Safari/534.52.7"
98.100.17.18 - - [25/Jul/2013:19:34:49 -0400] "GET /css/bullets.png HTTP/1.1" 200 1281 "http://www.judgepenny.com/" "Mozilla/5.0 (Macintosh; Intel Mac OS X 10_6_8) AppleWebKit/534.52.7 (KHTML, like Gecko) Version/5.1.2 Safari/534.52.7"
5.10.83.41 - - [25/Jul/2013:06:15:31 -0400] "GET / HTTP/1.1" 503 323 "-" "Mozilla/5.0 (compatible; AhrefsBot/5.0; +http://ahrefs.com/robot/)"
99.141.156.241 - - [25/Jul/2013:00:33:24 -0400] "GET /css/default.css HTTP/1.1" 200 1295 "http://judgepenny.com/" "Mozilla/5.0 (compatible; MSIE 10.0; Windows NT 6.2; WOW64; Trident/6.0; MALNJS)"
99.141.156.241 - - [25/Jul/2013:00:33:26 -0400] "GET /images/seprator.png HTTP/1.1" 200 429 "http://judgepenny.com/" "Mozilla/5.0 (compatible; MSIE 10.0; Windows NT 6.2; WOW64; Trident/6.0; MALNJS)"
99.141.156.241 - - [25/Jul/2013:00:33:26 -0400] "GET /images/m-center.png HTTP/1.1" 200 191 "http://judgepenny.com/" "Mozilla/5.0 (compatible; MSIE 10.0; Windows NT 6.2; WOW64; Trident/6.0; MALNJS)"
99.141.156.241 - - [25/Jul/2013:00:33:26 -0400] "GET /images/s-top.png HTTP/1.1" 200 440 "http://judgepenny.com/" "Mozilla/5.0 (compatible; MSIE 10.0; Windows NT 6.2; WOW64; Trident/6.0; MALNJS)"
99.141.156.241 - - [25/Jul/2013:00:33:26 -0400] "GET /images/s-btm.png HTTP/1.1" 200 605 "http://judgepenny.com/" "Mozilla/5.0 (compatible; MSIE 10.0; Windows NT 6.2; WOW64; Trident/6.0; MALNJS)"
99.141.156.241 - - [25/Jul/2013:00:33:26 -0400] "GET /css/arrows.png HTTP/1.1" 200 824 "http://judgepenny.com/" "Mozilla/5.0 (compatible; MSIE 10.0; Windows NT 6.2; WOW64; Trident/6.0; MALNJS)"
99.141.156.241 - - [25/Jul/2013:00:35:53 -0400] "GET /images/story.jpg HTTP/1.1" 200 76093 "http://judgepenny.com/judge-penny-story.php" "Mozilla/5.0 (compatible; MSIE 10.0; Windows NT 6.2; WOW64; Trident/6.0; MALNJS)"
66.87.108.41 - - [25/Jul/2013:19:26:47 -0400] "GET /slideshow/images/book.jpg HTTP/1.1" 200 132593 "http://www.google.com/search?q=judge+penny+brown+reynolds&client=ms-android-boost-us&hl=en&source=android-search-app&v=133247963&tbm=isch&tbo=u&source=univ&sa=X&ei=jbLxUb2gNY7o8gTLpoHADg&ved=0CCgQsAQ&biw=320&bih=508" "Mozilla/5.0 (Linux; U; Android 2.3.5; en-us; N860 Build/GINGERBREAD) AppleWebKit/533.1 (KHTML, like Gecko) Version/4.0 Mobile Safari/533.1"
24.98.212.227 - - [25/Jul/2013:12:10:32 -0400] "GET /slide-style.css HTTP/1.1" 404 575 "http://www.judgepenny.com/biography.php" "Mozilla/5.0 (iPhone; CPU iPhone OS 6_1_3 like Mac OS X) AppleWebKit/536.26 (KHTML, like Gecko) Version/6.0 Mobile/10B329 Safari/8536.25"
24.98.212.227 - - [25/Jul/2013:12:10:32 -0400] "GET /images/main-btm.png HTTP/1.1" 200 398 "http://www.judgepenny.com/biography.php" "Mozilla/5.0 (iPhone; CPU iPhone OS 6_1_3 like Mac OS X) AppleWebKit/536.26 (KHTML, like Gecko) Version/6.0 Mobile/10B329 Safari/8536.25"
24.98.212.227 - - [25/Jul/2013:12:10:32 -0400] "GET /images/btn.png HTTP/1.1" 200 512 "http://www.judgepenny.com/biography.php" "Mozilla/5.0 (iPhone; CPU iPhone OS 6_1_3 like Mac OS X) AppleWebKit/536.26 (KHTML, like Gecko) Version/6.0 Mobile/10B329 Safari/8536.25"
98.100.17.18 - - [25/Jul/2013:13:00:36 -0400] "GET /images/ftr-bg.png HTTP/1.1" 200 198 "http://www.judgepenny.com/" "Mozilla/5.0 (Macintosh; Intel Mac OS X 10_6_8) AppleWebKit/534.52.7 (KHTML, like Gecko) Version/5.1.2 Safari/534.52.7"
219.101.199.125 - - [25/Jul/2013:15:31:43 -0400] "GET / HTTP/1.0" 200 8953 "-" "Python-urllib/2.7"
157.55.32.99 - - [25/Jul/2013:16:02:35 -0400] "GET /robots.txt HTTP/1.1" 404 575 "-" "Mozilla/5.0 (compatible; bingbot/2.0; +http://www.bing.com/bingbot.htm)"
218.30.103.39 - - [25/Jul/2013:17:26:58 -0400] "GET / HTTP/1.1" 200 8953 "-" "Sogou web spider/4.0(+http://www.sogou.com/docs/help/webmasters.htm#07)"
98.100.17.18 - - [25/Jul/2013:11:04:28 -0400] "GET /videos/jwplayer.js HTTP/1.1" 200 133009 "http://www.judgepenny.com/" "Mozilla/5.0 (Macintosh; Intel Mac OS X 10_6_8) AppleWebKit/534.52.7 (KHTML, like Gecko) Version/5.1.2 Safari/534.52.7"
98.100.17.18 - - [25/Jul/2013:11:04:31 -0400] "GET /images/twitter.png HTTP/1.1" 200 2703 "http://www.judgepenny.com/" "Mozilla/5.0 (Macintosh; Intel Mac OS X 10_6_8) AppleWebKit/534.52.7 (KHTML, like Gecko) Version/5.1.2 Safari/534.52.7"
66.87.108.41 - - [25/Jul/2013:19:23:28 -0400] "GET /images/advice.jpg HTTP/1.1" 200 51293 "http://www.google.com/search?q=judge+penny+brown+reynolds&client=ms-android-boost-us&hl=en&source=android-search-app&v=133247963&tbm=isch&tbo=u&source=univ&sa=X&ei=jbLxUb2gNY7o8gTLpoHADg&ved=0CCgQsAQ&biw=320&bih=508" "Mozilla/5.0 (Linux; U; Android 2.3.5; en-us; N860 Build/GINGERBREAD) AppleWebKit/533.1 (KHTML, like Gecko) Version/4.0 Mobile Safari/533.1"
66.87.108.41 - - [25/Jul/2013:19:29:12 -0400] "GET /videos/jwplayer.js HTTP/1.1" 200 133009 "http://www.judgepenny.com/" "Mozilla/5.0 (Linux; U; Android 2.3.5; en-us; N860 Build/GINGERBREAD) AppleWebKit/533.1 (KHTML, like Gecko) Version/4.0 Mobile Safari/533.1"
98.100.17.18 - - [25/Jul/2013:19:34:00 -0400] "GET /css/nivo-slider.css HTTP/1.1" 200 1430 "http://www.judgepenny.com/" "Mozilla/5.0 (Macintosh; Intel Mac OS X 10_6_8) AppleWebKit/534.52.7 (KHTML, like Gecko) Version/5.1.2 Safari/534.52.7"
98.100.17.18 - - [25/Jul/2013:19:38:40 -0400] "GET /images/you-tube.png HTTP/1.1" 200 3090 "http://www.judgepenny.com/" "Mozilla/5.0 (Macintosh; Intel Mac OS X 10_6_8) AppleWebKit/534.52.7 (KHTML, like Gecko) Version/5.1.2 Safari/534.52.7"
66.87.108.41 - - [25/Jul/2013:19:29:36 -0400] "GET /images/m-top.png HTTP/1.1" 200 574 "http://www.judgepenny.com/" "Mozilla/5.0 (Linux; U; Android 2.3.5; en-us; N860 Build/GINGERBREAD) AppleWebKit/533.1 (KHTML, like Gecko) Version/4.0 Mobile Safari/533.1"
66.87.108.41 - - [25/Jul/2013:19:29:39 -0400] "GET /images/s-top.png HTTP/1.1" 200 440 "http://www.judgepenny.com/" "Mozilla/5.0 (Linux; U; Android 2.3.5; en-us; N860 Build/GINGERBREAD) AppleWebKit/533.1 (KHTML, like Gecko) Version/4.0 Mobile Safari/533.1"
66.87.108.41 - - [25/Jul/2013:19:29:39 -0400] "GET /images/side-bg.png HTTP/1.1" 200 168 "http://www.judgepenny.com/" "Mozilla/5.0 (Linux; U; Android 2.3.5; en-us; N860 Build/GINGERBREAD) AppleWebKit/533.1 (KHTML, like Gecko) Version/4.0 Mobile Safari/533.1"
66.87.108.41 - - [25/Jul/2013:19:29:40 -0400] "GET /images/ftr-bg.png HTTP/1.1" 200 198 "http://www.judgepenny.com/" "Mozilla/5.0 (Linux; U; Android 2.3.5; en-us; N860 Build/GINGERBREAD) AppleWebKit/533.1 (KHTML, like Gecko) Version/4.0 Mobile Safari/533.1"
66.87.108.41 - - [25/Jul/2013:19:29:40 -0400] "GET /css/bullets.png HTTP/1.1" 200 1281 "http://www.judgepenny.com/" "Mozilla/5.0 (Linux; U; Android 2.3.5; en-us; N860 Build/GINGERBREAD) AppleWebKit/533.1 (KHTML, like Gecko) Version/4.0 Mobile Safari/533.1"
202.46.59.95 - - [25/Jul/2013:19:51:56 -0400] "GET /foundation.htm HTTP/1.1" 404 575 "-" "Mozilla/5.0 (Windows; U; Windows NT 5.1; zh-CN; rv:1.9.1.2) Firefox/3.5.2"
142.4.217.221 - - [25/Jul/2013:16:08:04 -0400] "GET /judge-penny-foundation.php HTTP/1.1" 200 7746 "-" "Mozilla/5.0 (X11; Linux i686; rv:6.0) Gecko/20100101 Firefox/6.0"
98.100.17.18 - - [25/Jul/2013:13:00:17 -0400] "GET /slideshow/images/book.jpg HTTP/1.1" 200 132593 "http://www.judgepenny.com/" "Mozilla/5.0 (Macintosh; Intel Mac OS X 10_6_8) AppleWebKit/534.52.7 (KHTML, like Gecko) Version/5.1.2 Safari/534.52.7"
66.87.108.41 - - [25/Jul/2013:19:29:12 -0400] "GET /css/style.css HTTP/1.1" 200 9522 "http://www.judgepenny.com/" "Mozilla/5.0 (Linux; U; Android 2.3.5; en-us; N860 Build/GINGERBREAD) AppleWebKit/533.1 (KHTML, like Gecko) Version/4.0 Mobile Safari/533.1"
98.100.17.18 - - [25/Jul/2013:19:39:07 -0400] "GET /images/m-top.png HTTP/1.1" 200 574 "http://www.judgepenny.com/" "Mozilla/5.0 (Macintosh; Intel Mac OS X 10_6_8) AppleWebKit/534.52.7 (KHTML, like Gecko) Version/5.1.2 Safari/534.52.7"
98.100.17.18 - - [25/Jul/2013:19:39:10 -0400] "GET /images/m-btm.png HTTP/1.1" 200 741 "http://www.judgepenny.com/" "Mozilla/5.0 (Macintosh; Intel Mac OS X 10_6_8) AppleWebKit/534.52.7 (KHTML, like Gecko) Version/5.1.2 Safari/534.52.7"
98.100.17.18 - - [25/Jul/2013:19:39:12 -0400] "GET /images/h-left.png HTTP/1.1" 200 137 "http://www.judgepenny.com/" "Mozilla/5.0 (Macintosh; Intel Mac OS X 10_6_8) AppleWebKit/534.52.7 (KHTML, like Gecko) Version/5.1.2 Safari/534.52.7"
178.137.93.32 - - [25/Jul/2013:08:19:02 -0400] "GET / HTTP/1.1" 200 8953 "http://gidserials.ru/" "Mozilla/4.0 (compatible; MSIE 6.0; Windows NT 5.2; SV1; .NET CLR 1.1.4322; .NET CLR 2.0.50727)"
99.141.156.241 - - [25/Jul/2013:00:33:20 -0400] "GET /images/judge-jenny.png HTTP/1.1" 200 28663 "http://judgepenny.com/" "Mozilla/5.0 (compatible; MSIE 10.0; Windows NT 6.2; WOW64; Trident/6.0; MALNJS)"
99.141.156.241 - - [25/Jul/2013:00:33:20 -0400] "GET /slideshow/images/judge_penny_the_judge.jpg HTTP/1.1" 200 151096 "http://judgepenny.com/" "Mozilla/5.0 (compatible; MSIE 10.0; Windows NT 6.2; WOW64; Trident/6.0; MALNJS)"
99.141.156.241 - - [25/Jul/2013:00:36:06 -0400] "GET /slide-style.css HTTP/1.1" 404 575 "http://judgepenny.com/biography.php" "Mozilla/5.0 (compatible; MSIE 10.0; Windows NT 6.2; WOW64; Trident/6.0; MALNJS)"
99.141.156.241 - - [25/Jul/2013:00:36:06 -0400] "GET /images/entry-bg.png HTTP/1.1" 200 18958 "http://judgepenny.com/biography.php" "Mozilla/5.0 (compatible; MSIE 10.0; Windows NT 6.2; WOW64; Trident/6.0; MALNJS)"
99.141.156.241 - - [25/Jul/2013:00:38:16 -0400] "GET /images/pic2.jpg HTTP/1.1" 200 85634 "http://judgepenny.com/photos.php" "Mozilla/5.0 (compatible; MSIE 10.0; Windows NT 6.2; WOW64; Trident/6.0; MALNJS)"
66.249.75.108 - - [25/Jul/2013:12:23:53 -0400] "GET /css/style.css HTTP/1.1" 200 9522 "-" "Mozilla/5.0 (compatible; Googlebot/2.1; +http://www.google.com/bot.html)"
98.100.17.18 - - [25/Jul/2013:13:00:34 -0400] "GET /images/h-right.png HTTP/1.1" 200 279 "http://www.judgepenny.com/" "Mozilla/5.0 (Macintosh; Intel Mac OS X 10_6_8) AppleWebKit/534.52.7 (KHTML, like Gecko) Version/5.1.2 Safari/534.52.7"
66.249.75.108 - - [25/Jul/2013:14:25:56 -0400] "GET /speaking-requests.php HTTP/1.1" 200 14865 "-" "Mozilla/5.0 (iPhone; U; CPU iPhone OS 4_1 like Mac OS X; en-us) AppleWebKit/532.9 (KHTML, like Gecko) Version/4.0.5 Mobile/8B117 Safari/6531.22.7 (compatible; Googlebot-Mobile/2.1; +http://www.google.com/bot.html)"
66.87.108.41 - - [25/Jul/2013:19:27:59 -0400] "GET /images/media3.png HTTP/1.1" 200 106718 "http://www.google.com/search?q=judge+penny+brown+reynolds&client=ms-android-boost-us&hl=en&source=android-search-app&v=133247963&tbm=isch&tbo=u&source=univ&sa=X&ei=jbLxUb2gNY7o8gTLpoHADg&ved=0CCgQsAQ&biw=320&bih=508" "Mozilla/5.0 (Linux; U; Android 2.3.5; en-us; N860 Build/GINGERBREAD) AppleWebKit/533.1 (KHTML, like Gecko) Version/4.0 Mobile Safari/533.1"
98.100.17.18 - - [25/Jul/2013:19:34:01 -0400] "GET /js/jquery.nivo.slider.pack.js HTTP/1.1" 200 15854 "http://www.judgepenny.com/" "Mozilla/5.0 (Macintosh; Intel Mac OS X 10_6_8) AppleWebKit/534.52.7 (KHTML, like Gecko) Version/5.1.2 Safari/534.52.7"
98.100.17.18 - - [25/Jul/2013:19:38:50 -0400] "GET /slideshow/images/judge_penny_opportunity.jpg HTTP/1.1" 200 99540 "http://www.judgepenny.com/" "Mozilla/5.0 (Macintosh; Intel Mac OS X 10_6_8) AppleWebKit/534.52.7 (KHTML, like Gecko) Version/5.1.2 Safari/534.52.7"
65.26.130.165 - - [25/Jul/2013:09:25:34 -0400] "GET /videos/jwplayer.js HTTP/1.1" 200 133009 "http://judgepenny.com/biography.php" "Mozilla/5.0 (compatible; MSIE 10.0; Windows NT 6.2; Win64; x64; Trident/6.0)"
65.26.130.165 - - [25/Jul/2013:09:25:36 -0400] "GET /images/seprator.png HTTP/1.1" 200 429 "http://judgepenny.com/biography.php" "Mozilla/5.0 (compatible; MSIE 10.0; Windows NT 6.2; Win64; x64; Trident/6.0)"
65.26.130.165 - - [25/Jul/2013:09:25:36 -0400] "GET /images/bg.jpg HTTP/1.1" 200 71900 "http://judgepenny.com/biography.php" "Mozilla/5.0 (compatible; MSIE 10.0; Windows NT 6.2; Win64; x64; Trident/6.0)"
65.26.130.165 - - [25/Jul/2013:09:28:04 -0400] "GET /images/m-center.png HTTP/1.1" 200 191 "http://judgepenny.com/index.php" "Mozilla/5.0 (compatible; MSIE 10.0; Windows NT 6.2; Win64; x64; Trident/6.0)"
65.26.130.165 - - [25/Jul/2013:09:28:04 -0400] "GET /css/bullets.png HTTP/1.1" 200 1281 "http://judgepenny.com/index.php" "Mozilla/5.0 (compatible; MSIE 10.0; Windows NT 6.2; Win64; x64; Trident/6.0)"
24.98.212.227 - - [25/Jul/2013:12:10:03 -0400] "GET /css/default.css HTTP/1.1" 200 1295 "http://judgepenny.com/" "Mozilla/5.0 (iPhone; CPU iPhone OS 6_1_3 like Mac OS X) AppleWebKit/536.26 (KHTML, like Gecko) Version/6.0 Mobile/10B329 Safari/8536.25"
24.98.212.227 - - [25/Jul/2013:12:10:04 -0400] "GET /images/linked-in.png HTTP/1.1" 200 2575 "http://judgepenny.com/" "Mozilla/5.0 (iPhone; CPU iPhone OS 6_1_3 like Mac OS X) AppleWebKit/536.26 (KHTML, like Gecko) Version/6.0 Mobile/10B329 Safari/8536.25"
24.98.212.227 - - [25/Jul/2013:12:10:04 -0400] "GET /slideshow/images/judge_penny_opportunity.jpg HTTP/1.1" 200 99540 "http://judgepenny.com/" "Mozilla/5.0 (iPhone; CPU iPhone OS 6_1_3 like Mac OS X) AppleWebKit/536.26 (KHTML, like Gecko) Version/6.0 Mobile/10B329 Safari/8536.25"
24.98.212.227 - - [25/Jul/2013:12:10:04 -0400] "GET /images/m-top.png HTTP/1.1" 200 574 "http://judgepenny.com/" "Mozilla/5.0 (iPhone; CPU iPhone OS 6_1_3 like Mac OS X) AppleWebKit/536.26 (KHTML, like Gecko) Version/6.0 Mobile/10B329 Safari/8536.25"
24.98.212.227 - - [25/Jul/2013:12:10:04 -0400] "GET /images/bg.jpg HTTP/1.1" 200 71900 "http://judgepenny.com/" "Mozilla/5.0 (iPhone; CPU iPhone OS 6_1_3 like Mac OS X) AppleWebKit/536.26 (KHTML, like Gecko) Version/6.0 Mobile/10B329 Safari/8536.25"
24.98.212.227 - - [25/Jul/2013:12:10:31 -0400] "GET /biography.php HTTP/1.1" 200 9590 "http://search.yahoo.com/mobile/s?rewrite=72&.tsrc=apple&first=1&p=judge+penny+reynolds+bio&pintl=en&pcarrier=AT%26T&pmcc=310&pmnc=410&fr=onesearch" "Mozilla/5.0 (iPhone; CPU iPhone OS 6_1_3 like Mac OS X) AppleWebKit/536.26 (KHTML, like Gecko) Version/6.0 Mobile/10B329 Safari/8536.25"
24.98.212.227 - - [25/Jul/2013:12:10:32 -0400] "GET /videos/jwplayer.js HTTP/1.1" 200 133009 "http://www.judgepenny.com/biography.php" "Mozilla/5.0 (iPhone; CPU iPhone OS 6_1_3 like Mac OS X) AppleWebKit/536.26 (KHTML, like Gecko) Version/6.0 Mobile/10B329 Safari/8536.25"
24.98.212.227 - - [25/Jul/2013:12:10:32 -0400] "GET /images/facebook.png HTTP/1.1" 200 2371 "http://www.judgepenny.com/biography.php" "Mozilla/5.0 (iPhone; CPU iPhone OS 6_1_3 like Mac OS X) AppleWebKit/536.26 (KHTML, like Gecko) Version/6.0 Mobile/10B329 Safari/8536.25"
24.98.212.227 - - [25/Jul/2013:12:10:32 -0400] "GET /images/you-tube.png HTTP/1.1" 200 3090 "http://www.judgepenny.com/biography.php" "Mozilla/5.0 (iPhone; CPU iPhone OS 6_1_3 like Mac OS X) AppleWebKit/536.26 (KHTML, like Gecko) Version/6.0 Mobile/10B329 Safari/8536.25"
24.98.212.227 - - [25/Jul/2013:12:10:32 -0400] "GET /images/bg.jpg HTTP/1.1" 200 71900 "http://www.judgepenny.com/biography.php" "Mozilla/5.0 (iPhone; CPU iPhone OS 6_1_3 like Mac OS X) AppleWebKit/536.26 (KHTML, like Gecko) Version/6.0 Mobile/10B329 Safari/8536.25"
24.98.212.227 - - [25/Jul/2013:12:10:32 -0400] "GET /images/sub-menu.png HTTP/1.1" 200 6956 "http://www.judgepenny.com/biography.php" "Mozilla/5.0 (iPhone; CPU iPhone OS 6_1_3 like Mac OS X) AppleWebKit/536.26 (KHTML, like Gecko) Version/6.0 Mobile/10B329 Safari/8536.25"
98.100.17.18 - - [25/Jul/2013:13:00:11 -0400] "GET /css/style.css HTTP/1.1" 200 9522 "http://www.judgepenny.com/" "Mozilla/5.0 (Macintosh; Intel Mac OS X 10_6_8) AppleWebKit/534.52.7 (KHTML, like Gecko) Version/5.1.2 Safari/534.52.7"
98.100.17.18 - - [25/Jul/2013:13:00:36 -0400] "GET /css/arrows.png HTTP/1.1" 200 824 "http://www.judgepenny.com/" "Mozilla/5.0 (Macintosh; Intel Mac OS X 10_6_8) AppleWebKit/534.52.7 (KHTML, like Gecko) Version/5.1.2 Safari/534.52.7"
123.125.71.87 - - [25/Jul/2013:14:22:22 -0400] "GET /js/jquery.nivo.slider.pack.js HTTP/1.1" 200 15854 "http://judgepenny.com/" "Mozilla/5.0 (X11; U; Linux x86_64; en-US; rv:1.9) Gecko Minefield/3.0"
99.141.156.241 - - [25/Jul/2013:00:37:24 -0400] "GET /events.php HTTP/1.1" 200 8644 "http://judgepenny.com/biography.php" "Mozilla/5.0 (compatible; MSIE 10.0; Windows NT 6.2; WOW64; Trident/6.0; MALNJS)"
99.141.156.241 - - [25/Jul/2013:00:38:16 -0400] "GET /images/pic3.jpg HTTP/1.1" 200 49773 "http://judgepenny.com/photos.php" "Mozilla/5.0 (compatible; MSIE 10.0; Windows NT 6.2; WOW64; Trident/6.0; MALNJS)"
99.141.156.241 - - [25/Jul/2013:00:38:16 -0400] "GET /images/pic6.jpg HTTP/1.1" 200 57281 "http://judgepenny.com/photos.php" "Mozilla/5.0 (compatible; MSIE 10.0; Windows NT 6.2; WOW64; Trident/6.0; MALNJS)"
99.141.156.241 - - [25/Jul/2013:00:38:16 -0400] "GET /images/pic8.jpg HTTP/1.1" 200 115644 "http://judgepenny.com/photos.php" "Mozilla/5.0 (compatible; MSIE 10.0; Windows NT 6.2; WOW64; Trident/6.0; MALNJS)"
178.154.243.82 - - [25/Jul/2013:02:57:59 -0400] "GET /images/linked-in.png HTTP/1.1" 304 - "-" "Mozilla/5.0 (compatible; YandexImages/3.0; +http://yandex.com/bots)"
212.184.190.50 - - [25/Jul/2013:07:34:56 -0400] "GET /css/default.css HTTP/1.1" 200 1295 "http://www.judgepenny.com/" "Mozilla/5.0 (Macintosh; Intel Mac OS X 10_8_4) AppleWebKit/536.30.1 (KHTML, like Gecko) Version/6.0.5 Safari/536.30.1"
212.184.190.50 - - [25/Jul/2013:07:34:57 -0400] "GET /images/facebook.png HTTP/1.1" 200 2371 "http://www.judgepenny.com/" "Mozilla/5.0 (Macintosh; Intel Mac OS X 10_8_4) AppleWebKit/536.30.1 (KHTML, like Gecko) Version/6.0.5 Safari/536.30.1"
212.184.190.50 - - [25/Jul/2013:07:34:57 -0400] "GET /slideshow/images/book.jpg HTTP/1.1" 200 132593 "http://www.judgepenny.com/" "Mozilla/5.0 (Macintosh; Intel Mac OS X 10_8_4) AppleWebKit/536.30.1 (KHTML, like Gecko) Version/6.0.5 Safari/536.30.1"
212.184.190.50 - - [25/Jul/2013:07:34:58 -0400] "GET /css/loading.gif HTTP/1.1" 200 1737 "http://www.judgepenny.com/" "Mozilla/5.0 (Macintosh; Intel Mac OS X 10_8_4) AppleWebKit/536.30.1 (KHTML, like Gecko) Version/6.0.5 Safari/536.30.1"
212.184.190.50 - - [25/Jul/2013:07:34:58 -0400] "GET /images/m-top.png HTTP/1.1" 200 574 "http://www.judgepenny.com/" "Mozilla/5.0 (Macintosh; Intel Mac OS X 10_8_4) AppleWebKit/536.30.1 (KHTML, like Gecko) Version/6.0.5 Safari/536.30.1"
212.184.190.50 - - [25/Jul/2013:07:34:58 -0400] "GET /images/ftr-bg.png HTTP/1.1" 200 198 "http://www.judgepenny.com/" "Mozilla/5.0 (Macintosh; Intel Mac OS X 10_8_4) AppleWebKit/536.30.1 (KHTML, like Gecko) Version/6.0.5 Safari/536.30.1"
100.43.83.156 - - [25/Jul/2013:17:52:59 -0400] "GET / HTTP/1.1" 200 8953 "-" "Mozilla/5.0 (compatible; YandexBot/3.0; +http://yandex.com/bots)"
212.184.190.50 - - [25/Jul/2013:05:23:01 -0400] "GET / HTTP/1.1" 503 323 "http://en.wikipedia.org/wiki/Family_Court_with_Judge_Penny" "Mozilla/5.0 (Macintosh; Intel Mac OS X 10_8_4) AppleWebKit/536.30.1 (KHTML, like Gecko) Version/6.0.5 Safari/536.30.1"
98.100.17.18 - - [25/Jul/2013:19:34:30 -0400] "GET /slideshow/images/judge_penny_speaking_request.png HTTP/1.1" 200 291884 "http://www.judgepenny.com/" "Mozilla/5.0 (Macintosh; Intel Mac OS X 10_6_8) AppleWebKit/534.52.7 (KHTML, like Gecko) Version/5.1.2 Safari/534.52.7"
212.184.190.50 - - [25/Jul/2013:07:34:57 -0400] "GET /slide-style.css HTTP/1.1" 404 575 "http://www.judgepenny.com/" "Mozilla/5.0 (Macintosh; Intel Mac OS X 10_8_4) AppleWebKit/536.30.1 (KHTML, like Gecko) Version/6.0.5 Safari/536.30.1"
212.184.190.50 - - [25/Jul/2013:07:34:57 -0400] "GET /images/linked-in.png HTTP/1.1" 200 2575 "http://www.judgepenny.com/" "Mozilla/5.0 (Macintosh; Intel Mac OS X 10_8_4) AppleWebKit/536.30.1 (KHTML, like Gecko) Version/6.0.5 Safari/536.30.1"
212.184.190.50 - - [25/Jul/2013:07:34:57 -0400] "GET /slideshow/images/judge_penny_foundation.jpg HTTP/1.1" 200 175194 "http://www.judgepenny.com/" "Mozilla/5.0 (Macintosh; Intel Mac OS X 10_8_4) AppleWebKit/536.30.1 (KHTML, like Gecko) Version/6.0.5 Safari/536.30.1"
212.184.190.50 - - [25/Jul/2013:07:34:58 -0400] "GET /images/bg.jpg HTTP/1.1" 200 71900 "http://www.judgepenny.com/" "Mozilla/5.0 (Macintosh; Intel Mac OS X 10_8_4) AppleWebKit/536.30.1 (KHTML, like Gecko) Version/6.0.5 Safari/536.30.1"
212.184.190.50 - - [25/Jul/2013:07:34:58 -0400] "GET /css/arrows.png HTTP/1.1" 200 824 "http://www.judgepenny.com/" "Mozilla/5.0 (Macintosh; Intel Mac OS X 10_8_4) AppleWebKit/536.30.1 (KHTML, like Gecko) Version/6.0.5 Safari/536.30.1"
99.141.156.241 - - [25/Jul/2013:00:37:25 -0400] "GET /slide-style.css HTTP/1.1" 404 575 "http://judgepenny.com/events.php" "Mozilla/5.0 (compatible; MSIE 10.0; Windows NT 6.2; WOW64; Trident/6.0; MALNJS)"
99.141.156.241 - - [25/Jul/2013:00:40:20 -0400] "GET /beyond-the-robe.php HTTP/1.1" 200 8574 "http://judgepenny.com/photos.php" "Mozilla/5.0 (compatible; MSIE 10.0; Windows NT 6.2; WOW64; Trident/6.0; MALNJS)"
99.141.156.241 - - [25/Jul/2013:00:40:22 -0400] "GET /images/judge2.jpg HTTP/1.1" 200 50523 "http://judgepenny.com/beyond-the-robe.php" "Mozilla/5.0 (compatible; MSIE 10.0; Windows NT 6.2; WOW64; Trident/6.0; MALNJS)"
98.100.17.18 - - [25/Jul/2013:11:34:50 -0400] "GET /images/bg.jpg HTTP/1.1" 200 71900 "http://www.judgepenny.com/" "Mozilla/5.0 (Macintosh; Intel Mac OS X 10_6_8) AppleWebKit/534.52.7 (KHTML, like Gecko) Version/5.1.2 Safari/534.52.7"
24.98.212.227 - - [25/Jul/2013:12:10:02 -0400] "GET / HTTP/1.1" 200 8953 "http://search.yahoo.com/mobile/s?rewrite=72&.tsrc=apple&first=1&p=judge+penny+reynolds+bio&pintl=en&pcarrier=AT%26T&pmcc=310&pmnc=410&fr=onesearch" "Mozilla/5.0 (iPhone; CPU iPhone OS 6_1_3 like Mac OS X) AppleWebKit/536.26 (KHTML, like Gecko) Version/6.0 Mobile/10B329 Safari/8536.25"
24.98.212.227 - - [25/Jul/2013:12:10:03 -0400] "GET /videos/jwplayer.js HTTP/1.1" 200 133009 "http://judgepenny.com/" "Mozilla/5.0 (iPhone; CPU iPhone OS 6_1_3 like Mac OS X) AppleWebKit/536.26 (KHTML, like Gecko) Version/6.0 Mobile/10B329 Safari/8536.25"
24.98.212.227 - - [25/Jul/2013:12:10:04 -0400] "GET /images/facebook.png HTTP/1.1" 200 2371 "http://judgepenny.com/" "Mozilla/5.0 (iPhone; CPU iPhone OS 6_1_3 like Mac OS X) AppleWebKit/536.26 (KHTML, like Gecko) Version/6.0 Mobile/10B329 Safari/8536.25"
24.98.212.227 - - [25/Jul/2013:12:10:04 -0400] "GET /slideshow/images/book.jpg HTTP/1.1" 200 132593 "http://judgepenny.com/" "Mozilla/5.0 (iPhone; CPU iPhone OS 6_1_3 like Mac OS X) AppleWebKit/536.26 (KHTML, like Gecko) Version/6.0 Mobile/10B329 Safari/8536.25"
24.98.212.227 - - [25/Jul/2013:12:10:04 -0400] "GET /slideshow/images/judge_penny_speaking_request.png HTTP/1.1" 200 291884 "http://judgepenny.com/" "Mozilla/5.0 (iPhone; CPU iPhone OS 6_1_3 like Mac OS X) AppleWebKit/536.26 (KHTML, like Gecko) Version/6.0 Mobile/10B329 Safari/8536.25"
24.98.212.227 - - [25/Jul/2013:12:10:04 -0400] "GET /css/loading.gif HTTP/1.1" 200 1737 "http://judgepenny.com/" "Mozilla/5.0 (iPhone; CPU iPhone OS 6_1_3 like Mac OS X) AppleWebKit/536.26 (KHTML, like Gecko) Version/6.0 Mobile/10B329 Safari/8536.25"
24.98.212.227 - - [25/Jul/2013:12:10:05 -0400] "GET /images/h-right.png HTTP/1.1" 200 279 "http://judgepenny.com/" "Mozilla/5.0 (iPhone; CPU iPhone OS 6_1_3 like Mac OS X) AppleWebKit/536.26 (KHTML, like Gecko) Version/6.0 Mobile/10B329 Safari/8536.25"
24.98.212.227 - - [25/Jul/2013:12:10:05 -0400] "GET /css/bullets.png HTTP/1.1" 200 1281 "http://judgepenny.com/" "Mozilla/5.0 (iPhone; CPU iPhone OS 6_1_3 like Mac OS X) AppleWebKit/536.26 (KHTML, like Gecko) Version/6.0 Mobile/10B329 Safari/8536.25"
24.98.212.227 - - [25/Jul/2013:12:10:05 -0400] "GET /images/s-top.png HTTP/1.1" 200 440 "http://judgepenny.com/" "Mozilla/5.0 (iPhone; CPU iPhone OS 6_1_3 like Mac OS X) AppleWebKit/536.26 (KHTML, like Gecko) Version/6.0 Mobile/10B329 Safari/8536.25"
24.98.212.227 - - [25/Jul/2013:12:10:05 -0400] "GET /css/arrows.png HTTP/1.1" 200 824 "http://judgepenny.com/" "Mozilla/5.0 (iPhone; CPU iPhone OS 6_1_3 like Mac OS X) AppleWebKit/536.26 (KHTML, like Gecko) Version/6.0 Mobile/10B329 Safari/8536.25"
24.98.212.227 - - [25/Jul/2013:12:10:05 -0400] "GET /images/side-bg.png HTTP/1.1" 200 168 "http://judgepenny.com/" "Mozilla/5.0 (iPhone; CPU iPhone OS 6_1_3 like Mac OS X) AppleWebKit/536.26 (KHTML, like Gecko) Version/6.0 Mobile/10B329 Safari/8536.25"
24.98.212.227 - - [25/Jul/2013:12:10:05 -0400] "GET /images/mail-div.png HTTP/1.1" 200 1078 "http://judgepenny.com/" "Mozilla/5.0 (iPhone; CPU iPhone OS 6_1_3 like Mac OS X) AppleWebKit/536.26 (KHTML, like Gecko) Version/6.0 Mobile/10B329 Safari/8536.25"
24.98.212.227 - - [25/Jul/2013:12:10:05 -0400] "GET /images/s-btm.png HTTP/1.1" 200 605 "http://judgepenny.com/" "Mozilla/5.0 (iPhone; CPU iPhone OS 6_1_3 like Mac OS X) AppleWebKit/536.26 (KHTML, like Gecko) Version/6.0 Mobile/10B329 Safari/8536.25"
24.98.212.227 - - [25/Jul/2013:12:10:05 -0400] "GET /images/ftr-bg.png HTTP/1.1" 200 198 "http://judgepenny.com/" "Mozilla/5.0 (iPhone; CPU iPhone OS 6_1_3 like Mac OS X) AppleWebKit/536.26 (KHTML, like Gecko) Version/6.0 Mobile/10B329 Safari/8536.25"
24.98.212.227 - - [25/Jul/2013:12:10:05 -0400] "GET /images/m-center.png HTTP/1.1" 200 191 "http://judgepenny.com/" "Mozilla/5.0 (iPhone; CPU iPhone OS 6_1_3 like Mac OS X) AppleWebKit/536.26 (KHTML, like Gecko) Version/6.0 Mobile/10B329 Safari/8536.25"
24.98.212.227 - - [25/Jul/2013:12:10:05 -0400] "GET /images/h-left.png HTTP/1.1" 200 137 "http://judgepenny.com/" "Mozilla/5.0 (iPhone; CPU iPhone OS 6_1_3 like Mac OS X) AppleWebKit/536.26 (KHTML, like Gecko) Version/6.0 Mobile/10B329 Safari/8536.25"
98.100.17.18 - - [25/Jul/2013:13:00:11 -0400] "GET /js/jquery.nivo.slider.pack.js HTTP/1.1" 200 15854 "http://www.judgepenny.com/" "Mozilla/5.0 (Macintosh; Intel Mac OS X 10_6_8) AppleWebKit/534.52.7 (KHTML, like Gecko) Version/5.1.2 Safari/534.52.7"
98.100.17.18 - - [25/Jul/2013:13:00:15 -0400] "GET /images/you-tube.png HTTP/1.1" 200 3090 "http://www.judgepenny.com/" "Mozilla/5.0 (Macintosh; Intel Mac OS X 10_6_8) AppleWebKit/534.52.7 (KHTML, like Gecko) Version/5.1.2 Safari/534.52.7"
98.100.17.18 - - [25/Jul/2013:13:00:19 -0400] "GET /slideshow/images/judge_penny_self_worth.jpg HTTP/1.1" 200 129594 "http://www.judgepenny.com/" "Mozilla/5.0 (Macintosh; Intel Mac OS X 10_6_8) AppleWebKit/534.52.7 (KHTML, like Gecko) Version/5.1.2 Safari/534.52.7"
178.137.93.32 - - [25/Jul/2013:08:56:18 -0400] "GET / HTTP/1.1" 200 8953 "http://fayle.ru/" "Mozilla/4.0 (compatible; MSIE 6.0; Windows XP)"
86.106.35.12 - - [25/Jul/2013:00:54:16 -0400] "GET / HTTP/1.1" 200 8953 "-" "-"
24.98.212.227 - - [25/Jul/2013:12:10:03 -0400] "GET /css/style.css HTTP/1.1" 200 9522 "http://judgepenny.com/" "Mozilla/5.0 (iPhone; CPU iPhone OS 6_1_3 like Mac OS X) AppleWebKit/536.26 (KHTML, like Gecko) Version/6.0 Mobile/10B329 Safari/8536.25"
24.98.212.227 - - [25/Jul/2013:12:10:04 -0400] "GET /images/twitter.png HTTP/1.1" 200 2703 "http://judgepenny.com/" "Mozilla/5.0 (iPhone; CPU iPhone OS 6_1_3 like Mac OS X) AppleWebKit/536.26 (KHTML, like Gecko) Version/6.0 Mobile/10B329 Safari/8536.25"
24.98.212.227 - - [25/Jul/2013:12:10:04 -0400] "GET /slideshow/images/judge_penny_foundation.jpg HTTP/1.1" 200 175194 "http://judgepenny.com/" "Mozilla/5.0 (iPhone; CPU iPhone OS 6_1_3 like Mac OS X) AppleWebKit/536.26 (KHTML, like Gecko) Version/6.0 Mobile/10B329 Safari/8536.25"
24.98.212.227 - - [25/Jul/2013:12:10:04 -0400] "GET /slideshow/images/judge_penny_the_judge.jpg HTTP/1.1" 200 151096 "http://judgepenny.com/" "Mozilla/5.0 (iPhone; CPU iPhone OS 6_1_3 like Mac OS X) AppleWebKit/536.26 (KHTML, like Gecko) Version/6.0 Mobile/10B329 Safari/8536.25"
24.98.212.227 - - [25/Jul/2013:12:10:04 -0400] "GET /images/jenny-header.png HTTP/1.1" 200 69160 "http://judgepenny.com/" "Mozilla/5.0 (iPhone; CPU iPhone OS 6_1_3 like Mac OS X) AppleWebKit/536.26 (KHTML, like Gecko) Version/6.0 Mobile/10B329 Safari/8536.25"
24.98.212.227 - - [25/Jul/2013:12:10:04 -0400] "GET /images/seprator.png HTTP/1.1" 200 429 "http://judgepenny.com/" "Mozilla/5.0 (iPhone; CPU iPhone OS 6_1_3 like Mac OS X) AppleWebKit/536.26 (KHTML, like Gecko) Version/6.0 Mobile/10B329 Safari/8536.25"
98.100.17.18 - - [25/Jul/2013:13:00:14 -0400] "GET /images/jenny-header.png HTTP/1.1" 200 69160 "http://www.judgepenny.com/" "Mozilla/5.0 (Macintosh; Intel Mac OS X 10_6_8) AppleWebKit/534.52.7 (KHTML, like Gecko) Version/5.1.2 Safari/534.52.7"
208.54.64.209 - - [25/Jul/2013:19:27:05 -0400] "GET /slideshow/images/judge_penny_foundation.jpg HTTP/1.1" 200 175194 "http://www.google.com/search?q=judge+penny&client=ms-android-hms-tmobile-us&hl=en&source=android-launcher-widget&v=141292727&tbm=isch&tbo=u&source=univ&sa=X&ei=3bPxUf-oDpH69gTRoYCACg&ved=0CCoQsAQ&biw=360&bih=588&sei=7bPxUZGPI4zK9QSLzYGQAw" "Mozilla/5.0 (Linux; U; Android 4.0.3; en-us; Amaze_4G Build/IML74K) AppleWebKit/534.30 (KHTML, like Gecko) Version/4.0 Mobile Safari/534.30"
157.55.36.36 - - [25/Jul/2013:07:13:47 -0400] "GET /robots.txt HTTP/1.1" 404 575 "-" "Mozilla/5.0 (compatible; bingbot/2.0; +http://www.bing.com/bingbot.htm)"
157.55.32.99 - - [25/Jul/2013:07:34:20 -0400] "GET /robots.txt HTTP/1.1" 404 575 "-" "Mozilla/5.0 (compatible; bingbot/2.0; +http://www.bing.com/bingbot.htm)"
66.249.75.108 - - [25/Jul/2013:21:29:26 -0400] "GET / HTTP/1.1" 200 8953 "-" "Mozilla/5.0 (compatible; Googlebot/2.1; +http://www.google.com/bot.html)"
99.141.156.241 - - [25/Jul/2013:00:34:56 -0400] "GET /slide-style.css HTTP/1.1" 404 575 "http://judgepenny.com/shopping.php" "Mozilla/5.0 (compatible; MSIE 10.0; Windows NT 6.2; WOW64; Trident/6.0; MALNJS)"
99.141.156.241 - - [25/Jul/2013:00:34:56 -0400] "GET /images/btn.png HTTP/1.1" 200 512 "http://judgepenny.com/shopping.php" "Mozilla/5.0 (compatible; MSIE 10.0; Windows NT 6.2; WOW64; Trident/6.0; MALNJS)"
220.181.108.170 - - [25/Jul/2013:09:26:28 -0400] "GET /judge-penny-story.php HTTP/1.1" 200 13963 "-" "Mozilla/5.0 (compatible; Baiduspider/2.0; +http://www.baidu.com/search/spider.html)"
65.26.130.165 - - [25/Jul/2013:09:27:14 -0400] "GET /slide-style.css HTTP/1.1" 404 575 "http://judgepenny.com/biography.php" "Mozilla/5.0 (compatible; MSIE 10.0; Windows NT 6.2; Win64; x64; Trident/6.0)"
65.26.130.165 - - [25/Jul/2013:09:27:15 -0400] "GET /favicon.ico HTTP/1.1" 404 575 "-" "Mozilla/5.0 (compatible; MSIE 10.0; Windows NT 6.2; Win64; x64; Trident/6.0)"
142.4.217.219 - - [25/Jul/2013:09:27:35 -0400] "GET /links.htm HTTP/1.1" 404 575 "-" "Mozilla/5.0 (X11; Linux i686; rv:6.0) Gecko/20100101 Firefox/6.0"
24.98.212.227 - - [25/Jul/2013:12:10:32 -0400] "GET /css/style.css HTTP/1.1" 200 9522 "http://www.judgepenny.com/biography.php" "Mozilla/5.0 (iPhone; CPU iPhone OS 6_1_3 like Mac OS X) AppleWebKit/536.26 (KHTML, like Gecko) Version/6.0 Mobile/10B329 Safari/8536.25"
24.98.212.227 - - [25/Jul/2013:12:10:32 -0400] "GET /images/judge-jenny.png HTTP/1.1" 200 28663 "http://www.judgepenny.com/biography.php" "Mozilla/5.0 (iPhone; CPU iPhone OS 6_1_3 like Mac OS X) AppleWebKit/536.26 (KHTML, like Gecko) Version/6.0 Mobile/10B329 Safari/8536.25"
24.98.212.227 - - [25/Jul/2013:12:10:32 -0400] "GET /images/jenny-header.png HTTP/1.1" 200 69160 "http://www.judgepenny.com/biography.php" "Mozilla/5.0 (iPhone; CPU iPhone OS 6_1_3 like Mac OS X) AppleWebKit/536.26 (KHTML, like Gecko) Version/6.0 Mobile/10B329 Safari/8536.25"
24.98.212.227 - - [25/Jul/2013:12:10:32 -0400] "GET /images/right-div.png HTTP/1.1" 200 5479 "http://www.judgepenny.com/biography.php" "Mozilla/5.0 (iPhone; CPU iPhone OS 6_1_3 like Mac OS X) AppleWebKit/536.26 (KHTML, like Gecko) Version/6.0 Mobile/10B329 Safari/8536.25"
98.100.17.18 - - [25/Jul/2013:13:00:11 -0400] "GET /css/nivo-slider.css HTTP/1.1" 200 1430 "http://www.judgepenny.com/" "Mozilla/5.0 (Macintosh; Intel Mac OS X 10_6_8) AppleWebKit/534.52.7 (KHTML, like Gecko) Version/5.1.2 Safari/534.52.7"
98.100.17.18 - - [25/Jul/2013:13:00:21 -0400] "GET /slideshow/images/judge_penny_the_judge.jpg HTTP/1.1" 200 151096 "http://www.judgepenny.com/" "Mozilla/5.0 (Macintosh; Intel Mac OS X 10_6_8) AppleWebKit/534.52.7 (KHTML, like Gecko) Version/5.1.2 Safari/534.52.7"
123.125.71.84 - - [25/Jul/2013:14:22:08 -0400] "GET / HTTP/1.1" 200 8953 "-" "Mozilla/5.0 (compatible; Baiduspider/2.0; +http://www.baidu.com/search/spider.html)"
