5.10.83.8 - - [25/Aug/2013:00:03:00 -0400] "GET /events.php HTTP/1.1" 200 8644 "-" "Mozilla/5.0 (compatible; AhrefsBot/5.0; +http://ahrefs.com/robot/)"
5.255.253.78 - - [25/Aug/2013:00:04:04 -0400] "GET /images/judge2.jpg HTTP/1.1" 304 - "-" "Mozilla/5.0 (compatible; YandexImages/3.0; +http://yandex.com/bots)"
5.255.253.78 - - [25/Aug/2013:00:06:27 -0400] "GET /slideshow/images/judge_penny_opportunity.jpg HTTP/1.1" 200 99540 "-" "Mozilla/5.0 (compatible; YandexImages/3.0; +http://yandex.com/bots)"
5.255.253.78 - - [25/Aug/2013:00:15:53 -0400] "GET /images/twitter.png HTTP/1.1" 200 2703 "-" "Mozilla/5.0 (compatible; YandexImages/3.0; +http://yandex.com/bots)"
208.115.111.70 - - [25/Aug/2013:00:19:59 -0400] "GET /robots.txt HTTP/1.1" 404 575 "-" "Mozilla/5.0 (compatible; Ezooms/1.0; ezooms.bot@gmail.com)"
208.115.111.70 - - [25/Aug/2013:00:19:59 -0400] "GET /robots.txt HTTP/1.1" 404 575 "-" "Mozilla/5.0 (compatible; Ezooms/1.0; ezooms.bot@gmail.com)"
68.196.26.144 - - [25/Aug/2013:00:22:23 -0400] "GET / HTTP/1.1" 302 360 "http://www.google.com/url?sa=t&rct=j&q=&esrc=s&frm=1&source=web&cd=7&sqi=2&ved=0CEEQFjAG&url=http%3A%2F%2Fwww.judgepenny.com%2F&ei=Y4YZUtPsD_G84APr4YCoDw&usg=AFQjCNHtHkI_C9gsk1xU2I1lfXHdPYI7Ow&bvm=bv.51156542,d.dmg" "Mozilla/5.0 (compatible; MSIE 10.0; Windows NT 6.1; WOW64; Trident/6.0)"
68.196.26.144 - - [25/Aug/2013:00:23:01 -0400] "GET / HTTP/1.1" 200 8953 "-" "Mozilla/5.0 (compatible; MSIE 10.0; Windows NT 6.1; WOW64; Trident/6.0)"
68.196.26.144 - - [25/Aug/2013:00:23:02 -0400] "GET /videos/jwplayer.js HTTP/1.1" 200 133009 "http://www.judgepenny.com/" "Mozilla/5.0 (compatible; MSIE 10.0; Windows NT 6.1; WOW64; Trident/6.0)"
68.196.26.144 - - [25/Aug/2013:00:23:02 -0400] "GET /css/style.css HTTP/1.1" 200 9522 "http://www.judgepenny.com/" "Mozilla/5.0 (compatible; MSIE 10.0; Windows NT 6.1; WOW64; Trident/6.0)"
68.196.26.144 - - [25/Aug/2013:00:23:02 -0400] "GET /css/default.css HTTP/1.1" 200 1295 "http://www.judgepenny.com/" "Mozilla/5.0 (compatible; MSIE 10.0; Windows NT 6.1; WOW64; Trident/6.0)"
68.196.26.144 - - [25/Aug/2013:00:23:02 -0400] "GET /css/nivo-slider.css HTTP/1.1" 200 1430 "http://www.judgepenny.com/" "Mozilla/5.0 (compatible; MSIE 10.0; Windows NT 6.1; WOW64; Trident/6.0)"
68.196.26.144 - - [25/Aug/2013:00:23:02 -0400] "GET /images/judge-jenny.png HTTP/1.1" 200 28663 "http://www.judgepenny.com/" "Mozilla/5.0 (compatible; MSIE 10.0; Windows NT 6.1; WOW64; Trident/6.0)"
68.196.26.144 - - [25/Aug/2013:00:23:02 -0400] "GET /slide-style.css HTTP/1.1" 404 575 "http://www.judgepenny.com/" "Mozilla/5.0 (compatible; MSIE 10.0; Windows NT 6.1; WOW64; Trident/6.0)"
68.196.26.144 - - [25/Aug/2013:00:23:02 -0400] "GET /images/facebook.png HTTP/1.1" 200 2371 "http://www.judgepenny.com/" "Mozilla/5.0 (compatible; MSIE 10.0; Windows NT 6.1; WOW64; Trident/6.0)"
68.196.26.144 - - [25/Aug/2013:00:23:02 -0400] "GET /images/twitter.png HTTP/1.1" 200 2703 "http://www.judgepenny.com/" "Mozilla/5.0 (compatible; MSIE 10.0; Windows NT 6.1; WOW64; Trident/6.0)"
68.196.26.144 - - [25/Aug/2013:00:23:02 -0400] "GET /images/linked-in.png HTTP/1.1" 200 2575 "http://www.judgepenny.com/" "Mozilla/5.0 (compatible; MSIE 10.0; Windows NT 6.1; WOW64; Trident/6.0)"
68.196.26.144 - - [25/Aug/2013:00:23:02 -0400] "GET /images/you-tube.png HTTP/1.1" 200 3090 "http://www.judgepenny.com/" "Mozilla/5.0 (compatible; MSIE 10.0; Windows NT 6.1; WOW64; Trident/6.0)"
68.196.26.144 - - [25/Aug/2013:00:23:02 -0400] "GET /slideshow/images/judge_penny_foundation.jpg HTTP/1.1" 200 175194 "http://www.judgepenny.com/" "Mozilla/5.0 (compatible; MSIE 10.0; Windows NT 6.1; WOW64; Trident/6.0)"
68.196.26.144 - - [25/Aug/2013:00:23:02 -0400] "GET /slideshow/images/judge_penny_opportunity.jpg HTTP/1.1" 200 99540 "http://www.judgepenny.com/" "Mozilla/5.0 (compatible; MSIE 10.0; Windows NT 6.1; WOW64; Trident/6.0)"
68.196.26.144 - - [25/Aug/2013:00:23:02 -0400] "GET /slideshow/images/book.jpg HTTP/1.1" 200 132593 "http://www.judgepenny.com/" "Mozilla/5.0 (compatible; MSIE 10.0; Windows NT 6.1; WOW64; Trident/6.0)"
68.196.26.144 - - [25/Aug/2013:00:23:02 -0400] "GET /slideshow/images/judge_penny_self_worth.jpg HTTP/1.1" 200 129594 "http://www.judgepenny.com/" "Mozilla/5.0 (compatible; MSIE 10.0; Windows NT 6.1; WOW64; Trident/6.0)"
68.196.26.144 - - [25/Aug/2013:00:23:03 -0400] "GET /slideshow/images/judge_penny_the_judge.jpg HTTP/1.1" 200 151096 "http://www.judgepenny.com/" "Mozilla/5.0 (compatible; MSIE 10.0; Windows NT 6.1; WOW64; Trident/6.0)"
68.196.26.144 - - [25/Aug/2013:00:23:03 -0400] "GET /js/jquery.nivo.slider.pack.js HTTP/1.1" 200 15854 "http://www.judgepenny.com/" "Mozilla/5.0 (compatible; MSIE 10.0; Windows NT 6.1; WOW64; Trident/6.0)"
68.196.26.144 - - [25/Aug/2013:00:23:03 -0400] "GET /images/m-top.png HTTP/1.1" 200 574 "http://www.judgepenny.com/" "Mozilla/5.0 (compatible; MSIE 10.0; Windows NT 6.1; WOW64; Trident/6.0)"
68.196.26.144 - - [25/Aug/2013:00:23:03 -0400] "GET /images/m-btm.png HTTP/1.1" 200 741 "http://www.judgepenny.com/" "Mozilla/5.0 (compatible; MSIE 10.0; Windows NT 6.1; WOW64; Trident/6.0)"
68.196.26.144 - - [25/Aug/2013:00:23:03 -0400] "GET /css/loading.gif HTTP/1.1" 200 1737 "http://www.judgepenny.com/" "Mozilla/5.0 (compatible; MSIE 10.0; Windows NT 6.1; WOW64; Trident/6.0)"
68.196.26.144 - - [25/Aug/2013:00:23:03 -0400] "GET /images/jenny-header.png HTTP/1.1" 200 69160 "http://www.judgepenny.com/" "Mozilla/5.0 (compatible; MSIE 10.0; Windows NT 6.1; WOW64; Trident/6.0)"
68.196.26.144 - - [25/Aug/2013:00:23:03 -0400] "GET /images/bg.jpg HTTP/1.1" 200 71900 "http://www.judgepenny.com/" "Mozilla/5.0 (compatible; MSIE 10.0; Windows NT 6.1; WOW64; Trident/6.0)"
68.196.26.144 - - [25/Aug/2013:00:23:03 -0400] "GET /images/seprator.png HTTP/1.1" 200 429 "http://www.judgepenny.com/" "Mozilla/5.0 (compatible; MSIE 10.0; Windows NT 6.1; WOW64; Trident/6.0)"
68.196.26.144 - - [25/Aug/2013:00:23:03 -0400] "GET /images/m-center.png HTTP/1.1" 200 191 "http://www.judgepenny.com/" "Mozilla/5.0 (compatible; MSIE 10.0; Windows NT 6.1; WOW64; Trident/6.0)"
68.196.26.144 - - [25/Aug/2013:00:23:03 -0400] "GET /images/h-right.png HTTP/1.1" 200 279 "http://www.judgepenny.com/" "Mozilla/5.0 (compatible; MSIE 10.0; Windows NT 6.1; WOW64; Trident/6.0)"
68.196.26.144 - - [25/Aug/2013:00:23:03 -0400] "GET /images/h-left.png HTTP/1.1" 200 137 "http://www.judgepenny.com/" "Mozilla/5.0 (compatible; MSIE 10.0; Windows NT 6.1; WOW64; Trident/6.0)"
68.196.26.144 - - [25/Aug/2013:00:23:03 -0400] "GET /images/ftr-bg.png HTTP/1.1" 200 198 "http://www.judgepenny.com/" "Mozilla/5.0 (compatible; MSIE 10.0; Windows NT 6.1; WOW64; Trident/6.0)"
68.196.26.144 - - [25/Aug/2013:00:23:03 -0400] "GET /images/mail-div.png HTTP/1.1" 200 1078 "http://www.judgepenny.com/" "Mozilla/5.0 (compatible; MSIE 10.0; Windows NT 6.1; WOW64; Trident/6.0)"
68.196.26.144 - - [25/Aug/2013:00:23:04 -0400] "GET /images/s-top.png HTTP/1.1" 200 440 "http://www.judgepenny.com/" "Mozilla/5.0 (compatible; MSIE 10.0; Windows NT 6.1; WOW64; Trident/6.0)"
68.196.26.144 - - [25/Aug/2013:00:23:04 -0400] "GET /images/side-bg.png HTTP/1.1" 200 168 "http://www.judgepenny.com/" "Mozilla/5.0 (compatible; MSIE 10.0; Windows NT 6.1; WOW64; Trident/6.0)"
68.196.26.144 - - [25/Aug/2013:00:23:04 -0400] "GET /images/s-btm.png HTTP/1.1" 200 605 "http://www.judgepenny.com/" "Mozilla/5.0 (compatible; MSIE 10.0; Windows NT 6.1; WOW64; Trident/6.0)"
68.196.26.144 - - [25/Aug/2013:00:23:04 -0400] "GET /css/bullets.png HTTP/1.1" 200 1281 "http://www.judgepenny.com/" "Mozilla/5.0 (compatible; MSIE 10.0; Windows NT 6.1; WOW64; Trident/6.0)"
68.196.26.144 - - [25/Aug/2013:00:23:04 -0400] "GET /css/arrows.png HTTP/1.1" 200 824 "http://www.judgepenny.com/" "Mozilla/5.0 (compatible; MSIE 10.0; Windows NT 6.1; WOW64; Trident/6.0)"
68.196.26.144 - - [25/Aug/2013:00:23:03 -0400] "GET /slideshow/images/judge_penny_speaking_request.png HTTP/1.1" 200 291884 "http://www.judgepenny.com/" "Mozilla/5.0 (compatible; MSIE 10.0; Windows NT 6.1; WOW64; Trident/6.0)"
68.196.26.144 - - [25/Aug/2013:00:23:05 -0400] "GET /favicon.ico HTTP/1.1" 404 575 "-" "Mozilla/5.0 (compatible; MSIE 10.0; Windows NT 6.1; Win64; x64; Trident/6.0)"
68.196.26.144 - - [25/Aug/2013:00:23:17 -0400] "GET /photos.php HTTP/1.1" 200 6337 "http://www.judgepenny.com/" "Mozilla/5.0 (compatible; MSIE 10.0; Windows NT 6.1; WOW64; Trident/6.0)"
68.196.26.144 - - [25/Aug/2013:00:23:19 -0400] "GET /images/pic1.jpg HTTP/1.1" 200 91045 "http://www.judgepenny.com/photos.php" "Mozilla/5.0 (compatible; MSIE 10.0; Windows NT 6.1; WOW64; Trident/6.0)"
68.196.26.144 - - [25/Aug/2013:00:23:19 -0400] "GET /images/pic2.jpg HTTP/1.1" 200 85634 "http://www.judgepenny.com/photos.php" "Mozilla/5.0 (compatible; MSIE 10.0; Windows NT 6.1; WOW64; Trident/6.0)"
68.196.26.144 - - [25/Aug/2013:00:23:19 -0400] "GET /images/pic4.jpg HTTP/1.1" 200 62897 "http://www.judgepenny.com/photos.php" "Mozilla/5.0 (compatible; MSIE 10.0; Windows NT 6.1; WOW64; Trident/6.0)"
68.196.26.144 - - [25/Aug/2013:00:23:19 -0400] "GET /images/pic3.jpg HTTP/1.1" 200 49773 "http://www.judgepenny.com/photos.php" "Mozilla/5.0 (compatible; MSIE 10.0; Windows NT 6.1; WOW64; Trident/6.0)"
68.196.26.144 - - [25/Aug/2013:00:23:19 -0400] "GET /slide-style.css HTTP/1.1" 404 575 "http://www.judgepenny.com/photos.php" "Mozilla/5.0 (compatible; MSIE 10.0; Windows NT 6.1; WOW64; Trident/6.0)"
68.196.26.144 - - [25/Aug/2013:00:23:19 -0400] "GET /images/pic5.jpg HTTP/1.1" 200 74200 "http://www.judgepenny.com/photos.php" "Mozilla/5.0 (compatible; MSIE 10.0; Windows NT 6.1; WOW64; Trident/6.0)"
68.196.26.144 - - [25/Aug/2013:00:23:19 -0400] "GET /images/pic6.jpg HTTP/1.1" 200 57281 "http://www.judgepenny.com/photos.php" "Mozilla/5.0 (compatible; MSIE 10.0; Windows NT 6.1; WOW64; Trident/6.0)"
68.196.26.144 - - [25/Aug/2013:00:23:19 -0400] "GET /images/pic7.jpg HTTP/1.1" 200 88548 "http://www.judgepenny.com/photos.php" "Mozilla/5.0 (compatible; MSIE 10.0; Windows NT 6.1; WOW64; Trident/6.0)"
68.196.26.144 - - [25/Aug/2013:00:23:19 -0400] "GET /images/main-btm.png HTTP/1.1" 200 398 "http://www.judgepenny.com/photos.php" "Mozilla/5.0 (compatible; MSIE 10.0; Windows NT 6.1; WOW64; Trident/6.0)"
68.196.26.144 - - [25/Aug/2013:00:23:19 -0400] "GET /images/pic8.jpg HTTP/1.1" 200 115644 "http://www.judgepenny.com/photos.php" "Mozilla/5.0 (compatible; MSIE 10.0; Windows NT 6.1; WOW64; Trident/6.0)"
68.196.26.144 - - [25/Aug/2013:00:23:19 -0400] "GET /images/btn.png HTTP/1.1" 200 512 "http://www.judgepenny.com/photos.php" "Mozilla/5.0 (compatible; MSIE 10.0; Windows NT 6.1; WOW64; Trident/6.0)"
68.196.26.144 - - [25/Aug/2013:00:23:19 -0400] "GET /images/r-head.png HTTP/1.1" 200 596 "http://www.judgepenny.com/photos.php" "Mozilla/5.0 (compatible; MSIE 10.0; Windows NT 6.1; WOW64; Trident/6.0)"
68.196.26.144 - - [25/Aug/2013:00:23:19 -0400] "GET /images/entry-bg3.png HTTP/1.1" 200 19110 "http://www.judgepenny.com/photos.php" "Mozilla/5.0 (compatible; MSIE 10.0; Windows NT 6.1; WOW64; Trident/6.0)"
68.196.26.144 - - [25/Aug/2013:00:23:19 -0400] "GET /images/events.png HTTP/1.1" 200 3829 "http://www.judgepenny.com/photos.php" "Mozilla/5.0 (compatible; MSIE 10.0; Windows NT 6.1; WOW64; Trident/6.0)"
68.196.26.144 - - [25/Aug/2013:00:23:19 -0400] "GET /images/sub-menu.png HTTP/1.1" 200 6956 "http://www.judgepenny.com/photos.php" "Mozilla/5.0 (compatible; MSIE 10.0; Windows NT 6.1; WOW64; Trident/6.0)"
68.196.26.144 - - [25/Aug/2013:00:23:20 -0400] "GET /favicon.ico HTTP/1.1" 404 575 "-" "Mozilla/5.0 (compatible; MSIE 10.0; Windows NT 6.1; Win64; x64; Trident/6.0)"
5.255.253.78 - - [25/Aug/2013:00:33:13 -0400] "GET /images/judge-jenny.png HTTP/1.1" 200 28663 "-" "Mozilla/5.0 (compatible; YandexImages/3.0; +http://yandex.com/bots)"
5.255.253.78 - - [25/Aug/2013:01:02:13 -0400] "GET /slideshow/images/judge_penny_the_judge.jpg HTTP/1.1" 200 151096 "-" "Mozilla/5.0 (compatible; YandexImages/3.0; +http://yandex.com/bots)"
208.115.111.70 - - [25/Aug/2013:01:07:38 -0400] "GET /speaking-requests.php HTTP/1.1" 200 14865 "-" "Mozilla/5.0 (compatible; Ezooms/1.0; ezooms.bot@gmail.com)"
208.115.111.70 - - [25/Aug/2013:01:07:42 -0400] "GET /biography.html HTTP/1.1" 404 575 "-" "Mozilla/5.0 (compatible; Ezooms/1.0; ezooms.bot@gmail.com)"
208.115.111.70 - - [25/Aug/2013:01:07:44 -0400] "GET /events.html HTTP/1.1" 404 575 "-" "Mozilla/5.0 (compatible; Ezooms/1.0; ezooms.bot@gmail.com)"
157.55.32.95 - - [25/Aug/2013:01:10:35 -0400] "GET /robots.txt HTTP/1.1" 404 575 "-" "Mozilla/5.0 (compatible; bingbot/2.0; +http://www.bing.com/bingbot.htm)"
157.55.32.95 - - [25/Aug/2013:01:11:14 -0400] "GET /contact.php HTTP/1.1" 200 6149 "-" "Mozilla/5.0 (compatible; bingbot/2.0; +http://www.bing.com/bingbot.htm)"
157.55.32.84 - - [25/Aug/2013:01:21:19 -0400] "GET / HTTP/1.1" 200 8953 "-" "Mozilla/5.0 (compatible; bingbot/2.0; +http://www.bing.com/bingbot.htm)"
5.255.253.78 - - [25/Aug/2013:01:32:09 -0400] "GET /images/story.jpg HTTP/1.1" 304 - "-" "Mozilla/5.0 (compatible; YandexImages/3.0; +http://yandex.com/bots)"
192.31.106.36 - - [25/Aug/2013:01:34:27 -0400] "GET /images/linked-in.png HTTP/1.1" 304 - "-" "Mozilla/4.0 (compatible;)"
5.255.253.78 - - [25/Aug/2013:01:47:26 -0400] "GET /slideshow/images/book.jpg HTTP/1.1" 200 132593 "-" "Mozilla/5.0 (compatible; YandexImages/3.0; +http://yandex.com/bots)"
5.255.253.78 - - [25/Aug/2013:02:00:00 -0400] "GET /slideshow/images/judge_penny_self_worth.jpg HTTP/1.1" 200 129594 "-" "Mozilla/5.0 (compatible; YandexImages/3.0; +http://yandex.com/bots)"
157.55.32.84 - - [25/Aug/2013:02:16:44 -0400] "GET /robots.txt HTTP/1.1" 404 575 "-" "Mozilla/5.0 (compatible; bingbot/2.0; +http://www.bing.com/bingbot.htm)"
157.55.32.84 - - [25/Aug/2013:02:17:45 -0400] "GET / HTTP/1.1" 200 8953 "-" "Mozilla/5.0 (compatible; bingbot/2.0; +http://www.bing.com/bingbot.htm)"
5.255.253.78 - - [25/Aug/2013:02:47:03 -0400] "GET /images/buy-now.png HTTP/1.1" 304 - "-" "Mozilla/5.0 (compatible; YandexImages/3.0; +http://yandex.com/bots)"
157.55.32.84 - - [25/Aug/2013:02:47:16 -0400] "GET / HTTP/1.1" 200 8953 "-" "Mozilla/5.0 (compatible; bingbot/2.0; +http://www.bing.com/bingbot.htm)"
5.255.253.78 - - [25/Aug/2013:03:28:01 -0400] "GET /slideshow/images/judge_penny_foundation.jpg HTTP/1.1" 200 175194 "-" "Mozilla/5.0 (compatible; YandexImages/3.0; +http://yandex.com/bots)"
46.118.126.194 - - [25/Aug/2013:03:53:06 -0400] "GET / HTTP/1.1" 200 8953 "http://telety.ru/" "Mozilla/4.0 (compatible; MSIE 6.0; Windows NT 5.2; SV1; .NET CLR 1.1.4322; .NET CLR 2.0.50727)"
46.118.126.194 - - [25/Aug/2013:03:53:08 -0400] "GET / HTTP/1.1" 200 8953 "http://telety.ru/" "Mozilla/4.0 (compatible; MSIE 6.0; Windows NT 5.2; SV1; .NET CLR 1.1.4322; .NET CLR 2.0.50727)"
46.118.126.194 - - [25/Aug/2013:03:53:07 -0400] "GET / HTTP/1.1" 200 8953 "http://telety.ru/" "Mozilla/4.0 (compatible; MSIE 6.0; Windows NT 5.2; SV1; .NET CLR 1.1.4322; .NET CLR 2.0.50727)"
157.56.92.141 - - [25/Aug/2013:03:59:27 -0400] "GET /robots.txt HTTP/1.1" 404 575 "-" "Mozilla/5.0 (compatible; bingbot/2.0; +http://www.bing.com/bingbot.htm)"
157.56.92.141 - - [25/Aug/2013:03:59:55 -0400] "GET / HTTP/1.1" 200 8953 "-" "Mozilla/5.0 (compatible; bingbot/2.0; +http://www.bing.com/bingbot.htm)"
5.255.253.78 - - [25/Aug/2013:04:10:04 -0400] "GET /images/judge.png HTTP/1.1" 304 - "-" "Mozilla/5.0 (compatible; YandexImages/3.0; +http://yandex.com/bots)"
5.255.253.78 - - [25/Aug/2013:04:21:49 -0400] "GET /slideshow/images/judge_penny_speaking_request.png HTTP/1.1" 200 291884 "-" "Mozilla/5.0 (compatible; YandexImages/3.0; +http://yandex.com/bots)"
5.255.253.78 - - [25/Aug/2013:04:21:52 -0400] "GET /images/facebook.png HTTP/1.1" 200 2371 "-" "Mozilla/5.0 (compatible; YandexImages/3.0; +http://yandex.com/bots)"
180.76.5.159 - - [25/Aug/2013:04:51:34 -0400] "GET /penny-for-your-thoughts_howdoIdealwithanoutofcontrol.php HTTP/1.1" 200 8668 "-" "Mozilla/5.0 (compatible; Baiduspider/2.0; +http://www.baidu.com/search/spider.html)"
5.10.83.8 - - [25/Aug/2013:04:53:21 -0400] "GET /penny-for-your-thoughts_howtowalkawayfromabadrelationship.php HTTP/1.1" 200 7498 "-" "Mozilla/5.0 (compatible; AhrefsBot/5.0; +http://ahrefs.com/robot/)"
5.255.253.78 - - [25/Aug/2013:05:12:30 -0400] "GET /slideshow/images/judge_penny_the_judge.jpg HTTP/1.1" 200 151096 "-" "Mozilla/5.0 (compatible; YandexImages/3.0; +http://yandex.com/bots)"
5.255.253.78 - - [25/Aug/2013:05:43:04 -0400] "GET /images/judge2.jpg HTTP/1.1" 304 - "-" "Mozilla/5.0 (compatible; YandexImages/3.0; +http://yandex.com/bots)"
5.255.253.78 - - [25/Aug/2013:06:04:14 -0400] "GET /slideshow/images/judge_penny_foundation.jpg HTTP/1.1" 200 175194 "-" "Mozilla/5.0 (compatible; YandexImages/3.0; +http://yandex.com/bots)"
62.212.73.211 - - [25/Aug/2013:06:17:38 -0400] "GET /robots.txt HTTP/1.0" 404 575 "-" "Mozilla/5.0 (compatible; MJ12bot/v1.4.3; http://www.majestic12.co.uk/bot.php?+)"
62.212.73.211 - - [25/Aug/2013:06:17:39 -0400] "GET / HTTP/1.0" 200 8953 "-" "Mozilla/5.0 (compatible; MJ12bot/v1.4.3; http://www.majestic12.co.uk/bot.php?+)"
208.115.113.86 - - [25/Aug/2013:06:20:08 -0400] "GET /robots.txt HTTP/1.1" 404 575 "-" "Mozilla/5.0 (compatible; Ezooms/1.0; ezooms.bot@gmail.com)"
5.255.253.78 - - [25/Aug/2013:06:42:40 -0400] "GET /slideshow/images/book.jpg HTTP/1.1" 200 132593 "-" "Mozilla/5.0 (compatible; YandexImages/3.0; +http://yandex.com/bots)"
5.255.253.78 - - [25/Aug/2013:07:00:23 -0400] "GET /images/story.jpg HTTP/1.1" 304 - "-" "Mozilla/5.0 (compatible; YandexImages/3.0; +http://yandex.com/bots)"
208.115.113.86 - - [25/Aug/2013:07:06:36 -0400] "GET /judge-penny-foundation.html HTTP/1.1" 404 575 "-" "Mozilla/5.0 (compatible; Ezooms/1.0; ezooms.bot@gmail.com)"
5.255.253.78 - - [25/Aug/2013:07:14:27 -0400] "GET /images/judge-jenny.png HTTP/1.1" 200 28663 "-" "Mozilla/5.0 (compatible; YandexImages/3.0; +http://yandex.com/bots)"
5.255.253.78 - - [25/Aug/2013:07:14:53 -0400] "GET /images/twitter.png HTTP/1.1" 200 2703 "-" "Mozilla/5.0 (compatible; YandexImages/3.0; +http://yandex.com/bots)"
5.255.253.78 - - [25/Aug/2013:07:15:35 -0400] "GET /slideshow/images/judge_penny_opportunity.jpg HTTP/1.1" 200 99540 "-" "Mozilla/5.0 (compatible; YandexImages/3.0; +http://yandex.com/bots)"
5.255.253.78 - - [25/Aug/2013:07:15:45 -0400] "GET /images/buy-now.png HTTP/1.1" 304 - "-" "Mozilla/5.0 (compatible; YandexImages/3.0; +http://yandex.com/bots)"
66.249.83.108 - - [25/Aug/2013:07:32:03 -0400] "GET / HTTP/1.1" 200 8953 "-" "Mozilla/5.0 (Windows NT 6.1; rv:6.0) Gecko/20110814 Firefox/6.0 Google (+https://developers.google.com/+/web/snippet/)"
66.249.83.108 - - [25/Aug/2013:07:32:04 -0400] "GET /favicon.ico HTTP/1.1" 404 575 "-" "Mozilla/5.0 (Windows NT 6.1; rv:6.0) Gecko/20110814 Firefox/6.0 Google (+https://developers.google.com/+/web/snippet/)"
101.226.168.226 - - [25/Aug/2013:07:36:56 -0400] "GET /robots.txt HTTP/1.1" 404 575 "http://www.judgepenny.com/robots.txt" "Mozilla/4.0 (compatible; MSIE 8.0; Windows NT 6.1; Trident/4.0; SLCC2; .NET CLR 2.0.50727; .NET CLR 3.5.30729; .NET CLR 3.0.30729; Media Center PC 6.0; MDDR; .NET4.0C; .NET4.0E; .NET CLR 1.1.4322; Tablet PC 2.0); 360Spider"
157.56.92.141 - - [25/Aug/2013:07:48:43 -0400] "GET /robots.txt HTTP/1.1" 404 575 "-" "Mozilla/5.0 (compatible; bingbot/2.0; +http://www.bing.com/bingbot.htm)"
157.56.92.141 - - [25/Aug/2013:07:49:37 -0400] "GET / HTTP/1.1" 200 8953 "-" "Mozilla/5.0 (compatible; bingbot/2.0; +http://www.bing.com/bingbot.htm)"
52.129.8.52 - - [25/Aug/2013:07:50:27 -0400] "GET /biography.php HTTP/1.1" 302 397 "http://search.yahoo.com/search;_ylt=AuhTCSz6rXCLKywikwnc.LmbvZx4?fr=yfp-t-144-s&toggle=1&cop=mss&ei=UTF-8&p=judge%20penny%20brown%20reynolds" "Mozilla/4.0 (compatible; MSIE 8.0; Windows NT 5.1; Trident/4.0; GTB7.0; .NET4.0C; .NET4.0E; .NET CLR 2.0.50727; .NET CLR 3.0.04506.30; .NET CLR 3.0.4506.2152; .NET CLR 3.5.30729)"
208.115.111.70 - - [25/Aug/2013:08:20:41 -0400] "GET /robots.txt HTTP/1.1" 404 575 "-" "Mozilla/5.0 (compatible; Ezooms/1.0; ezooms.bot@gmail.com)"
76.229.109.75 - - [25/Aug/2013:08:31:19 -0400] "GET / HTTP/1.1" 302 360 "http://www.google.com/url?sa=t&rct=j&q=&esrc=s&frm=1&source=web&cd=7&sqi=2&ved=0CEQQFjAG&url=http%3A%2F%2Fwww.judgepenny.com%2F&ei=QXEYUuakEojYyQHUrICgCA&usg=AFQjCNHtHkI_C9gsk1xU2I1lfXHdPYI7Ow&sig2=cOGoyKtL2WcXdb-I0op0Ug&bvm=bv.51156542,d.aWM" "Mozilla/5.0 (compatible; MSIE 10.0; Windows NT 6.1; WOW64; Trident/6.0)"
208.115.111.70 - - [25/Aug/2013:09:07:21 -0400] "GET /beyond-the-robe.php HTTP/1.1" 200 8574 "-" "Mozilla/5.0 (compatible; Ezooms/1.0; ezooms.bot@gmail.com)"
92.249.127.111 - - [25/Aug/2013:10:12:57 -0400] "GET / HTTP/1.1" 200 8953 "http://www.bravica.mobi/ru/" "Mozilla/5.0 (compatible; news bot /2.1)"
92.249.127.111 - - [25/Aug/2013:10:12:59 -0400] "GET / HTTP/1.1" 200 8953 "http://www.bravica.mobi/ru/" "Mozilla/5.0 (compatible; news bot /2.1)"
92.249.127.111 - - [25/Aug/2013:10:13:00 -0400] "GET / HTTP/1.1" 200 8953 "http://www.bravica.mobi/ru/" "Mozilla/5.0 (compatible; news bot /2.1)"
157.56.92.141 - - [25/Aug/2013:10:35:56 -0400] "GET /robots.txt HTTP/1.1" 404 575 "-" "Mozilla/5.0 (compatible; bingbot/2.0; +http://www.bing.com/bingbot.htm)"
157.56.92.141 - - [25/Aug/2013:10:37:02 -0400] "GET / HTTP/1.1" 200 8953 "-" "Mozilla/5.0 (compatible; bingbot/2.0; +http://www.bing.com/bingbot.htm)"
66.249.75.108 - - [25/Aug/2013:10:42:40 -0400] "GET /robots.txt HTTP/1.1" 404 575 "-" "Mozilla/5.0 (compatible; Googlebot/2.1; +http://www.google.com/bot.html)"
66.249.75.108 - - [25/Aug/2013:10:42:40 -0400] "GET /press-room.php HTTP/1.1" 200 6775 "-" "Mozilla/5.0 (iPhone; U; CPU iPhone OS 4_1 like Mac OS X; en-us) AppleWebKit/532.9 (KHTML, like Gecko) Version/4.0.5 Mobile/8B117 Safari/6531.22.7 (compatible; Googlebot-Mobile/2.1; +http://www.google.com/bot.html)"
65.55.212.94 - - [25/Aug/2013:10:59:19 -0400] "GET /judge-penny-foundation.php HTTP/1.1" 200 7746 "-" "Mozilla/4.0 (compatible; MSIE 7.0; Windows NT 5.2;  SV1;  .NET CLR 1.1.4325;  .NET CLR 2.0.40607;  .NET CLR 3.0.04506.648)"
65.55.212.94 - - [25/Aug/2013:10:59:22 -0400] "GET /videos/jwplayer.js HTTP/1.1" 200 133009 "http://www.judgepenny.com/judge-penny-foundation.php" "Mozilla/4.0 (compatible; MSIE 7.0; Windows NT 5.2;  SV1;  .NET CLR 1.1.4325;  .NET CLR 2.0.40607;  .NET CLR 3.0.04506.648)"
65.55.212.94 - - [25/Aug/2013:10:59:23 -0400] "GET /css/style.css HTTP/1.1" 200 9522 "http://www.judgepenny.com/judge-penny-foundation.php" "Mozilla/4.0 (compatible; MSIE 7.0; Windows NT 5.2;  SV1;  .NET CLR 1.1.4325;  .NET CLR 2.0.40607;  .NET CLR 3.0.04506.648)"
131.253.26.234 - - [25/Aug/2013:10:59:28 -0400] "GET /slide-style.css HTTP/1.1" 404 575 "http://www.judgepenny.com/judge-penny-foundation.php" "Mozilla/4.0 (compatible; MSIE 7.0; Windows NT 5.2;  SV1;  .NET CLR 1.1.4325;  .NET CLR 2.0.40607;  .NET CLR 3.0.04506.648)"
131.253.26.244 - - [25/Aug/2013:10:59:28 -0400] "GET /css/nivo-slider.css HTTP/1.1" 200 1430 "http://www.judgepenny.com/judge-penny-foundation.php" "Mozilla/4.0 (compatible; MSIE 7.0; Windows NT 5.2;  SV1;  .NET CLR 1.1.4325;  .NET CLR 2.0.40607;  .NET CLR 3.0.04506.648)"
131.253.26.234 - - [25/Aug/2013:10:59:28 -0400] "GET /css/default.css HTTP/1.1" 200 1295 "http://www.judgepenny.com/judge-penny-foundation.php" "Mozilla/4.0 (compatible; MSIE 7.0; Windows NT 5.2;  SV1;  .NET CLR 1.1.4325;  .NET CLR 2.0.40607;  .NET CLR 3.0.04506.648)"
180.76.5.10 - - [25/Aug/2013:11:25:16 -0400] "GET /robots.txt HTTP/1.1" 404 575 "-" "Mozilla/5.0 (Windows NT 5.1; rv:6.0.2) Gecko/20100101 Firefox/6.0.2"
5.255.253.78 - - [25/Aug/2013:13:12:51 -0400] "GET /slideshow/images/judge_penny_foundation.jpg HTTP/1.1" 200 175194 "-" "Mozilla/5.0 (compatible; YandexImages/3.0; +http://yandex.com/bots)"
91.207.9.226 - - [25/Aug/2013:13:15:00 -0400] "GET / HTTP/1.1" 200 8953 "http://companyru.com/" "Mozilla/4.0 (compatible; MSIE 5.0; Windows 3.1)"
91.207.9.226 - - [25/Aug/2013:13:15:01 -0400] "GET / HTTP/1.1" 200 8953 "http://companyru.com/" "Mozilla/4.0 (compatible; MSIE 5.0; Windows 3.1)"
91.207.9.226 - - [25/Aug/2013:13:15:02 -0400] "GET / HTTP/1.1" 200 8953 "http://companyru.com/" "Mozilla/4.0 (compatible; MSIE 5.0; Windows 3.1)"
91.207.9.226 - - [25/Aug/2013:13:15:21 -0400] "GET / HTTP/1.1" 200 8953 "http://hdseven.ru/" "Mozilla/4.0 (compatible; MSIE 5.0; Windows 3.1)"
91.207.9.226 - - [25/Aug/2013:13:15:22 -0400] "GET / HTTP/1.1" 200 8953 "http://hdseven.ru/" "Mozilla/4.0 (compatible; MSIE 5.0; Windows 3.1)"
66.249.75.108 - - [25/Aug/2013:13:22:32 -0400] "GET /biography.php HTTP/1.1" 200 9590 "-" "Mozilla/5.0 (compatible; Googlebot/2.1; +http://www.google.com/bot.html)"
157.56.92.141 - - [25/Aug/2013:13:24:09 -0400] "GET /robots.txt HTTP/1.1" 404 575 "-" "Mozilla/5.0 (compatible; bingbot/2.0; +http://www.bing.com/bingbot.htm)"
157.56.92.141 - - [25/Aug/2013:13:26:51 -0400] "GET / HTTP/1.1" 200 8953 "-" "Mozilla/5.0 (compatible; bingbot/2.0; +http://www.bing.com/bingbot.htm)"
192.31.106.36 - - [25/Aug/2013:13:56:19 -0400] "GET /images/judge.png HTTP/1.1" 304 - "-" "Mozilla/4.0 (compatible;)"
157.55.32.101 - - [25/Aug/2013:14:12:09 -0400] "GET / HTTP/1.1" 200 8953 "-" "Mozilla/5.0 (compatible; bingbot/2.0; +http://www.bing.com/bingbot.htm)"
66.249.75.108 - - [25/Aug/2013:14:48:23 -0400] "GET /judge-penny-story.php HTTP/1.1" 200 13963 "-" "Mozilla/5.0 (compatible; Googlebot/2.1; +http://www.google.com/bot.html)"
66.249.75.108 - - [25/Aug/2013:15:13:05 -0400] "GET /judge-penny-foundation.php HTTP/1.1" 200 7746 "-" "Mozilla/5.0 (compatible; Googlebot/2.1; +http://www.google.com/bot.html)"
5.255.253.78 - - [25/Aug/2013:15:18:50 -0400] "GET /robots.txt HTTP/1.1" 404 575 "-" "Mozilla/5.0 (compatible; YandexImages/3.0; +http://yandex.com/bots)"
5.10.83.8 - - [25/Aug/2013:15:44:13 -0400] "GET /judge-penny-story.php HTTP/1.1" 200 13963 "-" "Mozilla/5.0 (compatible; AhrefsBot/5.0; +http://ahrefs.com/robot/)"
70.193.136.187 - - [25/Aug/2013:15:44:26 -0400] "GET /biography.php HTTP/1.1" 200 9590 "-" "Mozilla/5.0 (Linux; Android 4.2.2; en-us; SAMSUNG SCH-I545 Build/JDQ39) AppleWebKit/535.19 (KHTML, like Gecko) Version/1.0 Chrome/18.0.1025.308 Mobile Safari/535.19"
70.193.136.187 - - [25/Aug/2013:15:44:27 -0400] "GET /videos/jwplayer.js HTTP/1.1" 200 133009 "http://www.judgepenny.com/biography.php" "Mozilla/5.0 (Linux; Android 4.2.2; en-us; SAMSUNG SCH-I545 Build/JDQ39) AppleWebKit/535.19 (KHTML, like Gecko) Version/1.0 Chrome/18.0.1025.308 Mobile Safari/535.19"
70.193.136.187 - - [25/Aug/2013:15:44:28 -0400] "GET /css/style.css HTTP/1.1" 200 9522 "http://www.judgepenny.com/biography.php" "Mozilla/5.0 (Linux; Android 4.2.2; en-us; SAMSUNG SCH-I545 Build/JDQ39) AppleWebKit/535.19 (KHTML, like Gecko) Version/1.0 Chrome/18.0.1025.308 Mobile Safari/535.19"
70.193.136.187 - - [25/Aug/2013:15:44:28 -0400] "GET /css/default.css HTTP/1.1" 200 1295 "http://www.judgepenny.com/biography.php" "Mozilla/5.0 (Linux; Android 4.2.2; en-us; SAMSUNG SCH-I545 Build/JDQ39) AppleWebKit/535.19 (KHTML, like Gecko) Version/1.0 Chrome/18.0.1025.308 Mobile Safari/535.19"
70.193.136.187 - - [25/Aug/2013:15:44:28 -0400] "GET /css/nivo-slider.css HTTP/1.1" 200 1430 "http://www.judgepenny.com/biography.php" "Mozilla/5.0 (Linux; Android 4.2.2; en-us; SAMSUNG SCH-I545 Build/JDQ39) AppleWebKit/535.19 (KHTML, like Gecko) Version/1.0 Chrome/18.0.1025.308 Mobile Safari/535.19"
70.193.136.187 - - [25/Aug/2013:15:44:28 -0400] "GET /slide-style.css HTTP/1.1" 404 575 "http://www.judgepenny.com/biography.php" "Mozilla/5.0 (Linux; Android 4.2.2; en-us; SAMSUNG SCH-I545 Build/JDQ39) AppleWebKit/535.19 (KHTML, like Gecko) Version/1.0 Chrome/18.0.1025.308 Mobile Safari/535.19"
70.193.136.187 - - [25/Aug/2013:15:44:29 -0400] "GET /images/bg.jpg HTTP/1.1" 200 71900 "http://www.judgepenny.com/biography.php" "Mozilla/5.0 (Linux; Android 4.2.2; en-us; SAMSUNG SCH-I545 Build/JDQ39) AppleWebKit/535.19 (KHTML, like Gecko) Version/1.0 Chrome/18.0.1025.308 Mobile Safari/535.19"
70.193.136.187 - - [25/Aug/2013:15:44:29 -0400] "GET /images/jenny-header.png HTTP/1.1" 200 69160 "http://www.judgepenny.com/biography.php" "Mozilla/5.0 (Linux; Android 4.2.2; en-us; SAMSUNG SCH-I545 Build/JDQ39) AppleWebKit/535.19 (KHTML, like Gecko) Version/1.0 Chrome/18.0.1025.308 Mobile Safari/535.19"
70.193.136.187 - - [25/Aug/2013:15:44:29 -0400] "GET /images/judge-jenny.png HTTP/1.1" 200 28663 "http://www.judgepenny.com/biography.php" "Mozilla/5.0 (Linux; Android 4.2.2; en-us; SAMSUNG SCH-I545 Build/JDQ39) AppleWebKit/535.19 (KHTML, like Gecko) Version/1.0 Chrome/18.0.1025.308 Mobile Safari/535.19"
70.193.136.187 - - [25/Aug/2013:15:44:29 -0400] "GET /images/facebook.png HTTP/1.1" 200 2371 "http://www.judgepenny.com/biography.php" "Mozilla/5.0 (Linux; Android 4.2.2; en-us; SAMSUNG SCH-I545 Build/JDQ39) AppleWebKit/535.19 (KHTML, like Gecko) Version/1.0 Chrome/18.0.1025.308 Mobile Safari/535.19"
70.193.136.187 - - [25/Aug/2013:15:44:30 -0400] "GET /images/twitter.png HTTP/1.1" 200 2703 "http://www.judgepenny.com/biography.php" "Mozilla/5.0 (Linux; Android 4.2.2; en-us; SAMSUNG SCH-I545 Build/JDQ39) AppleWebKit/535.19 (KHTML, like Gecko) Version/1.0 Chrome/18.0.1025.308 Mobile Safari/535.19"
70.193.136.187 - - [25/Aug/2013:15:44:30 -0400] "GET /images/linked-in.png HTTP/1.1" 200 2575 "http://www.judgepenny.com/biography.php" "Mozilla/5.0 (Linux; Android 4.2.2; en-us; SAMSUNG SCH-I545 Build/JDQ39) AppleWebKit/535.19 (KHTML, like Gecko) Version/1.0 Chrome/18.0.1025.308 Mobile Safari/535.19"
70.193.136.187 - - [25/Aug/2013:15:44:30 -0400] "GET /images/you-tube.png HTTP/1.1" 200 3090 "http://www.judgepenny.com/biography.php" "Mozilla/5.0 (Linux; Android 4.2.2; en-us; SAMSUNG SCH-I545 Build/JDQ39) AppleWebKit/535.19 (KHTML, like Gecko) Version/1.0 Chrome/18.0.1025.308 Mobile Safari/535.19"
70.193.136.187 - - [25/Aug/2013:15:44:30 -0400] "GET /images/seprator.png HTTP/1.1" 200 429 "http://www.judgepenny.com/biography.php" "Mozilla/5.0 (Linux; Android 4.2.2; en-us; SAMSUNG SCH-I545 Build/JDQ39) AppleWebKit/535.19 (KHTML, like Gecko) Version/1.0 Chrome/18.0.1025.308 Mobile Safari/535.19"
70.193.136.187 - - [25/Aug/2013:15:44:30 -0400] "GET /images/btn.png HTTP/1.1" 200 512 "http://www.judgepenny.com/biography.php" "Mozilla/5.0 (Linux; Android 4.2.2; en-us; SAMSUNG SCH-I545 Build/JDQ39) AppleWebKit/535.19 (KHTML, like Gecko) Version/1.0 Chrome/18.0.1025.308 Mobile Safari/535.19"
70.193.136.187 - - [25/Aug/2013:15:44:30 -0400] "GET /images/sub-menu.png HTTP/1.1" 200 6956 "http://www.judgepenny.com/biography.php" "Mozilla/5.0 (Linux; Android 4.2.2; en-us; SAMSUNG SCH-I545 Build/JDQ39) AppleWebKit/535.19 (KHTML, like Gecko) Version/1.0 Chrome/18.0.1025.308 Mobile Safari/535.19"
70.193.136.187 - - [25/Aug/2013:15:44:30 -0400] "GET /images/h-div.png HTTP/1.1" 200 1503 "http://www.judgepenny.com/biography.php" "Mozilla/5.0 (Linux; Android 4.2.2; en-us; SAMSUNG SCH-I545 Build/JDQ39) AppleWebKit/535.19 (KHTML, like Gecko) Version/1.0 Chrome/18.0.1025.308 Mobile Safari/535.19"
70.193.136.187 - - [25/Aug/2013:15:44:30 -0400] "GET /images/buy-now.png HTTP/1.1" 200 89906 "http://www.judgepenny.com/biography.php" "Mozilla/5.0 (Linux; Android 4.2.2; en-us; SAMSUNG SCH-I545 Build/JDQ39) AppleWebKit/535.19 (KHTML, like Gecko) Version/1.0 Chrome/18.0.1025.308 Mobile Safari/535.19"
70.193.136.187 - - [25/Aug/2013:15:44:30 -0400] "GET /images/right-div.png HTTP/1.1" 200 5479 "http://www.judgepenny.com/biography.php" "Mozilla/5.0 (Linux; Android 4.2.2; en-us; SAMSUNG SCH-I545 Build/JDQ39) AppleWebKit/535.19 (KHTML, like Gecko) Version/1.0 Chrome/18.0.1025.308 Mobile Safari/535.19"
70.193.136.187 - - [25/Aug/2013:15:44:30 -0400] "GET /images/entry-bg.png HTTP/1.1" 200 18958 "http://www.judgepenny.com/biography.php" "Mozilla/5.0 (Linux; Android 4.2.2; en-us; SAMSUNG SCH-I545 Build/JDQ39) AppleWebKit/535.19 (KHTML, like Gecko) Version/1.0 Chrome/18.0.1025.308 Mobile Safari/535.19"
70.193.136.187 - - [25/Aug/2013:15:44:30 -0400] "GET /images/judge.png HTTP/1.1" 200 164424 "http://www.judgepenny.com/biography.php" "Mozilla/5.0 (Linux; Android 4.2.2; en-us; SAMSUNG SCH-I545 Build/JDQ39) AppleWebKit/535.19 (KHTML, like Gecko) Version/1.0 Chrome/18.0.1025.308 Mobile Safari/535.19"
70.193.136.187 - - [25/Aug/2013:15:44:30 -0400] "GET /images/main-btm.png HTTP/1.1" 200 398 "http://www.judgepenny.com/biography.php" "Mozilla/5.0 (Linux; Android 4.2.2; en-us; SAMSUNG SCH-I545 Build/JDQ39) AppleWebKit/535.19 (KHTML, like Gecko) Version/1.0 Chrome/18.0.1025.308 Mobile Safari/535.19"
70.193.136.187 - - [25/Aug/2013:15:44:30 -0400] "GET /images/ftr-bg.png HTTP/1.1" 200 198 "http://www.judgepenny.com/biography.php" "Mozilla/5.0 (Linux; Android 4.2.2; en-us; SAMSUNG SCH-I545 Build/JDQ39) AppleWebKit/535.19 (KHTML, like Gecko) Version/1.0 Chrome/18.0.1025.308 Mobile Safari/535.19"
70.193.136.187 - - [25/Aug/2013:15:44:34 -0400] "GET /favicon.ico HTTP/1.1" 404 575 "-" "Mozilla/5.0 (Linux; Android 4.2.2; en-us; SAMSUNG SCH-I545 Build/JDQ39) AppleWebKit/535.19 (KHTML, like Gecko) Version/1.0 Chrome/18.0.1025.308 Mobile Safari/535.19"
70.193.136.187 - - [25/Aug/2013:15:44:34 -0400] "GET /apple-touch-icon-precomposed.png HTTP/1.1" 404 575 "-" "Mozilla/5.0 (Linux; Android 4.2.2; en-us; SAMSUNG SCH-I545 Build/JDQ39) AppleWebKit/535.19 (KHTML, like Gecko) Version/1.0 Chrome/18.0.1025.308 Mobile Safari/535.19"
70.193.136.187 - - [25/Aug/2013:15:44:34 -0400] "GET /apple-touch-icon.png HTTP/1.1" 404 575 "-" "Mozilla/5.0 (Linux; Android 4.2.2; en-us; SAMSUNG SCH-I545 Build/JDQ39) AppleWebKit/535.19 (KHTML, like Gecko) Version/1.0 Chrome/18.0.1025.308 Mobile Safari/535.19"
70.193.136.187 - - [25/Aug/2013:15:44:58 -0400] "GET /speaking-requests.php HTTP/1.1" 200 14865 "http://www.judgepenny.com/biography.php" "Mozilla/5.0 (Linux; Android 4.2.2; en-us; SAMSUNG SCH-I545 Build/JDQ39) AppleWebKit/535.19 (KHTML, like Gecko) Version/1.0 Chrome/18.0.1025.308 Mobile Safari/535.19"
70.193.136.187 - - [25/Aug/2013:15:44:59 -0400] "GET /slide-style.css HTTP/1.1" 404 575 "http://www.judgepenny.com/speaking-requests.php" "Mozilla/5.0 (Linux; Android 4.2.2; en-us; SAMSUNG SCH-I545 Build/JDQ39) AppleWebKit/535.19 (KHTML, like Gecko) Version/1.0 Chrome/18.0.1025.308 Mobile Safari/535.19"
157.55.32.101 - - [25/Aug/2013:15:58:43 -0400] "GET /robots.txt HTTP/1.1" 404 575 "-" "Mozilla/5.0 (compatible; bingbot/2.0; +http://www.bing.com/bingbot.htm)"
157.55.32.101 - - [25/Aug/2013:16:02:53 -0400] "GET / HTTP/1.1" 200 8953 "-" "Mozilla/5.0 (compatible; bingbot/2.0; +http://www.bing.com/bingbot.htm)"
157.55.32.101 - - [25/Aug/2013:16:33:21 -0400] "GET / HTTP/1.1" 200 8953 "-" "Mozilla/5.0 (compatible; bingbot/2.0; +http://www.bing.com/bingbot.htm)"
157.56.93.187 - - [25/Aug/2013:16:43:47 -0400] "GET / HTTP/1.1" 200 8953 "-" "Mozilla/5.0 (compatible; bingbot/2.0; +http://www.bing.com/bingbot.htm)"
217.69.133.217 - - [25/Aug/2013:16:49:05 -0400] "GET /robots.txt HTTP/1.0" 404 575 "-" "Mozilla/5.0 (compatible; Linux x86_64; Mail.RU_Bot/2.0; +http://go.mail.ru/help/robots)"
66.249.75.108 - - [25/Aug/2013:16:52:15 -0400] "GET /contact.php HTTP/1.1" 200 6149 "-" "Mozilla/5.0 (compatible; Googlebot/2.1; +http://www.google.com/bot.html)"
5.10.83.8 - - [25/Aug/2013:17:08:52 -0400] "GET /penny-for-your-thoughts_whattodowhenyouloseyourjob.php HTTP/1.1" 200 9678 "-" "Mozilla/5.0 (compatible; AhrefsBot/5.0; +http://ahrefs.com/robot/)"
66.249.75.108 - - [25/Aug/2013:17:12:09 -0400] "GET /video-clips.php HTTP/1.1" 200 7451 "-" "DoCoMo/2.0 N905i(c100;TB;W24H16) (compatible; Googlebot-Mobile/2.1; +http://www.google.com/bot.html)"
66.249.75.108 - - [25/Aug/2013:17:20:02 -0400] "GET /css/default.css HTTP/1.1" 200 1295 "-" "Mozilla/5.0 (compatible; Googlebot/2.1; +http://www.google.com/bot.html)"
66.249.75.108 - - [25/Aug/2013:17:20:04 -0400] "GET /css/nivo-slider.css HTTP/1.1" 200 1430 "-" "Mozilla/5.0 (compatible; Googlebot/2.1; +http://www.google.com/bot.html)"
66.249.75.108 - - [25/Aug/2013:17:20:07 -0400] "GET /css/style.css HTTP/1.1" 200 9522 "-" "Mozilla/5.0 (compatible; Googlebot/2.1; +http://www.google.com/bot.html)"
66.249.75.108 - - [25/Aug/2013:17:21:05 -0400] "GET /speaking-requests.php HTTP/1.1" 200 14865 "-" "Mozilla/5.0 (compatible; Googlebot/2.1; +http://www.google.com/bot.html)"
157.56.93.187 - - [25/Aug/2013:17:26:25 -0400] "GET / HTTP/1.1" 503 323 "-" "Mozilla/5.0 (compatible; bingbot/2.0; +http://www.bing.com/bingbot.htm)"
5.10.83.8 - - [25/Aug/2013:17:28:25 -0400] "GET /photos.php HTTP/1.1" 200 6337 "-" "Mozilla/5.0 (compatible; AhrefsBot/5.0; +http://ahrefs.com/robot/)"
157.56.93.187 - - [25/Aug/2013:17:31:28 -0400] "GET / HTTP/1.0" 200 8953 "-" "Mozilla/5.0 (compatible; bingbot/2.0; +http://www.bing.com/bingbot.htm)"
131.253.24.97 - - [25/Aug/2013:17:49:04 -0400] "GET /JudgePennyBrownReynoldsBio.pdf HTTP/1.1" 200 918125 "-" "Mozilla/4.0 (compatible; MSIE 7.0; Windows NT 5.2;  SLCC1;  .NET CLR 1.1.4322;  .NET CLR 2.0.50727;  .NET CLR 3.0.30729)"
157.56.93.187 - - [25/Aug/2013:17:53:46 -0400] "GET / HTTP/1.1" 200 8953 "-" "Mozilla/5.0 (compatible; bingbot/2.0; +http://www.bing.com/bingbot.htm)"
157.56.93.187 - - [25/Aug/2013:18:01:07 -0400] "GET / HTTP/1.1" 200 8953 "-" "Mozilla/5.0 (compatible; bingbot/2.0; +http://www.bing.com/bingbot.htm)"
144.76.113.197 - - [25/Aug/2013:18:10:13 -0400] "GET / HTTP/1.0" 200 8953 "-" "Wget/1.12 (linux-gnu)"
157.56.93.187 - - [25/Aug/2013:18:15:19 -0400] "GET / HTTP/1.1" 200 8953 "-" "Mozilla/5.0 (compatible; bingbot/2.0; +http://www.bing.com/bingbot.htm)"
5.255.253.78 - - [25/Aug/2013:18:42:28 -0400] "GET /images/buy-now.png HTTP/1.1" 304 - "-" "Mozilla/5.0 (compatible; YandexImages/3.0; +http://yandex.com/bots)"
74.190.164.243 - - [25/Aug/2013:19:16:57 -0400] "GET /judge-penny-foundation.php HTTP/1.1" 200 7746 "http://www.google.com/url?sa=t&source=web&cd=1&ved=0CCYQFjAA&url=http%3A%2F%2Fwww.judgepenny.com%2Fjudge-penny-foundation.php&rct=j&q=judge%20penny%20brown%20reynolds%20foundation&ei=Y5AaUqaINYfC2QWwpoCICA&usg=AFQjCNGM4_JTa_a8oP_-6ST1ZO0atU6PPg&bvm=bv.51156542,d.b2I" "Mozilla/5.0 (Linux; U; Android 4.0.4; en-us; ZTE N9120 Build/IMM76I) AppleWebKit/534.30 (KHTML, like Gecko) Version/4.0 Mobile Safari/534.30"
74.190.164.243 - - [25/Aug/2013:19:16:59 -0400] "GET /videos/jwplayer.js HTTP/1.1" 200 133009 "http://www.judgepenny.com/judge-penny-foundation.php" "Mozilla/5.0 (Linux; U; Android 4.0.4; en-us; ZTE N9120 Build/IMM76I) AppleWebKit/534.30 (KHTML, like Gecko) Version/4.0 Mobile Safari/534.30"
74.190.164.243 - - [25/Aug/2013:19:16:59 -0400] "GET /css/style.css HTTP/1.1" 200 9522 "http://www.judgepenny.com/judge-penny-foundation.php" "Mozilla/5.0 (Linux; U; Android 4.0.4; en-us; ZTE N9120 Build/IMM76I) AppleWebKit/534.30 (KHTML, like Gecko) Version/4.0 Mobile Safari/534.30"
74.190.164.243 - - [25/Aug/2013:19:16:59 -0400] "GET /css/default.css HTTP/1.1" 200 1295 "http://www.judgepenny.com/judge-penny-foundation.php" "Mozilla/5.0 (Linux; U; Android 4.0.4; en-us; ZTE N9120 Build/IMM76I) AppleWebKit/534.30 (KHTML, like Gecko) Version/4.0 Mobile Safari/534.30"
74.190.164.243 - - [25/Aug/2013:19:16:59 -0400] "GET /css/nivo-slider.css HTTP/1.1" 200 1430 "http://www.judgepenny.com/judge-penny-foundation.php" "Mozilla/5.0 (Linux; U; Android 4.0.4; en-us; ZTE N9120 Build/IMM76I) AppleWebKit/534.30 (KHTML, like Gecko) Version/4.0 Mobile Safari/534.30"
74.190.164.243 - - [25/Aug/2013:19:16:59 -0400] "GET /slide-style.css HTTP/1.1" 404 575 "http://www.judgepenny.com/judge-penny-foundation.php" "Mozilla/5.0 (Linux; U; Android 4.0.4; en-us; ZTE N9120 Build/IMM76I) AppleWebKit/534.30 (KHTML, like Gecko) Version/4.0 Mobile Safari/534.30"
74.190.164.243 - - [25/Aug/2013:19:17:00 -0400] "GET /images/bg.jpg HTTP/1.1" 200 71900 "http://www.judgepenny.com/judge-penny-foundation.php" "Mozilla/5.0 (Linux; U; Android 4.0.4; en-us; ZTE N9120 Build/IMM76I) AppleWebKit/534.30 (KHTML, like Gecko) Version/4.0 Mobile Safari/534.30"
74.190.164.243 - - [25/Aug/2013:19:17:00 -0400] "GET /images/jenny-header.png HTTP/1.1" 200 69160 "http://www.judgepenny.com/judge-penny-foundation.php" "Mozilla/5.0 (Linux; U; Android 4.0.4; en-us; ZTE N9120 Build/IMM76I) AppleWebKit/534.30 (KHTML, like Gecko) Version/4.0 Mobile Safari/534.30"
74.190.164.243 - - [25/Aug/2013:19:17:00 -0400] "GET /images/judge-jenny.png HTTP/1.1" 200 28663 "http://www.judgepenny.com/judge-penny-foundation.php" "Mozilla/5.0 (Linux; U; Android 4.0.4; en-us; ZTE N9120 Build/IMM76I) AppleWebKit/534.30 (KHTML, like Gecko) Version/4.0 Mobile Safari/534.30"
74.190.164.243 - - [25/Aug/2013:19:17:00 -0400] "GET /images/facebook.png HTTP/1.1" 200 2371 "http://www.judgepenny.com/judge-penny-foundation.php" "Mozilla/5.0 (Linux; U; Android 4.0.4; en-us; ZTE N9120 Build/IMM76I) AppleWebKit/534.30 (KHTML, like Gecko) Version/4.0 Mobile Safari/534.30"
74.190.164.243 - - [25/Aug/2013:19:17:00 -0400] "GET /images/twitter.png HTTP/1.1" 200 2703 "http://www.judgepenny.com/judge-penny-foundation.php" "Mozilla/5.0 (Linux; U; Android 4.0.4; en-us; ZTE N9120 Build/IMM76I) AppleWebKit/534.30 (KHTML, like Gecko) Version/4.0 Mobile Safari/534.30"
74.190.164.243 - - [25/Aug/2013:19:17:00 -0400] "GET /images/linked-in.png HTTP/1.1" 200 2575 "http://www.judgepenny.com/judge-penny-foundation.php" "Mozilla/5.0 (Linux; U; Android 4.0.4; en-us; ZTE N9120 Build/IMM76I) AppleWebKit/534.30 (KHTML, like Gecko) Version/4.0 Mobile Safari/534.30"
74.190.164.243 - - [25/Aug/2013:19:17:00 -0400] "GET /images/you-tube.png HTTP/1.1" 200 3090 "http://www.judgepenny.com/judge-penny-foundation.php" "Mozilla/5.0 (Linux; U; Android 4.0.4; en-us; ZTE N9120 Build/IMM76I) AppleWebKit/534.30 (KHTML, like Gecko) Version/4.0 Mobile Safari/534.30"
74.190.164.243 - - [25/Aug/2013:19:17:00 -0400] "GET /images/seprator.png HTTP/1.1" 200 429 "http://www.judgepenny.com/judge-penny-foundation.php" "Mozilla/5.0 (Linux; U; Android 4.0.4; en-us; ZTE N9120 Build/IMM76I) AppleWebKit/534.30 (KHTML, like Gecko) Version/4.0 Mobile Safari/534.30"
74.190.164.243 - - [25/Aug/2013:19:17:00 -0400] "GET /images/entry-bg3.png HTTP/1.1" 200 19110 "http://www.judgepenny.com/judge-penny-foundation.php" "Mozilla/5.0 (Linux; U; Android 4.0.4; en-us; ZTE N9120 Build/IMM76I) AppleWebKit/534.30 (KHTML, like Gecko) Version/4.0 Mobile Safari/534.30"
74.190.164.243 - - [25/Aug/2013:19:17:00 -0400] "GET /images/main-btm.png HTTP/1.1" 200 398 "http://www.judgepenny.com/judge-penny-foundation.php" "Mozilla/5.0 (Linux; U; Android 4.0.4; en-us; ZTE N9120 Build/IMM76I) AppleWebKit/534.30 (KHTML, like Gecko) Version/4.0 Mobile Safari/534.30"
74.190.164.243 - - [25/Aug/2013:19:17:00 -0400] "GET /images/btn.png HTTP/1.1" 200 512 "http://www.judgepenny.com/judge-penny-foundation.php" "Mozilla/5.0 (Linux; U; Android 4.0.4; en-us; ZTE N9120 Build/IMM76I) AppleWebKit/534.30 (KHTML, like Gecko) Version/4.0 Mobile Safari/534.30"
74.190.164.243 - - [25/Aug/2013:19:17:00 -0400] "GET /images/sub-menu.png HTTP/1.1" 200 6956 "http://www.judgepenny.com/judge-penny-foundation.php" "Mozilla/5.0 (Linux; U; Android 4.0.4; en-us; ZTE N9120 Build/IMM76I) AppleWebKit/534.30 (KHTML, like Gecko) Version/4.0 Mobile Safari/534.30"
74.190.164.243 - - [25/Aug/2013:19:17:00 -0400] "GET /images/s-menu-b.png HTTP/1.1" 200 334 "http://www.judgepenny.com/judge-penny-foundation.php" "Mozilla/5.0 (Linux; U; Android 4.0.4; en-us; ZTE N9120 Build/IMM76I) AppleWebKit/534.30 (KHTML, like Gecko) Version/4.0 Mobile Safari/534.30"
74.190.164.243 - - [25/Aug/2013:19:17:00 -0400] "GET /images/r-head.png HTTP/1.1" 200 596 "http://www.judgepenny.com/judge-penny-foundation.php" "Mozilla/5.0 (Linux; U; Android 4.0.4; en-us; ZTE N9120 Build/IMM76I) AppleWebKit/534.30 (KHTML, like Gecko) Version/4.0 Mobile Safari/534.30"
74.190.164.243 - - [25/Aug/2013:19:17:00 -0400] "GET /images/events.png HTTP/1.1" 200 3829 "http://www.judgepenny.com/judge-penny-foundation.php" "Mozilla/5.0 (Linux; U; Android 4.0.4; en-us; ZTE N9120 Build/IMM76I) AppleWebKit/534.30 (KHTML, like Gecko) Version/4.0 Mobile Safari/534.30"
74.190.164.243 - - [25/Aug/2013:19:17:00 -0400] "GET /images/girls_with_pearls.png HTTP/1.1" 200 244372 "http://www.judgepenny.com/judge-penny-foundation.php" "Mozilla/5.0 (Linux; U; Android 4.0.4; en-us; ZTE N9120 Build/IMM76I) AppleWebKit/534.30 (KHTML, like Gecko) Version/4.0 Mobile Safari/534.30"
74.190.164.243 - - [25/Aug/2013:19:17:01 -0400] "GET /images/ftr-bg.png HTTP/1.1" 200 198 "http://www.judgepenny.com/judge-penny-foundation.php" "Mozilla/5.0 (Linux; U; Android 4.0.4; en-us; ZTE N9120 Build/IMM76I) AppleWebKit/534.30 (KHTML, like Gecko) Version/4.0 Mobile Safari/534.30"
74.190.164.243 - - [25/Aug/2013:19:17:03 -0400] "GET /favicon.ico HTTP/1.1" 404 575 "http://www.judgepenny.com/judge-penny-foundation.php" "Mozilla/5.0 (Linux; U; Android 4.0.4; en-us; ZTE N9120 Build/IMM76I) AppleWebKit/534.30 (KHTML, like Gecko) Version/4.0 Mobile Safari/534.30"
74.190.164.243 - - [25/Aug/2013:19:18:06 -0400] "GET /judge-penny-foundation.php HTTP/1.1" 200 7746 "http://www.judgepenny.com/judge-penny-foundation.php" "Mozilla/5.0 (Linux; U; Android 4.0.4; en-us; ZTE N9120 Build/IMM76I) AppleWebKit/534.30 (KHTML, like Gecko) Version/4.0 Mobile Safari/534.30"
74.190.164.243 - - [25/Aug/2013:19:18:07 -0400] "GET /slide-style.css HTTP/1.1" 404 575 "http://www.judgepenny.com/judge-penny-foundation.php" "Mozilla/5.0 (Linux; U; Android 4.0.4; en-us; ZTE N9120 Build/IMM76I) AppleWebKit/534.30 (KHTML, like Gecko) Version/4.0 Mobile Safari/534.30"
157.56.93.187 - - [25/Aug/2013:19:42:42 -0400] "GET /robots.txt HTTP/1.1" 404 575 "-" "Mozilla/5.0 (compatible; bingbot/2.0; +http://www.bing.com/bingbot.htm)"
66.249.75.108 - - [25/Aug/2013:19:48:51 -0400] "GET / HTTP/1.1" 200 8953 "-" "Mozilla/5.0 (compatible; Googlebot/2.1; +http://www.google.com/bot.html)"
157.56.93.187 - - [25/Aug/2013:19:50:09 -0400] "GET / HTTP/1.1" 200 8953 "-" "Mozilla/5.0 (compatible; bingbot/2.0; +http://www.bing.com/bingbot.htm)"
66.249.75.108 - - [25/Aug/2013:20:17:01 -0400] "GET /penny-for-your-thoughts_whattodowhenyouloseyourjob.php HTTP/1.1" 200 9678 "-" "Mozilla/5.0 (compatible; Googlebot/2.1; +http://www.google.com/bot.html)"
208.115.111.70 - - [25/Aug/2013:20:21:32 -0400] "GET /robots.txt HTTP/1.1" 404 575 "-" "Mozilla/5.0 (compatible; Ezooms/1.0; ezooms.bot@gmail.com)"
67.191.130.44 - - [25/Aug/2013:20:40:44 -0400] "GET / HTTP/1.1" 200 8953 "-" "Mozilla/5.0 (Windows NT 6.1; WOW64) AppleWebKit/537.36 (KHTML, like Gecko) Chrome/28.0.1500.95 Safari/537.36"
67.191.130.44 - - [25/Aug/2013:20:40:45 -0400] "GET /videos/jwplayer.js HTTP/1.1" 200 133009 "http://www.judgepenny.com/" "Mozilla/5.0 (Windows NT 6.1; WOW64) AppleWebKit/537.36 (KHTML, like Gecko) Chrome/28.0.1500.95 Safari/537.36"
67.191.130.44 - - [25/Aug/2013:20:40:45 -0400] "GET /css/style.css HTTP/1.1" 200 9522 "http://www.judgepenny.com/" "Mozilla/5.0 (Windows NT 6.1; WOW64) AppleWebKit/537.36 (KHTML, like Gecko) Chrome/28.0.1500.95 Safari/537.36"
67.191.130.44 - - [25/Aug/2013:20:40:45 -0400] "GET /css/default.css HTTP/1.1" 200 1295 "http://www.judgepenny.com/" "Mozilla/5.0 (Windows NT 6.1; WOW64) AppleWebKit/537.36 (KHTML, like Gecko) Chrome/28.0.1500.95 Safari/537.36"
67.191.130.44 - - [25/Aug/2013:20:40:45 -0400] "GET /css/nivo-slider.css HTTP/1.1" 200 1430 "http://www.judgepenny.com/" "Mozilla/5.0 (Windows NT 6.1; WOW64) AppleWebKit/537.36 (KHTML, like Gecko) Chrome/28.0.1500.95 Safari/537.36"
67.191.130.44 - - [25/Aug/2013:20:40:45 -0400] "GET /js/jquery.nivo.slider.pack.js HTTP/1.1" 200 15854 "http://www.judgepenny.com/" "Mozilla/5.0 (Windows NT 6.1; WOW64) AppleWebKit/537.36 (KHTML, like Gecko) Chrome/28.0.1500.95 Safari/537.36"
67.191.130.44 - - [25/Aug/2013:20:40:45 -0400] "GET /slide-style.css HTTP/1.1" 404 575 "http://www.judgepenny.com/" "Mozilla/5.0 (Windows NT 6.1; WOW64) AppleWebKit/537.36 (KHTML, like Gecko) Chrome/28.0.1500.95 Safari/537.36"
67.191.130.44 - - [25/Aug/2013:20:40:46 -0400] "GET /images/judge-jenny.png HTTP/1.1" 200 28663 "http://www.judgepenny.com/" "Mozilla/5.0 (Windows NT 6.1; WOW64) AppleWebKit/537.36 (KHTML, like Gecko) Chrome/28.0.1500.95 Safari/537.36"
67.191.130.44 - - [25/Aug/2013:20:40:46 -0400] "GET /images/facebook.png HTTP/1.1" 200 2371 "http://www.judgepenny.com/" "Mozilla/5.0 (Windows NT 6.1; WOW64) AppleWebKit/537.36 (KHTML, like Gecko) Chrome/28.0.1500.95 Safari/537.36"
67.191.130.44 - - [25/Aug/2013:20:40:46 -0400] "GET /images/linked-in.png HTTP/1.1" 200 2575 "http://www.judgepenny.com/" "Mozilla/5.0 (Windows NT 6.1; WOW64) AppleWebKit/537.36 (KHTML, like Gecko) Chrome/28.0.1500.95 Safari/537.36"
67.191.130.44 - - [25/Aug/2013:20:40:46 -0400] "GET /images/you-tube.png HTTP/1.1" 200 3090 "http://www.judgepenny.com/" "Mozilla/5.0 (Windows NT 6.1; WOW64) AppleWebKit/537.36 (KHTML, like Gecko) Chrome/28.0.1500.95 Safari/537.36"
67.191.130.44 - - [25/Aug/2013:20:40:46 -0400] "GET /images/twitter.png HTTP/1.1" 200 2703 "http://www.judgepenny.com/" "Mozilla/5.0 (Windows NT 6.1; WOW64) AppleWebKit/537.36 (KHTML, like Gecko) Chrome/28.0.1500.95 Safari/537.36"
67.191.130.44 - - [25/Aug/2013:20:40:46 -0400] "GET /slideshow/images/book.jpg HTTP/1.1" 200 132593 "http://www.judgepenny.com/" "Mozilla/5.0 (Windows NT 6.1; WOW64) AppleWebKit/537.36 (KHTML, like Gecko) Chrome/28.0.1500.95 Safari/537.36"
67.191.130.44 - - [25/Aug/2013:20:40:46 -0400] "GET /slideshow/images/judge_penny_opportunity.jpg HTTP/1.1" 200 99540 "http://www.judgepenny.com/" "Mozilla/5.0 (Windows NT 6.1; WOW64) AppleWebKit/537.36 (KHTML, like Gecko) Chrome/28.0.1500.95 Safari/537.36"
67.191.130.44 - - [25/Aug/2013:20:40:46 -0400] "GET /slideshow/images/judge_penny_self_worth.jpg HTTP/1.1" 200 129594 "http://www.judgepenny.com/" "Mozilla/5.0 (Windows NT 6.1; WOW64) AppleWebKit/537.36 (KHTML, like Gecko) Chrome/28.0.1500.95 Safari/537.36"
67.191.130.44 - - [25/Aug/2013:20:40:46 -0400] "GET /images/bg.jpg HTTP/1.1" 200 71900 "http://www.judgepenny.com/" "Mozilla/5.0 (Windows NT 6.1; WOW64) AppleWebKit/537.36 (KHTML, like Gecko) Chrome/28.0.1500.95 Safari/537.36"
