157.56.93.51 - - [24/Jul/2013:04:07:00 -0400] "GET /robots.txt HTTP/1.1" 404 575 "-" "Mozilla/5.0 (compatible; bingbot/2.0; +http://www.bing.com/bingbot.htm)"
194.44.169.198 - - [24/Jul/2013:07:37:37 -0400] "GET /penny-for-your-thoughts_whattodowhenyouloseyourjob.php HTTP/1.0" 200 9678 "-" "Mozilla/5.0 (compatible; Googlebot/2.1; +http://www.google.com/bot.html)"
66.30.11.19 - - [24/Jul/2013:15:05:39 -0400] "GET /images/right-div.png HTTP/1.1" 200 5479 "http://www.judgepenny.com/biography.php" "Mozilla/5.0 (Macintosh; Intel Mac OS X 10_7_4) AppleWebKit/537.36 (KHTML, like Gecko) Chrome/28.0.1500.71 Safari/537.36"
193.106.136.55 - - [24/Jul/2013:21:13:33 -0400] "GET / HTTP/1.1" 200 8953 "http://doctornevrolog.ru/" "Mozilla/4.0 (compatible; MSIE 6.0; Windows NT 5.1; Crazy Browser 1.0.5)"
98.100.17.18 - - [24/Jul/2013:22:45:59 -0400] "GET /images/bg.jpg HTTP/1.1" 200 71900 "http://www.judgepenny.com/" "Mozilla/5.0 (Macintosh; Intel Mac OS X 10_6_8) AppleWebKit/534.52.7 (KHTML, like Gecko) Version/5.1.2 Safari/534.52.7"
71.56.72.97 - - [24/Jul/2013:23:28:49 -0400] "GET /slideshow/images/book.jpg HTTP/1.1" 200 132593 "http://www.judgepenny.com/" "Mozilla/5.0 (iPad; CPU OS 6_1_2 like Mac OS X) AppleWebKit/536.26 (KHTML, like Gecko) Version/6.0 Mobile/10B146 Safari/8536.25"
76.19.97.122 - - [24/Jul/2013:15:34:38 -0400] "GET /videos/jwplayer.js HTTP/1.1" 200 133009 "http://www.judgepenny.com/" "Mozilla/5.0 (Windows NT 6.2; WOW64) AppleWebKit/537.36 (KHTML, like Gecko) Chrome/28.0.1500.72 Safari/537.36"
194.44.169.198 - - [24/Jul/2013:07:37:26 -0400] "GET /speaking-requests.php HTTP/1.0" 200 14865 "-" "Mozilla/5.0 (compatible; Googlebot/2.1; +http://www.google.com/bot.html)"
178.154.243.82 - - [24/Jul/2013:08:11:53 -0400] "GET /images/judge-jenny.png HTTP/1.1" 200 28663 "-" "Mozilla/5.0 (compatible; YandexImages/3.0; +http://yandex.com/bots)"
157.55.32.99 - - [24/Jul/2013:03:13:24 -0400] "GET /images/twitter.png HTTP/1.1" 200 2703 "-" "Mozilla/5.0 (compatible; bingbot/2.0; +http://www.bing.com/bingbot.htm)"
5.10.83.16 - - [24/Jul/2013:11:52:57 -0400] "GET /shopping.php HTTP/1.1" 200 8086 "-" "Mozilla/5.0 (compatible; AhrefsBot/5.0; +http://ahrefs.com/robot/)"
65.55.212.90 - - [24/Jul/2013:03:39:13 -0400] "GET /videos/jwplayer.js HTTP/1.1" 200 133009 "http://judgepenny.com/penny-for-your-thoughts_whattodowhenyouloseyourjob.php" "Mozilla/4.0 (compatible; MSIE 7.0; Windows NT 5.1; SLCC1; .NET CLR 1.1.4322; .NET CLR 2.0.40607; .NET CLR 3.0.30729; .NET CLR 3.5.30707; InfoPath.2)"
65.55.212.90 - - [24/Jul/2013:03:39:15 -0400] "GET /css/style.css HTTP/1.1" 200 9522 "http://judgepenny.com/penny-for-your-thoughts_whattodowhenyouloseyourjob.php" "Mozilla/4.0 (compatible; MSIE 7.0; Windows NT 5.1; SLCC1; .NET CLR 1.1.4322; .NET CLR 2.0.40607; .NET CLR 3.0.30729; .NET CLR 3.5.30707; InfoPath.2)"
192.95.47.180 - - [24/Jul/2013:06:37:51 -0400] "GET / HTTP/1.1" 200 8953 "-" "Mozilla/4.0 (compatible; MSIE 6.0; Windows NT 5.1)"
194.44.169.198 - - [24/Jul/2013:07:37:42 -0400] "GET /index.html HTTP/1.0" 404 575 "-" "Mozilla/5.0 (compatible; Googlebot/2.1; +http://www.google.com/bot.html)"
66.30.11.19 - - [24/Jul/2013:15:05:25 -0400] "GET /js/jquery.nivo.slider.pack.js HTTP/1.1" 200 15854 "http://www.judgepenny.com/" "Mozilla/5.0 (Macintosh; Intel Mac OS X 10_7_4) AppleWebKit/537.36 (KHTML, like Gecko) Chrome/28.0.1500.71 Safari/537.36"
66.30.11.19 - - [24/Jul/2013:15:05:27 -0400] "GET /images/h-right.png HTTP/1.1" 200 279 "http://www.judgepenny.com/" "Mozilla/5.0 (Macintosh; Intel Mac OS X 10_7_4) AppleWebKit/537.36 (KHTML, like Gecko) Chrome/28.0.1500.71 Safari/537.36"
66.30.11.19 - - [24/Jul/2013:15:05:27 -0400] "GET /css/arrows.png HTTP/1.1" 200 824 "http://www.judgepenny.com/" "Mozilla/5.0 (Macintosh; Intel Mac OS X 10_7_4) AppleWebKit/537.36 (KHTML, like Gecko) Chrome/28.0.1500.71 Safari/537.36"
178.154.243.82 - - [24/Jul/2013:22:01:07 -0400] "GET /images/story.jpg HTTP/1.1" 304 - "-" "Mozilla/5.0 (compatible; YandexImages/3.0; +http://yandex.com/bots)"
98.100.17.18 - - [24/Jul/2013:22:45:40 -0400] "GET /css/default.css HTTP/1.1" 200 1295 "http://www.judgepenny.com/" "Mozilla/5.0 (Macintosh; Intel Mac OS X 10_6_8) AppleWebKit/534.52.7 (KHTML, like Gecko) Version/5.1.2 Safari/534.52.7"
71.56.72.97 - - [24/Jul/2013:23:51:57 -0400] "GET /images/contact.png HTTP/1.1" 200 137804 "-" "Mozilla/5.0 (iPad; CPU OS 6_1_2 like Mac OS X) AppleWebKit/536.26 (KHTML, like Gecko) Version/6.0 Mobile/10B146 Safari/8536.25"
178.154.243.82 - - [24/Jul/2013:16:32:08 -0400] "GET /images/advice.jpg HTTP/1.1" 304 - "-" "Mozilla/5.0 (compatible; YandexImages/3.0; +http://yandex.com/bots)"
199.30.16.11 - - [24/Jul/2013:22:25:42 -0400] "GET /robots.txt HTTP/1.1" 404 575 "-" "msnbot-media/1.1 (+http://search.msn.com/msnbot.htm)"
76.19.97.122 - - [24/Jul/2013:23:59:55 -0400] "GET /images/h-left.png HTTP/1.1" 200 137 "http://www.judgepenny.com/" "Mozilla/5.0 (Windows NT 6.2; WOW64) AppleWebKit/537.36 (KHTML, like Gecko) Chrome/28.0.1500.72 Safari/537.36"
178.154.243.82 - - [24/Jul/2013:05:17:26 -0400] "GET /slideshow/images/judge_penny_speaking_request.png HTTP/1.1" 200 291884 "-" "Mozilla/5.0 (compatible; YandexImages/3.0; +http://yandex.com/bots)"
194.44.169.198 - - [24/Jul/2013:07:37:31 -0400] "GET /judge-penny-foundation.php HTTP/1.0" 200 7746 "-" "Mozilla/5.0 (compatible; Googlebot/2.1; +http://www.google.com/bot.html)"
194.44.169.198 - - [24/Jul/2013:07:37:37 -0400] "GET /press-room.php HTTP/1.0" 200 6775 "-" "Mozilla/5.0 (compatible; Googlebot/2.1; +http://www.google.com/bot.html)"
178.156.190.66 - - [24/Jul/2013:03:08:24 -0400] "GET /biography.php HTTP/1.0" 200 9590 "-" "Mozilla/5.0 (Macintosh; U; Intel Mac OS X 10_5_8; en-US)"
194.44.169.198 - - [24/Jul/2013:07:37:28 -0400] "GET /penny-for-your-thoughts.php HTTP/1.0" 200 11765 "-" "Mozilla/5.0 (compatible; Googlebot/2.1; +http://www.google.com/bot.html)"
98.100.17.18 - - [24/Jul/2013:22:46:03 -0400] "GET /images/m-top.png HTTP/1.1" 200 574 "http://www.judgepenny.com/" "Mozilla/5.0 (Macintosh; Intel Mac OS X 10_6_8) AppleWebKit/534.52.7 (KHTML, like Gecko) Version/5.1.2 Safari/534.52.7"
98.100.17.18 - - [24/Jul/2013:22:46:06 -0400] "GET /images/m-btm.png HTTP/1.1" 200 741 "http://www.judgepenny.com/" "Mozilla/5.0 (Macintosh; Intel Mac OS X 10_6_8) AppleWebKit/534.52.7 (KHTML, like Gecko) Version/5.1.2 Safari/534.52.7"
98.100.17.18 - - [24/Jul/2013:22:46:08 -0400] "GET /images/h-right.png HTTP/1.1" 200 279 "http://www.judgepenny.com/" "Mozilla/5.0 (Macintosh; Intel Mac OS X 10_6_8) AppleWebKit/534.52.7 (KHTML, like Gecko) Version/5.1.2 Safari/534.52.7"
98.100.17.18 - - [24/Jul/2013:22:46:09 -0400] "GET /images/m-center.png HTTP/1.1" 200 191 "http://www.judgepenny.com/" "Mozilla/5.0 (Macintosh; Intel Mac OS X 10_6_8) AppleWebKit/534.52.7 (KHTML, like Gecko) Version/5.1.2 Safari/534.52.7"
98.100.17.18 - - [24/Jul/2013:22:46:09 -0400] "GET /images/s-top.png HTTP/1.1" 200 440 "http://www.judgepenny.com/" "Mozilla/5.0 (Macintosh; Intel Mac OS X 10_6_8) AppleWebKit/534.52.7 (KHTML, like Gecko) Version/5.1.2 Safari/534.52.7"
76.19.97.122 - - [24/Jul/2013:15:34:46 -0400] "GET /images/facebook.png HTTP/1.1" 200 2371 "http://www.judgepenny.com/" "Mozilla/5.0 (Windows NT 6.2; WOW64) AppleWebKit/537.36 (KHTML, like Gecko) Chrome/28.0.1500.72 Safari/537.36"
76.19.97.122 - - [24/Jul/2013:15:34:46 -0400] "GET /slideshow/images/judge_penny_opportunity.jpg HTTP/1.1" 200 99540 "http://www.judgepenny.com/" "Mozilla/5.0 (Windows NT 6.2; WOW64) AppleWebKit/537.36 (KHTML, like Gecko) Chrome/28.0.1500.72 Safari/537.36"
66.249.75.108 - - [24/Jul/2013:16:34:26 -0400] "GET /biography.php HTTP/1.1" 200 9590 "-" "Mozilla/5.0 (compatible; Googlebot/2.1; +http://www.google.com/bot.html)"
76.19.97.122 - - [24/Jul/2013:15:34:38 -0400] "GET /slide-style.css HTTP/1.1" 404 575 "http://www.judgepenny.com/" "Mozilla/5.0 (Windows NT 6.2; WOW64) AppleWebKit/537.36 (KHTML, like Gecko) Chrome/28.0.1500.72 Safari/537.36"
208.115.113.86 - - [24/Jul/2013:18:25:31 -0400] "GET /robots.txt HTTP/1.1" 404 575 "-" "Mozilla/5.0 (compatible; Ezooms/1.0; ezooms.bot@gmail.com)"
98.100.17.18 - - [24/Jul/2013:22:45:43 -0400] "GET /images/twitter.png HTTP/1.1" 200 2703 "http://www.judgepenny.com/" "Mozilla/5.0 (Macintosh; Intel Mac OS X 10_6_8) AppleWebKit/534.52.7 (KHTML, like Gecko) Version/5.1.2 Safari/534.52.7"
98.100.17.18 - - [24/Jul/2013:22:45:44 -0400] "GET /images/seprator.png HTTP/1.1" 200 429 "http://www.judgepenny.com/" "Mozilla/5.0 (Macintosh; Intel Mac OS X 10_6_8) AppleWebKit/534.52.7 (KHTML, like Gecko) Version/5.1.2 Safari/534.52.7"
98.100.17.18 - - [24/Jul/2013:22:45:44 -0400] "GET /slideshow/images/judge_penny_foundation.jpg HTTP/1.1" 200 175194 "http://www.judgepenny.com/" "Mozilla/5.0 (Macintosh; Intel Mac OS X 10_6_8) AppleWebKit/534.52.7 (KHTML, like Gecko) Version/5.1.2 Safari/534.52.7"
98.100.17.18 - - [24/Jul/2013:22:45:58 -0400] "GET /slideshow/images/judge_penny_speaking_request.png HTTP/1.1" 200 291884 "http://www.judgepenny.com/" "Mozilla/5.0 (Macintosh; Intel Mac OS X 10_6_8) AppleWebKit/534.52.7 (KHTML, like Gecko) Version/5.1.2 Safari/534.52.7"
208.115.113.86 - - [24/Jul/2013:23:02:46 -0400] "GET /index.html HTTP/1.1" 404 575 "-" "Mozilla/5.0 (compatible; Ezooms/1.0; ezooms.bot@gmail.com)"
178.156.190.66 - - [24/Jul/2013:03:08:14 -0400] "GET /contact.php HTTP/1.0" 200 6149 "-" "Mozilla/5.0 (Macintosh; U; Intel Mac OS X 10_5_8; en-US)"
178.137.129.225 - - [24/Jul/2013:07:25:00 -0400] "GET / HTTP/1.1" 200 8953 "http://www.metexn.ru/" "Mozilla/4.79 [en] (Windows NT 5.0; U)"
5.10.83.16 - - [24/Jul/2013:12:14:16 -0400] "GET /media.php HTTP/1.1" 200 6682 "-" "Mozilla/5.0 (compatible; AhrefsBot/5.0; +http://ahrefs.com/robot/)"
76.19.97.122 - - [24/Jul/2013:15:34:46 -0400] "GET /images/you-tube.png HTTP/1.1" 200 3090 "http://www.judgepenny.com/" "Mozilla/5.0 (Windows NT 6.2; WOW64) AppleWebKit/537.36 (KHTML, like Gecko) Chrome/28.0.1500.72 Safari/537.36"
76.19.97.122 - - [24/Jul/2013:15:34:46 -0400] "GET /slideshow/images/judge_penny_self_worth.jpg HTTP/1.1" 200 129594 "http://www.judgepenny.com/" "Mozilla/5.0 (Windows NT 6.2; WOW64) AppleWebKit/537.36 (KHTML, like Gecko) Chrome/28.0.1500.72 Safari/537.36"
76.19.97.122 - - [24/Jul/2013:15:34:55 -0400] "GET /slideshow/images/judge_penny_the_judge.jpg HTTP/1.1" 200 151096 "http://www.judgepenny.com/" "Mozilla/5.0 (Windows NT 6.2; WOW64) AppleWebKit/537.36 (KHTML, like Gecko) Chrome/28.0.1500.72 Safari/537.36"
108.239.69.241 - - [24/Jul/2013:21:18:05 -0400] "GET /images/contact.png HTTP/1.1" 200 137804 "http://www.google.com/search?hl=en&redir_esc=&client=ms-android-verizon&source=android-launcher-widget&v=141400000&qsubts=1374714956445&q=judge+penny+brown+reynolds" "Mozilla/5.0 (Linux; U; Android 4.0.4; en-us; VS840 4G Build/IMM76D) AppleWebKit/534.30 (KHTML, like Gecko) Version/4.0 Mobile Safari/534.30"
76.19.97.122 - - [24/Jul/2013:23:59:55 -0400] "GET /images/h-right.png HTTP/1.1" 200 279 "http://www.judgepenny.com/" "Mozilla/5.0 (Windows NT 6.2; WOW64) AppleWebKit/537.36 (KHTML, like Gecko) Chrome/28.0.1500.72 Safari/537.36"
178.154.243.82 - - [24/Jul/2013:07:35:30 -0400] "GET /images/twitter.png HTTP/1.1" 200 2703 "-" "Mozilla/5.0 (compatible; YandexImages/3.0; +http://yandex.com/bots)"
194.44.169.198 - - [24/Jul/2013:07:37:34 -0400] "GET /video-clips.php HTTP/1.0" 200 7451 "-" "Mozilla/5.0 (compatible; Googlebot/2.1; +http://www.google.com/bot.html)"
5.10.83.16 - - [24/Jul/2013:12:35:16 -0400] "GET /penny-for-your-thoughts_howtowalkawayfromabadrelationship.php HTTP/1.1" 200 7498 "-" "Mozilla/5.0 (compatible; AhrefsBot/5.0; +http://ahrefs.com/robot/)"
66.30.11.19 - - [24/Jul/2013:15:05:25 -0400] "GET /css/nivo-slider.css HTTP/1.1" 200 1430 "http://www.judgepenny.com/" "Mozilla/5.0 (Macintosh; Intel Mac OS X 10_7_4) AppleWebKit/537.36 (KHTML, like Gecko) Chrome/28.0.1500.71 Safari/537.36"
66.30.11.19 - - [24/Jul/2013:15:05:25 -0400] "GET /images/facebook.png HTTP/1.1" 200 2371 "http://www.judgepenny.com/" "Mozilla/5.0 (Macintosh; Intel Mac OS X 10_7_4) AppleWebKit/537.36 (KHTML, like Gecko) Chrome/28.0.1500.71 Safari/537.36"
66.30.11.19 - - [24/Jul/2013:15:05:25 -0400] "GET /slideshow/images/book.jpg HTTP/1.1" 200 132593 "http://www.judgepenny.com/" "Mozilla/5.0 (Macintosh; Intel Mac OS X 10_7_4) AppleWebKit/537.36 (KHTML, like Gecko) Chrome/28.0.1500.71 Safari/537.36"
66.30.11.19 - - [24/Jul/2013:15:05:26 -0400] "GET /images/seprator.png HTTP/1.1" 200 429 "http://www.judgepenny.com/" "Mozilla/5.0 (Macintosh; Intel Mac OS X 10_7_4) AppleWebKit/537.36 (KHTML, like Gecko) Chrome/28.0.1500.71 Safari/537.36"
66.30.11.19 - - [24/Jul/2013:15:05:27 -0400] "GET /images/side-bg.png HTTP/1.1" 200 168 "http://www.judgepenny.com/" "Mozilla/5.0 (Macintosh; Intel Mac OS X 10_7_4) AppleWebKit/537.36 (KHTML, like Gecko) Chrome/28.0.1500.71 Safari/537.36"
178.154.243.82 - - [24/Jul/2013:20:00:01 -0400] "GET /images/twitter.png HTTP/1.1" 200 2703 "-" "Mozilla/5.0 (compatible; YandexImages/3.0; +http://yandex.com/bots)"
98.100.17.18 - - [24/Jul/2013:22:45:57 -0400] "GET /slideshow/images/judge_penny_self_worth.jpg HTTP/1.1" 200 129594 "http://www.judgepenny.com/" "Mozilla/5.0 (Macintosh; Intel Mac OS X 10_6_8) AppleWebKit/534.52.7 (KHTML, like Gecko) Version/5.1.2 Safari/534.52.7"
71.56.72.97 - - [24/Jul/2013:23:28:46 -0400] "GET /css/default.css HTTP/1.1" 200 1295 "http://www.judgepenny.com/" "Mozilla/5.0 (iPad; CPU OS 6_1_2 like Mac OS X) AppleWebKit/536.26 (KHTML, like Gecko) Version/6.0 Mobile/10B146 Safari/8536.25"
178.156.190.66 - - [24/Jul/2013:03:08:17 -0400] "GET /judge-penny-foundation.php HTTP/1.0" 200 7746 "-" "Mozilla/5.0 (Macintosh; U; Intel Mac OS X 10_5_8; en-US)"
66.30.11.19 - - [24/Jul/2013:15:05:25 -0400] "GET /css/default.css HTTP/1.1" 200 1295 "http://www.judgepenny.com/" "Mozilla/5.0 (Macintosh; Intel Mac OS X 10_7_4) AppleWebKit/537.36 (KHTML, like Gecko) Chrome/28.0.1500.71 Safari/537.36"
66.30.11.19 - - [24/Jul/2013:15:05:25 -0400] "GET /images/linked-in.png HTTP/1.1" 200 2575 "http://www.judgepenny.com/" "Mozilla/5.0 (Macintosh; Intel Mac OS X 10_7_4) AppleWebKit/537.36 (KHTML, like Gecko) Chrome/28.0.1500.71 Safari/537.36"
66.30.11.19 - - [24/Jul/2013:15:05:25 -0400] "GET /slideshow/images/judge_penny_speaking_request.png HTTP/1.1" 200 291884 "http://www.judgepenny.com/" "Mozilla/5.0 (Macintosh; Intel Mac OS X 10_7_4) AppleWebKit/537.36 (KHTML, like Gecko) Chrome/28.0.1500.71 Safari/537.36"
66.30.11.19 - - [24/Jul/2013:15:05:27 -0400] "GET /images/m-center.png HTTP/1.1" 200 191 "http://www.judgepenny.com/" "Mozilla/5.0 (Macintosh; Intel Mac OS X 10_7_4) AppleWebKit/537.36 (KHTML, like Gecko) Chrome/28.0.1500.71 Safari/537.36"
66.30.11.19 - - [24/Jul/2013:15:05:27 -0400] "GET /images/ftr-bg.png HTTP/1.1" 200 198 "http://www.judgepenny.com/" "Mozilla/5.0 (Macintosh; Intel Mac OS X 10_7_4) AppleWebKit/537.36 (KHTML, like Gecko) Chrome/28.0.1500.71 Safari/537.36"
66.30.11.19 - - [24/Jul/2013:15:05:27 -0400] "GET /favicon.ico HTTP/1.1" 404 575 "-" "Mozilla/5.0 (Macintosh; Intel Mac OS X 10_7_4) AppleWebKit/537.36 (KHTML, like Gecko) Chrome/28.0.1500.71 Safari/537.36"
66.30.11.19 - - [24/Jul/2013:15:05:39 -0400] "GET /images/entry-bg.png HTTP/1.1" 200 18958 "http://www.judgepenny.com/biography.php" "Mozilla/5.0 (Macintosh; Intel Mac OS X 10_7_4) AppleWebKit/537.36 (KHTML, like Gecko) Chrome/28.0.1500.71 Safari/537.36"
78.158.11.226 - - [24/Jul/2013:20:44:00 -0400] "GET / HTTP/1.1" 200 8953 "http://www.google.com/url?sa=t&rct=j&q=www.judgepenny.com&source=web&cd=5&ved=0CF0QFjAE&url=http:%2F%2Fwww.judgepenny.com%2F&cad=rja" "Lynx/2.8.5rel.1 libwww-FM/2.15FC SSL-MM/1.4.1c OpenSSL/0.9.7e-dev"
199.30.16.11 - - [24/Jul/2013:22:25:42 -0400] "GET /images/m-top.png HTTP/1.1" 200 574 "-" "msnbot-media/1.1 (+http://search.msn.com/msnbot.htm)"
71.56.72.97 - - [24/Jul/2013:23:28:46 -0400] "GET /css/style.css HTTP/1.1" 200 9522 "http://www.judgepenny.com/" "Mozilla/5.0 (iPad; CPU OS 6_1_2 like Mac OS X) AppleWebKit/536.26 (KHTML, like Gecko) Version/6.0 Mobile/10B146 Safari/8536.25"
220.181.108.99 - - [24/Jul/2013:00:25:51 -0400] "GET /penny-for-your-thoughts.php HTTP/1.1" 200 11765 "-" "Mozilla/5.0 (compatible; Baiduspider/2.0; +http://www.baidu.com/search/spider.html)"
178.154.243.82 - - [24/Jul/2013:06:33:11 -0400] "GET /slideshow/images/judge_penny_the_judge.jpg HTTP/1.1" 200 151096 "-" "Mozilla/5.0 (compatible; YandexImages/3.0; +http://yandex.com/bots)"
178.154.243.82 - - [24/Jul/2013:18:36:01 -0400] "GET /slideshow/images/judge_penny_speaking_request.png HTTP/1.1" 200 291884 "-" "Mozilla/5.0 (compatible; YandexImages/3.0; +http://yandex.com/bots)"
98.100.17.18 - - [24/Jul/2013:22:45:40 -0400] "GET /slide-style.css HTTP/1.1" 404 575 "http://www.judgepenny.com/" "Mozilla/5.0 (Macintosh; Intel Mac OS X 10_6_8) AppleWebKit/534.52.7 (KHTML, like Gecko) Version/5.1.2 Safari/534.52.7"
71.56.72.97 - - [24/Jul/2013:23:28:46 -0400] "GET /videos/jwplayer.js HTTP/1.1" 200 133009 "http://www.judgepenny.com/" "Mozilla/5.0 (iPad; CPU OS 6_1_2 like Mac OS X) AppleWebKit/536.26 (KHTML, like Gecko) Version/6.0 Mobile/10B146 Safari/8536.25"
66.249.75.108 - - [24/Jul/2013:00:46:09 -0400] "GET /robots.txt HTTP/1.1" 404 575 "-" "Mozilla/5.0 (compatible; Googlebot/2.1; +http://www.google.com/bot.html)"
194.44.169.198 - - [24/Jul/2013:07:37:17 -0400] "GET / HTTP/1.0" 200 8953 "-" "Mozilla/5.0 (compatible; Googlebot/2.1; +http://www.google.com/bot.html)"
178.154.243.82 - - [24/Jul/2013:13:59:26 -0400] "GET /slideshow/images/judge_penny_foundation.jpg HTTP/1.1" 200 175194 "-" "Mozilla/5.0 (compatible; YandexImages/3.0; +http://yandex.com/bots)"
76.19.97.122 - - [24/Jul/2013:15:35:07 -0400] "GET /images/m-btm.png HTTP/1.1" 200 741 "http://www.judgepenny.com/" "Mozilla/5.0 (Windows NT 6.2; WOW64) AppleWebKit/537.36 (KHTML, like Gecko) Chrome/28.0.1500.72 Safari/537.36"
76.19.97.122 - - [24/Jul/2013:15:35:07 -0400] "GET /images/m-top.png HTTP/1.1" 200 574 "http://www.judgepenny.com/" "Mozilla/5.0 (Windows NT 6.2; WOW64) AppleWebKit/537.36 (KHTML, like Gecko) Chrome/28.0.1500.72 Safari/537.36"
208.115.113.86 - - [24/Jul/2013:19:04:06 -0400] "GET /press-room.html HTTP/1.1" 404 575 "-" "Mozilla/5.0 (compatible; Ezooms/1.0; ezooms.bot@gmail.com)"
178.156.190.66 - - [24/Jul/2013:03:08:12 -0400] "GET / HTTP/1.0" 200 8953 "-" "Mozilla/5.0 (Macintosh; U; Intel Mac OS X 10_5_8; en-US)"
178.154.243.82 - - [24/Jul/2013:11:54:02 -0400] "GET /images/linked-in.png HTTP/1.1" 304 - "-" "Mozilla/5.0 (compatible; YandexImages/3.0; +http://yandex.com/bots)"
76.19.97.122 - - [24/Jul/2013:15:35:11 -0400] "GET /images/bg.jpg HTTP/1.1" 200 71900 "http://www.judgepenny.com/" "Mozilla/5.0 (Windows NT 6.2; WOW64) AppleWebKit/537.36 (KHTML, like Gecko) Chrome/28.0.1500.72 Safari/537.36"
178.156.190.66 - - [24/Jul/2013:03:08:21 -0400] "GET /shopping.php HTTP/1.0" 200 8086 "-" "Mozilla/5.0 (Macintosh; U; Intel Mac OS X 10_5_8; en-US)"
178.154.243.82 - - [24/Jul/2013:05:39:52 -0400] "GET /images/you-tube.png HTTP/1.1" 200 3090 "-" "Mozilla/5.0 (compatible; YandexImages/3.0; +http://yandex.com/bots)"
60.241.87.142 - - [24/Jul/2013:07:10:16 -0400] "GET /images/judge.png HTTP/1.1" 200 164424 "-" "Mozilla/5.0 (iPad; CPU OS 6_1_3 like Mac OS X) AppleWebKit/536.26 (KHTML, like Gecko) Version/6.0 Mobile/10B329 Safari/8536.25"
194.44.169.198 - - [24/Jul/2013:07:37:39 -0400] "GET /penny-for-your-thoughts_howdoIdealwithanoutofcontrol.php HTTP/1.0" 200 8668 "-" "Mozilla/5.0 (compatible; Googlebot/2.1; +http://www.google.com/bot.html)"
157.55.32.99 - - [24/Jul/2013:08:59:40 -0400] "GET / HTTP/1.1" 200 8953 "-" "Mozilla/5.0 (compatible; bingbot/2.0; +http://www.bing.com/bingbot.htm)"
5.10.83.16 - - [24/Jul/2013:12:17:52 -0400] "GET /speaking-requests.php HTTP/1.1" 200 14865 "-" "Mozilla/5.0 (compatible; AhrefsBot/5.0; +http://ahrefs.com/robot/)"
76.19.97.122 - - [24/Jul/2013:15:34:46 -0400] "GET /images/linked-in.png HTTP/1.1" 200 2575 "http://www.judgepenny.com/" "Mozilla/5.0 (Windows NT 6.2; WOW64) AppleWebKit/537.36 (KHTML, like Gecko) Chrome/28.0.1500.72 Safari/537.36"
76.19.97.122 - - [24/Jul/2013:15:34:46 -0400] "GET /slideshow/images/book.jpg HTTP/1.1" 200 132593 "http://www.judgepenny.com/" "Mozilla/5.0 (Windows NT 6.2; WOW64) AppleWebKit/537.36 (KHTML, like Gecko) Chrome/28.0.1500.72 Safari/537.36"
71.56.72.97 - - [24/Jul/2013:23:28:49 -0400] "GET /slide-style.css HTTP/1.1" 404 575 "http://www.judgepenny.com/" "Mozilla/5.0 (iPad; CPU OS 6_1_2 like Mac OS X) AppleWebKit/536.26 (KHTML, like Gecko) Version/6.0 Mobile/10B146 Safari/8536.25"
71.56.72.97 - - [24/Jul/2013:23:28:49 -0400] "GET /js/jquery.nivo.slider.pack.js HTTP/1.1" 200 15854 "http://www.judgepenny.com/" "Mozilla/5.0 (iPad; CPU OS 6_1_2 like Mac OS X) AppleWebKit/536.26 (KHTML, like Gecko) Version/6.0 Mobile/10B146 Safari/8536.25"
71.56.72.97 - - [24/Jul/2013:23:28:49 -0400] "GET /images/judge-jenny.png HTTP/1.1" 200 28663 "http://www.judgepenny.com/" "Mozilla/5.0 (iPad; CPU OS 6_1_2 like Mac OS X) AppleWebKit/536.26 (KHTML, like Gecko) Version/6.0 Mobile/10B146 Safari/8536.25"
71.56.72.97 - - [24/Jul/2013:23:28:49 -0400] "GET /images/twitter.png HTTP/1.1" 200 2703 "http://www.judgepenny.com/" "Mozilla/5.0 (iPad; CPU OS 6_1_2 like Mac OS X) AppleWebKit/536.26 (KHTML, like Gecko) Version/6.0 Mobile/10B146 Safari/8536.25"
71.56.72.97 - - [24/Jul/2013:23:28:49 -0400] "GET /slideshow/images/judge_penny_opportunity.jpg HTTP/1.1" 200 99540 "http://www.judgepenny.com/" "Mozilla/5.0 (iPad; CPU OS 6_1_2 like Mac OS X) AppleWebKit/536.26 (KHTML, like Gecko) Version/6.0 Mobile/10B146 Safari/8536.25"
71.56.72.97 - - [24/Jul/2013:23:28:49 -0400] "GET /slideshow/images/judge_penny_self_worth.jpg HTTP/1.1" 200 129594 "http://www.judgepenny.com/" "Mozilla/5.0 (iPad; CPU OS 6_1_2 like Mac OS X) AppleWebKit/536.26 (KHTML, like Gecko) Version/6.0 Mobile/10B146 Safari/8536.25"
71.56.72.97 - - [24/Jul/2013:23:28:50 -0400] "GET /slideshow/images/judge_penny_the_judge.jpg HTTP/1.1" 200 151096 "http://www.judgepenny.com/" "Mozilla/5.0 (iPad; CPU OS 6_1_2 like Mac OS X) AppleWebKit/536.26 (KHTML, like Gecko) Version/6.0 Mobile/10B146 Safari/8536.25"
71.56.72.97 - - [24/Jul/2013:23:28:51 -0400] "GET /images/m-top.png HTTP/1.1" 200 574 "http://www.judgepenny.com/" "Mozilla/5.0 (iPad; CPU OS 6_1_2 like Mac OS X) AppleWebKit/536.26 (KHTML, like Gecko) Version/6.0 Mobile/10B146 Safari/8536.25"
194.44.169.198 - - [24/Jul/2013:07:37:20 -0400] "GET /biography.php HTTP/1.0" 200 9590 "-" "Mozilla/5.0 (compatible; Googlebot/2.1; +http://www.google.com/bot.html)"
178.154.243.82 - - [24/Jul/2013:09:41:44 -0400] "GET /slideshow/images/book.jpg HTTP/1.1" 200 132593 "-" "Mozilla/5.0 (compatible; YandexImages/3.0; +http://yandex.com/bots)"
157.55.32.99 - - [24/Jul/2013:13:59:09 -0400] "GET / HTTP/1.1" 200 8953 "-" "Mozilla/5.0 (compatible; bingbot/2.0; +http://www.bing.com/bingbot.htm)"
178.156.190.66 - - [24/Jul/2013:03:08:26 -0400] "GET /penny-for-your-thoughts_itsnotwhatyousaybuthowyousayitl.php HTTP/1.0" 200 8648 "-" "Mozilla/5.0 (Macintosh; U; Intel Mac OS X 10_5_8; en-US)"
108.239.69.241 - - [24/Jul/2013:21:17:33 -0400] "GET /images/judge.png HTTP/1.1" 200 164424 "http://www.google.com/search?hl=en&redir_esc=&client=ms-android-verizon&source=android-launcher-widget&v=141400000&qsubts=1374714956445&q=judge+penny+brown+reynolds" "Mozilla/5.0 (Linux; U; Android 4.0.4; en-us; VS840 4G Build/IMM76D) AppleWebKit/534.30 (KHTML, like Gecko) Version/4.0 Mobile Safari/534.30"
157.55.32.39 - - [24/Jul/2013:21:46:38 -0400] "GET /penny-for-your-thoughts.php HTTP/1.1" 200 11765 "-" "Mozilla/5.0 (compatible; bingbot/2.0; +http://www.bing.com/bingbot.htm)"
178.154.243.82 - - [24/Jul/2013:14:16:47 -0400] "GET /images/linked-in.png HTTP/1.1" 304 - "-" "Mozilla/5.0 (compatible; YandexImages/3.0; +http://yandex.com/bots)"
66.30.11.19 - - [24/Jul/2013:15:05:37 -0400] "GET /biography.php HTTP/1.1" 200 9590 "http://www.judgepenny.com/" "Mozilla/5.0 (Macintosh; Intel Mac OS X 10_7_4) AppleWebKit/537.36 (KHTML, like Gecko) Chrome/28.0.1500.71 Safari/537.36"
66.30.11.19 - - [24/Jul/2013:15:05:39 -0400] "GET /slide-style.css HTTP/1.1" 404 575 "http://www.judgepenny.com/biography.php" "Mozilla/5.0 (Macintosh; Intel Mac OS X 10_7_4) AppleWebKit/537.36 (KHTML, like Gecko) Chrome/28.0.1500.71 Safari/537.36"
66.30.11.19 - - [24/Jul/2013:15:05:39 -0400] "GET /images/btn.png HTTP/1.1" 200 512 "http://www.judgepenny.com/biography.php" "Mozilla/5.0 (Macintosh; Intel Mac OS X 10_7_4) AppleWebKit/537.36 (KHTML, like Gecko) Chrome/28.0.1500.71 Safari/537.36"
66.30.11.19 - - [24/Jul/2013:15:05:39 -0400] "GET /images/judge.png HTTP/1.1" 200 164424 "http://www.judgepenny.com/biography.php" "Mozilla/5.0 (Macintosh; Intel Mac OS X 10_7_4) AppleWebKit/537.36 (KHTML, like Gecko) Chrome/28.0.1500.71 Safari/537.36"
66.30.11.19 - - [24/Jul/2013:15:05:39 -0400] "GET /favicon.ico HTTP/1.1" 404 575 "-" "Mozilla/5.0 (Macintosh; Intel Mac OS X 10_7_4) AppleWebKit/537.36 (KHTML, like Gecko) Chrome/28.0.1500.71 Safari/537.36"
91.207.9.226 - - [24/Jul/2013:00:33:36 -0400] "GET / HTTP/1.1" 200 8953 "http://hdseven.ru/" "Opera/9.00 (Windows NT 5.1; U; ru)"
65.55.212.87 - - [24/Jul/2013:03:39:23 -0400] "GET /css/default.css HTTP/1.1" 200 1295 "http://judgepenny.com/penny-for-your-thoughts_whattodowhenyouloseyourjob.php" "Mozilla/4.0 (compatible; MSIE 7.0; Windows NT 5.1; SLCC1; .NET CLR 1.1.4322; .NET CLR 2.0.40607; .NET CLR 3.0.30729; .NET CLR 3.5.30707; InfoPath.2)"
65.55.212.87 - - [24/Jul/2013:03:39:23 -0400] "GET /slide-style.css HTTP/1.1" 404 575 "http://judgepenny.com/penny-for-your-thoughts_whattodowhenyouloseyourjob.php" "Mozilla/4.0 (compatible; MSIE 7.0; Windows NT 5.1; SLCC1; .NET CLR 1.1.4322; .NET CLR 2.0.40607; .NET CLR 3.0.30729; .NET CLR 3.5.30707; InfoPath.2)"
157.56.93.51 - - [24/Jul/2013:15:26:39 -0400] "GET /images/ HTTP/1.1" 403 660 "-" "Mozilla/5.0 (compatible; bingbot/2.0; +http://www.bing.com/bingbot.htm)"
66.249.75.108 - - [24/Jul/2013:19:55:38 -0400] "GET /penny-for-your-thoughts_whattodowhenyouloseyourjob.php HTTP/1.1" 200 9678 "-" "SAMSUNG-SGH-E250/1.0 Profile/MIDP-2.0 Configuration/CLDC-1.1 UP.Browser/6.2.3.3.c.1.101 (GUI) MMP/2.0 (compatible; Googlebot-Mobile/2.1; +http://www.google.com/bot.html)"
199.30.24.53 - - [24/Jul/2013:04:14:35 -0400] "GET /images/sub-menu.png HTTP/1.1" 200 6956 "http://www.judgepenny.com/beyond-the-robe.php" "Mozilla/5.0 (Windows NT 6.1; WOW64) AppleWebKit/534+ (KHTML, like Gecko) BingPreview/1.0b"
98.100.17.18 - - [24/Jul/2013:10:32:29 -0400] "GET / HTTP/1.1" 200 8953 "-" "Mozilla/5.0 (Macintosh; Intel Mac OS X 10_6_8) AppleWebKit/534.52.7 (KHTML, like Gecko) Version/5.1.2 Safari/534.52.7"
5.10.83.16 - - [24/Jul/2013:12:14:31 -0400] "GET /contact.php HTTP/1.1" 200 6149 "-" "Mozilla/5.0 (compatible; AhrefsBot/5.0; +http://ahrefs.com/robot/)"
5.10.83.16 - - [24/Jul/2013:13:10:15 -0400] "GET /video-clips.php HTTP/1.1" 200 7451 "-" "Mozilla/5.0 (compatible; AhrefsBot/5.0; +http://ahrefs.com/robot/)"
76.19.97.122 - - [24/Jul/2013:15:34:37 -0400] "GET / HTTP/1.1" 200 8953 "https://www.google.com/" "Mozilla/5.0 (Windows NT 6.2; WOW64) AppleWebKit/537.36 (KHTML, like Gecko) Chrome/28.0.1500.72 Safari/537.36"
76.19.97.122 - - [24/Jul/2013:15:34:38 -0400] "GET /css/default.css HTTP/1.1" 200 1295 "http://www.judgepenny.com/" "Mozilla/5.0 (Windows NT 6.2; WOW64) AppleWebKit/537.36 (KHTML, like Gecko) Chrome/28.0.1500.72 Safari/537.36"
76.19.97.122 - - [24/Jul/2013:15:34:38 -0400] "GET /js/jquery.nivo.slider.pack.js HTTP/1.1" 200 15854 "http://www.judgepenny.com/" "Mozilla/5.0 (Windows NT 6.2; WOW64) AppleWebKit/537.36 (KHTML, like Gecko) Chrome/28.0.1500.72 Safari/537.36"
98.100.17.18 - - [24/Jul/2013:22:45:38 -0400] "GET / HTTP/1.1" 200 8953 "-" "Mozilla/5.0 (Macintosh; Intel Mac OS X 10_6_8) AppleWebKit/534.52.7 (KHTML, like Gecko) Version/5.1.2 Safari/534.52.7"
98.100.17.18 - - [24/Jul/2013:22:45:40 -0400] "GET /js/jquery.nivo.slider.pack.js HTTP/1.1" 200 15854 "http://www.judgepenny.com/" "Mozilla/5.0 (Macintosh; Intel Mac OS X 10_6_8) AppleWebKit/534.52.7 (KHTML, like Gecko) Version/5.1.2 Safari/534.52.7"
98.100.17.18 - - [24/Jul/2013:22:46:09 -0400] "GET /images/h-left.png HTTP/1.1" 200 137 "http://www.judgepenny.com/" "Mozilla/5.0 (Macintosh; Intel Mac OS X 10_6_8) AppleWebKit/534.52.7 (KHTML, like Gecko) Version/5.1.2 Safari/534.52.7"
98.100.17.18 - - [24/Jul/2013:22:46:10 -0400] "GET /images/ftr-bg.png HTTP/1.1" 200 198 "http://www.judgepenny.com/" "Mozilla/5.0 (Macintosh; Intel Mac OS X 10_6_8) AppleWebKit/534.52.7 (KHTML, like Gecko) Version/5.1.2 Safari/534.52.7"
157.55.32.99 - - [24/Jul/2013:03:13:25 -0400] "GET /css/nivo-slider.css HTTP/1.1" 200 1430 "-" "Mozilla/5.0 (compatible; bingbot/2.0; +http://www.bing.com/bingbot.htm)"
178.137.129.225 - - [24/Jul/2013:07:25:02 -0400] "GET / HTTP/1.1" 200 8953 "http://www.metexn.ru/" "Mozilla/4.79 [en] (Windows NT 5.0; U)"
193.106.136.55 - - [24/Jul/2013:21:13:32 -0400] "GET / HTTP/1.1" 200 8953 "http://doctornevrolog.ru/" "Mozilla/4.0 (compatible; MSIE 6.0; Windows NT 5.1; Crazy Browser 1.0.5)"
208.115.113.86 - - [24/Jul/2013:22:03:21 -0400] "GET /robots.txt HTTP/1.1" 404 575 "-" "Mozilla/5.0 (compatible; Ezooms/1.0; ezooms.bot@gmail.com)"
157.56.93.51 - - [24/Jul/2013:03:14:09 -0400] "GET /slide-style.css HTTP/1.1" 404 575 "-" "Mozilla/5.0 (compatible; bingbot/2.0; +http://www.bing.com/bingbot.htm)"
65.55.212.88 - - [24/Jul/2013:03:39:09 -0400] "GET /penny-for-your-thoughts_whattodowhenyouloseyourjob.php HTTP/1.1" 200 9678 "-" "Mozilla/4.0 (compatible; MSIE 7.0; Windows NT 5.1; SLCC1; .NET CLR 1.1.4322; .NET CLR 2.0.40607; .NET CLR 3.0.30729; .NET CLR 3.5.30707; InfoPath.2)"
65.55.218.61 - - [24/Jul/2013:03:39:23 -0400] "GET /css/nivo-slider.css HTTP/1.1" 200 1430 "http://judgepenny.com/penny-for-your-thoughts_whattodowhenyouloseyourjob.php" "Mozilla/4.0 (compatible; MSIE 7.0; Windows NT 5.1; SLCC1; .NET CLR 1.1.4322; .NET CLR 2.0.40607; .NET CLR 3.0.30729; .NET CLR 3.5.30707; InfoPath.2)"
180.76.5.140 - - [24/Jul/2013:14:13:03 -0400] "GET /slide-style.css HTTP/1.1" 404 575 "-" "Mozilla/5.0 (compatible; Baiduspider/2.0; +http://www.baidu.com/search/spider.html)"
178.154.243.82 - - [24/Jul/2013:07:01:08 -0400] "GET /images/facebook.png HTTP/1.1" 200 2371 "-" "Mozilla/5.0 (compatible; YandexImages/3.0; +http://yandex.com/bots)"
71.56.72.97 - - [24/Jul/2013:23:28:46 -0400] "GET /css/nivo-slider.css HTTP/1.1" 200 1430 "http://www.judgepenny.com/" "Mozilla/5.0 (iPad; CPU OS 6_1_2 like Mac OS X) AppleWebKit/536.26 (KHTML, like Gecko) Version/6.0 Mobile/10B146 Safari/8536.25"
71.56.72.97 - - [24/Jul/2013:23:28:49 -0400] "GET /images/you-tube.png HTTP/1.1" 200 3090 "http://www.judgepenny.com/" "Mozilla/5.0 (iPad; CPU OS 6_1_2 like Mac OS X) AppleWebKit/536.26 (KHTML, like Gecko) Version/6.0 Mobile/10B146 Safari/8536.25"
71.56.72.97 - - [24/Jul/2013:23:28:49 -0400] "GET /images/m-btm.png HTTP/1.1" 200 741 "http://www.judgepenny.com/" "Mozilla/5.0 (iPad; CPU OS 6_1_2 like Mac OS X) AppleWebKit/536.26 (KHTML, like Gecko) Version/6.0 Mobile/10B146 Safari/8536.25"
71.56.72.97 - - [24/Jul/2013:23:28:49 -0400] "GET /images/bg.jpg HTTP/1.1" 200 71900 "http://www.judgepenny.com/" "Mozilla/5.0 (iPad; CPU OS 6_1_2 like Mac OS X) AppleWebKit/536.26 (KHTML, like Gecko) Version/6.0 Mobile/10B146 Safari/8536.25"
71.56.72.97 - - [24/Jul/2013:23:28:50 -0400] "GET /images/h-left.png HTTP/1.1" 200 137 "http://www.judgepenny.com/" "Mozilla/5.0 (iPad; CPU OS 6_1_2 like Mac OS X) AppleWebKit/536.26 (KHTML, like Gecko) Version/6.0 Mobile/10B146 Safari/8536.25"
71.56.72.97 - - [24/Jul/2013:23:28:50 -0400] "GET /css/arrows.png HTTP/1.1" 200 824 "http://www.judgepenny.com/" "Mozilla/5.0 (iPad; CPU OS 6_1_2 like Mac OS X) AppleWebKit/536.26 (KHTML, like Gecko) Version/6.0 Mobile/10B146 Safari/8536.25"
71.56.72.97 - - [24/Jul/2013:23:28:50 -0400] "GET /images/m-center.png HTTP/1.1" 200 191 "http://www.judgepenny.com/" "Mozilla/5.0 (iPad; CPU OS 6_1_2 like Mac OS X) AppleWebKit/536.26 (KHTML, like Gecko) Version/6.0 Mobile/10B146 Safari/8536.25"
71.56.72.97 - - [24/Jul/2013:23:28:50 -0400] "GET /css/bullets.png HTTP/1.1" 200 1281 "http://www.judgepenny.com/" "Mozilla/5.0 (iPad; CPU OS 6_1_2 like Mac OS X) AppleWebKit/536.26 (KHTML, like Gecko) Version/6.0 Mobile/10B146 Safari/8536.25"
157.55.32.99 - - [24/Jul/2013:03:10:57 -0400] "GET /robots.txt HTTP/1.1" 404 575 "-" "Mozilla/5.0 (compatible; bingbot/2.0; +http://www.bing.com/bingbot.htm)"
178.154.243.82 - - [24/Jul/2013:06:04:23 -0400] "GET /images/judge2.jpg HTTP/1.1" 304 - "-" "Mozilla/5.0 (compatible; YandexImages/3.0; +http://yandex.com/bots)"
66.249.75.108 - - [24/Jul/2013:09:28:31 -0400] "GET /robots.txt HTTP/1.1" 404 575 "-" "Mozilla/5.0 (compatible; Googlebot/2.1; +http://www.google.com/bot.html)"
66.249.75.108 - - [24/Jul/2013:09:28:31 -0400] "GET /contact.php HTTP/1.1" 200 6149 "-" "Mozilla/5.0 (compatible; Googlebot/2.1; +http://www.google.com/bot.html)"
5.10.83.16 - - [24/Jul/2013:12:33:30 -0400] "GET /penny-for-your-thoughts_howdoIdealwithanoutofcontrol.php HTTP/1.1" 200 8668 "-" "Mozilla/5.0 (compatible; AhrefsBot/5.0; +http://ahrefs.com/robot/)"
66.30.11.19 - - [24/Jul/2013:15:05:25 -0400] "GET /videos/jwplayer.js HTTP/1.1" 200 133009 "http://www.judgepenny.com/" "Mozilla/5.0 (Macintosh; Intel Mac OS X 10_7_4) AppleWebKit/537.36 (KHTML, like Gecko) Chrome/28.0.1500.71 Safari/537.36"
66.30.11.19 - - [24/Jul/2013:15:05:25 -0400] "GET /images/judge-jenny.png HTTP/1.1" 200 28663 "http://www.judgepenny.com/" "Mozilla/5.0 (Macintosh; Intel Mac OS X 10_7_4) AppleWebKit/537.36 (KHTML, like Gecko) Chrome/28.0.1500.71 Safari/537.36"
66.30.11.19 - - [24/Jul/2013:15:05:25 -0400] "GET /slideshow/images/judge_penny_foundation.jpg HTTP/1.1" 200 175194 "http://www.judgepenny.com/" "Mozilla/5.0 (Macintosh; Intel Mac OS X 10_7_4) AppleWebKit/537.36 (KHTML, like Gecko) Chrome/28.0.1500.71 Safari/537.36"
66.30.11.19 - - [24/Jul/2013:15:05:26 -0400] "GET /images/jenny-header.png HTTP/1.1" 200 69160 "http://www.judgepenny.com/" "Mozilla/5.0 (Macintosh; Intel Mac OS X 10_7_4) AppleWebKit/537.36 (KHTML, like Gecko) Chrome/28.0.1500.71 Safari/537.36"
66.30.11.19 - - [24/Jul/2013:15:05:26 -0400] "GET /slideshow/images/judge_penny_the_judge.jpg HTTP/1.1" 200 151096 "http://www.judgepenny.com/" "Mozilla/5.0 (Macintosh; Intel Mac OS X 10_7_4) AppleWebKit/537.36 (KHTML, like Gecko) Chrome/28.0.1500.71 Safari/537.36"
66.30.11.19 - - [24/Jul/2013:15:05:27 -0400] "GET /images/h-left.png HTTP/1.1" 200 137 "http://www.judgepenny.com/" "Mozilla/5.0 (Macintosh; Intel Mac OS X 10_7_4) AppleWebKit/537.36 (KHTML, like Gecko) Chrome/28.0.1500.71 Safari/537.36"
205.237.88.148 - - [24/Jul/2013:19:04:25 -0400] "GET / HTTP/1.0" 200 8953 "-" "=Mozilla/5.0 (Windows; U; Windows NT 6.1; en-US) AppleWebKit/534.16 (KHTML, like Gecko) Chrome/10.0.648.204 Safari/534.16"
91.207.9.226 - - [24/Jul/2013:00:33:35 -0400] "GET / HTTP/1.1" 200 8953 "http://hdseven.ru/" "Opera/9.00 (Windows NT 5.1; U; ru)"
66.30.11.19 - - [24/Jul/2013:15:05:39 -0400] "GET /images/buy-now.png HTTP/1.1" 200 89906 "http://www.judgepenny.com/biography.php" "Mozilla/5.0 (Macintosh; Intel Mac OS X 10_7_4) AppleWebKit/537.36 (KHTML, like Gecko) Chrome/28.0.1500.71 Safari/537.36"
178.154.243.82 - - [24/Jul/2013:17:01:34 -0400] "GET /slideshow/images/judge_penny_self_worth.jpg HTTP/1.1" 200 129594 "-" "Mozilla/5.0 (compatible; YandexImages/3.0; +http://yandex.com/bots)"
91.207.9.226 - - [24/Jul/2013:21:50:50 -0400] "GET / HTTP/1.1" 200 8953 "http://lgschematics.ru/" "Mozilla/4.0 (compatible; MSIE 6.0; Windows NT 5.1; MRA 4.3 (build 01218); .NET CLR 1.1.4322)"
98.100.17.18 - - [24/Jul/2013:22:45:40 -0400] "GET /css/nivo-slider.css HTTP/1.1" 200 1430 "http://www.judgepenny.com/" "Mozilla/5.0 (Macintosh; Intel Mac OS X 10_6_8) AppleWebKit/534.52.7 (KHTML, like Gecko) Version/5.1.2 Safari/534.52.7"
71.56.72.97 - - [24/Jul/2013:23:28:49 -0400] "GET /slideshow/images/judge_penny_foundation.jpg HTTP/1.1" 200 175194 "http://www.judgepenny.com/" "Mozilla/5.0 (iPad; CPU OS 6_1_2 like Mac OS X) AppleWebKit/536.26 (KHTML, like Gecko) Version/6.0 Mobile/10B146 Safari/8536.25"
194.44.169.198 - - [24/Jul/2013:07:37:41 -0400] "GET /penny-for-your-thoughts_itsnotwhatyousaybuthowyousayitl.php HTTP/1.0" 200 8648 "-" "Mozilla/5.0 (compatible; Googlebot/2.1; +http://www.google.com/bot.html)"
202.46.63.126 - - [24/Jul/2013:02:34:32 -0400] "GET /foundation.htm HTTP/1.1" 404 575 "-" "Mozilla/5.0 (Windows; U; Windows NT 5.1; zh-CN; rv:1.9.1.2) Firefox/3.5.2"
178.156.190.66 - - [24/Jul/2013:03:08:16 -0400] "GET /media.php HTTP/1.0" 200 6682 "-" "Mozilla/5.0 (Macintosh; U; Intel Mac OS X 10_5_8; en-US)"
178.156.190.66 - - [24/Jul/2013:03:08:25 -0400] "GET /index.php HTTP/1.0" 200 8953 "-" "Mozilla/5.0 (Macintosh; U; Intel Mac OS X 10_5_8; en-US)"
194.44.169.198 - - [24/Jul/2013:07:37:32 -0400] "GET /media.php HTTP/1.0" 200 6682 "-" "Mozilla/5.0 (compatible; Googlebot/2.1; +http://www.google.com/bot.html)"
157.55.32.99 - - [24/Jul/2013:08:59:08 -0400] "GET /robots.txt HTTP/1.1" 404 575 "-" "Mozilla/5.0 (compatible; bingbot/2.0; +http://www.bing.com/bingbot.htm)"
5.10.83.16 - - [24/Jul/2013:12:51:07 -0400] "GET /photos.php HTTP/1.1" 200 6337 "-" "Mozilla/5.0 (compatible; AhrefsBot/5.0; +http://ahrefs.com/robot/)"
157.55.32.99 - - [24/Jul/2013:13:08:40 -0400] "GET / HTTP/1.1" 200 8953 "-" "Mozilla/5.0 (compatible; bingbot/2.0; +http://www.bing.com/bingbot.htm)"
178.154.243.82 - - [24/Jul/2013:16:04:24 -0400] "GET /images/judge.png HTTP/1.1" 304 - "-" "Mozilla/5.0 (compatible; YandexImages/3.0; +http://yandex.com/bots)"
78.158.11.226 - - [24/Jul/2013:20:44:01 -0400] "GET /contact.php HTTP/1.1" 200 6149 "http://www.judgepenny.com/" "Lynx/2.8.5rel.1 libwww-FM/2.15FC SSL-MM/1.4.1c OpenSSL/0.9.7e-dev"
199.30.24.53 - - [24/Jul/2013:04:14:35 -0400] "GET /images/linked-in.png HTTP/1.1" 200 2575 "http://www.judgepenny.com/beyond-the-robe.php" "Mozilla/5.0 (Windows NT 6.1; WOW64) AppleWebKit/534+ (KHTML, like Gecko) BingPreview/1.0b"
199.30.24.53 - - [24/Jul/2013:04:14:37 -0400] "GET /images/entry-bg3.png HTTP/1.1" 200 19110 "http://www.judgepenny.com/beyond-the-robe.php" "Mozilla/5.0 (Windows NT 6.1; WOW64) AppleWebKit/534+ (KHTML, like Gecko) BingPreview/1.0b"
157.55.32.99 - - [24/Jul/2013:04:44:11 -0400] "GET / HTTP/1.1" 200 8953 "-" "Mozilla/5.0 (compatible; bingbot/2.0; +http://www.bing.com/bingbot.htm)"
194.44.169.198 - - [24/Jul/2013:07:37:35 -0400] "GET /photos.php HTTP/1.0" 200 6337 "-" "Mozilla/5.0 (compatible; Googlebot/2.1; +http://www.google.com/bot.html)"
66.249.75.130 - - [24/Jul/2013:12:48:39 -0400] "GET /biography.php?thank-you HTTP/1.1" 200 9590 "-" "Mozilla/5.0 (compatible; Googlebot/2.1; +http://www.google.com/bot.html)"
157.55.32.99 - - [24/Jul/2013:13:06:22 -0400] "GET /robots.txt HTTP/1.1" 404 575 "-" "Mozilla/5.0 (compatible; bingbot/2.0; +http://www.bing.com/bingbot.htm)"
178.154.243.82 - - [24/Jul/2013:19:15:08 -0400] "GET /slideshow/images/book.jpg HTTP/1.1" 200 132593 "-" "Mozilla/5.0 (compatible; YandexImages/3.0; +http://yandex.com/bots)"
71.56.72.97 - - [24/Jul/2013:23:28:49 -0400] "GET /images/facebook.png HTTP/1.1" 200 2371 "http://www.judgepenny.com/" "Mozilla/5.0 (iPad; CPU OS 6_1_2 like Mac OS X) AppleWebKit/536.26 (KHTML, like Gecko) Version/6.0 Mobile/10B146 Safari/8536.25"
71.56.72.97 - - [24/Jul/2013:23:28:49 -0400] "GET /slideshow/images/judge_penny_speaking_request.png HTTP/1.1" 200 291884 "http://www.judgepenny.com/" "Mozilla/5.0 (iPad; CPU OS 6_1_2 like Mac OS X) AppleWebKit/536.26 (KHTML, like Gecko) Version/6.0 Mobile/10B146 Safari/8536.25"
71.56.72.97 - - [24/Jul/2013:23:28:50 -0400] "GET /images/jenny-header.png HTTP/1.1" 200 69160 "http://www.judgepenny.com/" "Mozilla/5.0 (iPad; CPU OS 6_1_2 like Mac OS X) AppleWebKit/536.26 (KHTML, like Gecko) Version/6.0 Mobile/10B146 Safari/8536.25"
71.56.72.97 - - [24/Jul/2013:23:28:50 -0400] "GET /images/seprator.png HTTP/1.1" 200 429 "http://www.judgepenny.com/" "Mozilla/5.0 (iPad; CPU OS 6_1_2 like Mac OS X) AppleWebKit/536.26 (KHTML, like Gecko) Version/6.0 Mobile/10B146 Safari/8536.25"
76.19.97.122 - - [24/Jul/2013:23:59:55 -0400] "GET /images/m-center.png HTTP/1.1" 200 191 "http://www.judgepenny.com/" "Mozilla/5.0 (Windows NT 6.2; WOW64) AppleWebKit/537.36 (KHTML, like Gecko) Chrome/28.0.1500.72 Safari/537.36"
76.19.97.122 - - [24/Jul/2013:23:59:55 -0400] "GET /images/ftr-bg.png HTTP/1.1" 200 198 "http://www.judgepenny.com/" "Mozilla/5.0 (Windows NT 6.2; WOW64) AppleWebKit/537.36 (KHTML, like Gecko) Chrome/28.0.1500.72 Safari/537.36"
76.19.97.122 - - [24/Jul/2013:15:34:46 -0400] "GET /images/twitter.png HTTP/1.1" 200 2703 "http://www.judgepenny.com/" "Mozilla/5.0 (Windows NT 6.2; WOW64) AppleWebKit/537.36 (KHTML, like Gecko) Chrome/28.0.1500.72 Safari/537.36"
76.19.97.122 - - [24/Jul/2013:15:34:46 -0400] "GET /slideshow/images/judge_penny_foundation.jpg HTTP/1.1" 200 175194 "http://www.judgepenny.com/" "Mozilla/5.0 (Windows NT 6.2; WOW64) AppleWebKit/537.36 (KHTML, like Gecko) Chrome/28.0.1500.72 Safari/537.36"
178.154.243.82 - - [24/Jul/2013:18:00:20 -0400] "GET /slideshow/images/judge_penny_foundation.jpg HTTP/1.1" 200 175194 "-" "Mozilla/5.0 (compatible; YandexImages/3.0; +http://yandex.com/bots)"
157.55.32.39 - - [24/Jul/2013:03:16:08 -0400] "GET /images/you-tube.png HTTP/1.1" 200 3090 "-" "Mozilla/5.0 (compatible; bingbot/2.0; +http://www.bing.com/bingbot.htm)"
178.154.243.82 - - [24/Jul/2013:04:37:20 -0400] "GET /images/judge.png HTTP/1.1" 304 - "-" "Mozilla/5.0 (compatible; YandexImages/3.0; +http://yandex.com/bots)"
178.154.243.82 - - [24/Jul/2013:04:56:41 -0400] "GET /images/story.jpg HTTP/1.1" 304 - "-" "Mozilla/5.0 (compatible; YandexImages/3.0; +http://yandex.com/bots)"
178.137.93.32 - - [24/Jul/2013:12:31:57 -0400] "GET / HTTP/1.1" 200 8953 "http://www.cvfind.info/" "Mozilla/4.0 (compatible; MSIE 6.0; Windows NT 5.2; SV1; .NET CLR 1.1.4322; .NET CLR 2.0.50727)"
178.154.243.82 - - [24/Jul/2013:13:31:04 -0400] "GET /images/buy-now.png HTTP/1.1" 304 - "-" "Mozilla/5.0 (compatible; YandexImages/3.0; +http://yandex.com/bots)"
76.19.97.122 - - [24/Jul/2013:15:34:38 -0400] "GET /css/style.css HTTP/1.1" 200 9522 "http://www.judgepenny.com/" "Mozilla/5.0 (Windows NT 6.2; WOW64) AppleWebKit/537.36 (KHTML, like Gecko) Chrome/28.0.1500.72 Safari/537.36"
157.55.32.99 - - [24/Jul/2013:20:06:11 -0400] "GET / HTTP/1.1" 200 8953 "-" "Mozilla/5.0 (compatible; bingbot/2.0; +http://www.bing.com/bingbot.htm)"
108.239.69.241 - - [24/Jul/2013:21:19:16 -0400] "GET /slideshow/images/judge_penny_the_judge.jpg HTTP/1.1" 200 151096 "http://www.google.com/search?hl=en&redir_esc=&client=ms-android-verizon&source=android-launcher-widget&v=141400000&qsubts=1374714956445&q=judge+penny+brown+reynolds" "Mozilla/5.0 (Linux; U; Android 4.0.4; en-us; VS840 4G Build/IMM76D) AppleWebKit/534.30 (KHTML, like Gecko) Version/4.0 Mobile Safari/534.30"
98.100.17.18 - - [24/Jul/2013:22:45:50 -0400] "GET /images/judge-jenny.png HTTP/1.1" 200 28663 "http://www.judgepenny.com/" "Mozilla/5.0 (Macintosh; Intel Mac OS X 10_6_8) AppleWebKit/534.52.7 (KHTML, like Gecko) Version/5.1.2 Safari/534.52.7"
178.156.190.66 - - [24/Jul/2013:03:08:19 -0400] "GET /penny-for-your-thoughts.php HTTP/1.0" 200 11765 "-" "Mozilla/5.0 (Macintosh; U; Intel Mac OS X 10_5_8; en-US)"
178.137.93.32 - - [24/Jul/2013:12:31:58 -0400] "GET / HTTP/1.1" 200 8953 "http://www.cvfind.info/" "Mozilla/4.0 (compatible; MSIE 6.0; Windows NT 5.2; SV1; .NET CLR 1.1.4322; .NET CLR 2.0.50727)"
5.10.83.16 - - [24/Jul/2013:13:18:46 -0400] "GET /penny-for-your-thoughts_whattodowhenyouloseyourjob.php HTTP/1.1" 200 9678 "-" "Mozilla/5.0 (compatible; AhrefsBot/5.0; +http://ahrefs.com/robot/)"
98.100.17.18 - - [24/Jul/2013:22:45:43 -0400] "GET /images/linked-in.png HTTP/1.1" 200 2575 "http://www.judgepenny.com/" "Mozilla/5.0 (Macintosh; Intel Mac OS X 10_6_8) AppleWebKit/534.52.7 (KHTML, like Gecko) Version/5.1.2 Safari/534.52.7"
98.100.17.18 - - [24/Jul/2013:22:45:44 -0400] "GET /css/loading.gif HTTP/1.1" 200 1737 "http://www.judgepenny.com/" "Mozilla/5.0 (Macintosh; Intel Mac OS X 10_6_8) AppleWebKit/534.52.7 (KHTML, like Gecko) Version/5.1.2 Safari/534.52.7"
98.100.17.18 - - [24/Jul/2013:22:45:44 -0400] "GET /slideshow/images/judge_penny_opportunity.jpg HTTP/1.1" 200 99540 "http://www.judgepenny.com/" "Mozilla/5.0 (Macintosh; Intel Mac OS X 10_6_8) AppleWebKit/534.52.7 (KHTML, like Gecko) Version/5.1.2 Safari/534.52.7"
178.154.243.82 - - [24/Jul/2013:20:56:53 -0400] "GET /images/judge-jenny.png HTTP/1.1" 200 28663 "-" "Mozilla/5.0 (compatible; YandexImages/3.0; +http://yandex.com/bots)"
131.253.24.70 - - [24/Jul/2013:01:49:38 -0400] "GET /JudgePennyBrownReynoldsBio.pdf HTTP/1.1" 200 918125 "-" "Mozilla/4.0 (compatible; MSIE 7.0; Windows NT 5.1; SLCC1; .NET CLR 1.1.4322; .NET CLR 2.0.40607; .NET CLR 3.0.30729; .NET CLR 3.5.30729; InfoPath.2)"
91.207.9.226 - - [24/Jul/2013:21:50:52 -0400] "GET / HTTP/1.1" 200 8953 "http://lgschematics.ru/" "Mozilla/4.0 (compatible; MSIE 6.0; Windows NT 5.1; MRA 4.3 (build 01218); .NET CLR 1.1.4322)"
71.56.72.97 - - [24/Jul/2013:23:28:44 -0400] "GET / HTTP/1.1" 200 8953 "-" "Mozilla/5.0 (iPad; CPU OS 6_1_2 like Mac OS X) AppleWebKit/536.26 (KHTML, like Gecko) Version/6.0 Mobile/10B146 Safari/8536.25"
92.249.127.111 - - [24/Jul/2013:04:20:09 -0400] "GET / HTTP/1.1" 200 8953 "http://cookingmeat.ru/" "Mozilla/5.0 (compatible; news bot /2.1)"
199.30.16.51 - - [24/Jul/2013:06:07:17 -0400] "GET /robots.txt HTTP/1.1" 404 575 "-" "msnbot-media/1.1 (+http://search.msn.com/msnbot.htm)"
91.207.9.226 - - [24/Jul/2013:21:51:06 -0400] "GET / HTTP/1.1" 503 323 "http://lgschematics.ru/" "Mozilla/4.0 (compatible; MSIE 6.0; Windows NT 5.1; MRA 4.3 (build 01218); .NET CLR 1.1.4322)"
71.56.72.97 - - [24/Jul/2013:23:48:53 -0400] "GET /images/judge.png HTTP/1.1" 200 164424 "-" "Mozilla/5.0 (iPad; CPU OS 6_1_2 like Mac OS X) AppleWebKit/536.26 (KHTML, like Gecko) Version/6.0 Mobile/10B146 Safari/8536.25"
5.10.83.16 - - [24/Jul/2013:11:49:12 -0400] "GET /judge-penny-story.php HTTP/1.1" 503 323 "-" "Mozilla/5.0 (compatible; AhrefsBot/5.0; +http://ahrefs.com/robot/)"
178.154.243.82 - - [24/Jul/2013:14:55:43 -0400] "GET /images/judge2.jpg HTTP/1.1" 304 - "-" "Mozilla/5.0 (compatible; YandexImages/3.0; +http://yandex.com/bots)"
178.154.243.82 - - [24/Jul/2013:17:27:20 -0400] "GET /robots.txt HTTP/1.1" 404 575 "-" "Mozilla/5.0 (compatible; YandexImages/3.0; +http://yandex.com/bots)"
123.125.71.90 - - [24/Jul/2013:00:26:00 -0400] "GET /videos/jwplayer.js HTTP/1.1" 200 133009 "http://judgepenny.com/penny-for-your-thoughts.php" "Mozilla/5.0 (X11; U; Linux x86_64; en-US; rv:1.9) Gecko Minefield/3.0"
76.19.97.122 - - [24/Jul/2013:15:34:42 -0400] "GET /css/nivo-slider.css HTTP/1.1" 200 1430 "http://www.judgepenny.com/" "Mozilla/5.0 (Windows NT 6.2; WOW64) AppleWebKit/537.36 (KHTML, like Gecko) Chrome/28.0.1500.72 Safari/537.36"
76.19.97.122 - - [24/Jul/2013:15:35:13 -0400] "GET /images/seprator.png HTTP/1.1" 200 429 "http://www.judgepenny.com/" "Mozilla/5.0 (Windows NT 6.2; WOW64) AppleWebKit/537.36 (KHTML, like Gecko) Chrome/28.0.1500.72 Safari/537.36"
220.181.108.146 - - [24/Jul/2013:05:22:22 -0400] "GET /images/m-btm.png HTTP/1.1" 200 741 "-" "Baiduspider-image+(+http://www.baidu.com/search/spider.htm)"
157.55.32.39 - - [24/Jul/2013:05:47:10 -0400] "GET /biography.php HTTP/1.1" 200 9590 "-" "Mozilla/5.0 (compatible; bingbot/2.0; +http://www.bing.com/bingbot.htm)"
98.100.17.18 - - [24/Jul/2013:22:45:43 -0400] "GET /images/facebook.png HTTP/1.1" 200 2371 "http://www.judgepenny.com/" "Mozilla/5.0 (Macintosh; Intel Mac OS X 10_6_8) AppleWebKit/534.52.7 (KHTML, like Gecko) Version/5.1.2 Safari/534.52.7"
98.100.17.18 - - [24/Jul/2013:22:45:44 -0400] "GET /images/you-tube.png HTTP/1.1" 200 3090 "http://www.judgepenny.com/" "Mozilla/5.0 (Macintosh; Intel Mac OS X 10_6_8) AppleWebKit/534.52.7 (KHTML, like Gecko) Version/5.1.2 Safari/534.52.7"
98.100.17.18 - - [24/Jul/2013:22:45:44 -0400] "GET /slideshow/images/book.jpg HTTP/1.1" 200 132593 "http://www.judgepenny.com/" "Mozilla/5.0 (Macintosh; Intel Mac OS X 10_6_8) AppleWebKit/534.52.7 (KHTML, like Gecko) Version/5.1.2 Safari/534.52.7"
178.154.243.82 - - [24/Jul/2013:10:42:26 -0400] "GET /images/advice.jpg HTTP/1.1" 304 - "-" "Mozilla/5.0 (compatible; YandexImages/3.0; +http://yandex.com/bots)"
178.137.93.32 - - [24/Jul/2013:12:32:08 -0400] "GET / HTTP/1.1" 200 8953 "http://www.cvfind.info/" "Mozilla/4.0 (compatible; MSIE 6.0; Windows NT 5.2; SV1; .NET CLR 1.1.4322; .NET CLR 2.0.50727)"
5.10.83.16 - - [24/Jul/2013:12:43:11 -0400] "GET /penny-for-your-thoughts.php HTTP/1.1" 200 11765 "-" "Mozilla/5.0 (compatible; AhrefsBot/5.0; +http://ahrefs.com/robot/)"
178.154.243.82 - - [24/Jul/2013:14:35:27 -0400] "GET /images/buy-now.png HTTP/1.1" 304 - "-" "Mozilla/5.0 (compatible; YandexImages/3.0; +http://yandex.com/bots)"
66.30.11.19 - - [24/Jul/2013:15:05:39 -0400] "GET /images/sub-menu.png HTTP/1.1" 200 6956 "http://www.judgepenny.com/biography.php" "Mozilla/5.0 (Macintosh; Intel Mac OS X 10_7_4) AppleWebKit/537.36 (KHTML, like Gecko) Chrome/28.0.1500.71 Safari/537.36"
66.30.11.19 - - [24/Jul/2013:15:05:39 -0400] "GET /images/h-div.png HTTP/1.1" 200 1503 "http://www.judgepenny.com/biography.php" "Mozilla/5.0 (Macintosh; Intel Mac OS X 10_7_4) AppleWebKit/537.36 (KHTML, like Gecko) Chrome/28.0.1500.71 Safari/537.36"
66.30.11.19 - - [24/Jul/2013:15:05:39 -0400] "GET /images/main-btm.png HTTP/1.1" 200 398 "http://www.judgepenny.com/biography.php" "Mozilla/5.0 (Macintosh; Intel Mac OS X 10_7_4) AppleWebKit/537.36 (KHTML, like Gecko) Chrome/28.0.1500.71 Safari/537.36"
178.154.243.82 - - [24/Jul/2013:08:52:15 -0400] "GET /slideshow/images/judge_penny_opportunity.jpg HTTP/1.1" 200 99540 "-" "Mozilla/5.0 (compatible; YandexImages/3.0; +http://yandex.com/bots)"
98.100.17.18 - - [24/Jul/2013:22:45:39 -0400] "GET /css/style.css HTTP/1.1" 200 9522 "http://www.judgepenny.com/" "Mozilla/5.0 (Macintosh; Intel Mac OS X 10_6_8) AppleWebKit/534.52.7 (KHTML, like Gecko) Version/5.1.2 Safari/534.52.7"
