180.76.5.185 - - [07/Aug/2013:00:00:15 -0400] "GET /events.php HTTP/1.1" 200 8644 "-" "Mozilla/5.0 (compatible; Baiduspider/2.0; +http://www.baidu.com/search/spider.html)"
98.71.102.101 - - [07/Aug/2013:00:25:31 -0400] "GET /images/advice.jpg HTTP/1.1" 200 51293 "https://www.google.com/" "Mozilla/5.0 (iPhone; CPU iPhone OS 6_1_4 like Mac OS X) AppleWebKit/536.26 (KHTML, like Gecko) Version/6.0 Mobile/10B350 Safari/8536.25"
199.30.20.59 - - [07/Aug/2013:00:37:09 -0400] "GET /robots.txt HTTP/1.1" 404 575 "-" "msnbot-media/1.1 (+http://search.msn.com/msnbot.htm)"
199.30.20.59 - - [07/Aug/2013:00:37:09 -0400] "GET /images/main-btm.png HTTP/1.1" 200 398 "-" "msnbot-media/1.1 (+http://search.msn.com/msnbot.htm)"
66.249.75.108 - - [07/Aug/2013:00:43:15 -0400] "GET /IVYLeaf.pdf HTTP/1.1" 200 4985973 "-" "Googlebot/2.1 (+http://www.google.com/bot.html)"
107.22.76.201 - - [07/Aug/2013:01:13:45 -0400] "GET / HTTP/1.1" 200 8953 "-" "User-Agent: Mozilla/5.0 (Windows NT 6.1; WOW64) AppleWebKit/537.31 (KHTML, like Gecko) Chrome/26.0.1410.64 Safari/537.31"
107.22.76.201 - - [07/Aug/2013:01:13:55 -0400] "GET / HTTP/1.1" 200 8953 "-" "User-Agent: Mozilla/5.0 (Windows NT 6.1; WOW64) AppleWebKit/537.31 (KHTML, like Gecko) Chrome/26.0.1410.64 Safari/537.31"
157.55.35.112 - - [07/Aug/2013:01:19:10 -0400] "GET /robots.txt HTTP/1.1" 404 575 "-" "Mozilla/5.0 (compatible; bingbot/2.0; +http://www.bing.com/bingbot.htm)"
31.125.14.131 - - [07/Aug/2013:01:31:14 -0400] "GET /images/judge.png HTTP/1.1" 200 164424 "https://www.google.co.uk/" "Mozilla/5.0 (iPhone; CPU iPhone OS 6_1_3 like Mac OS X) AppleWebKit/536.26 (KHTML, like Gecko) Version/6.0 Mobile/10B329 Safari/8536.25"
208.115.111.70 - - [07/Aug/2013:01:31:43 -0400] "GET /robots.txt HTTP/1.1" 404 575 "-" "Mozilla/5.0 (compatible; Ezooms/1.0; ezooms.bot@gmail.com)"
157.55.35.112 - - [07/Aug/2013:01:44:04 -0400] "GET / HTTP/1.1" 200 8953 "-" "Mozilla/5.0 (compatible; bingbot/2.0; +http://www.bing.com/bingbot.htm)"
208.115.111.70 - - [07/Aug/2013:02:14:28 -0400] "GET /speaking-requests.php?e12bede0 HTTP/1.1" 200 14865 "-" "Mozilla/5.0 (compatible; Ezooms/1.0; ezooms.bot@gmail.com)"
199.30.16.13 - - [07/Aug/2013:02:18:24 -0400] "GET /robots.txt HTTP/1.1" 404 575 "-" "msnbot-media/1.1 (+http://search.msn.com/msnbot.htm)"
199.30.16.13 - - [07/Aug/2013:02:18:24 -0400] "GET /slideshow/images/judge_penny_speaking_request.png HTTP/1.1" 200 291884 "-" "msnbot-media/1.1 (+http://search.msn.com/msnbot.htm)"
66.249.75.108 - - [07/Aug/2013:02:22:36 -0400] "GET /Whoswhoinblackatlanta.pdf HTTP/1.1" 200 6638722 "-" "Googlebot/2.1 (+http://www.google.com/bot.html)"
157.55.35.112 - - [07/Aug/2013:02:25:56 -0400] "GET / HTTP/1.0" 200 8953 "-" "Mozilla/5.0 (compatible; bingbot/2.0; +http://www.bing.com/bingbot.htm)"
157.55.35.112 - - [07/Aug/2013:02:26:17 -0400] "GET /images/twitter.png HTTP/1.1" 200 2703 "-" "Mozilla/5.0 (compatible; bingbot/2.0; +http://www.bing.com/bingbot.htm)"
157.55.32.39 - - [07/Aug/2013:02:26:51 -0400] "GET /robots.txt HTTP/1.1" 404 575 "-" "Mozilla/5.0 (compatible; bingbot/2.0; +http://www.bing.com/bingbot.htm)"
157.56.92.158 - - [07/Aug/2013:02:26:51 -0400] "GET /robots.txt HTTP/1.1" 404 575 "-" "Mozilla/5.0 (compatible; bingbot/2.0; +http://www.bing.com/bingbot.htm)"
157.56.92.158 - - [07/Aug/2013:02:27:26 -0400] "GET /images/linked-in.png HTTP/1.1" 200 2575 "-" "Mozilla/5.0 (compatible; bingbot/2.0; +http://www.bing.com/bingbot.htm)"
157.56.92.158 - - [07/Aug/2013:02:27:27 -0400] "GET /slideshow/images/judge_penny_speaking_request.png HTTP/1.1" 200 291884 "-" "Mozilla/5.0 (compatible; bingbot/2.0; +http://www.bing.com/bingbot.htm)"
131.253.24.80 - - [07/Aug/2013:02:27:34 -0400] "GET /judge-penny-story.php HTTP/1.1" 200 13963 "-" "Mozilla/4.0 (compatible; MSIE 7.0; Windows NT 5.2;  SLCC1;  .NET CLR 1.1.4322;  .NET CLR 2.0.50727;  .NET CLR 3.0.30729;  .NET CLR 3.5.30707;  MS-RTC LM 8)"
131.253.24.80 - - [07/Aug/2013:02:27:36 -0400] "GET /videos/jwplayer.js HTTP/1.1" 200 133009 "http://www.judgepenny.com/judge-penny-story.php" "Mozilla/4.0 (compatible; MSIE 7.0; Windows NT 5.2;  SLCC1;  .NET CLR 1.1.4322;  .NET CLR 2.0.50727;  .NET CLR 3.0.30729;  .NET CLR 3.5.30707;  MS-RTC LM 8)"
131.253.24.80 - - [07/Aug/2013:02:27:38 -0400] "GET /css/style.css HTTP/1.1" 200 9522 "http://www.judgepenny.com/judge-penny-story.php" "Mozilla/4.0 (compatible; MSIE 7.0; Windows NT 5.2;  SLCC1;  .NET CLR 1.1.4322;  .NET CLR 2.0.50727;  .NET CLR 3.0.30729;  .NET CLR 3.5.30707;  MS-RTC LM 8)"
131.253.24.80 - - [07/Aug/2013:02:27:38 -0400] "GET /css/default.css HTTP/1.1" 200 1295 "http://www.judgepenny.com/judge-penny-story.php" "Mozilla/4.0 (compatible; MSIE 7.0; Windows NT 5.2;  SLCC1;  .NET CLR 1.1.4322;  .NET CLR 2.0.50727;  .NET CLR 3.0.30729;  .NET CLR 3.5.30707;  MS-RTC LM 8)"
131.253.24.80 - - [07/Aug/2013:02:27:38 -0400] "GET /slide-style.css HTTP/1.1" 404 575 "http://www.judgepenny.com/judge-penny-story.php" "Mozilla/4.0 (compatible; MSIE 7.0; Windows NT 5.2;  SLCC1;  .NET CLR 1.1.4322;  .NET CLR 2.0.50727;  .NET CLR 3.0.30729;  .NET CLR 3.5.30707;  MS-RTC LM 8)"
131.253.24.80 - - [07/Aug/2013:02:27:38 -0400] "GET /css/nivo-slider.css HTTP/1.1" 200 1430 "http://www.judgepenny.com/judge-penny-story.php" "Mozilla/4.0 (compatible; MSIE 7.0; Windows NT 5.2;  SLCC1;  .NET CLR 1.1.4322;  .NET CLR 2.0.50727;  .NET CLR 3.0.30729;  .NET CLR 3.5.30707;  MS-RTC LM 8)"
157.55.32.39 - - [07/Aug/2013:02:27:56 -0400] "GET /slideshow/images/judge_penny_foundation.jpg HTTP/1.1" 200 175194 "-" "Mozilla/5.0 (compatible; bingbot/2.0; +http://www.bing.com/bingbot.htm)"
157.55.35.112 - - [07/Aug/2013:02:28:26 -0400] "GET /css/default.css HTTP/1.1" 200 1295 "-" "Mozilla/5.0 (compatible; bingbot/2.0; +http://www.bing.com/bingbot.htm)"
157.55.35.112 - - [07/Aug/2013:02:28:27 -0400] "GET /images/facebook.png HTTP/1.1" 200 2371 "-" "Mozilla/5.0 (compatible; bingbot/2.0; +http://www.bing.com/bingbot.htm)"
157.55.35.112 - - [07/Aug/2013:02:28:28 -0400] "GET /slideshow/images/judge_penny_the_judge.jpg HTTP/1.1" 200 151096 "-" "Mozilla/5.0 (compatible; bingbot/2.0; +http://www.bing.com/bingbot.htm)"
65.55.52.108 - - [07/Aug/2013:02:34:56 -0400] "GET /slideshow/images/judge_penny_self_worth.jpg HTTP/1.1" 200 129594 "-" "Mozilla/5.0 (compatible; bingbot/2.0; +http://www.bing.com/bingbot.htm)"
157.55.35.112 - - [07/Aug/2013:02:35:56 -0400] "GET /css/style.css HTTP/1.1" 200 9522 "-" "Mozilla/5.0 (compatible; bingbot/2.0; +http://www.bing.com/bingbot.htm)"
182.118.21.201 - - [07/Aug/2013:02:41:04 -0400] "GET /robots.txt HTTP/1.1" 404 575 "http://www.judgepenny.com/robots.txt" "Mozilla/5.0 (Windows; U; Windows NT 5.1; zh-CN; rv:1.8.0.11)  Firefox/1.5.0.11; 360Spider"
66.249.75.108 - - [07/Aug/2013:02:42:01 -0400] "GET / HTTP/1.1" 200 8953 "-" "Mozilla/5.0 (compatible; Googlebot/2.1; +http://www.google.com/bot.html)"
157.55.35.112 - - [07/Aug/2013:02:44:56 -0400] "GET /css/nivo-slider.css HTTP/1.1" 200 1430 "-" "Mozilla/5.0 (compatible; bingbot/2.0; +http://www.bing.com/bingbot.htm)"
157.55.35.112 - - [07/Aug/2013:02:44:57 -0400] "GET /js/jquery.nivo.slider.pack.js HTTP/1.1" 200 15854 "-" "Mozilla/5.0 (compatible; bingbot/2.0; +http://www.bing.com/bingbot.htm)"
157.55.35.112 - - [07/Aug/2013:02:44:58 -0400] "GET /slideshow/images/judge_penny_opportunity.jpg HTTP/1.1" 200 99540 "-" "Mozilla/5.0 (compatible; bingbot/2.0; +http://www.bing.com/bingbot.htm)"
157.55.32.39 - - [07/Aug/2013:02:45:26 -0400] "GET /images/you-tube.png HTTP/1.1" 200 3090 "-" "Mozilla/5.0 (compatible; bingbot/2.0; +http://www.bing.com/bingbot.htm)"
157.55.32.39 - - [07/Aug/2013:02:45:26 -0400] "GET /slideshow/images/book.jpg HTTP/1.1" 200 132593 "-" "Mozilla/5.0 (compatible; bingbot/2.0; +http://www.bing.com/bingbot.htm)"
66.249.75.108 - - [07/Aug/2013:03:14:15 -0400] "GET /JudgePennyBrownReynoldsBio.pdf HTTP/1.1" 200 918125 "-" "Googlebot/2.1 (+http://www.google.com/bot.html)"
66.249.75.108 - - [07/Aug/2013:03:18:13 -0400] "GET /css/default.css HTTP/1.1" 200 1295 "-" "Mozilla/5.0 (compatible; Googlebot/2.1; +http://www.google.com/bot.html)"
157.55.35.112 - - [07/Aug/2013:03:28:27 -0400] "GET /images/side-bg.png HTTP/1.1" 200 168 "-" "Mozilla/5.0 (compatible; bingbot/2.0; +http://www.bing.com/bingbot.htm)"
157.55.32.39 - - [07/Aug/2013:03:28:56 -0400] "GET /images/m-center.png HTTP/1.1" 200 191 "-" "Mozilla/5.0 (compatible; bingbot/2.0; +http://www.bing.com/bingbot.htm)"
157.56.92.158 - - [07/Aug/2013:03:31:56 -0400] "GET /images/judge-jenny.png HTTP/1.1" 200 28663 "-" "Mozilla/5.0 (compatible; bingbot/2.0; +http://www.bing.com/bingbot.htm)"
65.55.52.108 - - [07/Aug/2013:03:32:26 -0400] "GET /slide-style.css HTTP/1.1" 404 575 "-" "Mozilla/5.0 (compatible; bingbot/2.0; +http://www.bing.com/bingbot.htm)"
65.55.52.108 - - [07/Aug/2013:03:32:27 -0400] "GET /images/h-left.png HTTP/1.1" 200 137 "-" "Mozilla/5.0 (compatible; bingbot/2.0; +http://www.bing.com/bingbot.htm)"
157.55.35.112 - - [07/Aug/2013:03:34:27 -0400] "GET /images/bg.jpg HTTP/1.1" 200 71900 "-" "Mozilla/5.0 (compatible; bingbot/2.0; +http://www.bing.com/bingbot.htm)"
157.56.92.158 - - [07/Aug/2013:03:34:56 -0400] "GET /images/jenny-header.png HTTP/1.1" 200 69160 "-" "Mozilla/5.0 (compatible; bingbot/2.0; +http://www.bing.com/bingbot.htm)"
199.30.16.38 - - [07/Aug/2013:03:34:59 -0400] "GET /robots.txt HTTP/1.1" 404 575 "-" "msnbot-media/1.1 (+http://search.msn.com/msnbot.htm)"
199.30.16.38 - - [07/Aug/2013:03:34:59 -0400] "GET /images/m-top.png HTTP/1.1" 200 574 "-" "msnbot-media/1.1 (+http://search.msn.com/msnbot.htm)"
157.55.32.39 - - [07/Aug/2013:03:35:26 -0400] "GET /css/bullets.png HTTP/1.1" 200 1281 "-" "Mozilla/5.0 (compatible; bingbot/2.0; +http://www.bing.com/bingbot.htm)"
157.55.32.39 - - [07/Aug/2013:03:35:26 -0400] "GET /images/s-btm.png HTTP/1.1" 200 605 "-" "Mozilla/5.0 (compatible; bingbot/2.0; +http://www.bing.com/bingbot.htm)"
157.55.32.39 - - [07/Aug/2013:03:35:27 -0400] "GET /images/seprator.png HTTP/1.1" 200 429 "-" "Mozilla/5.0 (compatible; bingbot/2.0; +http://www.bing.com/bingbot.htm)"
65.55.52.108 - - [07/Aug/2013:03:35:56 -0400] "GET /css/arrows.png HTTP/1.1" 200 824 "-" "Mozilla/5.0 (compatible; bingbot/2.0; +http://www.bing.com/bingbot.htm)"
65.55.52.108 - - [07/Aug/2013:03:35:57 -0400] "GET /images/mail-div.png HTTP/1.1" 200 1078 "-" "Mozilla/5.0 (compatible; bingbot/2.0; +http://www.bing.com/bingbot.htm)"
108.59.8.80 - - [07/Aug/2013:03:56:57 -0400] "GET /robots.txt HTTP/1.0" 404 575 "-" "Mozilla/5.0 (compatible; MJ12bot/v1.4.3; http://www.majestic12.co.uk/bot.php?+)"
108.59.8.80 - - [07/Aug/2013:03:56:59 -0400] "GET / HTTP/1.0" 200 8953 "-" "Mozilla/5.0 (compatible; MJ12bot/v1.4.3; http://www.majestic12.co.uk/bot.php?+)"
157.56.92.158 - - [07/Aug/2013:04:10:46 -0400] "GET /robots.txt HTTP/1.1" 404 575 "-" "Mozilla/5.0 (compatible; bingbot/2.0; +http://www.bing.com/bingbot.htm)"
157.56.92.158 - - [07/Aug/2013:04:11:27 -0400] "GET /JudgePennyBrownReynoldsBio.pdf HTTP/1.1" 200 918125 "-" "Mozilla/5.0 (compatible; bingbot/2.0; +http://www.bing.com/bingbot.htm)"
199.30.24.211 - - [07/Aug/2013:04:29:05 -0400] "GET /videos/jwplayer.js HTTP/1.1" 200 133009 "http://judgepenny.com/" "Mozilla/5.0 (Windows NT 6.1; WOW64) AppleWebKit/534+ (KHTML, like Gecko) BingPreview/1.0b"
199.30.24.211 - - [07/Aug/2013:04:29:07 -0400] "GET /images/bg.jpg HTTP/1.1" 200 71900 "http://judgepenny.com/" "Mozilla/5.0 (Windows NT 6.1; WOW64) AppleWebKit/534+ (KHTML, like Gecko) BingPreview/1.0b"
199.30.24.211 - - [07/Aug/2013:04:29:09 -0400] "GET /css/loading.gif HTTP/1.1" 200 1737 "http://judgepenny.com/" "Mozilla/5.0 (Windows NT 6.1; WOW64) AppleWebKit/534+ (KHTML, like Gecko) BingPreview/1.0b"
199.30.24.211 - - [07/Aug/2013:04:29:10 -0400] "GET /images/h-right.png HTTP/1.1" 200 279 "http://judgepenny.com/" "Mozilla/5.0 (Windows NT 6.1; WOW64) AppleWebKit/534+ (KHTML, like Gecko) BingPreview/1.0b"
199.30.24.211 - - [07/Aug/2013:04:29:11 -0400] "GET /images/s-top.png HTTP/1.1" 200 440 "http://judgepenny.com/" "Mozilla/5.0 (Windows NT 6.1; WOW64) AppleWebKit/534+ (KHTML, like Gecko) BingPreview/1.0b"
199.30.24.211 - - [07/Aug/2013:04:29:12 -0400] "GET /images/ftr-bg.png HTTP/1.1" 200 198 "http://judgepenny.com/" "Mozilla/5.0 (Windows NT 6.1; WOW64) AppleWebKit/534+ (KHTML, like Gecko) BingPreview/1.0b"
188.143.232.31 - - [07/Aug/2013:05:11:46 -0400] "GET /speaking-requests.php HTTP/1.1" 200 14865 "-" "Mozilla/4.0 (compatible; MSIE 6.0; Windows NT 5.1; SV1)"
188.143.232.31 - - [07/Aug/2013:05:11:48 -0400] "POST /thank_you.php HTTP/1.1" 200 14715 "http://www.judgepenny.com/speaking-requests.php" "Mozilla/4.0 (compatible; MSIE 6.0; Windows NT 5.1; SV1)"
188.143.232.31 - - [07/Aug/2013:05:11:50 -0400] "POST /thank_you.php HTTP/1.1" 200 14715 "http://www.judgepenny.com/speaking-requests.php" "Mozilla/4.0 (compatible; MSIE 6.0; Windows NT 5.1; SV1)"
188.143.232.31 - - [07/Aug/2013:05:11:51 -0400] "POST /thank_you.php HTTP/1.1" 200 14715 "http://www.judgepenny.com/speaking-requests.php" "Mozilla/4.0 (compatible; MSIE 6.0; Windows NT 5.1; SV1)"
188.143.232.31 - - [07/Aug/2013:05:11:59 -0400] "POST /thank_you.php HTTP/1.1" 200 14715 "http://www.judgepenny.com/speaking-requests.php" "Mozilla/4.0 (compatible; MSIE 6.0; Windows NT 5.1; SV1)"
188.143.232.31 - - [07/Aug/2013:05:12:01 -0400] "POST /thank_you.php HTTP/1.1" 200 14715 "http://www.judgepenny.com/speaking-requests.php" "Mozilla/4.0 (compatible; MSIE 6.0; Windows NT 5.1; SV1)"
65.55.52.108 - - [07/Aug/2013:06:41:04 -0400] "GET /robots.txt HTTP/1.1" 404 575 "-" "Mozilla/5.0 (compatible; bingbot/2.0; +http://www.bing.com/bingbot.htm)"
65.55.52.108 - - [07/Aug/2013:06:43:26 -0400] "GET /contact.php HTTP/1.1" 200 6149 "-" "Mozilla/5.0 (compatible; bingbot/2.0; +http://www.bing.com/bingbot.htm)"
123.125.71.79 - - [07/Aug/2013:07:03:57 -0400] "GET / HTTP/1.1" 200 8953 "-" "Mozilla/5.0 (Linux;u;Android 2.3.7;zh-cn;) AppleWebKit/533.1 (KHTML,like Gecko) Version/4.0 Mobile Safari/533.1 (compatible; +http://www.baidu.com/search/spider.html)"
100.43.83.156 - - [07/Aug/2013:07:17:40 -0400] "GET /robots.txt HTTP/1.1" 404 575 "-" "Mozilla/5.0 (compatible; YandexBot/3.0; +http://yandex.com/bots)"
100.43.83.156 - - [07/Aug/2013:07:17:43 -0400] "GET /robots.txt HTTP/1.1" 404 575 "-" "Mozilla/5.0 (compatible; YandexBot/3.0; +http://yandex.com/bots)"
100.43.83.156 - - [07/Aug/2013:07:17:42 -0400] "GET / HTTP/1.1" 200 8953 "-" "Mozilla/5.0 (compatible; YandexBot/3.0; +http://yandex.com/bots)"
100.43.83.156 - - [07/Aug/2013:07:17:45 -0400] "GET / HTTP/1.1" 200 8953 "-" "Mozilla/5.0 (compatible; YandexBot/3.0; +http://yandex.com/bots)"
100.43.83.156 - - [07/Aug/2013:07:17:56 -0400] "GET / HTTP/1.1" 200 8953 "-" "Mozilla/5.0 (compatible; YandexBot/3.0; +http://yandex.com/bots)"
100.43.83.156 - - [07/Aug/2013:07:18:07 -0400] "GET / HTTP/1.1" 200 8953 "-" "Mozilla/5.0 (compatible; YandexBot/3.0; +http://yandex.com/bots)"
157.55.35.112 - - [07/Aug/2013:08:13:16 -0400] "GET /robots.txt HTTP/1.1" 404 575 "-" "Mozilla/5.0 (compatible; bingbot/2.0; +http://www.bing.com/bingbot.htm)"
157.55.35.112 - - [07/Aug/2013:08:18:10 -0400] "GET / HTTP/1.0" 200 8953 "-" "Mozilla/5.0 (compatible; bingbot/2.0; +http://www.bing.com/bingbot.htm)"
100.43.83.156 - - [07/Aug/2013:09:41:21 -0400] "GET /penny-for-your-thoughts_howtowalkawayfromabadrelationship.php HTTP/1.1" 200 7498 "-" "Mozilla/5.0 (compatible; YandexBot/3.0; +http://yandex.com/bots)"
184.88.224.198 - - [07/Aug/2013:09:41:50 -0400] "GET /images/judge.png HTTP/1.1" 200 164424 "-" "Mozilla/5.0 (Macintosh; Intel Mac OS X 10_8_4) AppleWebKit/536.30.1 (KHTML, like Gecko) Version/6.0.5 Safari/536.30.1"
66.249.75.130 - - [07/Aug/2013:09:45:02 -0400] "GET /robots.txt HTTP/1.1" 404 575 "-" "Mozilla/5.0 (compatible; Googlebot/2.1; +http://www.google.com/bot.html)"
66.249.75.130 - - [07/Aug/2013:09:45:02 -0400] "GET / HTTP/1.1" 200 8953 "-" "Mozilla/5.0 (compatible; Googlebot/2.1; +http://www.google.com/bot.html)"
66.249.75.130 - - [07/Aug/2013:09:53:10 -0400] "GET /css/style.css HTTP/1.1" 200 9522 "-" "Mozilla/5.0 (compatible; Googlebot/2.1; +http://www.google.com/bot.html)"
66.249.75.130 - - [07/Aug/2013:09:53:13 -0400] "GET /css/nivo-slider.css HTTP/1.1" 200 1430 "-" "Mozilla/5.0 (compatible; Googlebot/2.1; +http://www.google.com/bot.html)"
66.249.75.130 - - [07/Aug/2013:09:53:14 -0400] "GET /css/default.css HTTP/1.1" 200 1295 "-" "Mozilla/5.0 (compatible; Googlebot/2.1; +http://www.google.com/bot.html)"
199.30.16.38 - - [07/Aug/2013:09:53:36 -0400] "GET /robots.txt HTTP/1.1" 404 575 "-" "msnbot-media/1.1 (+http://search.msn.com/msnbot.htm)"
199.30.16.38 - - [07/Aug/2013:09:53:36 -0400] "GET /images/m-top.png HTTP/1.1" 200 574 "-" "msnbot-media/1.1 (+http://search.msn.com/msnbot.htm)"
46.229.164.97 - - [07/Aug/2013:10:02:36 -0400] "GET /robots.txt HTTP/1.1" 404 575 "-" "Mozilla/5.0 (compatible; SemrushBot/0.96.4; +http://www.semrush.com/bot.html)"
91.207.9.226 - - [07/Aug/2013:10:31:16 -0400] "GET / HTTP/1.1" 200 8953 "http://ogosexshop.com.ua/" "Mozilla/4.0 (compatible; MSIE 5.0; Windows 3.1)"
91.207.9.226 - - [07/Aug/2013:10:31:17 -0400] "GET / HTTP/1.1" 200 8953 "http://ogosexshop.com.ua/" "Mozilla/4.0 (compatible; MSIE 5.0; Windows 3.1)"
91.207.9.226 - - [07/Aug/2013:10:31:18 -0400] "GET / HTTP/1.1" 200 8953 "http://ogosexshop.com.ua/" "Mozilla/4.0 (compatible; MSIE 5.0; Windows 3.1)"
46.229.164.97 - - [07/Aug/2013:11:31:30 -0400] "GET /robots.txt HTTP/1.1" 404 575 "-" "Mozilla/5.0 (compatible; SemrushBot/0.96.4; +http://www.semrush.com/bot.html)"
178.137.93.32 - - [07/Aug/2013:11:40:11 -0400] "GET / HTTP/1.1" 200 8953 "http://imonger.ru/" "Mozilla/4.0 (compatible; MSIE 6.0; Windows NT 5.2; SV1; .NET CLR 1.1.4322; .NET CLR 2.0.50727)"
178.137.93.32 - - [07/Aug/2013:11:40:12 -0400] "GET / HTTP/1.1" 200 8953 "http://imonger.ru/" "Mozilla/4.0 (compatible; MSIE 6.0; Windows NT 5.2; SV1; .NET CLR 1.1.4322; .NET CLR 2.0.50727)"
183.60.213.24 - - [07/Aug/2013:11:46:01 -0400] "GET /robots.txt HTTP/1.1" 404 575 "-" "Mozilla/5.0 (compatible; EasouSpider; +http://www.easou.com/search/spider.html)"
66.249.75.108 - - [07/Aug/2013:12:05:56 -0400] "GET /robots.txt HTTP/1.1" 404 575 "-" "Mozilla/5.0 (compatible; Googlebot/2.1; +http://www.google.com/bot.html)"
66.249.75.108 - - [07/Aug/2013:12:05:56 -0400] "GET /index.php HTTP/1.1" 200 8953 "-" "Mozilla/5.0 (compatible; Googlebot/2.1; +http://www.google.com/bot.html)"
66.249.75.108 - - [07/Aug/2013:12:18:22 -0400] "GET /css/style.css HTTP/1.1" 200 9522 "-" "Mozilla/5.0 (compatible; Googlebot/2.1; +http://www.google.com/bot.html)"
66.249.75.108 - - [07/Aug/2013:12:21:04 -0400] "GET / HTTP/1.1" 200 8953 "-" "DoCoMo/2.0 N905i(c100;TB;W24H16) (compatible; Googlebot-Mobile/2.1; +http://www.google.com/bot.html)"
74.174.59.7 - - [07/Aug/2013:12:32:06 -0400] "GET / HTTP/1.1" 302 356 "http://www.bing.com/search?q=penny+brown+reynolds&form=MSNH14&pc=U143&pq=penny+brown+reynolds&sc=3-20&sp=-1&qs=n&sk=" "Mozilla/4.0 (compatible; MSIE 8.0; Windows NT 5.1; Trident/4.0; .NET CLR 2.0.50727; .NET CLR 3.0.4506.2152; .NET CLR 3.5.30729; .NET CLR 1.1.4322; .NET4.0C; .NET4.0E; InfoPath.3)"
183.60.215.28 - - [07/Aug/2013:12:34:30 -0400] "GET / HTTP/1.1" 200 8953 "-" "Mozilla/5.0 (compatible; EasouSpider; +http://www.easou.com/search/spider.html)"
66.249.75.108 - - [07/Aug/2013:13:00:07 -0400] "GET /penny-for-your-thoughts.php HTTP/1.1" 200 11765 "-" "Mozilla/5.0 (iPhone; U; CPU iPhone OS 4_1 like Mac OS X; en-us) AppleWebKit/532.9 (KHTML, like Gecko) Version/4.0.5 Mobile/8B117 Safari/6531.22.7 (compatible; Googlebot-Mobile/2.1; +http://www.google.com/bot.html)"
157.55.35.112 - - [07/Aug/2013:13:25:33 -0400] "GET /robots.txt HTTP/1.1" 404 575 "-" "Mozilla/5.0 (compatible; bingbot/2.0; +http://www.bing.com/bingbot.htm)"
157.55.35.112 - - [07/Aug/2013:13:26:44 -0400] "GET / HTTP/1.1" 500 - "-" "Mozilla/5.0 (compatible; bingbot/2.0; +http://www.bing.com/bingbot.htm)"
157.55.35.112 - - [07/Aug/2013:13:28:08 -0400] "GET / HTTP/1.0" 200 8953 "-" "Mozilla/5.0 (compatible; bingbot/2.0; +http://www.bing.com/bingbot.htm)"
143.112.32.4 - - [07/Aug/2013:15:10:19 -0400] "GET / HTTP/1.1" 302 360 "http://www.google.com/url?sa=t&rct=j&q=penny%20brown%20reynolds&source=web&cd=3&ved=0CDUQFjAC&url=http%3A%2F%2Fwww.judgepenny.com%2F&ei=k5sCUszhIoHXygHLm4HIBg&usg=AFQjCNHtHkI_C9gsk1xU2I1lfXHdPYI7Ow" "Mozilla/4.0 (compatible; MSIE 8.0; Windows NT 6.1; WOW64; Trident/4.0; SLCC2; .NET CLR 2.0.50727; .NET CLR 3.5.30729; .NET CLR 3.0.30729; Media Center PC 6.0; .NET4.0C; .NET4.0E)"
208.115.113.86 - - [07/Aug/2013:15:13:10 -0400] "GET /press-room.php HTTP/1.1" 200 6775 "-" "Mozilla/5.0 (compatible; Ezooms/1.0; ezooms.bot@gmail.com)"
178.154.243.82 - - [07/Aug/2013:15:59:34 -0400] "GET /images/m-btm.png HTTP/1.1" 304 - "-" "Mozilla/5.0 (compatible; YandexImages/3.0; +http://yandex.com/bots)"
92.249.127.111 - - [07/Aug/2013:16:17:06 -0400] "GET / HTTP/1.1" 200 8953 "http://klousvin.com/" "Mozilla/5.0 (compatible; news bot /2.1)"
92.249.127.111 - - [07/Aug/2013:16:17:08 -0400] "GET / HTTP/1.1" 200 8953 "http://klousvin.com/" "Mozilla/5.0 (compatible; news bot /2.1)"
92.249.127.111 - - [07/Aug/2013:16:17:07 -0400] "GET / HTTP/1.1" 200 8953 "http://klousvin.com/" "Mozilla/5.0 (compatible; news bot /2.1)"
166.137.88.157 - - [07/Aug/2013:16:23:04 -0400] "GET /biography.php HTTP/1.1" 200 9590 "https://www.google.com/" "Mozilla/5.0 (iPhone; CPU iPhone OS 6_1_3 like Mac OS X) AppleWebKit/536.26 (KHTML, like Gecko) Version/6.0 Mobile/10B329 Safari/8536.25"
166.137.88.157 - - [07/Aug/2013:16:23:05 -0400] "GET /videos/jwplayer.js HTTP/1.1" 200 133009 "http://www.judgepenny.com/biography.php" "Mozilla/5.0 (iPhone; CPU iPhone OS 6_1_3 like Mac OS X) AppleWebKit/536.26 (KHTML, like Gecko) Version/6.0 Mobile/10B329 Safari/8536.25"
166.137.88.157 - - [07/Aug/2013:16:23:05 -0400] "GET /css/style.css HTTP/1.1" 200 9522 "http://www.judgepenny.com/biography.php" "Mozilla/5.0 (iPhone; CPU iPhone OS 6_1_3 like Mac OS X) AppleWebKit/536.26 (KHTML, like Gecko) Version/6.0 Mobile/10B329 Safari/8536.25"
166.137.88.157 - - [07/Aug/2013:16:23:05 -0400] "GET /slide-style.css HTTP/1.1" 404 575 "http://www.judgepenny.com/biography.php" "Mozilla/5.0 (iPhone; CPU iPhone OS 6_1_3 like Mac OS X) AppleWebKit/536.26 (KHTML, like Gecko) Version/6.0 Mobile/10B329 Safari/8536.25"
166.137.88.157 - - [07/Aug/2013:16:23:05 -0400] "GET /css/nivo-slider.css HTTP/1.1" 200 1430 "http://www.judgepenny.com/biography.php" "Mozilla/5.0 (iPhone; CPU iPhone OS 6_1_3 like Mac OS X) AppleWebKit/536.26 (KHTML, like Gecko) Version/6.0 Mobile/10B329 Safari/8536.25"
166.137.88.157 - - [07/Aug/2013:16:23:05 -0400] "GET /css/default.css HTTP/1.1" 200 1295 "http://www.judgepenny.com/biography.php" "Mozilla/5.0 (iPhone; CPU iPhone OS 6_1_3 like Mac OS X) AppleWebKit/536.26 (KHTML, like Gecko) Version/6.0 Mobile/10B329 Safari/8536.25"
166.137.88.157 - - [07/Aug/2013:16:23:06 -0400] "GET /images/judge-jenny.png HTTP/1.1" 200 28663 "http://www.judgepenny.com/biography.php" "Mozilla/5.0 (iPhone; CPU iPhone OS 6_1_3 like Mac OS X) AppleWebKit/536.26 (KHTML, like Gecko) Version/6.0 Mobile/10B329 Safari/8536.25"
166.137.88.157 - - [07/Aug/2013:16:23:06 -0400] "GET /images/facebook.png HTTP/1.1" 200 2371 "http://www.judgepenny.com/biography.php" "Mozilla/5.0 (iPhone; CPU iPhone OS 6_1_3 like Mac OS X) AppleWebKit/536.26 (KHTML, like Gecko) Version/6.0 Mobile/10B329 Safari/8536.25"
166.137.88.157 - - [07/Aug/2013:16:23:06 -0400] "GET /images/twitter.png HTTP/1.1" 200 2703 "http://www.judgepenny.com/biography.php" "Mozilla/5.0 (iPhone; CPU iPhone OS 6_1_3 like Mac OS X) AppleWebKit/536.26 (KHTML, like Gecko) Version/6.0 Mobile/10B329 Safari/8536.25"
166.137.88.157 - - [07/Aug/2013:16:23:06 -0400] "GET /images/linked-in.png HTTP/1.1" 200 2575 "http://www.judgepenny.com/biography.php" "Mozilla/5.0 (iPhone; CPU iPhone OS 6_1_3 like Mac OS X) AppleWebKit/536.26 (KHTML, like Gecko) Version/6.0 Mobile/10B329 Safari/8536.25"
166.137.88.157 - - [07/Aug/2013:16:23:06 -0400] "GET /images/judge.png HTTP/1.1" 200 164424 "http://www.judgepenny.com/biography.php" "Mozilla/5.0 (iPhone; CPU iPhone OS 6_1_3 like Mac OS X) AppleWebKit/536.26 (KHTML, like Gecko) Version/6.0 Mobile/10B329 Safari/8536.25"
166.137.88.157 - - [07/Aug/2013:16:23:06 -0400] "GET /images/buy-now.png HTTP/1.1" 200 89906 "http://www.judgepenny.com/biography.php" "Mozilla/5.0 (iPhone; CPU iPhone OS 6_1_3 like Mac OS X) AppleWebKit/536.26 (KHTML, like Gecko) Version/6.0 Mobile/10B329 Safari/8536.25"
166.137.88.157 - - [07/Aug/2013:16:23:06 -0400] "GET /images/you-tube.png HTTP/1.1" 200 3090 "http://www.judgepenny.com/biography.php" "Mozilla/5.0 (iPhone; CPU iPhone OS 6_1_3 like Mac OS X) AppleWebKit/536.26 (KHTML, like Gecko) Version/6.0 Mobile/10B329 Safari/8536.25"
166.137.88.157 - - [07/Aug/2013:16:23:06 -0400] "GET /images/seprator.png HTTP/1.1" 200 429 "http://www.judgepenny.com/biography.php" "Mozilla/5.0 (iPhone; CPU iPhone OS 6_1_3 like Mac OS X) AppleWebKit/536.26 (KHTML, like Gecko) Version/6.0 Mobile/10B329 Safari/8536.25"
166.137.88.157 - - [07/Aug/2013:16:23:06 -0400] "GET /images/jenny-header.png HTTP/1.1" 200 69160 "http://www.judgepenny.com/biography.php" "Mozilla/5.0 (iPhone; CPU iPhone OS 6_1_3 like Mac OS X) AppleWebKit/536.26 (KHTML, like Gecko) Version/6.0 Mobile/10B329 Safari/8536.25"
166.137.88.157 - - [07/Aug/2013:16:23:06 -0400] "GET /images/bg.jpg HTTP/1.1" 200 71900 "http://www.judgepenny.com/biography.php" "Mozilla/5.0 (iPhone; CPU iPhone OS 6_1_3 like Mac OS X) AppleWebKit/536.26 (KHTML, like Gecko) Version/6.0 Mobile/10B329 Safari/8536.25"
166.137.88.157 - - [07/Aug/2013:16:23:06 -0400] "GET /images/btn.png HTTP/1.1" 200 512 "http://www.judgepenny.com/biography.php" "Mozilla/5.0 (iPhone; CPU iPhone OS 6_1_3 like Mac OS X) AppleWebKit/536.26 (KHTML, like Gecko) Version/6.0 Mobile/10B329 Safari/8536.25"
166.137.88.157 - - [07/Aug/2013:16:23:06 -0400] "GET /images/h-div.png HTTP/1.1" 200 1503 "http://www.judgepenny.com/biography.php" "Mozilla/5.0 (iPhone; CPU iPhone OS 6_1_3 like Mac OS X) AppleWebKit/536.26 (KHTML, like Gecko) Version/6.0 Mobile/10B329 Safari/8536.25"
166.137.88.157 - - [07/Aug/2013:16:23:06 -0400] "GET /images/right-div.png HTTP/1.1" 200 5479 "http://www.judgepenny.com/biography.php" "Mozilla/5.0 (iPhone; CPU iPhone OS 6_1_3 like Mac OS X) AppleWebKit/536.26 (KHTML, like Gecko) Version/6.0 Mobile/10B329 Safari/8536.25"
166.137.88.157 - - [07/Aug/2013:16:23:06 -0400] "GET /images/entry-bg.png HTTP/1.1" 200 18958 "http://www.judgepenny.com/biography.php" "Mozilla/5.0 (iPhone; CPU iPhone OS 6_1_3 like Mac OS X) AppleWebKit/536.26 (KHTML, like Gecko) Version/6.0 Mobile/10B329 Safari/8536.25"
166.137.88.157 - - [07/Aug/2013:16:23:06 -0400] "GET /images/ftr-bg.png HTTP/1.1" 200 198 "http://www.judgepenny.com/biography.php" "Mozilla/5.0 (iPhone; CPU iPhone OS 6_1_3 like Mac OS X) AppleWebKit/536.26 (KHTML, like Gecko) Version/6.0 Mobile/10B329 Safari/8536.25"
166.137.88.157 - - [07/Aug/2013:16:23:06 -0400] "GET /images/sub-menu.png HTTP/1.1" 200 6956 "http://www.judgepenny.com/biography.php" "Mozilla/5.0 (iPhone; CPU iPhone OS 6_1_3 like Mac OS X) AppleWebKit/536.26 (KHTML, like Gecko) Version/6.0 Mobile/10B329 Safari/8536.25"
166.137.88.157 - - [07/Aug/2013:16:23:10 -0400] "GET /images/main-btm.png HTTP/1.1" 200 398 "http://www.judgepenny.com/biography.php" "Mozilla/5.0 (iPhone; CPU iPhone OS 6_1_3 like Mac OS X) AppleWebKit/536.26 (KHTML, like Gecko) Version/6.0 Mobile/10B329 Safari/8536.25"
166.137.88.157 - - [07/Aug/2013:16:26:16 -0400] "GET /images/pic1.jpg HTTP/1.1" 200 91045 "https://www.google.com/" "Mozilla/5.0 (iPhone; CPU iPhone OS 6_1_3 like Mac OS X) AppleWebKit/536.26 (KHTML, like Gecko) Version/6.0 Mobile/10B329 Safari/8536.25"
166.137.88.157 - - [07/Aug/2013:16:26:19 -0400] "GET /slideshow/images/judge_penny_the_judge.jpg HTTP/1.1" 200 151096 "https://www.google.com/" "Mozilla/5.0 (iPhone; CPU iPhone OS 6_1_3 like Mac OS X) AppleWebKit/536.26 (KHTML, like Gecko) Version/6.0 Mobile/10B329 Safari/8536.25"
166.137.88.157 - - [07/Aug/2013:16:26:20 -0400] "GET /images/contact.png HTTP/1.1" 200 137804 "https://www.google.com/" "Mozilla/5.0 (iPhone; CPU iPhone OS 6_1_3 like Mac OS X) AppleWebKit/536.26 (KHTML, like Gecko) Version/6.0 Mobile/10B329 Safari/8536.25"
166.137.88.157 - - [07/Aug/2013:16:26:24 -0400] "GET /images/Book_Cover.jpg HTTP/1.1" 200 51558 "https://www.google.com/" "Mozilla/5.0 (iPhone; CPU iPhone OS 6_1_3 like Mac OS X) AppleWebKit/536.26 (KHTML, like Gecko) Version/6.0 Mobile/10B329 Safari/8536.25"
166.137.88.157 - - [07/Aug/2013:16:26:33 -0400] "GET /slideshow/images/judge_penny_speaking_request.png HTTP/1.1" 200 291884 "https://www.google.com/" "Mozilla/5.0 (iPhone; CPU iPhone OS 6_1_3 like Mac OS X) AppleWebKit/536.26 (KHTML, like Gecko) Version/6.0 Mobile/10B329 Safari/8536.25"
166.137.88.157 - - [07/Aug/2013:16:26:38 -0400] "GET /images/judge2.jpg HTTP/1.1" 200 50523 "https://www.google.com/" "Mozilla/5.0 (iPhone; CPU iPhone OS 6_1_3 like Mac OS X) AppleWebKit/536.26 (KHTML, like Gecko) Version/6.0 Mobile/10B329 Safari/8536.25"
166.137.88.157 - - [07/Aug/2013:16:26:45 -0400] "GET /images/advice.jpg HTTP/1.1" 200 51293 "https://www.google.com/" "Mozilla/5.0 (iPhone; CPU iPhone OS 6_1_3 like Mac OS X) AppleWebKit/536.26 (KHTML, like Gecko) Version/6.0 Mobile/10B329 Safari/8536.25"
166.137.88.157 - - [07/Aug/2013:16:26:46 -0400] "GET /images/girls_with_pearls.png HTTP/1.1" 200 244372 "https://www.google.com/" "Mozilla/5.0 (iPhone; CPU iPhone OS 6_1_3 like Mac OS X) AppleWebKit/536.26 (KHTML, like Gecko) Version/6.0 Mobile/10B329 Safari/8536.25"
166.137.88.157 - - [07/Aug/2013:16:26:46 -0400] "GET /images/pic2.jpg HTTP/1.1" 200 85634 "https://www.google.com/" "Mozilla/5.0 (iPhone; CPU iPhone OS 6_1_3 like Mac OS X) AppleWebKit/536.26 (KHTML, like Gecko) Version/6.0 Mobile/10B329 Safari/8536.25"
166.137.88.157 - - [07/Aug/2013:16:26:46 -0400] "GET /images/story.jpg HTTP/1.1" 200 76093 "https://www.google.com/" "Mozilla/5.0 (iPhone; CPU iPhone OS 6_1_3 like Mac OS X) AppleWebKit/536.26 (KHTML, like Gecko) Version/6.0 Mobile/10B329 Safari/8536.25"
96.24.135.153 - - [07/Aug/2013:17:19:20 -0400] "GET /biography.php HTTP/1.1" 302 397 "http://www.google.com/url?sa=t&rct=j&q=judge+penny+brown+reynolds+husband&source=web&cd=1&ved=0CCwQFjAA&url=http%3A%2F%2Fwww.judgepenny.com%2Fbiography.php&ei=0LkCUsCdMImgrAHXuIDoAw&usg=AFQjCNGUQ2K5i51RxnosGnvOv7jN2Ne2mA&bvm=bv.50310824,d.aWM" "Mozilla/4.0 (compatible; MSIE 8.0; Windows NT 5.1; Trident/4.0; SearchToolbar 1.1; BTRS100194; GTB7.5; .NET CLR 2.0.50727; .NET CLR 3.0.4506.2152; .NET4.0C; .NET4.0E; .NET CLR 3.5.30729)"
66.249.75.108 - - [07/Aug/2013:17:57:13 -0400] "GET /Whoswhoinblackatlanta.pdf HTTP/1.1" 200 6638722 "-" "Mozilla/5.0 (iPhone; U; CPU iPhone OS 4_1 like Mac OS X; en-us) AppleWebKit/532.9 (KHTML, like Gecko) Version/4.0.5 Mobile/8B117 Safari/6531.22.7 (compatible; Googlebot-Mobile/2.1; +http://www.google.com/bot.html)"
172.5.145.176 - - [07/Aug/2013:18:13:15 -0400] "GET /favicon.ico HTTP/1.1" 404 575 "-" "Mozilla/4.0 (compatible; GoogleToolbar 7.5.4209.2358; Windows 6.0; MSIE 9.0.8112.16421)"
172.5.145.176 - - [07/Aug/2013:18:13:15 -0400] "GET /favicon.gif HTTP/1.1" 404 575 "-" "Mozilla/4.0 (compatible; GoogleToolbar 7.5.4209.2358; Windows 6.0; MSIE 9.0.8112.16421)"
178.154.243.82 - - [07/Aug/2013:18:25:09 -0400] "GET /images/m-top.png HTTP/1.1" 304 - "-" "Mozilla/5.0 (compatible; YandexImages/3.0; +http://yandex.com/bots)"
202.46.63.170 - - [07/Aug/2013:18:40:03 -0400] "GET /index.html HTTP/1.1" 404 575 "-" "Mozilla/5.0 (Windows; U; Windows NT 5.1; zh-CN; rv:1.9.1.2) Firefox/3.5.2"
202.46.50.150 - - [07/Aug/2013:18:41:58 -0400] "GET /speaking-requests.php HTTP/1.1" 200 14865 "-" "Mozilla/5.0 (Windows; U; Windows NT 5.1; zh-CN; rv:1.9.1.2) Firefox/3.5.2"
74.112.131.246 - - [07/Aug/2013:18:45:55 -0400] "GET /robots.txt HTTP/1.1" 404 575 "-" "Mozilla/5.0 (compatible; Butterfly/1.0; +http://labs.topsy.com/butterfly/) Gecko/2009032608 Firefox/3.0.8"
74.112.131.246 - - [07/Aug/2013:18:45:55 -0400] "GET / HTTP/1.1" 200 8953 "-" "Mozilla/5.0 (compatible; Butterfly/1.0; +http://labs.topsy.com/butterfly/) Gecko/2009032608 Firefox/3.0.8"
37.139.52.23 - - [07/Aug/2013:19:13:34 -0400] "GET / HTTP/1.1" 200 8953 "http://moygarag.ru/" "Mozilla/4.0 (compatible; MSIE 6.0; Windows NT 5.0; T312461)"
37.139.52.23 - - [07/Aug/2013:19:13:35 -0400] "GET / HTTP/1.1" 200 8953 "http://moygarag.ru/" "Mozilla/4.0 (compatible; MSIE 6.0; Windows NT 5.0; T312461)"
66.249.75.108 - - [07/Aug/2013:19:23:09 -0400] "GET /events.php HTTP/1.1" 200 8644 "-" "SAMSUNG-SGH-E250/1.0 Profile/MIDP-2.0 Configuration/CLDC-1.1 UP.Browser/6.2.3.3.c.1.101 (GUI) MMP/2.0 (compatible; Googlebot-Mobile/2.1; +http://www.google.com/bot.html)"
157.55.35.112 - - [07/Aug/2013:19:24:18 -0400] "GET /robots.txt HTTP/1.1" 404 575 "-" "Mozilla/5.0 (compatible; bingbot/2.0; +http://www.bing.com/bingbot.htm)"
157.55.35.112 - - [07/Aug/2013:19:27:17 -0400] "GET / HTTP/1.1" 200 8953 "-" "Mozilla/5.0 (compatible; bingbot/2.0; +http://www.bing.com/bingbot.htm)"
69.171.178.13 - - [07/Aug/2013:19:39:48 -0400] "GET / HTTP/1.1" 200 8953 "http://www.google.com/search?hl=en&redir_esc=&client=ms-android-cricket&source=android-com.huawei.launcher3&v=133247963&qsubts=1375918795536&q=buy+judge+penny+series&v=133247963" "Mozilla/5.0 (Linux; U; Android 2.3.6; en-us; M886 Build/HuaweiM886) AppleWebKit/533.1 (KHTML, like Gecko) Version/4.0 Mobile Safari/533.1"
69.171.178.13 - - [07/Aug/2013:19:39:49 -0400] "GET /css/nivo-slider.css HTTP/1.1" 200 1430 "http://www.judgepenny.com/" "Mozilla/5.0 (Linux; U; Android 2.3.6; en-us; M886 Build/HuaweiM886) AppleWebKit/533.1 (KHTML, like Gecko) Version/4.0 Mobile Safari/533.1"
69.171.178.13 - - [07/Aug/2013:19:39:49 -0400] "GET /slide-style.css HTTP/1.1" 404 575 "http://www.judgepenny.com/" "Mozilla/5.0 (Linux; U; Android 2.3.6; en-us; M886 Build/HuaweiM886) AppleWebKit/533.1 (KHTML, like Gecko) Version/4.0 Mobile Safari/533.1"
69.171.178.13 - - [07/Aug/2013:19:39:49 -0400] "GET /videos/jwplayer.js HTTP/1.1" 200 133009 "http://www.judgepenny.com/" "Mozilla/5.0 (Linux; U; Android 2.3.6; en-us; M886 Build/HuaweiM886) AppleWebKit/533.1 (KHTML, like Gecko) Version/4.0 Mobile Safari/533.1"
69.171.178.13 - - [07/Aug/2013:19:39:50 -0400] "GET /images/judge-jenny.png HTTP/1.1" 200 28663 "http://www.judgepenny.com/" "Mozilla/5.0 (Linux; U; Android 2.3.6; en-us; M886 Build/HuaweiM886) AppleWebKit/533.1 (KHTML, like Gecko) Version/4.0 Mobile Safari/533.1"
69.171.178.13 - - [07/Aug/2013:19:39:51 -0400] "GET /images/twitter.png HTTP/1.1" 200 2703 "http://www.judgepenny.com/" "Mozilla/5.0 (Linux; U; Android 2.3.6; en-us; M886 Build/HuaweiM886) AppleWebKit/533.1 (KHTML, like Gecko) Version/4.0 Mobile Safari/533.1"
69.171.178.13 - - [07/Aug/2013:19:39:51 -0400] "GET /images/facebook.png HTTP/1.1" 200 2371 "http://www.judgepenny.com/" "Mozilla/5.0 (Linux; U; Android 2.3.6; en-us; M886 Build/HuaweiM886) AppleWebKit/533.1 (KHTML, like Gecko) Version/4.0 Mobile Safari/533.1"
69.171.178.13 - - [07/Aug/2013:19:39:51 -0400] "GET /images/linked-in.png HTTP/1.1" 200 2575 "http://www.judgepenny.com/" "Mozilla/5.0 (Linux; U; Android 2.3.6; en-us; M886 Build/HuaweiM886) AppleWebKit/533.1 (KHTML, like Gecko) Version/4.0 Mobile Safari/533.1"
69.171.178.13 - - [07/Aug/2013:19:39:51 -0400] "GET /images/you-tube.png HTTP/1.1" 200 3090 "http://www.judgepenny.com/" "Mozilla/5.0 (Linux; U; Android 2.3.6; en-us; M886 Build/HuaweiM886) AppleWebKit/533.1 (KHTML, like Gecko) Version/4.0 Mobile Safari/533.1"
69.171.178.13 - - [07/Aug/2013:19:39:51 -0400] "GET /slideshow/images/book.jpg HTTP/1.1" 200 132593 "http://www.judgepenny.com/" "Mozilla/5.0 (Linux; U; Android 2.3.6; en-us; M886 Build/HuaweiM886) AppleWebKit/533.1 (KHTML, like Gecko) Version/4.0 Mobile Safari/533.1"
69.171.178.13 - - [07/Aug/2013:19:39:51 -0400] "GET /slideshow/images/judge_penny_foundation.jpg HTTP/1.1" 200 175194 "http://www.judgepenny.com/" "Mozilla/5.0 (Linux; U; Android 2.3.6; en-us; M886 Build/HuaweiM886) AppleWebKit/533.1 (KHTML, like Gecko) Version/4.0 Mobile Safari/533.1"
69.171.178.13 - - [07/Aug/2013:19:39:51 -0400] "GET /slideshow/images/judge_penny_opportunity.jpg HTTP/1.1" 200 99540 "http://www.judgepenny.com/" "Mozilla/5.0 (Linux; U; Android 2.3.6; en-us; M886 Build/HuaweiM886) AppleWebKit/533.1 (KHTML, like Gecko) Version/4.0 Mobile Safari/533.1"
69.171.178.13 - - [07/Aug/2013:19:39:51 -0400] "GET /slideshow/images/judge_penny_self_worth.jpg HTTP/1.1" 200 129594 "http://www.judgepenny.com/" "Mozilla/5.0 (Linux; U; Android 2.3.6; en-us; M886 Build/HuaweiM886) AppleWebKit/533.1 (KHTML, like Gecko) Version/4.0 Mobile Safari/533.1"
69.171.178.13 - - [07/Aug/2013:19:39:52 -0400] "GET /slideshow/images/judge_penny_the_judge.jpg HTTP/1.1" 200 151096 "http://www.judgepenny.com/" "Mozilla/5.0 (Linux; U; Android 2.3.6; en-us; M886 Build/HuaweiM886) AppleWebKit/533.1 (KHTML, like Gecko) Version/4.0 Mobile Safari/533.1"
69.171.178.13 - - [07/Aug/2013:19:39:52 -0400] "GET /css/default.css HTTP/1.1" 200 1295 "http://www.judgepenny.com/" "Mozilla/5.0 (Linux; U; Android 2.3.6; en-us; M886 Build/HuaweiM886) AppleWebKit/533.1 (KHTML, like Gecko) Version/4.0 Mobile Safari/533.1"
69.171.178.13 - - [07/Aug/2013:19:39:52 -0400] "GET /css/style.css HTTP/1.1" 200 9522 "http://www.judgepenny.com/" "Mozilla/5.0 (Linux; U; Android 2.3.6; en-us; M886 Build/HuaweiM886) AppleWebKit/533.1 (KHTML, like Gecko) Version/4.0 Mobile Safari/533.1"
69.171.178.13 - - [07/Aug/2013:19:39:52 -0400] "GET /slideshow/images/judge_penny_speaking_request.png HTTP/1.1" 200 291884 "http://www.judgepenny.com/" "Mozilla/5.0 (Linux; U; Android 2.3.6; en-us; M886 Build/HuaweiM886) AppleWebKit/533.1 (KHTML, like Gecko) Version/4.0 Mobile Safari/533.1"
69.171.178.13 - - [07/Aug/2013:19:39:52 -0400] "GET /js/jquery.nivo.slider.pack.js HTTP/1.1" 200 15854 "http://www.judgepenny.com/" "Mozilla/5.0 (Linux; U; Android 2.3.6; en-us; M886 Build/HuaweiM886) AppleWebKit/533.1 (KHTML, like Gecko) Version/4.0 Mobile Safari/533.1"
69.171.178.13 - - [07/Aug/2013:19:39:53 -0400] "GET /images/jenny-header.png HTTP/1.1" 200 69160 "http://www.judgepenny.com/" "Mozilla/5.0 (Linux; U; Android 2.3.6; en-us; M886 Build/HuaweiM886) AppleWebKit/533.1 (KHTML, like Gecko) Version/4.0 Mobile Safari/533.1"
69.171.178.13 - - [07/Aug/2013:19:39:53 -0400] "GET /images/bg.jpg HTTP/1.1" 200 71900 "http://www.judgepenny.com/" "Mozilla/5.0 (Linux; U; Android 2.3.6; en-us; M886 Build/HuaweiM886) AppleWebKit/533.1 (KHTML, like Gecko) Version/4.0 Mobile Safari/533.1"
69.171.178.13 - - [07/Aug/2013:19:39:53 -0400] "GET /css/loading.gif HTTP/1.1" 200 1737 "http://www.judgepenny.com/" "Mozilla/5.0 (Linux; U; Android 2.3.6; en-us; M886 Build/HuaweiM886) AppleWebKit/533.1 (KHTML, like Gecko) Version/4.0 Mobile Safari/533.1"
69.171.178.13 - - [07/Aug/2013:19:39:53 -0400] "GET /images/seprator.png HTTP/1.1" 200 429 "http://www.judgepenny.com/" "Mozilla/5.0 (Linux; U; Android 2.3.6; en-us; M886 Build/HuaweiM886) AppleWebKit/533.1 (KHTML, like Gecko) Version/4.0 Mobile Safari/533.1"
69.171.178.13 - - [07/Aug/2013:19:39:54 -0400] "GET /images/m-top.png HTTP/1.1" 200 574 "http://www.judgepenny.com/" "Mozilla/5.0 (Linux; U; Android 2.3.6; en-us; M886 Build/HuaweiM886) AppleWebKit/533.1 (KHTML, like Gecko) Version/4.0 Mobile Safari/533.1"
69.171.178.13 - - [07/Aug/2013:19:39:54 -0400] "GET /images/m-btm.png HTTP/1.1" 200 741 "http://www.judgepenny.com/" "Mozilla/5.0 (Linux; U; Android 2.3.6; en-us; M886 Build/HuaweiM886) AppleWebKit/533.1 (KHTML, like Gecko) Version/4.0 Mobile Safari/533.1"
69.171.178.13 - - [07/Aug/2013:19:39:54 -0400] "GET /images/h-left.png HTTP/1.1" 200 137 "http://www.judgepenny.com/" "Mozilla/5.0 (Linux; U; Android 2.3.6; en-us; M886 Build/HuaweiM886) AppleWebKit/533.1 (KHTML, like Gecko) Version/4.0 Mobile Safari/533.1"
69.171.178.13 - - [07/Aug/2013:19:39:54 -0400] "GET /images/mail-div.png HTTP/1.1" 200 1078 "http://www.judgepenny.com/" "Mozilla/5.0 (Linux; U; Android 2.3.6; en-us; M886 Build/HuaweiM886) AppleWebKit/533.1 (KHTML, like Gecko) Version/4.0 Mobile Safari/533.1"
69.171.178.13 - - [07/Aug/2013:19:39:54 -0400] "GET /images/h-right.png HTTP/1.1" 200 279 "http://www.judgepenny.com/" "Mozilla/5.0 (Linux; U; Android 2.3.6; en-us; M886 Build/HuaweiM886) AppleWebKit/533.1 (KHTML, like Gecko) Version/4.0 Mobile Safari/533.1"
69.171.178.13 - - [07/Aug/2013:19:39:54 -0400] "GET /images/s-top.png HTTP/1.1" 200 440 "http://www.judgepenny.com/" "Mozilla/5.0 (Linux; U; Android 2.3.6; en-us; M886 Build/HuaweiM886) AppleWebKit/533.1 (KHTML, like Gecko) Version/4.0 Mobile Safari/533.1"
69.171.178.13 - - [07/Aug/2013:19:39:54 -0400] "GET /images/m-center.png HTTP/1.1" 200 191 "http://www.judgepenny.com/" "Mozilla/5.0 (Linux; U; Android 2.3.6; en-us; M886 Build/HuaweiM886) AppleWebKit/533.1 (KHTML, like Gecko) Version/4.0 Mobile Safari/533.1"
69.171.178.13 - - [07/Aug/2013:19:39:54 -0400] "GET /images/side-bg.png HTTP/1.1" 200 168 "http://www.judgepenny.com/" "Mozilla/5.0 (Linux; U; Android 2.3.6; en-us; M886 Build/HuaweiM886) AppleWebKit/533.1 (KHTML, like Gecko) Version/4.0 Mobile Safari/533.1"
69.171.178.13 - - [07/Aug/2013:19:39:54 -0400] "GET /images/s-btm.png HTTP/1.1" 200 605 "http://www.judgepenny.com/" "Mozilla/5.0 (Linux; U; Android 2.3.6; en-us; M886 Build/HuaweiM886) AppleWebKit/533.1 (KHTML, like Gecko) Version/4.0 Mobile Safari/533.1"
69.171.178.13 - - [07/Aug/2013:19:39:54 -0400] "GET /images/ftr-bg.png HTTP/1.1" 200 198 "http://www.judgepenny.com/" "Mozilla/5.0 (Linux; U; Android 2.3.6; en-us; M886 Build/HuaweiM886) AppleWebKit/533.1 (KHTML, like Gecko) Version/4.0 Mobile Safari/533.1"
69.171.178.13 - - [07/Aug/2013:19:39:54 -0400] "GET /css/arrows.png HTTP/1.1" 200 824 "http://www.judgepenny.com/" "Mozilla/5.0 (Linux; U; Android 2.3.6; en-us; M886 Build/HuaweiM886) AppleWebKit/533.1 (KHTML, like Gecko) Version/4.0 Mobile Safari/533.1"
69.171.178.13 - - [07/Aug/2013:19:39:54 -0400] "GET /css/bullets.png HTTP/1.1" 200 1281 "http://www.judgepenny.com/" "Mozilla/5.0 (Linux; U; Android 2.3.6; en-us; M886 Build/HuaweiM886) AppleWebKit/533.1 (KHTML, like Gecko) Version/4.0 Mobile Safari/533.1"
69.171.178.13 - - [07/Aug/2013:19:39:58 -0400] "GET /favicon.ico HTTP/1.1" 404 575 "http://www.judgepenny.com/" "Mozilla/5.0 (Linux; U; Android 2.3.6; en-us; M886 Build/HuaweiM886) AppleWebKit/533.1 (KHTML, like Gecko) Version/4.0 Mobile Safari/533.1"
69.171.178.13 - - [07/Aug/2013:19:40:15 -0400] "GET /shopping.php HTTP/1.1" 200 8086 "http://www.judgepenny.com/" "Mozilla/5.0 (Linux; U; Android 2.3.6; en-us; M886 Build/HuaweiM886) AppleWebKit/533.1 (KHTML, like Gecko) Version/4.0 Mobile Safari/533.1"
69.171.178.13 - - [07/Aug/2013:19:40:16 -0400] "GET /videos/jwplayer.js HTTP/1.1" 200 133009 "http://www.judgepenny.com/shopping.php" "Mozilla/5.0 (Linux; U; Android 2.3.6; en-us; M886 Build/HuaweiM886) AppleWebKit/533.1 (KHTML, like Gecko) Version/4.0 Mobile Safari/533.1"
69.171.178.13 - - [07/Aug/2013:19:40:16 -0400] "GET /slide-style.css HTTP/1.1" 404 575 "http://www.judgepenny.com/shopping.php" "Mozilla/5.0 (Linux; U; Android 2.3.6; en-us; M886 Build/HuaweiM886) AppleWebKit/533.1 (KHTML, like Gecko) Version/4.0 Mobile Safari/533.1"
69.171.178.13 - - [07/Aug/2013:19:40:17 -0400] "GET /images/r-head.png HTTP/1.1" 200 596 "http://www.judgepenny.com/shopping.php" "Mozilla/5.0 (Linux; U; Android 2.3.6; en-us; M886 Build/HuaweiM886) AppleWebKit/533.1 (KHTML, like Gecko) Version/4.0 Mobile Safari/533.1"
69.171.178.13 - - [07/Aug/2013:19:40:17 -0400] "GET /images/entry-bg3.png HTTP/1.1" 200 19110 "http://www.judgepenny.com/shopping.php" "Mozilla/5.0 (Linux; U; Android 2.3.6; en-us; M886 Build/HuaweiM886) AppleWebKit/533.1 (KHTML, like Gecko) Version/4.0 Mobile Safari/533.1"
69.171.178.13 - - [07/Aug/2013:19:40:17 -0400] "GET /images/main-btm.png HTTP/1.1" 200 398 "http://www.judgepenny.com/shopping.php" "Mozilla/5.0 (Linux; U; Android 2.3.6; en-us; M886 Build/HuaweiM886) AppleWebKit/533.1 (KHTML, like Gecko) Version/4.0 Mobile Safari/533.1"
69.171.178.13 - - [07/Aug/2013:19:40:17 -0400] "GET /images/Book_Cover.jpg HTTP/1.1" 200 51558 "http://www.judgepenny.com/shopping.php" "Mozilla/5.0 (Linux; U; Android 2.3.6; en-us; M886 Build/HuaweiM886) AppleWebKit/533.1 (KHTML, like Gecko) Version/4.0 Mobile Safari/533.1"
69.171.178.13 - - [07/Aug/2013:19:40:17 -0400] "GET /images/btn.png HTTP/1.1" 200 512 "http://www.judgepenny.com/shopping.php" "Mozilla/5.0 (Linux; U; Android 2.3.6; en-us; M886 Build/HuaweiM886) AppleWebKit/533.1 (KHTML, like Gecko) Version/4.0 Mobile Safari/533.1"
69.171.178.13 - - [07/Aug/2013:19:40:17 -0400] "GET /images/events.png HTTP/1.1" 200 3829 "http://www.judgepenny.com/shopping.php" "Mozilla/5.0 (Linux; U; Android 2.3.6; en-us; M886 Build/HuaweiM886) AppleWebKit/533.1 (KHTML, like Gecko) Version/4.0 Mobile Safari/533.1"
69.171.178.13 - - [07/Aug/2013:19:40:17 -0400] "GET /images/sub-menu.png HTTP/1.1" 200 6956 "http://www.judgepenny.com/shopping.php" "Mozilla/5.0 (Linux; U; Android 2.3.6; en-us; M886 Build/HuaweiM886) AppleWebKit/533.1 (KHTML, like Gecko) Version/4.0 Mobile Safari/533.1"
69.171.178.13 - - [07/Aug/2013:19:40:48 -0400] "GET /contact.php HTTP/1.1" 200 6149 "http://www.judgepenny.com/shopping.php" "Mozilla/5.0 (Linux; U; Android 2.3.6; en-us; M886 Build/HuaweiM886) AppleWebKit/533.1 (KHTML, like Gecko) Version/4.0 Mobile Safari/533.1"
69.171.178.13 - - [07/Aug/2013:19:40:48 -0400] "GET /slide-style.css HTTP/1.1" 404 575 "http://www.judgepenny.com/contact.php" "Mozilla/5.0 (Linux; U; Android 2.3.6; en-us; M886 Build/HuaweiM886) AppleWebKit/533.1 (KHTML, like Gecko) Version/4.0 Mobile Safari/533.1"
69.171.178.13 - - [07/Aug/2013:19:40:49 -0400] "GET /images/contact.png HTTP/1.1" 200 137804 "http://www.judgepenny.com/contact.php" "Mozilla/5.0 (Linux; U; Android 2.3.6; en-us; M886 Build/HuaweiM886) AppleWebKit/533.1 (KHTML, like Gecko) Version/4.0 Mobile Safari/533.1"
69.171.178.13 - - [07/Aug/2013:19:41:14 -0400] "GET /index.php HTTP/1.1" 200 8953 "http://www.judgepenny.com/contact.php" "Mozilla/5.0 (Linux; U; Android 2.3.6; en-us; M886 Build/HuaweiM886) AppleWebKit/533.1 (KHTML, like Gecko) Version/4.0 Mobile Safari/533.1"
69.171.178.13 - - [07/Aug/2013:19:41:14 -0400] "GET /slide-style.css HTTP/1.1" 404 575 "http://www.judgepenny.com/index.php" "Mozilla/5.0 (Linux; U; Android 2.3.6; en-us; M886 Build/HuaweiM886) AppleWebKit/533.1 (KHTML, like Gecko) Version/4.0 Mobile Safari/533.1"
69.171.178.13 - - [07/Aug/2013:19:41:14 -0400] "GET /js/jquery.nivo.slider.pack.js HTTP/1.1" 200 15854 "http://www.judgepenny.com/index.php" "Mozilla/5.0 (Linux; U; Android 2.3.6; en-us; M886 Build/HuaweiM886) AppleWebKit/533.1 (KHTML, like Gecko) Version/4.0 Mobile Safari/533.1"
66.249.75.108 - - [07/Aug/2013:19:41:28 -0400] "GET /beyond-the-robe.php HTTP/1.1" 200 8574 "-" "Mozilla/5.0 (compatible; Googlebot/2.1; +http://www.google.com/bot.html)"
66.87.75.63 - - [07/Aug/2013:19:53:53 -0400] "GET /judge-penny-foundation.php HTTP/1.1" 200 7746 "http://search.yahoo.com/search;_ylt=At6kl5B.qec3ubu_kgshfQ0zQVxH?toggle=1&cop=mss&ei=UTF-8&.tsrc=yfp-hrmob-901&p=girls+in+pearls+with+judge+penny" "Mozilla/5.0 (Linux; U; Android 4.1.2; en-us; SPH-L300 Build/JZO54K) AppleWebKit/534.30 (KHTML, like Gecko) Version/4.0 Mobile Safari/534.30"
66.87.75.63 - - [07/Aug/2013:19:53:53 -0400] "GET /videos/jwplayer.js HTTP/1.1" 200 133009 "http://www.judgepenny.com/judge-penny-foundation.php" "Mozilla/5.0 (Linux; U; Android 4.1.2; en-us; SPH-L300 Build/JZO54K) AppleWebKit/534.30 (KHTML, like Gecko) Version/4.0 Mobile Safari/534.30"
66.87.75.63 - - [07/Aug/2013:19:53:53 -0400] "GET /css/style.css HTTP/1.1" 200 9522 "http://www.judgepenny.com/judge-penny-foundation.php" "Mozilla/5.0 (Linux; U; Android 4.1.2; en-us; SPH-L300 Build/JZO54K) AppleWebKit/534.30 (KHTML, like Gecko) Version/4.0 Mobile Safari/534.30"
66.87.75.63 - - [07/Aug/2013:19:53:54 -0400] "GET /css/default.css HTTP/1.1" 200 1295 "http://www.judgepenny.com/judge-penny-foundation.php" "Mozilla/5.0 (Linux; U; Android 4.1.2; en-us; SPH-L300 Build/JZO54K) AppleWebKit/534.30 (KHTML, like Gecko) Version/4.0 Mobile Safari/534.30"
66.87.75.63 - - [07/Aug/2013:19:53:54 -0400] "GET /css/nivo-slider.css HTTP/1.1" 200 1430 "http://www.judgepenny.com/judge-penny-foundation.php" "Mozilla/5.0 (Linux; U; Android 4.1.2; en-us; SPH-L300 Build/JZO54K) AppleWebKit/534.30 (KHTML, like Gecko) Version/4.0 Mobile Safari/534.30"
66.87.75.63 - - [07/Aug/2013:19:53:54 -0400] "GET /slide-style.css HTTP/1.1" 404 575 "http://www.judgepenny.com/judge-penny-foundation.php" "Mozilla/5.0 (Linux; U; Android 4.1.2; en-us; SPH-L300 Build/JZO54K) AppleWebKit/534.30 (KHTML, like Gecko) Version/4.0 Mobile Safari/534.30"
66.87.75.63 - - [07/Aug/2013:19:53:54 -0400] "GET /images/judge-jenny.png HTTP/1.1" 200 28663 "http://www.judgepenny.com/judge-penny-foundation.php" "Mozilla/5.0 (Linux; U; Android 4.1.2; en-us; SPH-L300 Build/JZO54K) AppleWebKit/534.30 (KHTML, like Gecko) Version/4.0 Mobile Safari/534.30"
66.87.75.63 - - [07/Aug/2013:19:53:54 -0400] "GET /images/facebook.png HTTP/1.1" 200 2371 "http://www.judgepenny.com/judge-penny-foundation.php" "Mozilla/5.0 (Linux; U; Android 4.1.2; en-us; SPH-L300 Build/JZO54K) AppleWebKit/534.30 (KHTML, like Gecko) Version/4.0 Mobile Safari/534.30"
66.87.75.63 - - [07/Aug/2013:19:53:54 -0400] "GET /images/twitter.png HTTP/1.1" 200 2703 "http://www.judgepenny.com/judge-penny-foundation.php" "Mozilla/5.0 (Linux; U; Android 4.1.2; en-us; SPH-L300 Build/JZO54K) AppleWebKit/534.30 (KHTML, like Gecko) Version/4.0 Mobile Safari/534.30"
66.87.75.63 - - [07/Aug/2013:19:53:54 -0400] "GET /images/linked-in.png HTTP/1.1" 200 2575 "http://www.judgepenny.com/judge-penny-foundation.php" "Mozilla/5.0 (Linux; U; Android 4.1.2; en-us; SPH-L300 Build/JZO54K) AppleWebKit/534.30 (KHTML, like Gecko) Version/4.0 Mobile Safari/534.30"
