178.154.243.82 - - [09/Aug/2013:00:00:41 -0400] "GET /images/m-btm.png HTTP/1.1" 304 - "-" "Mozilla/5.0 (compatible; YandexImages/3.0; +http://yandex.com/bots)"
108.199.139.24 - - [09/Aug/2013:01:10:41 -0400] "GET /images/judge.png HTTP/1.1" 200 164424 "-" "Mozilla/5.0 (compatible; MSIE 10.0; Windows NT 6.2; Trident/6.0; MSAppHost/1.0)"
178.154.243.82 - - [09/Aug/2013:01:22:10 -0400] "GET /images/m-top.png HTTP/1.1" 304 - "-" "Mozilla/5.0 (compatible; YandexImages/3.0; +http://yandex.com/bots)"
178.137.93.32 - - [09/Aug/2013:02:17:50 -0400] "GET / HTTP/1.1" 200 8953 "http://www.echomsk.spb.ru/" "Mozilla/4.0 (compatible; MSIE 6.0; Windows NT 5.2; SV1; .NET CLR 1.1.4322; .NET CLR 2.0.50727)"
178.137.93.32 - - [09/Aug/2013:02:17:51 -0400] "GET / HTTP/1.1" 200 8953 "http://www.echomsk.spb.ru/" "Mozilla/4.0 (compatible; MSIE 6.0; Windows NT 5.2; SV1; .NET CLR 1.1.4322; .NET CLR 2.0.50727)"
178.137.93.32 - - [09/Aug/2013:02:17:53 -0400] "GET / HTTP/1.1" 200 8953 "http://www.wood-expert.ru/" "Mozilla/4.0 (compatible; MSIE 6.0; Windows NT 5.2; SV1; .NET CLR 1.1.4322; .NET CLR 2.0.50727)"
178.137.93.32 - - [09/Aug/2013:02:17:54 -0400] "GET / HTTP/1.1" 200 8953 "http://www.wood-expert.ru/" "Mozilla/4.0 (compatible; MSIE 6.0; Windows NT 5.2; SV1; .NET CLR 1.1.4322; .NET CLR 2.0.50727)"
178.137.93.32 - - [09/Aug/2013:02:17:55 -0400] "GET / HTTP/1.1" 200 8953 "http://www.echomsk.spb.ru/" "Mozilla/4.0 (compatible; MSIE 6.0; Windows NT 5.2; SV1; .NET CLR 1.1.4322; .NET CLR 2.0.50727)"
178.137.93.32 - - [09/Aug/2013:02:17:55 -0400] "GET / HTTP/1.1" 200 8953 "http://www.wood-expert.ru/" "Mozilla/4.0 (compatible; MSIE 6.0; Windows NT 5.2; SV1; .NET CLR 1.1.4322; .NET CLR 2.0.50727)"
180.76.5.182 - - [09/Aug/2013:03:10:53 -0400] "GET /penny-for-your-thoughts_whattodowhenyouloseyourjob.php HTTP/1.1" 200 9678 "-" "Mozilla/5.0 (compatible; Baiduspider/2.0; +http://www.baidu.com/search/spider.html)"
178.154.243.82 - - [09/Aug/2013:03:19:10 -0400] "GET /images/s-menu-b.png HTTP/1.1" 304 - "-" "Mozilla/5.0 (compatible; YandexImages/3.0; +http://yandex.com/bots)"
178.137.93.32 - - [09/Aug/2013:03:33:42 -0400] "GET / HTTP/1.1" 200 8953 "http://wreune.ru/" "Mozilla/4.0 (compatible; MSIE 6.0; America Online Browser 1.1; rev1.2; Windows NT 5.1; SV1; .NET CLR 1.1.4322)"
178.137.93.32 - - [09/Aug/2013:03:33:43 -0400] "GET / HTTP/1.1" 200 8953 "http://wreune.ru/" "Mozilla/4.0 (compatible; MSIE 6.0; America Online Browser 1.1; rev1.2; Windows NT 5.1; SV1; .NET CLR 1.1.4322)"
178.137.128.238 - - [09/Aug/2013:03:39:10 -0400] "GET / HTTP/1.1" 200 8953 "http://el96.ru/" "Mozilla/2.0 (compatible; MSIE 3.02; Windows CE; 240x320)"
178.137.128.238 - - [09/Aug/2013:03:39:11 -0400] "GET / HTTP/1.1" 200 8953 "http://el96.ru/" "Mozilla/2.0 (compatible; MSIE 3.02; Windows CE; 240x320)"
178.137.128.238 - - [09/Aug/2013:03:39:12 -0400] "GET / HTTP/1.1" 200 8953 "http://el96.ru/" "Mozilla/2.0 (compatible; MSIE 3.02; Windows CE; 240x320)"
192.31.106.36 - - [09/Aug/2013:03:50:16 -0400] "GET /images/bg.jpg HTTP/1.1" 304 - "-" "Mozilla/4.0 (compatible;)"
66.249.75.108 - - [09/Aug/2013:04:16:55 -0400] "GET /robots.txt HTTP/1.1" 404 575 "-" "Mozilla/5.0 (compatible; Googlebot/2.1; +http://www.google.com/bot.html)"
66.249.75.108 - - [09/Aug/2013:04:16:55 -0400] "GET /AJCarticle.pdf HTTP/1.1" 304 - "-" "Mozilla/5.0 (iPhone; U; CPU iPhone OS 4_1 like Mac OS X; en-us) AppleWebKit/532.9 (KHTML, like Gecko) Version/4.0.5 Mobile/8B117 Safari/6531.22.7 (compatible; Googlebot-Mobile/2.1; +http://www.google.com/bot.html)"
213.110.133.221 - - [09/Aug/2013:04:39:14 -0400] "GET / HTTP/1.1" 200 8953 "http://technouser.userforum.ru/" "Mozilla/4.0 (compatible; Blog Search;)"
213.110.133.221 - - [09/Aug/2013:04:39:15 -0400] "GET / HTTP/1.1" 200 8953 "http://technouser.userforum.ru/" "Mozilla/4.0 (compatible; Blog Search;)"
65.55.215.49 - - [09/Aug/2013:04:44:48 -0400] "GET /robots.txt HTTP/1.1" 404 575 "-" "msnbot-media/1.1 (+http://search.msn.com/msnbot.htm)"
65.55.215.49 - - [09/Aug/2013:04:44:48 -0400] "GET /images/facebook.png HTTP/1.1" 200 2371 "-" "msnbot-media/1.1 (+http://search.msn.com/msnbot.htm)"
192.31.106.36 - - [09/Aug/2013:05:04:25 -0400] "GET /images/buy-now.png HTTP/1.1" 304 - "-" "Mozilla/4.0 (compatible;)"
88.246.245.115 - - [09/Aug/2013:05:41:35 -0400] "GET /images/contact.png HTTP/1.1" 302 378 "http://www.google.com.tr/blank.html" "Mozilla/5.0 (Windows NT 6.1; rv:22.0) Gecko/20100101 Firefox/22.0"
178.154.243.82 - - [09/Aug/2013:06:17:19 -0400] "GET /images/m-btm.png HTTP/1.1" 304 - "-" "Mozilla/5.0 (compatible; YandexImages/3.0; +http://yandex.com/bots)"
66.249.75.108 - - [09/Aug/2013:06:36:04 -0400] "GET /penny-for-your-thoughts_whattodowhenyouloseyourjob.php HTTP/1.1" 200 9678 "-" "Mozilla/5.0 (compatible; Googlebot/2.1; +http://www.google.com/bot.html)"
66.249.75.108 - - [09/Aug/2013:06:43:16 -0400] "GET /css/nivo-slider.css HTTP/1.1" 200 1430 "-" "Mozilla/5.0 (compatible; Googlebot/2.1; +http://www.google.com/bot.html)"
66.249.75.108 - - [09/Aug/2013:06:43:16 -0400] "GET /css/style.css HTTP/1.1" 200 9522 "-" "Mozilla/5.0 (compatible; Googlebot/2.1; +http://www.google.com/bot.html)"
66.249.75.108 - - [09/Aug/2013:06:43:16 -0400] "GET /css/default.css HTTP/1.1" 200 1295 "-" "Mozilla/5.0 (compatible; Googlebot/2.1; +http://www.google.com/bot.html)"
66.249.75.108 - - [09/Aug/2013:06:48:55 -0400] "GET /biography.php HTTP/1.1" 200 9590 "-" "Mozilla/5.0 (compatible; Googlebot/2.1; +http://www.google.com/bot.html)"
157.55.32.39 - - [09/Aug/2013:07:04:54 -0400] "GET /robots.txt HTTP/1.1" 404 575 "-" "Mozilla/5.0 (compatible; bingbot/2.0; +http://www.bing.com/bingbot.htm)"
157.55.32.39 - - [09/Aug/2013:07:05:35 -0400] "GET /photos.php HTTP/1.1" 200 6337 "-" "Mozilla/5.0 (compatible; bingbot/2.0; +http://www.bing.com/bingbot.htm)"
157.55.32.39 - - [09/Aug/2013:07:07:34 -0400] "GET /photos.php HTTP/1.0" 200 6337 "-" "Mozilla/5.0 (compatible; bingbot/2.0; +http://www.bing.com/bingbot.htm)"
192.95.48.129 - - [09/Aug/2013:07:36:27 -0400] "GET / HTTP/1.1" 200 8953 "-" "Mozilla/5.0 (X11; Linux i686; rv:6.0) Gecko/20100101 Firefox/6.0"
66.249.75.108 - - [09/Aug/2013:07:49:31 -0400] "GET /judge-penny-foundation.php HTTP/1.1" 200 7746 "-" "Mozilla/5.0 (compatible; Googlebot/2.1; +http://www.google.com/bot.html)"
46.118.152.23 - - [09/Aug/2013:07:52:16 -0400] "GET / HTTP/1.1" 200 8953 "http://master-remont-tehniki.ru/" "Mozilla/4.0 (compatible; MSIE 6.0; Windows NT 5.2; SV1; .NET CLR 1.1.4322; .NET CLR 2.0.50727)"
46.118.152.23 - - [09/Aug/2013:07:52:17 -0400] "GET / HTTP/1.1" 200 8953 "http://master-remont-tehniki.ru/" "Mozilla/4.0 (compatible; MSIE 6.0; Windows NT 5.2; SV1; .NET CLR 1.1.4322; .NET CLR 2.0.50727)"
46.118.152.23 - - [09/Aug/2013:07:52:18 -0400] "GET / HTTP/1.1" 200 8953 "http://master-remont-tehniki.ru/" "Mozilla/4.0 (compatible; MSIE 6.0; Windows NT 5.2; SV1; .NET CLR 1.1.4322; .NET CLR 2.0.50727)"
178.154.243.82 - - [09/Aug/2013:07:52:27 -0400] "GET /images/s-menu-b.png HTTP/1.1" 304 - "-" "Mozilla/5.0 (compatible; YandexImages/3.0; +http://yandex.com/bots)"
157.55.35.40 - - [09/Aug/2013:07:59:04 -0400] "GET /robots.txt HTTP/1.1" 404 575 "-" "Mozilla/5.0 (compatible; bingbot/2.0; +http://www.bing.com/bingbot.htm)"
157.55.35.40 - - [09/Aug/2013:08:01:03 -0400] "GET /speaking-requests.php HTTP/1.1" 200 14865 "-" "Mozilla/5.0 (compatible; bingbot/2.0; +http://www.bing.com/bingbot.htm)"
192.31.106.36 - - [09/Aug/2013:08:01:57 -0400] "GET /images/main-btm.png HTTP/1.1" 304 - "-" "Mozilla/4.0 (compatible;)"
157.55.35.40 - - [09/Aug/2013:08:23:42 -0400] "GET /robots.txt HTTP/1.1" 404 575 "-" "Mozilla/5.0 (compatible; bingbot/2.0; +http://www.bing.com/bingbot.htm)"
157.55.35.40 - - [09/Aug/2013:08:25:28 -0400] "GET /css/default.css HTTP/1.1" 200 1295 "-" "Mozilla/5.0 (compatible; bingbot/2.0; +http://www.bing.com/bingbot.htm)"
157.56.92.158 - - [09/Aug/2013:08:43:28 -0400] "GET /media.html HTTP/1.1" 404 575 "-" "Mozilla/5.0 (compatible; bingbot/2.0; +http://www.bing.com/bingbot.htm)"
192.31.106.36 - - [09/Aug/2013:08:54:09 -0400] "GET /images/entry-bg.png HTTP/1.1" 304 - "-" "Mozilla/4.0 (compatible;)"
159.142.71.2 - - [09/Aug/2013:08:56:16 -0400] "GET / HTTP/1.1" 302 360 "http://www.google.com/url?sa=t&rct=j&q=jUDGE%20pENNY&source=web&cd=6&ved=0CDwQFjAF&url=http%3A%2F%2Fwww.judgepenny.com%2F&ei=vOYEUtzPD-XwyAGp34GgDA&usg=AFQjCNHtHkI_C9gsk1xU2I1lfXHdPYI7Ow&bvm=bv.50500085,d.aWc" "Mozilla/4.0 (compatible; MSIE 8.0; Windows NT 5.1; Trident/4.0; .NET CLR 1.1.4322; .NET CLR 2.0.50727; .NET CLR 3.0.4506.2152; .NET CLR 3.5.30729; .NET4.0C; InfoPath.2)"
157.56.92.158 - - [09/Aug/2013:09:02:18 -0400] "GET /robots.txt HTTP/1.1" 404 575 "-" "Mozilla/5.0 (compatible; bingbot/2.0; +http://www.bing.com/bingbot.htm)"
157.56.92.158 - - [09/Aug/2013:09:03:28 -0400] "GET /videos/jwplayer.js HTTP/1.1" 200 133009 "-" "Mozilla/5.0 (compatible; bingbot/2.0; +http://www.bing.com/bingbot.htm)"
66.249.75.108 - - [09/Aug/2013:09:31:52 -0400] "GET /penny-for-your-thoughts_howdoIdealwithanoutofcontrol.php HTTP/1.1" 200 8668 "-" "Mozilla/5.0 (compatible; Googlebot/2.1; +http://www.google.com/bot.html)"
192.31.106.36 - - [09/Aug/2013:09:33:32 -0400] "GET /images/twitter.png HTTP/1.1" 304 - "-" "Mozilla/4.0 (compatible;)"
178.154.243.82 - - [09/Aug/2013:09:37:14 -0400] "GET /images/m-top.png HTTP/1.1" 304 - "-" "Mozilla/5.0 (compatible; YandexImages/3.0; +http://yandex.com/bots)"
66.249.75.108 - - [09/Aug/2013:10:00:57 -0400] "GET /judge-penny-story.php HTTP/1.1" 200 13963 "-" "Mozilla/5.0 (compatible; Googlebot/2.1; +http://www.google.com/bot.html)"
65.55.215.61 - - [09/Aug/2013:10:39:25 -0400] "GET /robots.txt HTTP/1.1" 404 575 "-" "msnbot-media/1.1 (+http://search.msn.com/msnbot.htm)"
65.55.215.61 - - [09/Aug/2013:10:39:26 -0400] "GET /images/JudgePenny-0053_s.png HTTP/1.1" 404 575 "-" "msnbot-media/1.1 (+http://search.msn.com/msnbot.htm)"
192.31.106.36 - - [09/Aug/2013:10:59:19 -0400] "GET /images/sub-menu.png HTTP/1.1" 304 - "-" "Mozilla/4.0 (compatible;)"
66.249.75.108 - - [09/Aug/2013:11:08:04 -0400] "GET /events.php HTTP/1.1" 200 8644 "-" "Mozilla/5.0 (compatible; Googlebot/2.1; +http://www.google.com/bot.html)"
184.173.232.12 - - [09/Aug/2013:11:39:42 -0400] "GET /wordpress/wp-admin/ HTTP/1.1" 404 575 "-" "-"
66.249.75.108 - - [09/Aug/2013:11:46:39 -0400] "GET /shopping.php HTTP/1.1" 200 8086 "-" "Mozilla/5.0 (compatible; Googlebot/2.1; +http://www.google.com/bot.html)"
37.59.20.29 - - [09/Aug/2013:11:49:14 -0400] "GET /blog/wp-admin/ HTTP/1.1" 404 575 "-" "-"
174.122.2.66 - - [09/Aug/2013:12:10:00 -0400] "GET /wp-admin/ HTTP/1.1" 404 575 "-" "-"
5.10.83.63 - - [09/Aug/2013:13:17:30 -0400] "GET /about_judge_penny.htm HTTP/1.1" 404 575 "-" "Mozilla/5.0 (compatible; AhrefsBot/5.0; +http://ahrefs.com/robot/)"
66.249.75.108 - - [09/Aug/2013:13:24:55 -0400] "GET /contact.php HTTP/1.1" 200 6149 "-" "Mozilla/5.0 (compatible; Googlebot/2.1; +http://www.google.com/bot.html)"
157.55.35.40 - - [09/Aug/2013:13:26:39 -0400] "GET /robots.txt HTTP/1.1" 404 575 "-" "Mozilla/5.0 (compatible; bingbot/2.0; +http://www.bing.com/bingbot.htm)"
157.55.35.40 - - [09/Aug/2013:13:29:07 -0400] "GET / HTTP/1.1" 200 8953 "-" "Mozilla/5.0 (compatible; bingbot/2.0; +http://www.bing.com/bingbot.htm)"
180.76.6.36 - - [09/Aug/2013:13:56:54 -0400] "GET / HTTP/1.1" 200 8953 "-" "Mozilla/5.0 (compatible; Baiduspider/2.0; +http://www.baidu.com/search/spider.html)"
66.249.75.108 - - [09/Aug/2013:14:52:05 -0400] "GET /media.php HTTP/1.1" 200 6682 "-" "Mozilla/5.0 (iPhone; U; CPU iPhone OS 4_1 like Mac OS X; en-us) AppleWebKit/532.9 (KHTML, like Gecko) Version/4.0.5 Mobile/8B117 Safari/6531.22.7 (compatible; Googlebot-Mobile/2.1; +http://www.google.com/bot.html)"
66.249.84.94 - - [09/Aug/2013:15:41:41 -0400] "GET / HTTP/1.1" 200 8953 "-" "Mozilla/5.0 (Windows NT 6.1; rv:6.0) Gecko/20110814 Firefox/6.0 Google (+https://developers.google.com/+/web/snippet/)"
66.249.84.94 - - [09/Aug/2013:15:41:41 -0400] "GET /favicon.ico HTTP/1.1" 404 575 "-" "Mozilla/5.0 (Windows NT 6.1; rv:6.0) Gecko/20110814 Firefox/6.0 Google (+https://developers.google.com/+/web/snippet/)"
5.10.83.36 - - [09/Aug/2013:15:46:34 -0400] "GET / HTTP/1.1" 200 8953 "-" "Mozilla/5.0 (compatible; AhrefsBot/5.0; +http://ahrefs.com/robot/)"
178.154.243.82 - - [09/Aug/2013:15:58:44 -0400] "GET /images/m-top.png HTTP/1.1" 304 - "-" "Mozilla/5.0 (compatible; YandexImages/3.0; +http://yandex.com/bots)"
24.30.127.7 - - [09/Aug/2013:16:15:32 -0400] "GET /biography.php HTTP/1.1" 302 397 "http://search.yahoo.com/search;_ylt=ArxBiJrdBn0uqeKVSv37WT.bvZx4?fr=yfp-t-900-s&toggle=1&cop=mss&ei=UTF-8&p=penny%20brown%20reynolds" "Mozilla/5.0 (Macintosh; Intel Mac OS X 10.6; rv:5.0) Gecko/20100101 Firefox/5.0"
65.55.215.61 - - [09/Aug/2013:16:32:04 -0400] "GET /robots.txt HTTP/1.1" 404 575 "-" "msnbot-media/1.1 (+http://search.msn.com/msnbot.htm)"
65.55.215.61 - - [09/Aug/2013:16:32:05 -0400] "GET /images/JudgePenny-0053_s.png HTTP/1.1" 404 575 "-" "msnbot-media/1.1 (+http://search.msn.com/msnbot.htm)"
108.208.97.130 - - [09/Aug/2013:17:14:30 -0400] "GET /biography.php HTTP/1.1" 200 9590 "http://www.bing.com/search/?q=judge+penny+brown+reynolds&a=results&MID=2500" "Mozilla/5.0 (iPod; CPU iPhone OS 6_1_3 like Mac OS X) AppleWebKit/536.26 (KHTML, like Gecko) Version/6.0 Mobile/10B329 Safari/8536.25"
108.208.97.130 - - [09/Aug/2013:17:14:31 -0400] "GET /videos/jwplayer.js HTTP/1.1" 200 133009 "http://judgepenny.com/biography.php" "Mozilla/5.0 (iPod; CPU iPhone OS 6_1_3 like Mac OS X) AppleWebKit/536.26 (KHTML, like Gecko) Version/6.0 Mobile/10B329 Safari/8536.25"
108.208.97.130 - - [09/Aug/2013:17:14:31 -0400] "GET /css/style.css HTTP/1.1" 200 9522 "http://judgepenny.com/biography.php" "Mozilla/5.0 (iPod; CPU iPhone OS 6_1_3 like Mac OS X) AppleWebKit/536.26 (KHTML, like Gecko) Version/6.0 Mobile/10B329 Safari/8536.25"
108.208.97.130 - - [09/Aug/2013:17:14:31 -0400] "GET /css/nivo-slider.css HTTP/1.1" 200 1430 "http://judgepenny.com/biography.php" "Mozilla/5.0 (iPod; CPU iPhone OS 6_1_3 like Mac OS X) AppleWebKit/536.26 (KHTML, like Gecko) Version/6.0 Mobile/10B329 Safari/8536.25"
108.208.97.130 - - [09/Aug/2013:17:14:31 -0400] "GET /css/default.css HTTP/1.1" 200 1295 "http://judgepenny.com/biography.php" "Mozilla/5.0 (iPod; CPU iPhone OS 6_1_3 like Mac OS X) AppleWebKit/536.26 (KHTML, like Gecko) Version/6.0 Mobile/10B329 Safari/8536.25"
108.208.97.130 - - [09/Aug/2013:17:14:31 -0400] "GET /slide-style.css HTTP/1.1" 404 575 "http://judgepenny.com/biography.php" "Mozilla/5.0 (iPod; CPU iPhone OS 6_1_3 like Mac OS X) AppleWebKit/536.26 (KHTML, like Gecko) Version/6.0 Mobile/10B329 Safari/8536.25"
108.208.97.130 - - [09/Aug/2013:17:14:32 -0400] "GET /images/facebook.png HTTP/1.1" 200 2371 "http://judgepenny.com/biography.php" "Mozilla/5.0 (iPod; CPU iPhone OS 6_1_3 like Mac OS X) AppleWebKit/536.26 (KHTML, like Gecko) Version/6.0 Mobile/10B329 Safari/8536.25"
108.208.97.130 - - [09/Aug/2013:17:14:32 -0400] "GET /images/judge-jenny.png HTTP/1.1" 200 28663 "http://judgepenny.com/biography.php" "Mozilla/5.0 (iPod; CPU iPhone OS 6_1_3 like Mac OS X) AppleWebKit/536.26 (KHTML, like Gecko) Version/6.0 Mobile/10B329 Safari/8536.25"
108.208.97.130 - - [09/Aug/2013:17:14:32 -0400] "GET /images/twitter.png HTTP/1.1" 200 2703 "http://judgepenny.com/biography.php" "Mozilla/5.0 (iPod; CPU iPhone OS 6_1_3 like Mac OS X) AppleWebKit/536.26 (KHTML, like Gecko) Version/6.0 Mobile/10B329 Safari/8536.25"
108.208.97.130 - - [09/Aug/2013:17:14:32 -0400] "GET /images/linked-in.png HTTP/1.1" 200 2575 "http://judgepenny.com/biography.php" "Mozilla/5.0 (iPod; CPU iPhone OS 6_1_3 like Mac OS X) AppleWebKit/536.26 (KHTML, like Gecko) Version/6.0 Mobile/10B329 Safari/8536.25"
108.208.97.130 - - [09/Aug/2013:17:14:32 -0400] "GET /images/you-tube.png HTTP/1.1" 200 3090 "http://judgepenny.com/biography.php" "Mozilla/5.0 (iPod; CPU iPhone OS 6_1_3 like Mac OS X) AppleWebKit/536.26 (KHTML, like Gecko) Version/6.0 Mobile/10B329 Safari/8536.25"
108.208.97.130 - - [09/Aug/2013:17:14:32 -0400] "GET /images/buy-now.png HTTP/1.1" 200 89906 "http://judgepenny.com/biography.php" "Mozilla/5.0 (iPod; CPU iPhone OS 6_1_3 like Mac OS X) AppleWebKit/536.26 (KHTML, like Gecko) Version/6.0 Mobile/10B329 Safari/8536.25"
108.208.97.130 - - [09/Aug/2013:17:14:32 -0400] "GET /images/bg.jpg HTTP/1.1" 200 71900 "http://judgepenny.com/biography.php" "Mozilla/5.0 (iPod; CPU iPhone OS 6_1_3 like Mac OS X) AppleWebKit/536.26 (KHTML, like Gecko) Version/6.0 Mobile/10B329 Safari/8536.25"
108.208.97.130 - - [09/Aug/2013:17:14:32 -0400] "GET /images/seprator.png HTTP/1.1" 200 429 "http://judgepenny.com/biography.php" "Mozilla/5.0 (iPod; CPU iPhone OS 6_1_3 like Mac OS X) AppleWebKit/536.26 (KHTML, like Gecko) Version/6.0 Mobile/10B329 Safari/8536.25"
108.208.97.130 - - [09/Aug/2013:17:14:32 -0400] "GET /images/btn.png HTTP/1.1" 200 512 "http://judgepenny.com/biography.php" "Mozilla/5.0 (iPod; CPU iPhone OS 6_1_3 like Mac OS X) AppleWebKit/536.26 (KHTML, like Gecko) Version/6.0 Mobile/10B329 Safari/8536.25"
108.208.97.130 - - [09/Aug/2013:17:14:32 -0400] "GET /images/sub-menu.png HTTP/1.1" 200 6956 "http://judgepenny.com/biography.php" "Mozilla/5.0 (iPod; CPU iPhone OS 6_1_3 like Mac OS X) AppleWebKit/536.26 (KHTML, like Gecko) Version/6.0 Mobile/10B329 Safari/8536.25"
108.208.97.130 - - [09/Aug/2013:17:14:33 -0400] "GET /images/right-div.png HTTP/1.1" 200 5479 "http://judgepenny.com/biography.php" "Mozilla/5.0 (iPod; CPU iPhone OS 6_1_3 like Mac OS X) AppleWebKit/536.26 (KHTML, like Gecko) Version/6.0 Mobile/10B329 Safari/8536.25"
108.208.97.130 - - [09/Aug/2013:17:14:33 -0400] "GET /images/entry-bg.png HTTP/1.1" 200 18958 "http://judgepenny.com/biography.php" "Mozilla/5.0 (iPod; CPU iPhone OS 6_1_3 like Mac OS X) AppleWebKit/536.26 (KHTML, like Gecko) Version/6.0 Mobile/10B329 Safari/8536.25"
108.208.97.130 - - [09/Aug/2013:17:14:33 -0400] "GET /images/ftr-bg.png HTTP/1.1" 200 198 "http://judgepenny.com/biography.php" "Mozilla/5.0 (iPod; CPU iPhone OS 6_1_3 like Mac OS X) AppleWebKit/536.26 (KHTML, like Gecko) Version/6.0 Mobile/10B329 Safari/8536.25"
108.208.97.130 - - [09/Aug/2013:17:14:33 -0400] "GET /images/jenny-header.png HTTP/1.1" 200 69160 "http://judgepenny.com/biography.php" "Mozilla/5.0 (iPod; CPU iPhone OS 6_1_3 like Mac OS X) AppleWebKit/536.26 (KHTML, like Gecko) Version/6.0 Mobile/10B329 Safari/8536.25"
108.208.97.130 - - [09/Aug/2013:17:14:33 -0400] "GET /images/h-div.png HTTP/1.1" 200 1503 "http://judgepenny.com/biography.php" "Mozilla/5.0 (iPod; CPU iPhone OS 6_1_3 like Mac OS X) AppleWebKit/536.26 (KHTML, like Gecko) Version/6.0 Mobile/10B329 Safari/8536.25"
108.208.97.130 - - [09/Aug/2013:17:14:33 -0400] "GET /images/judge.png HTTP/1.1" 200 164424 "http://judgepenny.com/biography.php" "Mozilla/5.0 (iPod; CPU iPhone OS 6_1_3 like Mac OS X) AppleWebKit/536.26 (KHTML, like Gecko) Version/6.0 Mobile/10B329 Safari/8536.25"
108.208.97.130 - - [09/Aug/2013:17:14:34 -0400] "GET /images/main-btm.png HTTP/1.1" 200 398 "http://judgepenny.com/biography.php" "Mozilla/5.0 (iPod; CPU iPhone OS 6_1_3 like Mac OS X) AppleWebKit/536.26 (KHTML, like Gecko) Version/6.0 Mobile/10B329 Safari/8536.25"
46.119.118.152 - - [09/Aug/2013:17:19:03 -0400] "GET / HTTP/1.1" 200 8953 "http://torrentec.net/" "Opera/9.00 (Windows NT 5.1; U; en)"
46.119.118.152 - - [09/Aug/2013:17:19:03 -0400] "GET / HTTP/1.1" 200 8953 "http://torrentec.net/" "Opera/9.00 (Windows NT 5.1; U; en)"
46.119.118.152 - - [09/Aug/2013:17:19:04 -0400] "GET / HTTP/1.1" 200 8953 "http://torrentec.net/" "Opera/9.00 (Windows NT 5.1; U; en)"
66.249.75.108 - - [09/Aug/2013:17:21:29 -0400] "GET /robots.txt HTTP/1.1" 404 575 "-" "Mozilla/5.0 (compatible; Googlebot/2.1; +http://www.google.com/bot.html)"
108.208.97.130 - - [09/Aug/2013:17:25:12 -0400] "GET /JudgePennyBrownReynoldsBio.pdf HTTP/1.1" 200 918125 "http://judgepenny.com/biography.php" "Mozilla/5.0 (iPod; CPU iPhone OS 6_1_3 like Mac OS X) AppleWebKit/536.26 (KHTML, like Gecko) Version/6.0 Mobile/10B329 Safari/8536.25"
66.249.75.108 - - [09/Aug/2013:17:31:11 -0400] "GET /media.php HTTP/1.1" 200 6682 "-" "SAMSUNG-SGH-E250/1.0 Profile/MIDP-2.0 Configuration/CLDC-1.1 UP.Browser/6.2.3.3.c.1.101 (GUI) MMP/2.0 (compatible; Googlebot-Mobile/2.1; +http://www.google.com/bot.html)"
66.249.75.108 - - [09/Aug/2013:17:54:30 -0400] "GET /beyond-the-robe.php HTTP/1.1" 200 8574 "-" "Mozilla/5.0 (compatible; Googlebot/2.1; +http://www.google.com/bot.html)"
178.154.243.82 - - [09/Aug/2013:18:24:20 -0400] "GET /images/m-btm.png HTTP/1.1" 304 - "-" "Mozilla/5.0 (compatible; YandexImages/3.0; +http://yandex.com/bots)"
66.249.75.108 - - [09/Aug/2013:18:40:17 -0400] "GET /media.php HTTP/1.1" 200 6682 "-" "Mozilla/5.0 (compatible; Googlebot/2.1; +http://www.google.com/bot.html)"
157.55.35.40 - - [09/Aug/2013:18:48:07 -0400] "GET /robots.txt HTTP/1.1" 404 575 "-" "Mozilla/5.0 (compatible; bingbot/2.0; +http://www.bing.com/bingbot.htm)"
157.55.35.40 - - [09/Aug/2013:18:49:36 -0400] "GET / HTTP/1.1" 200 8953 "-" "Mozilla/5.0 (compatible; bingbot/2.0; +http://www.bing.com/bingbot.htm)"
123.125.71.26 - - [09/Aug/2013:18:50:03 -0400] "GET /judge-penny-foundation.php HTTP/1.1" 200 7746 "-" "Mozilla/5.0 (compatible; Baiduspider/2.0; +http://www.baidu.com/search/spider.html)"
123.125.71.72 - - [09/Aug/2013:18:50:10 -0400] "GET /videos/jwplayer.js HTTP/1.1" 200 133009 "http://judgepenny.com/judge-penny-foundation.php" "Mozilla/5.0 (X11; U; Linux x86_64; en-US; rv:1.9) Gecko Minefield/3.0"
108.2.181.48 - - [09/Aug/2013:19:01:49 -0400] "GET / HTTP/1.1" 302 356 "http://search.yahoo.com/search;_ylt=Ah_lFtHUet2Pr2olnJkk8iGbvZx4?fr=yfp-t-900-s&toggle=1&cop=mss&ei=UTF-8&p=judge%20penny%20brown%20biography" "Mozilla/5.0 (compatible; MSIE 10.0; Windows NT 6.1; WOW64; Trident/6.0)"
108.2.181.48 - - [09/Aug/2013:19:05:49 -0400] "GET /biography.php HTTP/1.1" 302 397 "http://search.yahoo.com/search;_ylt=A0oG7k5UdQVSO1sA30tXNyoA;_ylc=X1MDMjc2NjY3OQRfcgMyBGNzcmNwdmlkA1c5Q2Fna2dldXJBSXVQMXFVZWh5NWcwaWJBSzFNRklGZExJQUJHNzMEZnIDeWZwLXQtOTAwLXMEZnIyA3NnLWdhYwRncHJpZANJc1BMOENwVlJUV1RZbXk3Q1dpT1BBBGl0A2dwBG5fZ3BzAzEwBG9yaWdpbgNzcnAEcG9zAzkEcHFzdHIDanVkZ2UgcGVubnkgYnJvd24gBHF1ZXJ5A2p1ZGdlIHBlbm55IGJyb3duIARzYWMDMQRzYW8DMQRzZWMDcmVsLXNhBHNsawN0ZXh0BHRvU3RyaW5nA1tvYmplY3QgT2JqZWN0XQ--?p=judge%20penny%20brown%20reynolds%20husband&fr2=sg-gac&fr=yfp-t-900-s&pqstr=judge%20penny%20brown%20" "Mozilla/5.0 (compatible; MSIE 10.0; Windows NT 6.1; WOW64; Trident/6.0)"
66.249.75.108 - - [09/Aug/2013:19:24:43 -0400] "GET /press-room.php HTTP/1.1" 200 6775 "-" "Mozilla/5.0 (compatible; Googlebot/2.1; +http://www.google.com/bot.html)"
180.76.5.97 - - [09/Aug/2013:19:55:47 -0400] "GET / HTTP/1.1" 200 8953 "-" "Mozilla/5.0 (compatible; Baiduspider/2.0; +http://www.baidu.com/search/spider.html)"
123.125.71.117 - - [09/Aug/2013:22:13:18 -0400] "GET /robots.txt HTTP/1.1" 404 575 "-" "Mozilla/5.0 (compatible; Baiduspider/2.0; +http://www.baidu.com/search/spider.html)"
199.30.24.78 - - [09/Aug/2013:22:17:11 -0400] "GET /css/style.css HTTP/1.1" 200 9522 "http://judgepenny.com/" "Mozilla/5.0 (Windows NT 6.1; WOW64) AppleWebKit/534+ (KHTML, like Gecko) BingPreview/1.0b"
199.30.24.78 - - [09/Aug/2013:22:17:11 -0400] "GET /css/default.css HTTP/1.1" 200 1295 "http://judgepenny.com/" "Mozilla/5.0 (Windows NT 6.1; WOW64) AppleWebKit/534+ (KHTML, like Gecko) BingPreview/1.0b"
66.249.75.108 - - [09/Aug/2013:22:18:54 -0400] "GET /judge-penny-story.php HTTP/1.1" 200 13963 "-" "DoCoMo/2.0 N905i(c100;TB;W24H16) (compatible; Googlebot-Mobile/2.1; +http://www.google.com/bot.html)"
50.17.16.164 - - [09/Aug/2013:23:10:48 -0400] "GET / HTTP/1.0" 200 8953 "-" "-"
50.17.16.164 - - [09/Aug/2013:23:10:50 -0400] "GET / HTTP/1.0" 200 8953 "-" "-"
