70.71.115.34 - - [02/Aug/2013:00:16:32 -0400] "GET /penny-for-your-thoughts.php HTTP/1.1" 200 11765 "-" "Mozilla/5.0 (Windows NT 6.1; WOW64) AppleWebKit/537.1 (KHTML, like Gecko) Chrome/21.0.1180.83 Safari/537.1"
66.249.75.108 - - [02/Aug/2013:00:29:57 -0400] "GET /shopping.php HTTP/1.1" 200 8086 "-" "Mozilla/5.0 (compatible; Googlebot/2.1; +http://www.google.com/bot.html)"
166.137.156.18 - - [02/Aug/2013:02:17:28 -0400] "GET / HTTP/1.1" 200 8953 "http://bummyla.wordpress.com/2012/10/04/the-unstoppable-generation-1-peter-29-12-by-pastor-abioye-olaoluwa-rccg-national-youth-prayer-coordinator/" "Mozilla/5.0 (iPad; CPU OS 5_1_1 like Mac OS X) AppleWebKit/534.46 (KHTML, like Gecko) Version/5.1 Mobile/9B206 Safari/7534.48.3"
166.137.156.18 - - [02/Aug/2013:02:17:28 -0400] "GET /videos/jwplayer.js HTTP/1.1" 200 133009 "http://judgepenny.com/" "Mozilla/5.0 (iPad; CPU OS 5_1_1 like Mac OS X) AppleWebKit/534.46 (KHTML, like Gecko) Version/5.1 Mobile/9B206 Safari/7534.48.3"
166.137.156.18 - - [02/Aug/2013:02:17:28 -0400] "GET /css/default.css HTTP/1.1" 200 1295 "http://judgepenny.com/" "Mozilla/5.0 (iPad; CPU OS 5_1_1 like Mac OS X) AppleWebKit/534.46 (KHTML, like Gecko) Version/5.1 Mobile/9B206 Safari/7534.48.3"
166.137.156.18 - - [02/Aug/2013:02:17:28 -0400] "GET /slide-style.css HTTP/1.1" 404 575 "http://judgepenny.com/" "Mozilla/5.0 (iPad; CPU OS 5_1_1 like Mac OS X) AppleWebKit/534.46 (KHTML, like Gecko) Version/5.1 Mobile/9B206 Safari/7534.48.3"
166.137.156.18 - - [02/Aug/2013:02:17:28 -0400] "GET /css/style.css HTTP/1.1" 200 9522 "http://judgepenny.com/" "Mozilla/5.0 (iPad; CPU OS 5_1_1 like Mac OS X) AppleWebKit/534.46 (KHTML, like Gecko) Version/5.1 Mobile/9B206 Safari/7534.48.3"
166.137.156.18 - - [02/Aug/2013:02:17:28 -0400] "GET /css/nivo-slider.css HTTP/1.1" 200 1430 "http://judgepenny.com/" "Mozilla/5.0 (iPad; CPU OS 5_1_1 like Mac OS X) AppleWebKit/534.46 (KHTML, like Gecko) Version/5.1 Mobile/9B206 Safari/7534.48.3"
166.137.156.18 - - [02/Aug/2013:02:17:29 -0400] "GET /js/jquery.nivo.slider.pack.js HTTP/1.1" 200 15854 "http://judgepenny.com/" "Mozilla/5.0 (iPad; CPU OS 5_1_1 like Mac OS X) AppleWebKit/534.46 (KHTML, like Gecko) Version/5.1 Mobile/9B206 Safari/7534.48.3"
166.137.156.18 - - [02/Aug/2013:02:17:29 -0400] "GET /images/judge-jenny.png HTTP/1.1" 200 28663 "http://judgepenny.com/" "Mozilla/5.0 (iPad; CPU OS 5_1_1 like Mac OS X) AppleWebKit/534.46 (KHTML, like Gecko) Version/5.1 Mobile/9B206 Safari/7534.48.3"
166.137.156.18 - - [02/Aug/2013:02:17:29 -0400] "GET /images/twitter.png HTTP/1.1" 200 2703 "http://judgepenny.com/" "Mozilla/5.0 (iPad; CPU OS 5_1_1 like Mac OS X) AppleWebKit/534.46 (KHTML, like Gecko) Version/5.1 Mobile/9B206 Safari/7534.48.3"
166.137.156.18 - - [02/Aug/2013:02:17:29 -0400] "GET /images/linked-in.png HTTP/1.1" 200 2575 "http://judgepenny.com/" "Mozilla/5.0 (iPad; CPU OS 5_1_1 like Mac OS X) AppleWebKit/534.46 (KHTML, like Gecko) Version/5.1 Mobile/9B206 Safari/7534.48.3"
166.137.156.18 - - [02/Aug/2013:02:17:29 -0400] "GET /images/you-tube.png HTTP/1.1" 200 3090 "http://judgepenny.com/" "Mozilla/5.0 (iPad; CPU OS 5_1_1 like Mac OS X) AppleWebKit/534.46 (KHTML, like Gecko) Version/5.1 Mobile/9B206 Safari/7534.48.3"
166.137.156.18 - - [02/Aug/2013:02:17:29 -0400] "GET /images/m-btm.png HTTP/1.1" 200 741 "http://judgepenny.com/" "Mozilla/5.0 (iPad; CPU OS 5_1_1 like Mac OS X) AppleWebKit/534.46 (KHTML, like Gecko) Version/5.1 Mobile/9B206 Safari/7534.48.3"
166.137.156.18 - - [02/Aug/2013:02:17:29 -0400] "GET /images/seprator.png HTTP/1.1" 200 429 "http://judgepenny.com/" "Mozilla/5.0 (iPad; CPU OS 5_1_1 like Mac OS X) AppleWebKit/534.46 (KHTML, like Gecko) Version/5.1 Mobile/9B206 Safari/7534.48.3"
166.137.156.18 - - [02/Aug/2013:02:17:29 -0400] "GET /slideshow/images/book.jpg HTTP/1.1" 200 132593 "http://judgepenny.com/" "Mozilla/5.0 (iPad; CPU OS 5_1_1 like Mac OS X) AppleWebKit/534.46 (KHTML, like Gecko) Version/5.1 Mobile/9B206 Safari/7534.48.3"
166.137.156.18 - - [02/Aug/2013:02:17:29 -0400] "GET /images/bg.jpg HTTP/1.1" 200 71900 "http://judgepenny.com/" "Mozilla/5.0 (iPad; CPU OS 5_1_1 like Mac OS X) AppleWebKit/534.46 (KHTML, like Gecko) Version/5.1 Mobile/9B206 Safari/7534.48.3"
166.137.156.18 - - [02/Aug/2013:02:17:29 -0400] "GET /css/loading.gif HTTP/1.1" 200 1737 "http://judgepenny.com/" "Mozilla/5.0 (iPad; CPU OS 5_1_1 like Mac OS X) AppleWebKit/534.46 (KHTML, like Gecko) Version/5.1 Mobile/9B206 Safari/7534.48.3"
166.137.156.18 - - [02/Aug/2013:02:17:29 -0400] "GET /slideshow/images/judge_penny_foundation.jpg HTTP/1.1" 200 175194 "http://judgepenny.com/" "Mozilla/5.0 (iPad; CPU OS 5_1_1 like Mac OS X) AppleWebKit/534.46 (KHTML, like Gecko) Version/5.1 Mobile/9B206 Safari/7534.48.3"
166.137.156.18 - - [02/Aug/2013:02:17:29 -0400] "GET /images/h-right.png HTTP/1.1" 200 279 "http://judgepenny.com/" "Mozilla/5.0 (iPad; CPU OS 5_1_1 like Mac OS X) AppleWebKit/534.46 (KHTML, like Gecko) Version/5.1 Mobile/9B206 Safari/7534.48.3"
166.137.156.18 - - [02/Aug/2013:02:17:29 -0400] "GET /images/h-left.png HTTP/1.1" 200 137 "http://judgepenny.com/" "Mozilla/5.0 (iPad; CPU OS 5_1_1 like Mac OS X) AppleWebKit/534.46 (KHTML, like Gecko) Version/5.1 Mobile/9B206 Safari/7534.48.3"
166.137.156.18 - - [02/Aug/2013:02:17:29 -0400] "GET /images/jenny-header.png HTTP/1.1" 200 69160 "http://judgepenny.com/" "Mozilla/5.0 (iPad; CPU OS 5_1_1 like Mac OS X) AppleWebKit/534.46 (KHTML, like Gecko) Version/5.1 Mobile/9B206 Safari/7534.48.3"
166.137.156.18 - - [02/Aug/2013:02:17:29 -0400] "GET /images/m-center.png HTTP/1.1" 200 191 "http://judgepenny.com/" "Mozilla/5.0 (iPad; CPU OS 5_1_1 like Mac OS X) AppleWebKit/534.46 (KHTML, like Gecko) Version/5.1 Mobile/9B206 Safari/7534.48.3"
166.137.156.18 - - [02/Aug/2013:02:17:29 -0400] "GET /images/mail-div.png HTTP/1.1" 200 1078 "http://judgepenny.com/" "Mozilla/5.0 (iPad; CPU OS 5_1_1 like Mac OS X) AppleWebKit/534.46 (KHTML, like Gecko) Version/5.1 Mobile/9B206 Safari/7534.48.3"
166.137.156.18 - - [02/Aug/2013:02:17:29 -0400] "GET /images/side-bg.png HTTP/1.1" 200 168 "http://judgepenny.com/" "Mozilla/5.0 (iPad; CPU OS 5_1_1 like Mac OS X) AppleWebKit/534.46 (KHTML, like Gecko) Version/5.1 Mobile/9B206 Safari/7534.48.3"
166.137.156.18 - - [02/Aug/2013:02:17:29 -0400] "GET /images/s-top.png HTTP/1.1" 200 440 "http://judgepenny.com/" "Mozilla/5.0 (iPad; CPU OS 5_1_1 like Mac OS X) AppleWebKit/534.46 (KHTML, like Gecko) Version/5.1 Mobile/9B206 Safari/7534.48.3"
166.137.156.18 - - [02/Aug/2013:02:17:29 -0400] "GET /images/facebook.png HTTP/1.1" 200 2371 "http://judgepenny.com/" "Mozilla/5.0 (iPad; CPU OS 5_1_1 like Mac OS X) AppleWebKit/534.46 (KHTML, like Gecko) Version/5.1 Mobile/9B206 Safari/7534.48.3"
166.137.156.18 - - [02/Aug/2013:02:17:29 -0400] "GET /images/s-btm.png HTTP/1.1" 200 605 "http://judgepenny.com/" "Mozilla/5.0 (iPad; CPU OS 5_1_1 like Mac OS X) AppleWebKit/534.46 (KHTML, like Gecko) Version/5.1 Mobile/9B206 Safari/7534.48.3"
166.137.156.18 - - [02/Aug/2013:02:17:29 -0400] "GET /images/ftr-bg.png HTTP/1.1" 200 198 "http://judgepenny.com/" "Mozilla/5.0 (iPad; CPU OS 5_1_1 like Mac OS X) AppleWebKit/534.46 (KHTML, like Gecko) Version/5.1 Mobile/9B206 Safari/7534.48.3"
166.137.156.18 - - [02/Aug/2013:02:17:29 -0400] "GET /css/arrows.png HTTP/1.1" 200 824 "http://judgepenny.com/" "Mozilla/5.0 (iPad; CPU OS 5_1_1 like Mac OS X) AppleWebKit/534.46 (KHTML, like Gecko) Version/5.1 Mobile/9B206 Safari/7534.48.3"
166.137.156.18 - - [02/Aug/2013:02:17:29 -0400] "GET /css/bullets.png HTTP/1.1" 200 1281 "http://judgepenny.com/" "Mozilla/5.0 (iPad; CPU OS 5_1_1 like Mac OS X) AppleWebKit/534.46 (KHTML, like Gecko) Version/5.1 Mobile/9B206 Safari/7534.48.3"
166.137.156.18 - - [02/Aug/2013:02:17:29 -0400] "GET /slideshow/images/judge_penny_speaking_request.png HTTP/1.1" 200 291884 "http://judgepenny.com/" "Mozilla/5.0 (iPad; CPU OS 5_1_1 like Mac OS X) AppleWebKit/534.46 (KHTML, like Gecko) Version/5.1 Mobile/9B206 Safari/7534.48.3"
166.137.156.18 - - [02/Aug/2013:02:17:33 -0400] "GET /slideshow/images/judge_penny_the_judge.jpg HTTP/1.1" 200 151096 "http://judgepenny.com/" "Mozilla/5.0 (iPad; CPU OS 5_1_1 like Mac OS X) AppleWebKit/534.46 (KHTML, like Gecko) Version/5.1 Mobile/9B206 Safari/7534.48.3"
166.137.156.18 - - [02/Aug/2013:02:17:34 -0400] "GET /images/m-top.png HTTP/1.1" 200 574 "http://judgepenny.com/" "Mozilla/5.0 (iPad; CPU OS 5_1_1 like Mac OS X) AppleWebKit/534.46 (KHTML, like Gecko) Version/5.1 Mobile/9B206 Safari/7534.48.3"
66.249.75.108 - - [02/Aug/2013:02:31:40 -0400] "GET /foundation.htm HTTP/1.1" 404 575 "-" "Mozilla/5.0 (compatible; Googlebot/2.1; +http://www.google.com/bot.html)"
183.60.215.21 - - [02/Aug/2013:02:47:05 -0400] "GET /robots.txt HTTP/1.1" 404 575 "-" "Mozilla/5.0 (compatible; EasouSpider; +http://www.easou.com/search/spider.html)"
162.200.28.131 - - [02/Aug/2013:02:53:28 -0400] "GET /judge-penny-story.php HTTP/1.1" 302 401 "http://www.bing.com/search?q=judge+penny&form=IE10TR&src=IE10TR&pc=MATBJS" "Mozilla/5.0 (compatible; MSIE 10.0; Windows NT 6.2; WOW64; Trident/6.0; MATBJS)"
162.200.28.131 - - [02/Aug/2013:02:53:35 -0400] "GET /biography.php HTTP/1.1" 200 9590 "http://www.bing.com/search?q=judge+penny&form=IE10TR&src=IE10TR&pc=MATBJS" "Mozilla/5.0 (compatible; MSIE 10.0; Windows NT 6.2; WOW64; Trident/6.0; MATBJS)"
162.200.28.131 - - [02/Aug/2013:02:53:36 -0400] "GET /videos/jwplayer.js HTTP/1.1" 200 133009 "http://judgepenny.com/biography.php" "Mozilla/5.0 (compatible; MSIE 10.0; Windows NT 6.2; WOW64; Trident/6.0; MATBJS)"
162.200.28.131 - - [02/Aug/2013:02:53:37 -0400] "GET /css/style.css HTTP/1.1" 200 9522 "http://judgepenny.com/biography.php" "Mozilla/5.0 (compatible; MSIE 10.0; Windows NT 6.2; WOW64; Trident/6.0; MATBJS)"
162.200.28.131 - - [02/Aug/2013:02:53:37 -0400] "GET /css/default.css HTTP/1.1" 200 1295 "http://judgepenny.com/biography.php" "Mozilla/5.0 (compatible; MSIE 10.0; Windows NT 6.2; WOW64; Trident/6.0; MATBJS)"
162.200.28.131 - - [02/Aug/2013:02:53:37 -0400] "GET /css/nivo-slider.css HTTP/1.1" 200 1430 "http://judgepenny.com/biography.php" "Mozilla/5.0 (compatible; MSIE 10.0; Windows NT 6.2; WOW64; Trident/6.0; MATBJS)"
162.200.28.131 - - [02/Aug/2013:02:53:37 -0400] "GET /slide-style.css HTTP/1.1" 404 575 "http://judgepenny.com/biography.php" "Mozilla/5.0 (compatible; MSIE 10.0; Windows NT 6.2; WOW64; Trident/6.0; MATBJS)"
162.200.28.131 - - [02/Aug/2013:02:53:37 -0400] "GET /images/judge-jenny.png HTTP/1.1" 200 28663 "http://judgepenny.com/biography.php" "Mozilla/5.0 (compatible; MSIE 10.0; Windows NT 6.2; WOW64; Trident/6.0; MATBJS)"
162.200.28.131 - - [02/Aug/2013:02:53:37 -0400] "GET /images/facebook.png HTTP/1.1" 200 2371 "http://judgepenny.com/biography.php" "Mozilla/5.0 (compatible; MSIE 10.0; Windows NT 6.2; WOW64; Trident/6.0; MATBJS)"
162.200.28.131 - - [02/Aug/2013:02:53:37 -0400] "GET /images/twitter.png HTTP/1.1" 200 2703 "http://judgepenny.com/biography.php" "Mozilla/5.0 (compatible; MSIE 10.0; Windows NT 6.2; WOW64; Trident/6.0; MATBJS)"
162.200.28.131 - - [02/Aug/2013:02:53:37 -0400] "GET /images/linked-in.png HTTP/1.1" 200 2575 "http://judgepenny.com/biography.php" "Mozilla/5.0 (compatible; MSIE 10.0; Windows NT 6.2; WOW64; Trident/6.0; MATBJS)"
162.200.28.131 - - [02/Aug/2013:02:53:37 -0400] "GET /images/you-tube.png HTTP/1.1" 200 3090 "http://judgepenny.com/biography.php" "Mozilla/5.0 (compatible; MSIE 10.0; Windows NT 6.2; WOW64; Trident/6.0; MATBJS)"
162.200.28.131 - - [02/Aug/2013:02:53:37 -0400] "GET /images/buy-now.png HTTP/1.1" 200 89906 "http://judgepenny.com/biography.php" "Mozilla/5.0 (compatible; MSIE 10.0; Windows NT 6.2; WOW64; Trident/6.0; MATBJS)"
162.200.28.131 - - [02/Aug/2013:02:53:37 -0400] "GET /images/judge.png HTTP/1.1" 200 164424 "http://judgepenny.com/biography.php" "Mozilla/5.0 (compatible; MSIE 10.0; Windows NT 6.2; WOW64; Trident/6.0; MATBJS)"
162.200.28.131 - - [02/Aug/2013:02:53:37 -0400] "GET /images/main-btm.png HTTP/1.1" 200 398 "http://judgepenny.com/biography.php" "Mozilla/5.0 (compatible; MSIE 10.0; Windows NT 6.2; WOW64; Trident/6.0; MATBJS)"
162.200.28.131 - - [02/Aug/2013:02:53:41 -0400] "GET /images/btn.png HTTP/1.1" 200 512 "http://judgepenny.com/biography.php" "Mozilla/5.0 (compatible; MSIE 10.0; Windows NT 6.2; WOW64; Trident/6.0; MATBJS)"
162.200.28.131 - - [02/Aug/2013:02:53:41 -0400] "GET /images/h-div.png HTTP/1.1" 200 1503 "http://judgepenny.com/biography.php" "Mozilla/5.0 (compatible; MSIE 10.0; Windows NT 6.2; WOW64; Trident/6.0; MATBJS)"
162.200.28.131 - - [02/Aug/2013:02:53:42 -0400] "GET /images/seprator.png HTTP/1.1" 200 429 "http://judgepenny.com/biography.php" "Mozilla/5.0 (compatible; MSIE 10.0; Windows NT 6.2; WOW64; Trident/6.0; MATBJS)"
162.200.28.131 - - [02/Aug/2013:02:53:42 -0400] "GET /images/sub-menu.png HTTP/1.1" 200 6956 "http://judgepenny.com/biography.php" "Mozilla/5.0 (compatible; MSIE 10.0; Windows NT 6.2; WOW64; Trident/6.0; MATBJS)"
162.200.28.131 - - [02/Aug/2013:02:53:42 -0400] "GET /images/jenny-header.png HTTP/1.1" 200 69160 "http://judgepenny.com/biography.php" "Mozilla/5.0 (compatible; MSIE 10.0; Windows NT 6.2; WOW64; Trident/6.0; MATBJS)"
162.200.28.131 - - [02/Aug/2013:02:53:42 -0400] "GET /images/bg.jpg HTTP/1.1" 200 71900 "http://judgepenny.com/biography.php" "Mozilla/5.0 (compatible; MSIE 10.0; Windows NT 6.2; WOW64; Trident/6.0; MATBJS)"
162.200.28.131 - - [02/Aug/2013:02:53:42 -0400] "GET /images/ftr-bg.png HTTP/1.1" 200 198 "http://judgepenny.com/biography.php" "Mozilla/5.0 (compatible; MSIE 10.0; Windows NT 6.2; WOW64; Trident/6.0; MATBJS)"
162.200.28.131 - - [02/Aug/2013:02:53:42 -0400] "GET /images/entry-bg.png HTTP/1.1" 200 18958 "http://judgepenny.com/biography.php" "Mozilla/5.0 (compatible; MSIE 10.0; Windows NT 6.2; WOW64; Trident/6.0; MATBJS)"
162.200.28.131 - - [02/Aug/2013:02:53:42 -0400] "GET /images/right-div.png HTTP/1.1" 200 5479 "http://judgepenny.com/biography.php" "Mozilla/5.0 (compatible; MSIE 10.0; Windows NT 6.2; WOW64; Trident/6.0; MATBJS)"
162.200.28.131 - - [02/Aug/2013:02:53:47 -0400] "GET /favicon.ico HTTP/1.1" 404 575 "-" "Mozilla/5.0 (compatible; MSIE 10.0; Windows NT 6.2; Win64; x64; Trident/6.0; MATBJS)"
157.56.92.158 - - [02/Aug/2013:03:36:58 -0400] "GET /robots.txt HTTP/1.1" 404 575 "-" "Mozilla/5.0 (compatible; bingbot/2.0; +http://www.bing.com/bingbot.htm)"
157.56.92.158 - - [02/Aug/2013:03:37:41 -0400] "GET /foundation.htm HTTP/1.1" 404 575 "-" "Mozilla/5.0 (compatible; bingbot/2.0; +http://www.bing.com/bingbot.htm)"
71.103.158.236 - - [02/Aug/2013:05:03:40 -0400] "GET /beyond-the-robe.php HTTP/1.0" 200 8574 "-" "Mozilla/5.0 (X11; Ubuntu; Linux x86_64; rv:16.0) Gecko/20100101 Firefox/16.0"
157.55.35.112 - - [02/Aug/2013:05:06:34 -0400] "GET /robots.txt HTTP/1.1" 404 575 "-" "Mozilla/5.0 (compatible; bingbot/2.0; +http://www.bing.com/bingbot.htm)"
157.55.35.112 - - [02/Aug/2013:05:08:43 -0400] "GET / HTTP/1.1" 200 8953 "-" "Mozilla/5.0 (compatible; bingbot/2.0; +http://www.bing.com/bingbot.htm)"
66.249.75.108 - - [02/Aug/2013:05:46:26 -0400] "GET /robots.txt HTTP/1.1" 404 575 "-" "Mozilla/5.0 (compatible; Googlebot/2.1; +http://www.google.com/bot.html)"
66.249.75.108 - - [02/Aug/2013:05:46:26 -0400] "GET / HTTP/1.1" 200 8953 "-" "Mozilla/5.0 (compatible; Googlebot/2.1; +http://www.google.com/bot.html)"
123.125.71.33 - - [02/Aug/2013:06:30:58 -0400] "GET /images/m-btm.png HTTP/1.1" 200 741 "-" "Baiduspider-image+(+http://www.baidu.com/search/spider.htm)"
220.181.108.94 - - [02/Aug/2013:06:49:57 -0400] "GET /press-room.php HTTP/1.1" 200 6775 "-" "Mozilla/5.0 (compatible; Baiduspider/2.0; +http://www.baidu.com/search/spider.html)"
123.125.71.99 - - [02/Aug/2013:06:50:04 -0400] "GET /videos/jwplayer.js HTTP/1.1" 200 133009 "http://www.judgepenny.com/press-room.php" "Mozilla/5.0 (X11; U; Linux x86_64; en-US; rv:1.9) Gecko Minefield/3.0"
157.55.35.112 - - [02/Aug/2013:06:56:04 -0400] "GET /robots.txt HTTP/1.1" 404 575 "-" "Mozilla/5.0 (compatible; bingbot/2.0; +http://www.bing.com/bingbot.htm)"
157.55.35.112 - - [02/Aug/2013:06:57:20 -0400] "GET /judge-penny-foundation.php HTTP/1.1" 200 7746 "-" "Mozilla/5.0 (compatible; bingbot/2.0; +http://www.bing.com/bingbot.htm)"
220.181.108.95 - - [02/Aug/2013:07:19:07 -0400] "GET /images/story.jpg HTTP/1.1" 200 76093 "-" "Baiduspider-image+(+http://www.baidu.com/search/spider.htm)"
71.103.158.236 - - [02/Aug/2013:07:24:19 -0400] "GET /press-room.php HTTP/1.0" 200 6775 "-" "Mozilla/5.0 (X11; Ubuntu; Linux x86_64; rv:16.0) Gecko/20100101 Firefox/16.0"
178.154.243.82 - - [02/Aug/2013:07:37:19 -0400] "GET /images/girls_with_pearls.png HTTP/1.1" 304 - "-" "Mozilla/5.0 (compatible; YandexImages/3.0; +http://yandex.com/bots)"
157.55.35.112 - - [02/Aug/2013:07:49:46 -0400] "GET /biography.html HTTP/1.1" 404 575 "-" "Mozilla/5.0 (compatible; bingbot/2.0; +http://www.bing.com/bingbot.htm)"
178.154.243.82 - - [02/Aug/2013:08:19:51 -0400] "GET /images/m-btm.png HTTP/1.1" 304 - "-" "Mozilla/5.0 (compatible; YandexImages/3.0; +http://yandex.com/bots)"
2.93.175.117 - - [02/Aug/2013:08:54:40 -0400] "GET / HTTP/1.0" 200 8953 "-" "Mozilla/4.0 (compatible; MSIE 6.0; Windows NT 5.1)"
178.154.243.82 - - [02/Aug/2013:09:09:53 -0400] "GET /images/linked-in.png HTTP/1.1" 304 - "-" "Mozilla/5.0 (compatible; YandexImages/3.0; +http://yandex.com/bots)"
123.125.71.24 - - [02/Aug/2013:09:37:22 -0400] "GET /robots.txt HTTP/1.1" 404 575 "-" "Mozilla/5.0 (compatible; Baiduspider/2.0; +http://www.baidu.com/search/spider.html)"
218.30.103.39 - - [02/Aug/2013:09:43:48 -0400] "GET /robots.txt HTTP/1.1" 404 575 "-" "Sogou web spider/4.0"
218.30.103.39 - - [02/Aug/2013:09:43:48 -0400] "GET / HTTP/1.1" 200 8953 "-" "Sogou web spider/4.0(+http://www.sogou.com/docs/help/webmasters.htm#07)"
157.55.35.112 - - [02/Aug/2013:09:54:09 -0400] "GET /robots.txt HTTP/1.1" 404 575 "-" "Mozilla/5.0 (compatible; bingbot/2.0; +http://www.bing.com/bingbot.htm)"
157.55.35.112 - - [02/Aug/2013:09:55:18 -0400] "GET / HTTP/1.1" 200 8953 "-" "Mozilla/5.0 (compatible; bingbot/2.0; +http://www.bing.com/bingbot.htm)"
178.137.93.32 - - [02/Aug/2013:09:56:02 -0400] "GET / HTTP/1.1" 200 8953 "http://imonger.ru/" "Mozilla/4.0 (compatible; MSIE 6.0; Windows NT 5.2; SV1; .NET CLR 1.1.4322; .NET CLR 2.0.50727)"
178.137.93.32 - - [02/Aug/2013:09:56:02 -0400] "GET / HTTP/1.1" 200 8953 "http://imonger.ru/" "Mozilla/4.0 (compatible; MSIE 6.0; Windows NT 5.2; SV1; .NET CLR 1.1.4322; .NET CLR 2.0.50727)"
178.154.243.82 - - [02/Aug/2013:10:13:01 -0400] "GET /images/pic5.jpg HTTP/1.1" 304 - "-" "Mozilla/5.0 (compatible; YandexImages/3.0; +http://yandex.com/bots)"
208.115.113.86 - - [02/Aug/2013:10:24:34 -0400] "GET /robots.txt HTTP/1.1" 404 575 "-" "Mozilla/5.0 (compatible; Ezooms/1.0; ezooms.bot@gmail.com)"
218.30.103.39 - - [02/Aug/2013:10:26:15 -0400] "GET / HTTP/1.1" 200 8953 "-" "Sogou web spider/4.0(+http://www.sogou.com/docs/help/webmasters.htm#07)"
157.55.35.112 - - [02/Aug/2013:10:36:18 -0400] "GET / HTTP/1.1" 200 8953 "-" "Mozilla/5.0 (compatible; bingbot/2.0; +http://www.bing.com/bingbot.htm)"
157.56.92.158 - - [02/Aug/2013:10:37:08 -0400] "GET /slideshow/images/judge_penny_speaking_request.png HTTP/1.1" 200 291884 "-" "Mozilla/5.0 (compatible; bingbot/2.0; +http://www.bing.com/bingbot.htm)"
157.56.92.158 - - [02/Aug/2013:10:37:23 -0400] "GET /images/linked-in.png HTTP/1.1" 200 2575 "-" "Mozilla/5.0 (compatible; bingbot/2.0; +http://www.bing.com/bingbot.htm)"
157.56.92.158 - - [02/Aug/2013:10:37:24 -0400] "GET /images/judge-jenny.png HTTP/1.1" 200 28663 "-" "Mozilla/5.0 (compatible; bingbot/2.0; +http://www.bing.com/bingbot.htm)"
157.56.92.158 - - [02/Aug/2013:10:37:25 -0400] "GET /videos/jwplayer.js HTTP/1.1" 200 133009 "-" "Mozilla/5.0 (compatible; bingbot/2.0; +http://www.bing.com/bingbot.htm)"
157.55.35.112 - - [02/Aug/2013:10:37:38 -0400] "GET /css/nivo-slider.css HTTP/1.1" 200 1430 "-" "Mozilla/5.0 (compatible; bingbot/2.0; +http://www.bing.com/bingbot.htm)"
157.55.35.112 - - [02/Aug/2013:10:37:40 -0400] "GET /css/default.css HTTP/1.1" 200 1295 "-" "Mozilla/5.0 (compatible; bingbot/2.0; +http://www.bing.com/bingbot.htm)"
157.55.35.112 - - [02/Aug/2013:10:37:41 -0400] "GET /css/style.css HTTP/1.1" 200 9522 "-" "Mozilla/5.0 (compatible; bingbot/2.0; +http://www.bing.com/bingbot.htm)"
157.55.35.112 - - [02/Aug/2013:10:37:41 -0400] "GET /slideshow/images/judge_penny_the_judge.jpg HTTP/1.1" 200 151096 "-" "Mozilla/5.0 (compatible; bingbot/2.0; +http://www.bing.com/bingbot.htm)"
157.55.35.112 - - [02/Aug/2013:10:37:42 -0400] "GET /images/twitter.png HTTP/1.1" 200 2703 "-" "Mozilla/5.0 (compatible; bingbot/2.0; +http://www.bing.com/bingbot.htm)"
157.55.35.112 - - [02/Aug/2013:10:37:43 -0400] "GET /images/facebook.png HTTP/1.1" 200 2371 "-" "Mozilla/5.0 (compatible; bingbot/2.0; +http://www.bing.com/bingbot.htm)"
157.55.35.112 - - [02/Aug/2013:10:37:44 -0400] "GET /js/jquery.nivo.slider.pack.js HTTP/1.1" 200 15854 "-" "Mozilla/5.0 (compatible; bingbot/2.0; +http://www.bing.com/bingbot.htm)"
157.55.35.112 - - [02/Aug/2013:10:37:46 -0400] "GET /slideshow/images/judge_penny_opportunity.jpg HTTP/1.1" 200 99540 "-" "Mozilla/5.0 (compatible; bingbot/2.0; +http://www.bing.com/bingbot.htm)"
157.55.32.39 - - [02/Aug/2013:10:38:08 -0400] "GET /slideshow/images/judge_penny_foundation.jpg HTTP/1.1" 200 175194 "-" "Mozilla/5.0 (compatible; bingbot/2.0; +http://www.bing.com/bingbot.htm)"
157.55.32.39 - - [02/Aug/2013:10:38:09 -0400] "GET /slideshow/images/book.jpg HTTP/1.1" 200 132593 "-" "Mozilla/5.0 (compatible; bingbot/2.0; +http://www.bing.com/bingbot.htm)"
157.55.32.39 - - [02/Aug/2013:10:38:10 -0400] "GET /images/you-tube.png HTTP/1.1" 200 3090 "-" "Mozilla/5.0 (compatible; bingbot/2.0; +http://www.bing.com/bingbot.htm)"
178.154.243.82 - - [02/Aug/2013:11:30:12 -0400] "GET /images/m-top.png HTTP/1.1" 304 - "-" "Mozilla/5.0 (compatible; YandexImages/3.0; +http://yandex.com/bots)"
157.55.32.39 - - [02/Aug/2013:11:38:38 -0400] "GET /images/m-center.png HTTP/1.1" 200 191 "-" "Mozilla/5.0 (compatible; bingbot/2.0; +http://www.bing.com/bingbot.htm)"
157.55.32.39 - - [02/Aug/2013:11:38:39 -0400] "GET /images/s-btm.png HTTP/1.1" 200 605 "-" "Mozilla/5.0 (compatible; bingbot/2.0; +http://www.bing.com/bingbot.htm)"
157.55.32.39 - - [02/Aug/2013:11:38:40 -0400] "GET /images/seprator.png HTTP/1.1" 200 429 "-" "Mozilla/5.0 (compatible; bingbot/2.0; +http://www.bing.com/bingbot.htm)"
157.55.32.39 - - [02/Aug/2013:11:38:41 -0400] "GET /css/bullets.png HTTP/1.1" 200 1281 "-" "Mozilla/5.0 (compatible; bingbot/2.0; +http://www.bing.com/bingbot.htm)"
157.55.32.39 - - [02/Aug/2013:11:38:42 -0400] "GET /images/s-top.png HTTP/1.1" 200 440 "-" "Mozilla/5.0 (compatible; bingbot/2.0; +http://www.bing.com/bingbot.htm)"
157.56.92.158 - - [02/Aug/2013:11:39:38 -0400] "GET /images/jenny-header.png HTTP/1.1" 200 69160 "-" "Mozilla/5.0 (compatible; bingbot/2.0; +http://www.bing.com/bingbot.htm)"
157.56.92.176 - - [02/Aug/2013:11:40:08 -0400] "GET /images/h-left.png HTTP/1.1" 200 137 "-" "Mozilla/5.0 (compatible; bingbot/2.0; +http://www.bing.com/bingbot.htm)"
157.56.92.176 - - [02/Aug/2013:11:40:09 -0400] "GET /css/arrows.png HTTP/1.1" 200 824 "-" "Mozilla/5.0 (compatible; bingbot/2.0; +http://www.bing.com/bingbot.htm)"
157.56.92.176 - - [02/Aug/2013:11:40:10 -0400] "GET /slide-style.css HTTP/1.1" 404 575 "-" "Mozilla/5.0 (compatible; bingbot/2.0; +http://www.bing.com/bingbot.htm)"
157.56.92.176 - - [02/Aug/2013:11:40:11 -0400] "GET /images/ftr-bg.png HTTP/1.1" 200 198 "-" "Mozilla/5.0 (compatible; bingbot/2.0; +http://www.bing.com/bingbot.htm)"
157.56.92.176 - - [02/Aug/2013:11:40:12 -0400] "GET /images/mail-div.png HTTP/1.1" 200 1078 "-" "Mozilla/5.0 (compatible; bingbot/2.0; +http://www.bing.com/bingbot.htm)"
66.249.75.108 - - [02/Aug/2013:12:27:28 -0400] "GET /robots.txt HTTP/1.1" 404 575 "-" "Mozilla/5.0 (compatible; Googlebot/2.1; +http://www.google.com/bot.html)"
66.249.75.108 - - [02/Aug/2013:12:27:29 -0400] "GET /video-clips.php HTTP/1.1" 200 7451 "-" "Mozilla/5.0 (compatible; Googlebot/2.1; +http://www.google.com/bot.html)"
199.30.25.19 - - [02/Aug/2013:12:39:03 -0400] "GET /css/loading.gif HTTP/1.1" 200 1737 "http://judgepenny.com/" "Mozilla/5.0 (Windows NT 6.1; WOW64) AppleWebKit/534+ (KHTML, like Gecko) BingPreview/1.0b"
199.30.25.19 - - [02/Aug/2013:12:39:03 -0400] "GET /images/jenny-header.png HTTP/1.1" 200 69160 "http://judgepenny.com/" "Mozilla/5.0 (Windows NT 6.1; WOW64) AppleWebKit/534+ (KHTML, like Gecko) BingPreview/1.0b"
199.30.25.19 - - [02/Aug/2013:12:39:03 -0400] "GET /images/bg.jpg HTTP/1.1" 200 71900 "http://judgepenny.com/" "Mozilla/5.0 (Windows NT 6.1; WOW64) AppleWebKit/534+ (KHTML, like Gecko) BingPreview/1.0b"
199.30.25.19 - - [02/Aug/2013:12:39:04 -0400] "GET /images/h-right.png HTTP/1.1" 200 279 "http://judgepenny.com/" "Mozilla/5.0 (Windows NT 6.1; WOW64) AppleWebKit/534+ (KHTML, like Gecko) BingPreview/1.0b"
199.30.25.19 - - [02/Aug/2013:12:39:05 -0400] "GET /images/side-bg.png HTTP/1.1" 200 168 "http://judgepenny.com/" "Mozilla/5.0 (Windows NT 6.1; WOW64) AppleWebKit/534+ (KHTML, like Gecko) BingPreview/1.0b"
66.249.75.108 - - [02/Aug/2013:12:42:52 -0400] "GET /books.htm HTTP/1.1" 404 575 "-" "Mozilla/5.0 (compatible; Googlebot/2.1; +http://www.google.com/bot.html)"
66.249.75.108 - - [02/Aug/2013:12:43:03 -0400] "GET /judge-penny-foundation.php HTTP/1.1" 200 7746 "-" "Mozilla/5.0 (compatible; Googlebot/2.1; +http://www.google.com/bot.html)"
61.135.189.130 - - [02/Aug/2013:12:49:14 -0400] "GET /slide-style.css HTTP/1.1" 404 575 "-" "Mozilla/4.0 (compatible; MSIE 7.0; Windows NT 6.0; Trident/4.0)"
61.135.189.130 - - [02/Aug/2013:12:50:18 -0400] "GET /css/default.css HTTP/1.1" 200 1295 "-" "Mozilla/4.0 (compatible; MSIE 7.0; Windows NT 6.0; Trident/4.0)"
172.7.138.226 - - [02/Aug/2013:13:06:21 -0400] "GET /images/advice.jpg HTTP/1.1" 200 51293 "http://www.google.com/search?q=remember+you+walked+away&source=lnms&tbm=isch&sa=X&ei=DuX7Ub6jJ8OFiAK3p4DQBQ&ved=0CAcQ_AUoAQ&biw=320&bih=416" "Mozilla/5.0 (iPhone; CPU iPhone OS 6_1_3 like Mac OS X) AppleWebKit/536.26 (KHTML, like Gecko) Version/6.0 Mobile/10B329 Safari/8536.25"
220.181.108.170 - - [02/Aug/2013:13:07:48 -0400] "GET / HTTP/1.1" 200 8953 "-" "Mozilla/5.0 (compatible; Baiduspider/2.0; +http://www.baidu.com/search/spider.html)"
66.249.75.108 - - [02/Aug/2013:13:10:48 -0400] "GET /video-clips.php HTTP/1.1" 200 7451 "-" "Mozilla/5.0 (iPhone; U; CPU iPhone OS 4_1 like Mac OS X; en-us) AppleWebKit/532.9 (KHTML, like Gecko) Version/4.0.5 Mobile/8B117 Safari/6531.22.7 (compatible; Googlebot-Mobile/2.1; +http://www.google.com/bot.html)"
66.249.75.108 - - [02/Aug/2013:13:12:16 -0400] "GET / HTTP/1.1" 200 8953 "-" "SAMSUNG-SGH-E250/1.0 Profile/MIDP-2.0 Configuration/CLDC-1.1 UP.Browser/6.2.3.3.c.1.101 (GUI) MMP/2.0 (compatible; Googlebot-Mobile/2.1; +http://www.google.com/bot.html)"
178.154.243.82 - - [02/Aug/2013:13:13:54 -0400] "GET /images/s-menu-b.png HTTP/1.1" 304 - "-" "Mozilla/5.0 (compatible; YandexImages/3.0; +http://yandex.com/bots)"
123.125.71.90 - - [02/Aug/2013:14:08:27 -0400] "GET /images/m-top.png HTTP/1.1" 200 574 "-" "Baiduspider-image+(+http://www.baidu.com/search/spider.htm)"
86.130.171.8 - - [02/Aug/2013:15:04:04 -0400] "GET /images/advice.jpg HTTP/1.1" 200 51293 "https://www.google.co.uk/" "Mozilla/5.0 (iPhone; CPU iPhone OS 6_1_4 like Mac OS X) AppleWebKit/536.26 (KHTML, like Gecko) Version/6.0 Mobile/10B350 Safari/8536.25"
208.115.113.86 - - [02/Aug/2013:15:18:03 -0400] "GET /speaking_requests.php HTTP/1.1" 404 575 "-" "Mozilla/5.0 (compatible; Ezooms/1.0; ezooms.bot@gmail.com)"
108.14.82.29 - - [02/Aug/2013:15:28:40 -0400] "GET /robots.txt HTTP/1.1" 404 575 "-" "yacybot (freeworld/global; amd64 Linux 3.2.0-4-amd64; java 1.7.0_25; US/en) http://yacy.net/bot.html"
108.14.82.29 - - [02/Aug/2013:15:36:16 -0400] "GET / HTTP/1.1" 200 8953 "http://bummyla.wordpress.com/2012/03/16/god-is-sovereign/" "yacybot (freeworld/global; amd64 Linux 3.2.0-4-amd64; java 1.7.0_25; US/en) http://yacy.net/bot.html"
157.55.35.112 - - [02/Aug/2013:16:03:11 -0400] "GET /robots.txt HTTP/1.1" 404 575 "-" "Mozilla/5.0 (compatible; bingbot/2.0; +http://www.bing.com/bingbot.htm)"
178.154.243.82 - - [02/Aug/2013:16:06:31 -0400] "GET /robots.txt HTTP/1.1" 404 575 "-" "Mozilla/5.0 (compatible; YandexImages/3.0; +http://yandex.com/bots)"
157.55.35.112 - - [02/Aug/2013:16:08:39 -0400] "GET / HTTP/1.1" 200 8953 "-" "Mozilla/5.0 (compatible; bingbot/2.0; +http://www.bing.com/bingbot.htm)"
180.76.5.52 - - [02/Aug/2013:16:14:28 -0400] "GET /robots.txt HTTP/1.1" 404 575 "-" "Mozilla/5.0 (Windows NT 5.1; rv:6.0.2) Gecko/20100101 Firefox/6.0.2"
92.249.127.111 - - [02/Aug/2013:16:33:07 -0400] "GET / HTTP/1.1" 200 8953 "http://worldsonew.biz/" "Mozilla/5.0 (compatible; news bot /2.1)"
92.249.127.111 - - [02/Aug/2013:16:33:08 -0400] "GET / HTTP/1.1" 200 8953 "http://worldsonew.biz/" "Mozilla/5.0 (compatible; news bot /2.1)"
92.249.127.111 - - [02/Aug/2013:16:33:09 -0400] "GET / HTTP/1.1" 200 8953 "http://worldsonew.biz/" "Mozilla/5.0 (compatible; news bot /2.1)"
178.154.243.82 - - [02/Aug/2013:16:42:27 -0400] "GET /images/pic3.jpg HTTP/1.1" 304 - "-" "Mozilla/5.0 (compatible; YandexImages/3.0; +http://yandex.com/bots)"
98.253.124.212 - - [02/Aug/2013:16:47:35 -0400] "GET / HTTP/1.1" 302 360 "http://search.comcast.net/?cat=web&con=betac&form_submit=1&q=judge+penny&top_SearchSubmit=" "Mozilla/5.0 (compatible; MSIE 10.0; Windows NT 6.1; WOW64; Trident/6.0)"
98.253.124.212 - - [02/Aug/2013:16:47:46 -0400] "GET / HTTP/1.1" 302 360 "http://search.comcast.net/?cat=web&con=betac&form_submit=1&q=judge+penny&top_SearchSubmit=" "Mozilla/5.0 (compatible; MSIE 10.0; Windows NT 6.1; WOW64; Trident/6.0)"
98.253.124.212 - - [02/Aug/2013:16:47:46 -0400] "GET / HTTP/1.1" 302 360 "http://search.comcast.net/?cat=web&con=betac&form_submit=1&q=judge+penny&top_SearchSubmit=" "Mozilla/5.0 (compatible; MSIE 10.0; Windows NT 6.1; WOW64; Trident/6.0)"
98.253.124.212 - - [02/Aug/2013:16:47:46 -0400] "GET / HTTP/1.1" 302 360 "http://search.comcast.net/?cat=web&con=betac&form_submit=1&q=judge+penny&top_SearchSubmit=" "Mozilla/5.0 (compatible; MSIE 10.0; Windows NT 6.1; WOW64; Trident/6.0)"
98.253.124.212 - - [02/Aug/2013:16:47:46 -0400] "GET / HTTP/1.1" 302 360 "http://search.comcast.net/?cat=web&con=betac&form_submit=1&q=judge+penny&top_SearchSubmit=" "Mozilla/5.0 (compatible; MSIE 10.0; Windows NT 6.1; WOW64; Trident/6.0)"
98.253.124.212 - - [02/Aug/2013:16:47:46 -0400] "GET / HTTP/1.1" 302 360 "http://search.comcast.net/?cat=web&con=betac&form_submit=1&q=judge+penny&top_SearchSubmit=" "Mozilla/5.0 (compatible; MSIE 10.0; Windows NT 6.1; WOW64; Trident/6.0)"
98.253.124.212 - - [02/Aug/2013:16:47:46 -0400] "GET / HTTP/1.1" 302 360 "http://search.comcast.net/?cat=web&con=betac&form_submit=1&q=judge+penny&top_SearchSubmit=" "Mozilla/5.0 (compatible; MSIE 10.0; Windows NT 6.1; WOW64; Trident/6.0)"
98.253.124.212 - - [02/Aug/2013:16:47:46 -0400] "GET / HTTP/1.1" 302 360 "http://search.comcast.net/?cat=web&con=betac&form_submit=1&q=judge+penny&top_SearchSubmit=" "Mozilla/5.0 (compatible; MSIE 10.0; Windows NT 6.1; WOW64; Trident/6.0)"
98.253.124.212 - - [02/Aug/2013:16:48:24 -0400] "GET / HTTP/1.1" 302 360 "http://search.comcast.net/?cat=web&con=betac&form_submit=1&q=judge+penny+brown-reynolds&top_SearchSubmit=" "Mozilla/5.0 (compatible; MSIE 10.0; Windows NT 6.1; WOW64; Trident/6.0)"
98.253.124.212 - - [02/Aug/2013:16:48:42 -0400] "GET / HTTP/1.1" 302 360 "http://search.comcast.net/?cat=web&con=betac&form_submit=1&q=judge+penny+brown-reynolds&top_SearchSubmit=" "Mozilla/5.0 (compatible; MSIE 10.0; Windows NT 6.1; WOW64; Trident/6.0)"
98.253.124.212 - - [02/Aug/2013:16:48:45 -0400] "GET / HTTP/1.1" 302 360 "http://search.comcast.net/?cat=web&con=betac&form_submit=1&q=judge+penny+brown-reynolds&top_SearchSubmit=" "Mozilla/5.0 (compatible; MSIE 10.0; Windows NT 6.1; WOW64; Trident/6.0)"
188.143.232.31 - - [02/Aug/2013:17:31:31 -0400] "GET /speaking-requests.php HTTP/1.1" 200 14865 "-" "Mozilla/4.0 (compatible; MSIE 6.0; Windows NT 5.1; SV1)"
188.143.232.31 - - [02/Aug/2013:17:31:33 -0400] "POST /thank_you.php HTTP/1.1" 200 14715 "http://www.judgepenny.com/speaking-requests.php" "Mozilla/4.0 (compatible; MSIE 6.0; Windows NT 5.1; SV1)"
188.143.232.31 - - [02/Aug/2013:17:31:34 -0400] "POST /thank_you.php HTTP/1.1" 200 14715 "http://www.judgepenny.com/speaking-requests.php" "Mozilla/4.0 (compatible; MSIE 6.0; Windows NT 5.1; SV1)"
188.143.232.31 - - [02/Aug/2013:17:31:37 -0400] "POST /thank_you.php HTTP/1.1" 200 14715 "http://www.judgepenny.com/speaking-requests.php" "Mozilla/4.0 (compatible; MSIE 6.0; Windows NT 5.1; SV1)"
188.143.232.31 - - [02/Aug/2013:17:31:38 -0400] "POST /thank_you.php HTTP/1.1" 200 14715 "http://www.judgepenny.com/speaking-requests.php" "Mozilla/4.0 (compatible; MSIE 6.0; Windows NT 5.1; SV1)"
188.143.232.31 - - [02/Aug/2013:17:31:39 -0400] "POST /thank_you.php HTTP/1.1" 200 14715 "http://www.judgepenny.com/speaking-requests.php" "Mozilla/4.0 (compatible; MSIE 6.0; Windows NT 5.1; SV1)"
173.32.121.105 - - [02/Aug/2013:18:04:15 -0400] "GET /penny-for-your-thoughts.php HTTP/1.1" 200 11765 "-" "Mozilla/5.0 (iPhone; CPU iPhone OS 6_1_3 like Mac OS X) AppleWebKit/536.26 (KHTML, like Gecko) Version/6.0 Mobile/10B329 Safari/8536.25"
173.32.121.105 - - [02/Aug/2013:18:04:16 -0400] "GET /videos/jwplayer.js HTTP/1.1" 200 133009 "http://www.judgepenny.com/penny-for-your-thoughts.php" "Mozilla/5.0 (iPhone; CPU iPhone OS 6_1_3 like Mac OS X) AppleWebKit/536.26 (KHTML, like Gecko) Version/6.0 Mobile/10B329 Safari/8536.25"
173.32.121.105 - - [02/Aug/2013:18:04:16 -0400] "GET /css/default.css HTTP/1.1" 200 1295 "http://www.judgepenny.com/penny-for-your-thoughts.php" "Mozilla/5.0 (iPhone; CPU iPhone OS 6_1_3 like Mac OS X) AppleWebKit/536.26 (KHTML, like Gecko) Version/6.0 Mobile/10B329 Safari/8536.25"
173.32.121.105 - - [02/Aug/2013:18:04:16 -0400] "GET /css/style.css HTTP/1.1" 200 9522 "http://www.judgepenny.com/penny-for-your-thoughts.php" "Mozilla/5.0 (iPhone; CPU iPhone OS 6_1_3 like Mac OS X) AppleWebKit/536.26 (KHTML, like Gecko) Version/6.0 Mobile/10B329 Safari/8536.25"
173.32.121.105 - - [02/Aug/2013:18:04:16 -0400] "GET /slide-style.css HTTP/1.1" 404 575 "http://www.judgepenny.com/penny-for-your-thoughts.php" "Mozilla/5.0 (iPhone; CPU iPhone OS 6_1_3 like Mac OS X) AppleWebKit/536.26 (KHTML, like Gecko) Version/6.0 Mobile/10B329 Safari/8536.25"
173.32.121.105 - - [02/Aug/2013:18:04:16 -0400] "GET /css/nivo-slider.css HTTP/1.1" 200 1430 "http://www.judgepenny.com/penny-for-your-thoughts.php" "Mozilla/5.0 (iPhone; CPU iPhone OS 6_1_3 like Mac OS X) AppleWebKit/536.26 (KHTML, like Gecko) Version/6.0 Mobile/10B329 Safari/8536.25"
173.32.121.105 - - [02/Aug/2013:18:04:16 -0400] "GET /images/judge-jenny.png HTTP/1.1" 200 28663 "http://www.judgepenny.com/penny-for-your-thoughts.php" "Mozilla/5.0 (iPhone; CPU iPhone OS 6_1_3 like Mac OS X) AppleWebKit/536.26 (KHTML, like Gecko) Version/6.0 Mobile/10B329 Safari/8536.25"
173.32.121.105 - - [02/Aug/2013:18:04:16 -0400] "GET /images/facebook.png HTTP/1.1" 200 2371 "http://www.judgepenny.com/penny-for-your-thoughts.php" "Mozilla/5.0 (iPhone; CPU iPhone OS 6_1_3 like Mac OS X) AppleWebKit/536.26 (KHTML, like Gecko) Version/6.0 Mobile/10B329 Safari/8536.25"
173.32.121.105 - - [02/Aug/2013:18:04:16 -0400] "GET /images/twitter.png HTTP/1.1" 200 2703 "http://www.judgepenny.com/penny-for-your-thoughts.php" "Mozilla/5.0 (iPhone; CPU iPhone OS 6_1_3 like Mac OS X) AppleWebKit/536.26 (KHTML, like Gecko) Version/6.0 Mobile/10B329 Safari/8536.25"
173.32.121.105 - - [02/Aug/2013:18:04:16 -0400] "GET /images/linked-in.png HTTP/1.1" 200 2575 "http://www.judgepenny.com/penny-for-your-thoughts.php" "Mozilla/5.0 (iPhone; CPU iPhone OS 6_1_3 like Mac OS X) AppleWebKit/536.26 (KHTML, like Gecko) Version/6.0 Mobile/10B329 Safari/8536.25"
173.32.121.105 - - [02/Aug/2013:18:04:16 -0400] "GET /images/advice.jpg HTTP/1.1" 200 51293 "http://www.judgepenny.com/penny-for-your-thoughts.php" "Mozilla/5.0 (iPhone; CPU iPhone OS 6_1_3 like Mac OS X) AppleWebKit/536.26 (KHTML, like Gecko) Version/6.0 Mobile/10B329 Safari/8536.25"
173.32.121.105 - - [02/Aug/2013:18:04:16 -0400] "GET /images/you-tube.png HTTP/1.1" 200 3090 "http://www.judgepenny.com/penny-for-your-thoughts.php" "Mozilla/5.0 (iPhone; CPU iPhone OS 6_1_3 like Mac OS X) AppleWebKit/536.26 (KHTML, like Gecko) Version/6.0 Mobile/10B329 Safari/8536.25"
173.32.121.105 - - [02/Aug/2013:18:04:16 -0400] "GET /images/bg.jpg HTTP/1.1" 200 71900 "http://www.judgepenny.com/penny-for-your-thoughts.php" "Mozilla/5.0 (iPhone; CPU iPhone OS 6_1_3 like Mac OS X) AppleWebKit/536.26 (KHTML, like Gecko) Version/6.0 Mobile/10B329 Safari/8536.25"
173.32.121.105 - - [02/Aug/2013:18:04:16 -0400] "GET /images/seprator.png HTTP/1.1" 200 429 "http://www.judgepenny.com/penny-for-your-thoughts.php" "Mozilla/5.0 (iPhone; CPU iPhone OS 6_1_3 like Mac OS X) AppleWebKit/536.26 (KHTML, like Gecko) Version/6.0 Mobile/10B329 Safari/8536.25"
173.32.121.105 - - [02/Aug/2013:18:04:16 -0400] "GET /images/r-head.png HTTP/1.1" 200 596 "http://www.judgepenny.com/penny-for-your-thoughts.php" "Mozilla/5.0 (iPhone; CPU iPhone OS 6_1_3 like Mac OS X) AppleWebKit/536.26 (KHTML, like Gecko) Version/6.0 Mobile/10B329 Safari/8536.25"
173.32.121.105 - - [02/Aug/2013:18:04:16 -0400] "GET /images/entry-bg3.png HTTP/1.1" 200 19110 "http://www.judgepenny.com/penny-for-your-thoughts.php" "Mozilla/5.0 (iPhone; CPU iPhone OS 6_1_3 like Mac OS X) AppleWebKit/536.26 (KHTML, like Gecko) Version/6.0 Mobile/10B329 Safari/8536.25"
173.32.121.105 - - [02/Aug/2013:18:04:16 -0400] "GET /images/btn.png HTTP/1.1" 200 512 "http://www.judgepenny.com/penny-for-your-thoughts.php" "Mozilla/5.0 (iPhone; CPU iPhone OS 6_1_3 like Mac OS X) AppleWebKit/536.26 (KHTML, like Gecko) Version/6.0 Mobile/10B329 Safari/8536.25"
173.32.121.105 - - [02/Aug/2013:18:04:16 -0400] "GET /images/events.png HTTP/1.1" 200 3829 "http://www.judgepenny.com/penny-for-your-thoughts.php" "Mozilla/5.0 (iPhone; CPU iPhone OS 6_1_3 like Mac OS X) AppleWebKit/536.26 (KHTML, like Gecko) Version/6.0 Mobile/10B329 Safari/8536.25"
173.32.121.105 - - [02/Aug/2013:18:04:16 -0400] "GET /images/ftr-bg.png HTTP/1.1" 200 198 "http://www.judgepenny.com/penny-for-your-thoughts.php" "Mozilla/5.0 (iPhone; CPU iPhone OS 6_1_3 like Mac OS X) AppleWebKit/536.26 (KHTML, like Gecko) Version/6.0 Mobile/10B329 Safari/8536.25"
173.32.121.105 - - [02/Aug/2013:18:04:17 -0400] "GET /images/jenny-header.png HTTP/1.1" 200 69160 "http://www.judgepenny.com/penny-for-your-thoughts.php" "Mozilla/5.0 (iPhone; CPU iPhone OS 6_1_3 like Mac OS X) AppleWebKit/536.26 (KHTML, like Gecko) Version/6.0 Mobile/10B329 Safari/8536.25"
173.32.121.105 - - [02/Aug/2013:18:04:17 -0400] "GET /images/main-btm.png HTTP/1.1" 200 398 "http://www.judgepenny.com/penny-for-your-thoughts.php" "Mozilla/5.0 (iPhone; CPU iPhone OS 6_1_3 like Mac OS X) AppleWebKit/536.26 (KHTML, like Gecko) Version/6.0 Mobile/10B329 Safari/8536.25"
173.32.121.105 - - [02/Aug/2013:18:04:17 -0400] "GET /images/sub-menu.png HTTP/1.1" 200 6956 "http://www.judgepenny.com/penny-for-your-thoughts.php" "Mozilla/5.0 (iPhone; CPU iPhone OS 6_1_3 like Mac OS X) AppleWebKit/536.26 (KHTML, like Gecko) Version/6.0 Mobile/10B329 Safari/8536.25"
180.76.5.159 - - [02/Aug/2013:18:13:50 -0400] "GET /biography.php HTTP/1.1" 200 9590 "-" "Mozilla/5.0 (compatible; Baiduspider/2.0; +http://www.baidu.com/search/spider.html)"
131.253.24.4 - - [02/Aug/2013:18:21:54 -0400] "GET /robots.txt HTTP/1.1" 404 575 "-" "msnbot-media/1.1 (+http://search.msn.com/msnbot.htm)"
131.253.24.4 - - [02/Aug/2013:18:21:54 -0400] "GET /images/twitter.png HTTP/1.1" 200 2703 "-" "msnbot-media/1.1 (+http://search.msn.com/msnbot.htm)"
178.154.243.82 - - [02/Aug/2013:18:25:01 -0400] "GET /images/m-btm.png HTTP/1.1" 304 - "-" "Mozilla/5.0 (compatible; YandexImages/3.0; +http://yandex.com/bots)"
166.181.3.249 - - [02/Aug/2013:18:27:12 -0400] "GET /shopping.php HTTP/1.1" 200 8086 "-" "Mozilla/5.0 (Linux; U; Android 2.3.6; en-us; SCH-R930 Build/GINGERBREAD) AppleWebKit/533.1 (KHTML, like Gecko) Version/4.0 Mobile Safari/533.1 USCC-R930"
166.181.3.249 - - [02/Aug/2013:18:27:14 -0400] "GET /videos/jwplayer.js HTTP/1.1" 200 133009 "http://www.judgepenny.com/shopping.php" "Mozilla/5.0 (Linux; U; Android 2.3.6; en-us; SCH-R930 Build/GINGERBREAD) AppleWebKit/533.1 (KHTML, like Gecko) Version/4.0 Mobile Safari/533.1 USCC-R930"
166.181.3.225 - - [02/Aug/2013:18:27:14 -0400] "GET /css/default.css HTTP/1.1" 200 1295 "http://www.judgepenny.com/shopping.php" "Mozilla/5.0 (Linux; U; Android 2.3.6; en-us; SCH-R930 Build/GINGERBREAD) AppleWebKit/533.1 (KHTML, like Gecko) Version/4.0 Mobile Safari/533.1 USCC-R930"
166.181.3.162 - - [02/Aug/2013:18:27:14 -0400] "GET /css/nivo-slider.css HTTP/1.1" 200 1430 "http://www.judgepenny.com/shopping.php" "Mozilla/5.0 (Linux; U; Android 2.3.6; en-us; SCH-R930 Build/GINGERBREAD) AppleWebKit/533.1 (KHTML, like Gecko) Version/4.0 Mobile Safari/533.1 USCC-R930"
166.181.3.225 - - [02/Aug/2013:18:27:14 -0400] "GET /css/style.css HTTP/1.1" 200 9522 "http://www.judgepenny.com/shopping.php" "Mozilla/5.0 (Linux; U; Android 2.3.6; en-us; SCH-R930 Build/GINGERBREAD) AppleWebKit/533.1 (KHTML, like Gecko) Version/4.0 Mobile Safari/533.1 USCC-R930"
166.181.3.162 - - [02/Aug/2013:18:27:14 -0400] "GET /slide-style.css HTTP/1.1" 404 575 "http://www.judgepenny.com/shopping.php" "Mozilla/5.0 (Linux; U; Android 2.3.6; en-us; SCH-R930 Build/GINGERBREAD) AppleWebKit/533.1 (KHTML, like Gecko) Version/4.0 Mobile Safari/533.1 USCC-R930"
166.181.3.250 - - [02/Aug/2013:18:27:18 -0400] "GET /images/bg.jpg HTTP/1.1" 200 71900 "http://www.judgepenny.com/shopping.php" "Mozilla/5.0 (Linux; U; Android 2.3.6; en-us; SCH-R930 Build/GINGERBREAD) AppleWebKit/533.1 (KHTML, like Gecko) Version/4.0 Mobile Safari/533.1 USCC-R930"
166.181.3.215 - - [02/Aug/2013:18:27:18 -0400] "GET /images/jenny-header.png HTTP/1.1" 200 69160 "http://www.judgepenny.com/shopping.php" "Mozilla/5.0 (Linux; U; Android 2.3.6; en-us; SCH-R930 Build/GINGERBREAD) AppleWebKit/533.1 (KHTML, like Gecko) Version/4.0 Mobile Safari/533.1 USCC-R930"
166.181.3.38 - - [02/Aug/2013:18:27:18 -0400] "GET /images/judge-jenny.png HTTP/1.1" 200 28663 "http://www.judgepenny.com/shopping.php" "Mozilla/5.0 (Linux; U; Android 2.3.6; en-us; SCH-R930 Build/GINGERBREAD) AppleWebKit/533.1 (KHTML, like Gecko) Version/4.0 Mobile Safari/533.1 USCC-R930"
166.181.3.250 - - [02/Aug/2013:18:27:18 -0400] "GET /images/twitter.png HTTP/1.1" 200 2703 "http://www.judgepenny.com/shopping.php" "Mozilla/5.0 (Linux; U; Android 2.3.6; en-us; SCH-R930 Build/GINGERBREAD) AppleWebKit/533.1 (KHTML, like Gecko) Version/4.0 Mobile Safari/533.1 USCC-R930"
166.181.3.187 - - [02/Aug/2013:18:27:18 -0400] "GET /images/facebook.png HTTP/1.1" 200 2371 "http://www.judgepenny.com/shopping.php" "Mozilla/5.0 (Linux; U; Android 2.3.6; en-us; SCH-R930 Build/GINGERBREAD) AppleWebKit/533.1 (KHTML, like Gecko) Version/4.0 Mobile Safari/533.1 USCC-R930"
166.181.3.215 - - [02/Aug/2013:18:27:20 -0400] "GET /images/linked-in.png HTTP/1.1" 200 2575 "http://www.judgepenny.com/shopping.php" "Mozilla/5.0 (Linux; U; Android 2.3.6; en-us; SCH-R930 Build/GINGERBREAD) AppleWebKit/533.1 (KHTML, like Gecko) Version/4.0 Mobile Safari/533.1 USCC-R930"
166.181.3.250 - - [02/Aug/2013:18:27:20 -0400] "GET /images/you-tube.png HTTP/1.1" 200 3090 "http://www.judgepenny.com/shopping.php" "Mozilla/5.0 (Linux; U; Android 2.3.6; en-us; SCH-R930 Build/GINGERBREAD) AppleWebKit/533.1 (KHTML, like Gecko) Version/4.0 Mobile Safari/533.1 USCC-R930"
166.181.3.203 - - [02/Aug/2013:18:27:20 -0400] "GET /images/seprator.png HTTP/1.1" 200 429 "http://www.judgepenny.com/shopping.php" "Mozilla/5.0 (Linux; U; Android 2.3.6; en-us; SCH-R930 Build/GINGERBREAD) AppleWebKit/533.1 (KHTML, like Gecko) Version/4.0 Mobile Safari/533.1 USCC-R930"
166.181.3.187 - - [02/Aug/2013:18:27:20 -0400] "GET /images/entry-bg3.png HTTP/1.1" 200 19110 "http://www.judgepenny.com/shopping.php" "Mozilla/5.0 (Linux; U; Android 2.3.6; en-us; SCH-R930 Build/GINGERBREAD) AppleWebKit/533.1 (KHTML, like Gecko) Version/4.0 Mobile Safari/533.1 USCC-R930"
166.181.3.250 - - [02/Aug/2013:18:27:20 -0400] "GET /images/Book_Cover.jpg HTTP/1.1" 200 51558 "http://www.judgepenny.com/shopping.php" "Mozilla/5.0 (Linux; U; Android 2.3.6; en-us; SCH-R930 Build/GINGERBREAD) AppleWebKit/533.1 (KHTML, like Gecko) Version/4.0 Mobile Safari/533.1 USCC-R930"
166.181.3.7 - - [02/Aug/2013:18:27:20 -0400] "GET /images/r-head.png HTTP/1.1" 200 596 "http://www.judgepenny.com/shopping.php" "Mozilla/5.0 (Linux; U; Android 2.3.6; en-us; SCH-R930 Build/GINGERBREAD) AppleWebKit/533.1 (KHTML, like Gecko) Version/4.0 Mobile Safari/533.1 USCC-R930"
166.181.3.77 - - [02/Aug/2013:18:27:22 -0400] "GET /images/events.png HTTP/1.1" 200 3829 "http://www.judgepenny.com/shopping.php" "Mozilla/5.0 (Linux; U; Android 2.3.6; en-us; SCH-R930 Build/GINGERBREAD) AppleWebKit/533.1 (KHTML, like Gecko) Version/4.0 Mobile Safari/533.1 USCC-R930"
166.181.3.187 - - [02/Aug/2013:18:27:22 -0400] "GET /images/sub-menu.png HTTP/1.1" 200 6956 "http://www.judgepenny.com/shopping.php" "Mozilla/5.0 (Linux; U; Android 2.3.6; en-us; SCH-R930 Build/GINGERBREAD) AppleWebKit/533.1 (KHTML, like Gecko) Version/4.0 Mobile Safari/533.1 USCC-R930"
166.181.3.250 - - [02/Aug/2013:18:27:22 -0400] "GET /images/btn.png HTTP/1.1" 200 512 "http://www.judgepenny.com/shopping.php" "Mozilla/5.0 (Linux; U; Android 2.3.6; en-us; SCH-R930 Build/GINGERBREAD) AppleWebKit/533.1 (KHTML, like Gecko) Version/4.0 Mobile Safari/533.1 USCC-R930"
166.181.3.185 - - [02/Aug/2013:18:27:31 -0400] "GET /images/ftr-bg.png HTTP/1.1" 200 198 "http://www.judgepenny.com/shopping.php" "Mozilla/5.0 (Linux; U; Android 2.3.6; en-us; SCH-R930 Build/GINGERBREAD) AppleWebKit/533.1 (KHTML, like Gecko) Version/4.0 Mobile Safari/533.1 USCC-R930"
166.181.3.185 - - [02/Aug/2013:18:27:32 -0400] "GET /images/main-btm.png HTTP/1.1" 200 398 "http://www.judgepenny.com/shopping.php" "Mozilla/5.0 (Linux; U; Android 2.3.6; en-us; SCH-R930 Build/GINGERBREAD) AppleWebKit/533.1 (KHTML, like Gecko) Version/4.0 Mobile Safari/533.1 USCC-R930"
166.181.3.10 - - [02/Aug/2013:18:27:53 -0400] "GET /favicon.ico HTTP/1.1" 404 575 "http://www.judgepenny.com/shopping.php" "Mozilla/5.0 (Linux; U; Android 2.3.6; en-us; SCH-R930 Build/GINGERBREAD) AppleWebKit/533.1 (KHTML, like Gecko) Version/4.0 Mobile Safari/533.1 USCC-R930"
66.249.75.108 - - [02/Aug/2013:18:36:23 -0400] "GET /beyond-the-robe.php HTTP/1.1" 200 8574 "-" "SAMSUNG-SGH-E250/1.0 Profile/MIDP-2.0 Configuration/CLDC-1.1 UP.Browser/6.2.3.3.c.1.101 (GUI) MMP/2.0 (compatible; Googlebot-Mobile/2.1; +http://www.google.com/bot.html)"
157.56.92.176 - - [02/Aug/2013:19:18:27 -0400] "GET /robots.txt HTTP/1.1" 404 575 "-" "Mozilla/5.0 (compatible; bingbot/2.0; +http://www.bing.com/bingbot.htm)"
157.56.92.176 - - [02/Aug/2013:19:19:08 -0400] "GET /workshops.htm HTTP/1.1" 404 575 "-" "Mozilla/5.0 (compatible; bingbot/2.0; +http://www.bing.com/bingbot.htm)"
123.125.71.20 - - [02/Aug/2013:19:19:45 -0400] "GET /images/advice.jpg HTTP/1.1" 200 51293 "-" "Baiduspider-image+(+http://www.baidu.com/search/spider.htm)"
46.118.152.23 - - [02/Aug/2013:20:09:02 -0400] "GET / HTTP/1.1" 200 8953 "http://remont-fridge-tv.ru/" "Mozilla/4.0 (compatible; MSIE 6.0; Windows NT 5.2; SV1; .NET CLR 1.1.4322; .NET CLR 2.0.50727)"
46.118.152.23 - - [02/Aug/2013:20:09:03 -0400] "GET / HTTP/1.1" 200 8953 "http://remont-fridge-tv.ru/" "Mozilla/4.0 (compatible; MSIE 6.0; Windows NT 5.2; SV1; .NET CLR 1.1.4322; .NET CLR 2.0.50727)"
46.118.152.23 - - [02/Aug/2013:20:09:04 -0400] "GET / HTTP/1.1" 200 8953 "http://remont-fridge-tv.ru/" "Mozilla/4.0 (compatible; MSIE 6.0; Windows NT 5.2; SV1; .NET CLR 1.1.4322; .NET CLR 2.0.50727)"
220.181.108.166 - - [02/Aug/2013:20:18:02 -0400] "GET /penny-for-your-thoughts_itsnotwhatyousaybuthowyousayitl.php HTTP/1.1" 200 8648 "-" "Mozilla/5.0 (compatible; Baiduspider/2.0; +http://www.baidu.com/search/spider.html)"
123.125.71.73 - - [02/Aug/2013:20:18:08 -0400] "GET /videos/jwplayer.js HTTP/1.1" 200 133009 "http://www.judgepenny.com/penny-for-your-thoughts_itsnotwhatyousaybuthowyousayitl.php" "Mozilla/5.0 (X11; U; Linux x86_64; en-US; rv:1.9) Gecko Minefield/3.0"
174.129.228.67 - - [02/Aug/2013:20:29:05 -0400] "GET /robots.txt HTTP/1.0" 404 575 "-" "ia_archiver (+http://www.alexa.com/site/help/webmasters; crawler@alexa.com)"
174.129.228.67 - - [02/Aug/2013:20:29:05 -0400] "GET / HTTP/1.0" 200 8953 "-" "ia_archiver (+http://www.alexa.com/site/help/webmasters; crawler@alexa.com)"
178.154.243.82 - - [02/Aug/2013:21:19:54 -0400] "GET /images/m-top.png HTTP/1.1" 304 - "-" "Mozilla/5.0 (compatible; YandexImages/3.0; +http://yandex.com/bots)"
46.118.152.23 - - [02/Aug/2013:21:21:54 -0400] "GET / HTTP/1.1" 200 8953 "http://usakanler.net/" "Mozilla/4.0 (compatible; MSIE 6.0; Windows NT 5.2; SV1; .NET CLR 1.1.4322; .NET CLR 2.0.50727)"
46.118.152.23 - - [02/Aug/2013:21:21:55 -0400] "GET / HTTP/1.1" 200 8953 "http://usakanler.net/" "Mozilla/4.0 (compatible; MSIE 6.0; Windows NT 5.2; SV1; .NET CLR 1.1.4322; .NET CLR 2.0.50727)"
46.118.152.23 - - [02/Aug/2013:21:21:56 -0400] "GET / HTTP/1.1" 200 8953 "http://usakanler.net/" "Mozilla/4.0 (compatible; MSIE 6.0; Windows NT 5.2; SV1; .NET CLR 1.1.4322; .NET CLR 2.0.50727)"
157.55.35.112 - - [02/Aug/2013:21:22:40 -0400] "GET /robots.txt HTTP/1.1" 404 575 "-" "Mozilla/5.0 (compatible; bingbot/2.0; +http://www.bing.com/bingbot.htm)"
157.55.35.112 - - [02/Aug/2013:21:24:47 -0400] "GET / HTTP/1.1" 200 8953 "-" "Mozilla/5.0 (compatible; bingbot/2.0; +http://www.bing.com/bingbot.htm)"
