157.55.33.20 - - [30/Jul/2013:00:19:00 -0400] "GET /robots.txt HTTP/1.1" 404 575 "-" "Mozilla/5.0 (compatible; bingbot/2.0; +http://www.bing.com/bingbot.htm)"
157.55.33.20 - - [30/Jul/2013:00:27:19 -0400] "GET /events.php HTTP/1.1" 200 8644 "-" "Mozilla/5.0 (compatible; bingbot/2.0; +http://www.bing.com/bingbot.htm)"
173.252.101.113 - - [30/Jul/2013:00:40:40 -0400] "GET /images/Book_Cover_Index.jpg HTTP/1.1" 404 575 "-" "facebookexternalhit/1.1 (+http://www.facebook.com/externalhit_uatext.php)"
173.252.101.114 - - [30/Jul/2013:00:40:40 -0400] "GET /images/Book_Cover_Index.jpg HTTP/1.1" 404 575 "-" "facebookexternalhit/1.0 (+http://www.facebook.com/externalhit_uatext.php)"
66.87.117.145 - - [30/Jul/2013:01:03:11 -0400] "GET /images/advice.jpg HTTP/1.1" 200 51293 "https://www.google.com/" "Mozilla/5.0 (iPhone; CPU iPhone OS 6_0_1 like Mac OS X) AppleWebKit/536.26 (KHTML, like Gecko) Version/6.0 Mobile/10A523 Safari/8536.25"
166.147.121.167 - - [30/Jul/2013:01:45:13 -0400] "GET /biography.php HTTP/1.1" 200 9590 "https://www.google.com/" "Mozilla/5.0 (Linux; U; Android 4.1.1; en-us; SAMSUNG-SGH-I747 Build/JRO03L) AppleWebKit/534.30 (KHTML, like Gecko) Version/4.0 Mobile Safari/534.30"
166.147.121.167 - - [30/Jul/2013:01:45:15 -0400] "GET /videos/jwplayer.js HTTP/1.1" 200 133009 "http://www.judgepenny.com/biography.php" "Mozilla/5.0 (Linux; U; Android 4.1.1; en-us; SAMSUNG-SGH-I747 Build/JRO03L) AppleWebKit/534.30 (KHTML, like Gecko) Version/4.0 Mobile Safari/534.30"
166.147.121.167 - - [30/Jul/2013:01:45:15 -0400] "GET /css/style.css HTTP/1.1" 200 9522 "http://www.judgepenny.com/biography.php" "Mozilla/5.0 (Linux; U; Android 4.1.1; en-us; SAMSUNG-SGH-I747 Build/JRO03L) AppleWebKit/534.30 (KHTML, like Gecko) Version/4.0 Mobile Safari/534.30"
166.147.121.167 - - [30/Jul/2013:01:45:15 -0400] "GET /css/nivo-slider.css HTTP/1.1" 200 1430 "http://www.judgepenny.com/biography.php" "Mozilla/5.0 (Linux; U; Android 4.1.1; en-us; SAMSUNG-SGH-I747 Build/JRO03L) AppleWebKit/534.30 (KHTML, like Gecko) Version/4.0 Mobile Safari/534.30"
166.147.121.167 - - [30/Jul/2013:01:45:15 -0400] "GET /slide-style.css HTTP/1.1" 404 575 "http://www.judgepenny.com/biography.php" "Mozilla/5.0 (Linux; U; Android 4.1.1; en-us; SAMSUNG-SGH-I747 Build/JRO03L) AppleWebKit/534.30 (KHTML, like Gecko) Version/4.0 Mobile Safari/534.30"
166.147.121.167 - - [30/Jul/2013:01:45:15 -0400] "GET /css/default.css HTTP/1.1" 200 1295 "http://www.judgepenny.com/biography.php" "Mozilla/5.0 (Linux; U; Android 4.1.1; en-us; SAMSUNG-SGH-I747 Build/JRO03L) AppleWebKit/534.30 (KHTML, like Gecko) Version/4.0 Mobile Safari/534.30"
166.147.121.167 - - [30/Jul/2013:01:45:18 -0400] "GET /images/jenny-header.png HTTP/1.1" 200 69160 "http://www.judgepenny.com/biography.php" "Mozilla/5.0 (Linux; U; Android 4.1.1; en-us; SAMSUNG-SGH-I747 Build/JRO03L) AppleWebKit/534.30 (KHTML, like Gecko) Version/4.0 Mobile Safari/534.30"
166.147.121.167 - - [30/Jul/2013:01:45:18 -0400] "GET /images/bg.jpg HTTP/1.1" 200 71900 "http://www.judgepenny.com/biography.php" "Mozilla/5.0 (Linux; U; Android 4.1.1; en-us; SAMSUNG-SGH-I747 Build/JRO03L) AppleWebKit/534.30 (KHTML, like Gecko) Version/4.0 Mobile Safari/534.30"
166.147.121.167 - - [30/Jul/2013:01:45:18 -0400] "GET /images/judge-jenny.png HTTP/1.1" 200 28663 "http://www.judgepenny.com/biography.php" "Mozilla/5.0 (Linux; U; Android 4.1.1; en-us; SAMSUNG-SGH-I747 Build/JRO03L) AppleWebKit/534.30 (KHTML, like Gecko) Version/4.0 Mobile Safari/534.30"
166.147.121.167 - - [30/Jul/2013:01:45:18 -0400] "GET /images/facebook.png HTTP/1.1" 200 2371 "http://www.judgepenny.com/biography.php" "Mozilla/5.0 (Linux; U; Android 4.1.1; en-us; SAMSUNG-SGH-I747 Build/JRO03L) AppleWebKit/534.30 (KHTML, like Gecko) Version/4.0 Mobile Safari/534.30"
166.147.121.167 - - [30/Jul/2013:01:45:18 -0400] "GET /images/you-tube.png HTTP/1.1" 200 3090 "http://www.judgepenny.com/biography.php" "Mozilla/5.0 (Linux; U; Android 4.1.1; en-us; SAMSUNG-SGH-I747 Build/JRO03L) AppleWebKit/534.30 (KHTML, like Gecko) Version/4.0 Mobile Safari/534.30"
166.147.121.167 - - [30/Jul/2013:01:45:18 -0400] "GET /images/linked-in.png HTTP/1.1" 200 2575 "http://www.judgepenny.com/biography.php" "Mozilla/5.0 (Linux; U; Android 4.1.1; en-us; SAMSUNG-SGH-I747 Build/JRO03L) AppleWebKit/534.30 (KHTML, like Gecko) Version/4.0 Mobile Safari/534.30"
166.147.121.167 - - [30/Jul/2013:01:45:18 -0400] "GET /images/twitter.png HTTP/1.1" 200 2703 "http://www.judgepenny.com/biography.php" "Mozilla/5.0 (Linux; U; Android 4.1.1; en-us; SAMSUNG-SGH-I747 Build/JRO03L) AppleWebKit/534.30 (KHTML, like Gecko) Version/4.0 Mobile Safari/534.30"
166.147.121.167 - - [30/Jul/2013:01:45:18 -0400] "GET /images/btn.png HTTP/1.1" 200 512 "http://www.judgepenny.com/biography.php" "Mozilla/5.0 (Linux; U; Android 4.1.1; en-us; SAMSUNG-SGH-I747 Build/JRO03L) AppleWebKit/534.30 (KHTML, like Gecko) Version/4.0 Mobile Safari/534.30"
166.147.121.167 - - [30/Jul/2013:01:45:18 -0400] "GET /images/seprator.png HTTP/1.1" 200 429 "http://www.judgepenny.com/biography.php" "Mozilla/5.0 (Linux; U; Android 4.1.1; en-us; SAMSUNG-SGH-I747 Build/JRO03L) AppleWebKit/534.30 (KHTML, like Gecko) Version/4.0 Mobile Safari/534.30"
166.147.121.167 - - [30/Jul/2013:01:45:18 -0400] "GET /images/sub-menu.png HTTP/1.1" 200 6956 "http://www.judgepenny.com/biography.php" "Mozilla/5.0 (Linux; U; Android 4.1.1; en-us; SAMSUNG-SGH-I747 Build/JRO03L) AppleWebKit/534.30 (KHTML, like Gecko) Version/4.0 Mobile Safari/534.30"
166.147.121.167 - - [30/Jul/2013:01:45:18 -0400] "GET /images/h-div.png HTTP/1.1" 200 1503 "http://www.judgepenny.com/biography.php" "Mozilla/5.0 (Linux; U; Android 4.1.1; en-us; SAMSUNG-SGH-I747 Build/JRO03L) AppleWebKit/534.30 (KHTML, like Gecko) Version/4.0 Mobile Safari/534.30"
166.147.121.167 - - [30/Jul/2013:01:45:18 -0400] "GET /images/buy-now.png HTTP/1.1" 200 89906 "http://www.judgepenny.com/biography.php" "Mozilla/5.0 (Linux; U; Android 4.1.1; en-us; SAMSUNG-SGH-I747 Build/JRO03L) AppleWebKit/534.30 (KHTML, like Gecko) Version/4.0 Mobile Safari/534.30"
166.147.121.167 - - [30/Jul/2013:01:45:18 -0400] "GET /images/main-btm.png HTTP/1.1" 200 398 "http://www.judgepenny.com/biography.php" "Mozilla/5.0 (Linux; U; Android 4.1.1; en-us; SAMSUNG-SGH-I747 Build/JRO03L) AppleWebKit/534.30 (KHTML, like Gecko) Version/4.0 Mobile Safari/534.30"
166.147.121.167 - - [30/Jul/2013:01:45:18 -0400] "GET /images/judge.png HTTP/1.1" 200 164424 "http://www.judgepenny.com/biography.php" "Mozilla/5.0 (Linux; U; Android 4.1.1; en-us; SAMSUNG-SGH-I747 Build/JRO03L) AppleWebKit/534.30 (KHTML, like Gecko) Version/4.0 Mobile Safari/534.30"
166.147.121.167 - - [30/Jul/2013:01:45:18 -0400] "GET /images/entry-bg.png HTTP/1.1" 200 18958 "http://www.judgepenny.com/biography.php" "Mozilla/5.0 (Linux; U; Android 4.1.1; en-us; SAMSUNG-SGH-I747 Build/JRO03L) AppleWebKit/534.30 (KHTML, like Gecko) Version/4.0 Mobile Safari/534.30"
166.147.121.167 - - [30/Jul/2013:01:45:18 -0400] "GET /images/right-div.png HTTP/1.1" 200 5479 "http://www.judgepenny.com/biography.php" "Mozilla/5.0 (Linux; U; Android 4.1.1; en-us; SAMSUNG-SGH-I747 Build/JRO03L) AppleWebKit/534.30 (KHTML, like Gecko) Version/4.0 Mobile Safari/534.30"
166.147.121.167 - - [30/Jul/2013:01:45:18 -0400] "GET /images/ftr-bg.png HTTP/1.1" 200 198 "http://www.judgepenny.com/biography.php" "Mozilla/5.0 (Linux; U; Android 4.1.1; en-us; SAMSUNG-SGH-I747 Build/JRO03L) AppleWebKit/534.30 (KHTML, like Gecko) Version/4.0 Mobile Safari/534.30"
166.147.121.167 - - [30/Jul/2013:01:45:20 -0400] "GET /favicon.ico HTTP/1.1" 404 575 "http://www.judgepenny.com/biography.php" "Mozilla/5.0 (Linux; U; Android 4.1.1; en-us; SAMSUNG-SGH-I747 Build/JRO03L) AppleWebKit/534.30 (KHTML, like Gecko) Version/4.0 Mobile Safari/534.30"
61.135.190.105 - - [30/Jul/2013:02:09:56 -0400] "GET / HTTP/1.1" 200 8953 "http://www.baidu.com/s?wd=JudgePenny" "Mozilla/5.0 (Windows; U; Windows NT 5.1; zh-CN; rv:1.9.2.15) Gecko/20110303 Firefox/3.6.15"
61.135.190.219 - - [30/Jul/2013:02:09:56 -0400] "GET /videos/jwplayer.js HTTP/1.1" 200 133009 "http://judgepenny.com/" "Mozilla/5.0 (Windows; U; Windows NT 5.1; zh-CN; rv:1.9.2.15) Gecko/20110303 Firefox/3.6.15"
61.135.190.222 - - [30/Jul/2013:02:10:09 -0400] "GET /videos/jwplayer.js HTTP/1.1" 304 - "http://judgepenny.com/" "Mozilla/5.0 (Windows; U; Windows NT 5.1; zh-CN; rv:1.9.2.15) Gecko/20110303 Firefox/3.6.15"
61.135.190.222 - - [30/Jul/2013:02:10:09 -0400] "GET /js/jquery.nivo.slider.pack.js HTTP/1.1" 200 15854 "http://judgepenny.com/" "Mozilla/5.0 (Windows; U; Windows NT 5.1; zh-CN; rv:1.9.2.15) Gecko/20110303 Firefox/3.6.15"
178.137.93.32 - - [30/Jul/2013:02:42:01 -0400] "GET / HTTP/1.1" 200 8953 "http://imonger.ru/" "Mozilla/4.0 (compatible; MSIE 6.0; Windows NT 5.2; SV1; .NET CLR 1.1.4322; .NET CLR 2.0.50727)"
178.137.93.32 - - [30/Jul/2013:02:42:01 -0400] "GET / HTTP/1.1" 200 8953 "http://imonger.ru/" "Mozilla/4.0 (compatible; MSIE 6.0; Windows NT 5.2; SV1; .NET CLR 1.1.4322; .NET CLR 2.0.50727)"
157.55.35.112 - - [30/Jul/2013:02:50:19 -0400] "GET /robots.txt HTTP/1.1" 404 575 "-" "Mozilla/5.0 (compatible; bingbot/2.0; +http://www.bing.com/bingbot.htm)"
157.55.35.112 - - [30/Jul/2013:02:57:42 -0400] "GET / HTTP/1.1" 200 8953 "-" "Mozilla/5.0 (compatible; bingbot/2.0; +http://www.bing.com/bingbot.htm)"
98.92.130.69 - - [30/Jul/2013:02:58:18 -0400] "GET / HTTP/1.1" 302 360 "http://www.google.com/url?sa=t&rct=j&q=judge%20penny%20reynolds%20brown&source=web&cd=1&sqi=2&ved=0CCoQFjAA&url=http%3A%2F%2Fwww.judgepenny.com%2F&ei=-GP3UbvkEorY8gSSg4DgBA&usg=AFQjCNHtHkI_C9gsk1xU2I1lfXHdPYI7Ow&bvm=bv.49967636,d.eWU&cad=rja" "Mozilla/5.0 (compatible; MSIE 10.0; Windows NT 6.1; Trident/6.0)"
98.92.130.69 - - [30/Jul/2013:02:58:21 -0400] "GET / HTTP/1.1" 200 8953 "http://www.google.com/url?sa=t&rct=j&q=judge%20penny%20reynolds%20brown&source=web&cd=1&sqi=2&ved=0CCoQFjAA&url=http%3A%2F%2Fwww.judgepenny.com%2F&ei=-GP3UbvkEorY8gSSg4DgBA&usg=AFQjCNHtHkI_C9gsk1xU2I1lfXHdPYI7Ow&bvm=bv.49967636,d.eWU&cad=rja" "Mozilla/5.0 (compatible; MSIE 10.0; Windows NT 6.1; Trident/6.0)"
98.92.130.69 - - [30/Jul/2013:02:58:22 -0400] "GET /videos/jwplayer.js HTTP/1.1" 200 133009 "http://www.judgepenny.com/" "Mozilla/5.0 (compatible; MSIE 10.0; Windows NT 6.1; Trident/6.0)"
98.92.130.69 - - [30/Jul/2013:02:58:22 -0400] "GET /css/style.css HTTP/1.1" 200 9522 "http://www.judgepenny.com/" "Mozilla/5.0 (compatible; MSIE 10.0; Windows NT 6.1; Trident/6.0)"
98.92.130.69 - - [30/Jul/2013:02:58:22 -0400] "GET /css/default.css HTTP/1.1" 200 1295 "http://www.judgepenny.com/" "Mozilla/5.0 (compatible; MSIE 10.0; Windows NT 6.1; Trident/6.0)"
98.92.130.69 - - [30/Jul/2013:02:58:22 -0400] "GET /css/nivo-slider.css HTTP/1.1" 200 1430 "http://www.judgepenny.com/" "Mozilla/5.0 (compatible; MSIE 10.0; Windows NT 6.1; Trident/6.0)"
98.92.130.69 - - [30/Jul/2013:02:58:22 -0400] "GET /slide-style.css HTTP/1.1" 404 575 "http://www.judgepenny.com/" "Mozilla/5.0 (compatible; MSIE 10.0; Windows NT 6.1; Trident/6.0)"
98.92.130.69 - - [30/Jul/2013:02:58:26 -0400] "GET /images/judge-jenny.png HTTP/1.1" 200 28663 "http://www.judgepenny.com/" "Mozilla/5.0 (compatible; MSIE 10.0; Windows NT 6.1; Trident/6.0)"
98.92.130.69 - - [30/Jul/2013:02:58:26 -0400] "GET /images/facebook.png HTTP/1.1" 200 2371 "http://www.judgepenny.com/" "Mozilla/5.0 (compatible; MSIE 10.0; Windows NT 6.1; Trident/6.0)"
98.92.130.69 - - [30/Jul/2013:02:58:26 -0400] "GET /images/linked-in.png HTTP/1.1" 200 2575 "http://www.judgepenny.com/" "Mozilla/5.0 (compatible; MSIE 10.0; Windows NT 6.1; Trident/6.0)"
98.92.130.69 - - [30/Jul/2013:02:58:26 -0400] "GET /images/you-tube.png HTTP/1.1" 200 3090 "http://www.judgepenny.com/" "Mozilla/5.0 (compatible; MSIE 10.0; Windows NT 6.1; Trident/6.0)"
98.92.130.69 - - [30/Jul/2013:02:58:26 -0400] "GET /slideshow/images/book.jpg HTTP/1.1" 200 132593 "http://www.judgepenny.com/" "Mozilla/5.0 (compatible; MSIE 10.0; Windows NT 6.1; Trident/6.0)"
98.92.130.69 - - [30/Jul/2013:02:58:26 -0400] "GET /slideshow/images/judge_penny_foundation.jpg HTTP/1.1" 200 175194 "http://www.judgepenny.com/" "Mozilla/5.0 (compatible; MSIE 10.0; Windows NT 6.1; Trident/6.0)"
98.92.130.69 - - [30/Jul/2013:02:58:26 -0400] "GET /slideshow/images/judge_penny_self_worth.jpg HTTP/1.1" 200 129594 "http://www.judgepenny.com/" "Mozilla/5.0 (compatible; MSIE 10.0; Windows NT 6.1; Trident/6.0)"
98.92.130.69 - - [30/Jul/2013:02:58:26 -0400] "GET /slideshow/images/judge_penny_opportunity.jpg HTTP/1.1" 200 99540 "http://www.judgepenny.com/" "Mozilla/5.0 (compatible; MSIE 10.0; Windows NT 6.1; Trident/6.0)"
98.92.130.69 - - [30/Jul/2013:02:58:26 -0400] "GET /slideshow/images/judge_penny_the_judge.jpg HTTP/1.1" 200 151096 "http://www.judgepenny.com/" "Mozilla/5.0 (compatible; MSIE 10.0; Windows NT 6.1; Trident/6.0)"
98.92.130.69 - - [30/Jul/2013:02:58:26 -0400] "GET /images/seprator.png HTTP/1.1" 200 429 "http://www.judgepenny.com/" "Mozilla/5.0 (compatible; MSIE 10.0; Windows NT 6.1; Trident/6.0)"
98.92.130.69 - - [30/Jul/2013:02:58:26 -0400] "GET /css/loading.gif HTTP/1.1" 200 1737 "http://www.judgepenny.com/" "Mozilla/5.0 (compatible; MSIE 10.0; Windows NT 6.1; Trident/6.0)"
98.92.130.69 - - [30/Jul/2013:02:58:26 -0400] "GET /images/bg.jpg HTTP/1.1" 200 71900 "http://www.judgepenny.com/" "Mozilla/5.0 (compatible; MSIE 10.0; Windows NT 6.1; Trident/6.0)"
98.92.130.69 - - [30/Jul/2013:02:58:26 -0400] "GET /images/jenny-header.png HTTP/1.1" 200 69160 "http://www.judgepenny.com/" "Mozilla/5.0 (compatible; MSIE 10.0; Windows NT 6.1; Trident/6.0)"
98.92.130.69 - - [30/Jul/2013:02:58:26 -0400] "GET /js/jquery.nivo.slider.pack.js HTTP/1.1" 200 15854 "http://www.judgepenny.com/" "Mozilla/5.0 (compatible; MSIE 10.0; Windows NT 6.1; Trident/6.0)"
98.92.130.69 - - [30/Jul/2013:02:58:26 -0400] "GET /images/twitter.png HTTP/1.1" 200 2703 "http://www.judgepenny.com/" "Mozilla/5.0 (compatible; MSIE 10.0; Windows NT 6.1; Trident/6.0)"
98.92.130.69 - - [30/Jul/2013:02:58:26 -0400] "GET /slideshow/images/judge_penny_speaking_request.png HTTP/1.1" 200 291884 "http://www.judgepenny.com/" "Mozilla/5.0 (compatible; MSIE 10.0; Windows NT 6.1; Trident/6.0)"
98.92.130.69 - - [30/Jul/2013:02:58:32 -0400] "GET /images/m-btm.png HTTP/1.1" 200 741 "http://www.judgepenny.com/" "Mozilla/5.0 (compatible; MSIE 10.0; Windows NT 6.1; Trident/6.0)"
98.92.130.69 - - [30/Jul/2013:02:58:32 -0400] "GET /images/m-top.png HTTP/1.1" 200 574 "http://www.judgepenny.com/" "Mozilla/5.0 (compatible; MSIE 10.0; Windows NT 6.1; Trident/6.0)"
98.92.130.69 - - [30/Jul/2013:02:58:32 -0400] "GET /images/m-center.png HTTP/1.1" 200 191 "http://www.judgepenny.com/" "Mozilla/5.0 (compatible; MSIE 10.0; Windows NT 6.1; Trident/6.0)"
98.92.130.69 - - [30/Jul/2013:02:58:32 -0400] "GET /images/h-right.png HTTP/1.1" 200 279 "http://www.judgepenny.com/" "Mozilla/5.0 (compatible; MSIE 10.0; Windows NT 6.1; Trident/6.0)"
98.92.130.69 - - [30/Jul/2013:02:58:32 -0400] "GET /images/h-left.png HTTP/1.1" 200 137 "http://www.judgepenny.com/" "Mozilla/5.0 (compatible; MSIE 10.0; Windows NT 6.1; Trident/6.0)"
98.92.130.69 - - [30/Jul/2013:02:58:33 -0400] "GET /images/mail-div.png HTTP/1.1" 200 1078 "http://www.judgepenny.com/" "Mozilla/5.0 (compatible; MSIE 10.0; Windows NT 6.1; Trident/6.0)"
98.92.130.69 - - [30/Jul/2013:02:58:33 -0400] "GET /images/s-top.png HTTP/1.1" 200 440 "http://www.judgepenny.com/" "Mozilla/5.0 (compatible; MSIE 10.0; Windows NT 6.1; Trident/6.0)"
98.92.130.69 - - [30/Jul/2013:02:58:33 -0400] "GET /images/s-btm.png HTTP/1.1" 200 605 "http://www.judgepenny.com/" "Mozilla/5.0 (compatible; MSIE 10.0; Windows NT 6.1; Trident/6.0)"
98.92.130.69 - - [30/Jul/2013:02:58:33 -0400] "GET /images/side-bg.png HTTP/1.1" 200 168 "http://www.judgepenny.com/" "Mozilla/5.0 (compatible; MSIE 10.0; Windows NT 6.1; Trident/6.0)"
98.92.130.69 - - [30/Jul/2013:02:58:33 -0400] "GET /css/bullets.png HTTP/1.1" 200 1281 "http://www.judgepenny.com/" "Mozilla/5.0 (compatible; MSIE 10.0; Windows NT 6.1; Trident/6.0)"
98.92.130.69 - - [30/Jul/2013:02:58:33 -0400] "GET /css/arrows.png HTTP/1.1" 200 824 "http://www.judgepenny.com/" "Mozilla/5.0 (compatible; MSIE 10.0; Windows NT 6.1; Trident/6.0)"
98.92.130.69 - - [30/Jul/2013:02:58:33 -0400] "GET /images/ftr-bg.png HTTP/1.1" 200 198 "http://www.judgepenny.com/" "Mozilla/5.0 (compatible; MSIE 10.0; Windows NT 6.1; Trident/6.0)"
98.92.130.69 - - [30/Jul/2013:02:58:38 -0400] "GET /favicon.ico HTTP/1.1" 404 575 "-" "Mozilla/5.0 (compatible; MSIE 10.0; Windows NT 6.1; Trident/6.0)"
98.92.130.69 - - [30/Jul/2013:02:59:04 -0400] "GET /speaking-requests.php HTTP/1.1" 200 14865 "http://www.judgepenny.com/" "Mozilla/5.0 (compatible; MSIE 10.0; Windows NT 6.1; Trident/6.0)"
98.92.130.69 - - [30/Jul/2013:02:59:05 -0400] "GET /slide-style.css HTTP/1.1" 404 575 "http://www.judgepenny.com/speaking-requests.php" "Mozilla/5.0 (compatible; MSIE 10.0; Windows NT 6.1; Trident/6.0)"
98.92.130.69 - - [30/Jul/2013:02:59:05 -0400] "GET /images/speaking.jpg HTTP/1.1" 200 73031 "http://www.judgepenny.com/speaking-requests.php" "Mozilla/5.0 (compatible; MSIE 10.0; Windows NT 6.1; Trident/6.0)"
98.92.130.69 - - [30/Jul/2013:02:59:05 -0400] "GET /images/r-head.png HTTP/1.1" 200 596 "http://www.judgepenny.com/speaking-requests.php" "Mozilla/5.0 (compatible; MSIE 10.0; Windows NT 6.1; Trident/6.0)"
98.92.130.69 - - [30/Jul/2013:02:59:05 -0400] "GET /images/entry-bg3.png HTTP/1.1" 200 19110 "http://www.judgepenny.com/speaking-requests.php" "Mozilla/5.0 (compatible; MSIE 10.0; Windows NT 6.1; Trident/6.0)"
98.92.130.69 - - [30/Jul/2013:02:59:08 -0400] "GET /images/main-btm.png HTTP/1.1" 200 398 "http://www.judgepenny.com/speaking-requests.php" "Mozilla/5.0 (compatible; MSIE 10.0; Windows NT 6.1; Trident/6.0)"
98.92.130.69 - - [30/Jul/2013:02:59:08 -0400] "GET /images/events.png HTTP/1.1" 200 3829 "http://www.judgepenny.com/speaking-requests.php" "Mozilla/5.0 (compatible; MSIE 10.0; Windows NT 6.1; Trident/6.0)"
98.92.130.69 - - [30/Jul/2013:02:59:08 -0400] "GET /images/btn.png HTTP/1.1" 200 512 "http://www.judgepenny.com/speaking-requests.php" "Mozilla/5.0 (compatible; MSIE 10.0; Windows NT 6.1; Trident/6.0)"
98.92.130.69 - - [30/Jul/2013:02:59:08 -0400] "GET /images/sub-menu.png HTTP/1.1" 200 6956 "http://www.judgepenny.com/speaking-requests.php" "Mozilla/5.0 (compatible; MSIE 10.0; Windows NT 6.1; Trident/6.0)"
98.92.130.69 - - [30/Jul/2013:02:59:09 -0400] "GET /favicon.ico HTTP/1.1" 404 575 "-" "Mozilla/5.0 (compatible; MSIE 10.0; Windows NT 6.1; Trident/6.0)"
98.92.130.69 - - [30/Jul/2013:03:05:30 -0400] "POST /thank_you.php HTTP/1.1" 302 275 "http://www.judgepenny.com/speaking-requests.php" "Mozilla/5.0 (compatible; MSIE 10.0; Windows NT 6.1; Trident/6.0)"
98.92.130.69 - - [30/Jul/2013:03:05:31 -0400] "GET /speaking-requests.php?thank-you HTTP/1.1" 200 14865 "http://www.judgepenny.com/speaking-requests.php" "Mozilla/5.0 (compatible; MSIE 10.0; Windows NT 6.1; Trident/6.0)"
98.92.130.69 - - [30/Jul/2013:03:05:31 -0400] "GET /slide-style.css HTTP/1.1" 404 575 "http://www.judgepenny.com/speaking-requests.php?thank-you" "Mozilla/5.0 (compatible; MSIE 10.0; Windows NT 6.1; Trident/6.0)"
98.92.130.69 - - [30/Jul/2013:03:06:15 -0400] "GET /slide-style.css HTTP/1.1" 404 575 "http://www.judgepenny.com/speaking-requests.php" "Mozilla/5.0 (compatible; MSIE 10.0; Windows NT 6.1; Trident/6.0)"
98.92.130.69 - - [30/Jul/2013:03:06:17 -0400] "GET /slide-style.css HTTP/1.1" 404 575 "http://www.judgepenny.com/" "Mozilla/5.0 (compatible; MSIE 10.0; Windows NT 6.1; Trident/6.0)"
98.92.130.69 - - [30/Jul/2013:03:06:19 -0400] "GET / HTTP/1.1" 200 8953 "http://www.google.com/url?sa=t&rct=j&q=judge%20penny%20reynolds%20brown&source=web&cd=1&sqi=2&ved=0CCoQFjAA&url=http%3A%2F%2Fwww.judgepenny.com%2F&ei=-GP3UbvkEorY8gSSg4DgBA&usg=AFQjCNHtHkI_C9gsk1xU2I1lfXHdPYI7Ow&bvm=bv.49967636,d.eWU&cad=rja" "Mozilla/5.0 (compatible; MSIE 10.0; Windows NT 6.1; Trident/6.0)"
98.92.130.69 - - [30/Jul/2013:03:06:20 -0400] "GET /slide-style.css HTTP/1.1" 404 575 "http://www.judgepenny.com/" "Mozilla/5.0 (compatible; MSIE 10.0; Windows NT 6.1; Trident/6.0)"
157.55.35.112 - - [30/Jul/2013:04:52:34 -0400] "GET /robots.txt HTTP/1.1" 404 575 "-" "Mozilla/5.0 (compatible; bingbot/2.0; +http://www.bing.com/bingbot.htm)"
157.55.35.112 - - [30/Jul/2013:04:53:45 -0400] "GET /beyond-the-robe.php HTTP/1.1" 200 8574 "-" "Mozilla/5.0 (compatible; bingbot/2.0; +http://www.bing.com/bingbot.htm)"
157.56.92.158 - - [30/Jul/2013:05:10:10 -0400] "GET /shopping.php HTTP/1.1" 200 8086 "-" "Mozilla/5.0 (compatible; bingbot/2.0; +http://www.bing.com/bingbot.htm)"
5.10.83.27 - - [30/Jul/2013:06:03:09 -0400] "GET / HTTP/1.1" 200 8953 "-" "Mozilla/5.0 (compatible; AhrefsBot/5.0; +http://ahrefs.com/robot/)"
157.55.32.39 - - [30/Jul/2013:06:27:19 -0400] "GET /robots.txt HTTP/1.1" 404 575 "-" "Mozilla/5.0 (compatible; bingbot/2.0; +http://www.bing.com/bingbot.htm)"
157.55.32.39 - - [30/Jul/2013:06:28:08 -0400] "GET /penny-for-your-thoughts.php HTTP/1.1" 200 11765 "-" "Mozilla/5.0 (compatible; bingbot/2.0; +http://www.bing.com/bingbot.htm)"
37.115.113.47 - - [30/Jul/2013:06:29:30 -0400] "GET / HTTP/1.1" 200 8953 "http://na-znakomstva.ru/dating_4.php" "Mozilla/4.0 (compatible; MSIE 6.0; Windows NT 5.1; SV1; FunWebProducts)"
37.115.113.47 - - [30/Jul/2013:06:29:31 -0400] "GET / HTTP/1.1" 200 8953 "http://na-znakomstva.ru/dating_4.php" "Mozilla/4.0 (compatible; MSIE 6.0; Windows NT 5.1; SV1; FunWebProducts)"
37.115.113.47 - - [30/Jul/2013:06:29:32 -0400] "GET / HTTP/1.1" 200 8953 "http://na-znakomstva.ru/dating_4.php" "Mozilla/4.0 (compatible; MSIE 6.0; Windows NT 5.1; SV1; FunWebProducts)"
46.118.152.23 - - [30/Jul/2013:06:43:17 -0400] "GET / HTTP/1.1" 200 8953 "http://usakanler.net/" "Mozilla/4.0 (compatible; MSIE 6.0; Windows NT 5.2; SV1; .NET CLR 1.1.4322; .NET CLR 2.0.50727)"
46.118.152.23 - - [30/Jul/2013:06:43:18 -0400] "GET / HTTP/1.1" 200 8953 "http://usakanler.net/" "Mozilla/4.0 (compatible; MSIE 6.0; Windows NT 5.2; SV1; .NET CLR 1.1.4322; .NET CLR 2.0.50727)"
46.118.152.23 - - [30/Jul/2013:06:43:19 -0400] "GET / HTTP/1.1" 200 8953 "http://usakanler.net/" "Mozilla/4.0 (compatible; MSIE 6.0; Windows NT 5.2; SV1; .NET CLR 1.1.4322; .NET CLR 2.0.50727)"
202.46.61.24 - - [30/Jul/2013:06:59:06 -0400] "GET / HTTP/1.1" 200 8953 "-" "Mozilla/4.0 (compatible; MSIE 7.0; Windows NT 6.0)"
119.63.193.194 - - [30/Jul/2013:06:59:56 -0400] "GET / HTTP/1.1" 200 8953 "-" "Mozilla/4.0 (compatible; MSIE 7.0; Windows NT 6.0)"
184.22.211.146 - - [30/Jul/2013:07:10:32 -0400] "GET /biography.php HTTP/1.1" 200 9590 "-" "Mozilla/5.0 (X11; Linux i686; rv:6.0) Gecko/20100101 Firefox/6.0"
142.4.217.219 - - [30/Jul/2013:07:10:31 -0400] "GET /JudgePennyBrownReynoldsBio.pdf HTTP/1.1" 200 918125 "-" "Mozilla/5.0 (X11; Linux i686; rv:6.0) Gecko/20100101 Firefox/6.0"
142.4.217.219 - - [30/Jul/2013:07:10:31 -0400] "GET /judge-penny-foundation.php HTTP/1.1" 200 7746 "-" "Mozilla/5.0 (X11; Linux i686; rv:6.0) Gecko/20100101 Firefox/6.0"
178.137.93.32 - - [30/Jul/2013:07:28:53 -0400] "GET / HTTP/1.1" 200 8953 "http://fayle.ru/" "Mozilla/4.0 (compatible; MSIE 6.0; Windows NT 5.2; SV1; .NET CLR 1.1.4322; .NET CLR 2.0.50727)"
178.137.93.32 - - [30/Jul/2013:07:28:52 -0400] "GET / HTTP/1.1" 200 8953 "http://fayle.ru/" "Mozilla/4.0 (compatible; MSIE 6.0; Windows NT 5.2; SV1; .NET CLR 1.1.4322; .NET CLR 2.0.50727)"
178.137.93.32 - - [30/Jul/2013:07:28:53 -0400] "GET / HTTP/1.1" 200 8953 "http://www.echomsk.spb.ru/" "Mozilla/4.0 (compatible; MSIE 6.0; Windows NT 5.2; SV1; .NET CLR 1.1.4322; .NET CLR 2.0.50727)"
178.137.93.32 - - [30/Jul/2013:07:28:54 -0400] "GET / HTTP/1.1" 200 8953 "http://fayle.ru/" "Mozilla/4.0 (compatible; MSIE 6.0; Windows NT 5.2; SV1; .NET CLR 1.1.4322; .NET CLR 2.0.50727)"
178.137.93.32 - - [30/Jul/2013:07:28:55 -0400] "GET / HTTP/1.1" 200 8953 "http://www.echomsk.spb.ru/" "Mozilla/4.0 (compatible; MSIE 6.0; Windows NT 5.2; SV1; .NET CLR 1.1.4322; .NET CLR 2.0.50727)"
178.137.93.32 - - [30/Jul/2013:07:28:54 -0400] "GET / HTTP/1.1" 200 8953 "http://www.echomsk.spb.ru/" "Mozilla/4.0 (compatible; MSIE 6.0; Windows NT 5.2; SV1; .NET CLR 1.1.4322; .NET CLR 2.0.50727)"
123.125.71.38 - - [30/Jul/2013:07:32:25 -0400] "GET /images/m-top.png HTTP/1.1" 200 574 "-" "Baiduspider-image+(+http://www.baidu.com/search/spider.htm)"
65.55.24.238 - - [30/Jul/2013:07:40:54 -0400] "GET /robots.txt HTTP/1.1" 404 575 "-" "Mozilla/5.0 (compatible; bingbot/2.0; +http://www.bing.com/bingbot.htm)"
65.55.24.238 - - [30/Jul/2013:07:41:43 -0400] "GET /contact.php HTTP/1.1" 200 6149 "-" "Mozilla/5.0 (compatible; bingbot/2.0; +http://www.bing.com/bingbot.htm)"
65.55.24.238 - - [30/Jul/2013:07:43:08 -0400] "GET /slide-style.css HTTP/1.1" 404 575 "-" "Mozilla/5.0 (compatible; bingbot/2.0; +http://www.bing.com/bingbot.htm)"
157.55.32.39 - - [30/Jul/2013:07:43:38 -0400] "GET /images/contact.png HTTP/1.1" 200 137804 "-" "Mozilla/5.0 (compatible; bingbot/2.0; +http://www.bing.com/bingbot.htm)"
54.242.248.162 - - [30/Jul/2013:08:13:12 -0400] "GET / HTTP/1.1" 200 8953 "-" "Mozilla/5.0 (Windows NT 6.1; WOW64) AppleWebKit/535.11 (KHTML, like Gecko) Chrome/17.0.963.56 Safari/535.11"
180.76.5.142 - - [30/Jul/2013:08:29:54 -0400] "GET /press-room.php HTTP/1.1" 200 6775 "-" "Mozilla/5.0 (compatible; Baiduspider/2.0; +http://www.baidu.com/search/spider.html)"
199.30.25.66 - - [30/Jul/2013:08:43:23 -0400] "GET /images/sub-menu.png HTTP/1.1" 200 6956 "http://www.judgepenny.com/contact.php" "Mozilla/5.0 (Windows NT 6.1; WOW64) AppleWebKit/534+ (KHTML, like Gecko) BingPreview/1.0b"
173.199.115.155 - - [30/Jul/2013:08:47:55 -0400] "GET /robots.txt HTTP/1.1" 404 575 "-" "Mozilla/5.0 (compatible; AhrefsBot/4.0; +http://ahrefs.com/robot/)"
157.55.35.112 - - [30/Jul/2013:10:08:47 -0400] "GET /robots.txt HTTP/1.1" 404 575 "-" "Mozilla/5.0 (compatible; bingbot/2.0; +http://www.bing.com/bingbot.htm)"
157.55.35.112 - - [30/Jul/2013:10:10:17 -0400] "GET / HTTP/1.1" 500 - "-" "Mozilla/5.0 (compatible; bingbot/2.0; +http://www.bing.com/bingbot.htm)"
157.55.35.112 - - [30/Jul/2013:10:12:12 -0400] "GET / HTTP/1.0" 200 8953 "-" "Mozilla/5.0 (compatible; bingbot/2.0; +http://www.bing.com/bingbot.htm)"
208.115.113.86 - - [30/Jul/2013:10:24:00 -0400] "GET /robots.txt HTTP/1.1" 404 575 "-" "Mozilla/5.0 (compatible; Ezooms/1.0; ezooms.bot@gmail.com)"
157.55.35.112 - - [30/Jul/2013:10:54:41 -0400] "GET /speaking-requests.php HTTP/1.1" 200 14865 "-" "Mozilla/5.0 (compatible; bingbot/2.0; +http://www.bing.com/bingbot.htm)"
208.115.113.86 - - [30/Jul/2013:11:13:11 -0400] "GET /events.php HTTP/1.1" 200 8644 "-" "Mozilla/5.0 (compatible; Ezooms/1.0; ezooms.bot@gmail.com)"
157.55.35.112 - - [30/Jul/2013:11:14:12 -0400] "GET /speaking-requests.php HTTP/1.1" 200 14865 "-" "Mozilla/5.0 (compatible; bingbot/2.0; +http://www.bing.com/bingbot.htm)"
5.10.83.51 - - [30/Jul/2013:11:21:33 -0400] "GET /shopping.php HTTP/1.1" 200 8086 "-" "Mozilla/5.0 (compatible; AhrefsBot/5.0; +http://ahrefs.com/robot/)"
5.10.83.51 - - [30/Jul/2013:11:24:24 -0400] "GET /video-clips.php HTTP/1.1" 200 7451 "-" "Mozilla/5.0 (compatible; AhrefsBot/5.0; +http://ahrefs.com/robot/)"
157.55.35.112 - - [30/Jul/2013:11:28:42 -0400] "GET /speaking-requests.php HTTP/1.1" 200 14865 "-" "Mozilla/5.0 (compatible; bingbot/2.0; +http://www.bing.com/bingbot.htm)"
5.10.83.51 - - [30/Jul/2013:11:31:32 -0400] "GET /penny-for-your-thoughts_whattodowhenyouloseyourjob.php HTTP/1.1" 200 9678 "-" "Mozilla/5.0 (compatible; AhrefsBot/5.0; +http://ahrefs.com/robot/)"
157.55.35.112 - - [30/Jul/2013:11:49:44 -0400] "GET /speaking-requests.php HTTP/1.1" 200 14865 "-" "Mozilla/5.0 (compatible; bingbot/2.0; +http://www.bing.com/bingbot.htm)"
5.10.83.51 - - [30/Jul/2013:11:50:39 -0400] "GET /judge-penny-foundation.php HTTP/1.1" 200 7746 "-" "Mozilla/5.0 (compatible; AhrefsBot/5.0; +http://ahrefs.com/robot/)"
5.10.83.51 - - [30/Jul/2013:11:52:45 -0400] "GET /index.php HTTP/1.1" 200 8953 "-" "Mozilla/5.0 (compatible; AhrefsBot/5.0; +http://ahrefs.com/robot/)"
5.10.83.51 - - [30/Jul/2013:11:59:24 -0400] "GET /penny-for-your-thoughts.php HTTP/1.1" 200 11765 "-" "Mozilla/5.0 (compatible; AhrefsBot/5.0; +http://ahrefs.com/robot/)"
5.10.83.51 - - [30/Jul/2013:12:05:18 -0400] "GET /penny-for-your-thoughts_howtowalkawayfromabadrelationship.php HTTP/1.1" 200 7498 "-" "Mozilla/5.0 (compatible; AhrefsBot/5.0; +http://ahrefs.com/robot/)"
5.10.83.51 - - [30/Jul/2013:12:06:22 -0400] "GET /speaking-requests.php HTTP/1.1" 200 14865 "-" "Mozilla/5.0 (compatible; AhrefsBot/5.0; +http://ahrefs.com/robot/)"
157.55.35.112 - - [30/Jul/2013:12:07:40 -0400] "GET /speaking-requests.php HTTP/1.1" 200 14865 "-" "Mozilla/5.0 (compatible; bingbot/2.0; +http://www.bing.com/bingbot.htm)"
157.55.35.112 - - [30/Jul/2013:12:23:14 -0400] "GET /speaking-requests.php HTTP/1.1" 200 14865 "-" "Mozilla/5.0 (compatible; bingbot/2.0; +http://www.bing.com/bingbot.htm)"
5.10.83.51 - - [30/Jul/2013:12:23:43 -0400] "GET /judge-penny-story.php HTTP/1.1" 200 13963 "-" "Mozilla/5.0 (compatible; AhrefsBot/5.0; +http://ahrefs.com/robot/)"
5.10.83.51 - - [30/Jul/2013:12:27:18 -0400] "GET /media.php HTTP/1.1" 200 6682 "-" "Mozilla/5.0 (compatible; AhrefsBot/5.0; +http://ahrefs.com/robot/)"
157.55.35.112 - - [30/Jul/2013:12:31:10 -0400] "GET / HTTP/1.1" 200 8953 "-" "Mozilla/5.0 (compatible; bingbot/2.0; +http://www.bing.com/bingbot.htm)"
5.10.83.51 - - [30/Jul/2013:12:35:29 -0400] "GET /penny-for-your-thoughts_itsnotwhatyousaybuthowyousayitl.php HTTP/1.1" 200 8648 "-" "Mozilla/5.0 (compatible; AhrefsBot/5.0; +http://ahrefs.com/robot/)"
5.10.83.51 - - [30/Jul/2013:12:37:41 -0400] "GET /contact.php HTTP/1.1" 200 6149 "-" "Mozilla/5.0 (compatible; AhrefsBot/5.0; +http://ahrefs.com/robot/)"
157.55.35.112 - - [30/Jul/2013:12:38:44 -0400] "GET /speaking-requests.php HTTP/1.1" 200 14865 "-" "Mozilla/5.0 (compatible; bingbot/2.0; +http://www.bing.com/bingbot.htm)"
5.10.83.51 - - [30/Jul/2013:12:39:58 -0400] "GET /penny-for-your-thoughts_howdoIdealwithanoutofcontrol.php HTTP/1.1" 200 8668 "-" "Mozilla/5.0 (compatible; AhrefsBot/5.0; +http://ahrefs.com/robot/)"
5.10.83.51 - - [30/Jul/2013:12:40:50 -0400] "GET /press-room.php HTTP/1.1" 200 6775 "-" "Mozilla/5.0 (compatible; AhrefsBot/5.0; +http://ahrefs.com/robot/)"
5.10.83.51 - - [30/Jul/2013:12:42:49 -0400] "GET /beyond-the-robe.php HTTP/1.1" 200 8574 "-" "Mozilla/5.0 (compatible; AhrefsBot/5.0; +http://ahrefs.com/robot/)"
5.10.83.51 - - [30/Jul/2013:12:44:23 -0400] "GET /photos.php HTTP/1.1" 200 6337 "-" "Mozilla/5.0 (compatible; AhrefsBot/5.0; +http://ahrefs.com/robot/)"
157.55.35.112 - - [30/Jul/2013:12:55:54 -0400] "GET /speaking-requests.php HTTP/1.1" 200 14865 "-" "Mozilla/5.0 (compatible; bingbot/2.0; +http://www.bing.com/bingbot.htm)"
178.154.243.82 - - [30/Jul/2013:12:57:28 -0400] "GET /robots.txt HTTP/1.1" 404 575 "-" "Mozilla/5.0 (compatible; YandexImages/3.0; +http://yandex.com/bots)"
218.30.103.39 - - [30/Jul/2013:13:03:02 -0400] "GET / HTTP/1.1" 200 8953 "-" "Sogou web spider/4.0(+http://www.sogou.com/docs/help/webmasters.htm#07)"
218.30.103.39 - - [30/Jul/2013:13:03:04 -0400] "GET /robots.txt HTTP/1.1" 404 575 "-" "Sogou web spider/4.0"
123.125.71.59 - - [30/Jul/2013:13:38:21 -0400] "GET /images/buy-now.png HTTP/1.1" 200 89906 "-" "Baiduspider-image+(+http://www.baidu.com/search/spider.htm)"
178.154.243.82 - - [30/Jul/2013:13:55:12 -0400] "GET /images/linked-in.png HTTP/1.1" 304 - "-" "Mozilla/5.0 (compatible; YandexImages/3.0; +http://yandex.com/bots)"
157.55.32.39 - - [30/Jul/2013:14:33:20 -0400] "GET /robots.txt HTTP/1.1" 404 575 "-" "Mozilla/5.0 (compatible; bingbot/2.0; +http://www.bing.com/bingbot.htm)"
157.55.32.39 - - [30/Jul/2013:14:34:13 -0400] "GET /index.php HTTP/1.1" 200 8953 "-" "Mozilla/5.0 (compatible; bingbot/2.0; +http://www.bing.com/bingbot.htm)"
74.143.240.34 - - [30/Jul/2013:14:40:08 -0400] "GET /images/judge2.jpg HTTP/1.1" 200 50523 "http://www.google.com/search?tbm=isch&source=mog&hl=en&gl=us&client=safari&tab=fi&q=purple%20judge%20robe&sa=N&biw=320&bih=356" "Mozilla/5.0 (iPhone; CPU iPhone OS 5_1_1 like Mac OS X) AppleWebKit/534.46 (KHTML, like Gecko) Version/5.1 Mobile/9B206 Safari/7534.48.3"
157.55.32.39 - - [30/Jul/2013:15:00:08 -0400] "GET /index.php HTTP/1.1" 200 8953 "-" "Mozilla/5.0 (compatible; bingbot/2.0; +http://www.bing.com/bingbot.htm)"
157.55.35.112 - - [30/Jul/2013:15:22:45 -0400] "GET / HTTP/1.1" 200 8953 "-" "Mozilla/5.0 (compatible; bingbot/2.0; +http://www.bing.com/bingbot.htm)"
157.55.32.39 - - [30/Jul/2013:15:28:38 -0400] "GET /index.php HTTP/1.1" 200 8953 "-" "Mozilla/5.0 (compatible; bingbot/2.0; +http://www.bing.com/bingbot.htm)"
217.69.133.218 - - [30/Jul/2013:16:02:55 -0400] "GET /photos.php HTTP/1.0" 200 6337 "-" "Mozilla/5.0 (compatible; Linux x86_64; Mail.RU_Bot/2.0; +http://go.mail.ru/help/robots)"
208.115.111.70 - - [30/Jul/2013:16:33:41 -0400] "GET /robots.txt HTTP/1.1" 404 575 "-" "Mozilla/5.0 (compatible; Ezooms/1.0; ezooms.bot@gmail.com)"
66.87.100.252 - - [30/Jul/2013:16:45:57 -0400] "GET /biography.php HTTP/1.1" 200 9590 "-" "Mozilla/5.0 (Linux; U; Android 4.1.2; en-us; SPH-L710 Build/JZO54K) AppleWebKit/534.30 (KHTML, like Gecko) Version/4.0 Mobile Safari/534.30"
66.87.100.252 - - [30/Jul/2013:16:45:57 -0400] "GET /css/style.css HTTP/1.1" 200 9522 "-" "Mozilla/5.0 (Linux; U; Android 4.1.2; en-us; SPH-L710 Build/JZO54K) AppleWebKit/534.30 (KHTML, like Gecko) Version/4.0 Mobile Safari/534.30"
66.87.100.252 - - [30/Jul/2013:16:45:57 -0400] "GET /videos/jwplayer.js HTTP/1.1" 200 133009 "-" "Mozilla/5.0 (Linux; U; Android 4.1.2; en-us; SPH-L710 Build/JZO54K) AppleWebKit/534.30 (KHTML, like Gecko) Version/4.0 Mobile Safari/534.30"
66.87.100.252 - - [30/Jul/2013:16:45:58 -0400] "GET /css/default.css HTTP/1.1" 200 1295 "http://www.judgepenny.com/biography.php" "Mozilla/5.0 (Linux; U; Android 4.1.2; en-us; SPH-L710 Build/JZO54K) AppleWebKit/534.30 (KHTML, like Gecko) Version/4.0 Mobile Safari/534.30"
66.87.100.252 - - [30/Jul/2013:16:45:59 -0400] "GET /css/nivo-slider.css HTTP/1.1" 200 1430 "http://www.judgepenny.com/biography.php" "Mozilla/5.0 (Linux; U; Android 4.1.2; en-us; SPH-L710 Build/JZO54K) AppleWebKit/534.30 (KHTML, like Gecko) Version/4.0 Mobile Safari/534.30"
66.87.100.252 - - [30/Jul/2013:16:45:59 -0400] "GET /slide-style.css HTTP/1.1" 404 575 "http://www.judgepenny.com/biography.php" "Mozilla/5.0 (Linux; U; Android 4.1.2; en-us; SPH-L710 Build/JZO54K) AppleWebKit/534.30 (KHTML, like Gecko) Version/4.0 Mobile Safari/534.30"
66.87.100.252 - - [30/Jul/2013:16:45:59 -0400] "GET /images/judge-jenny.png HTTP/1.1" 200 28663 "http://www.judgepenny.com/biography.php" "Mozilla/5.0 (Linux; U; Android 4.1.2; en-us; SPH-L710 Build/JZO54K) AppleWebKit/534.30 (KHTML, like Gecko) Version/4.0 Mobile Safari/534.30"
66.87.100.252 - - [30/Jul/2013:16:45:59 -0400] "GET /images/facebook.png HTTP/1.1" 200 2371 "http://www.judgepenny.com/biography.php" "Mozilla/5.0 (Linux; U; Android 4.1.2; en-us; SPH-L710 Build/JZO54K) AppleWebKit/534.30 (KHTML, like Gecko) Version/4.0 Mobile Safari/534.30"
66.87.100.252 - - [30/Jul/2013:16:45:59 -0400] "GET /images/twitter.png HTTP/1.1" 200 2703 "http://www.judgepenny.com/biography.php" "Mozilla/5.0 (Linux; U; Android 4.1.2; en-us; SPH-L710 Build/JZO54K) AppleWebKit/534.30 (KHTML, like Gecko) Version/4.0 Mobile Safari/534.30"
66.87.100.252 - - [30/Jul/2013:16:45:59 -0400] "GET /images/linked-in.png HTTP/1.1" 200 2575 "http://www.judgepenny.com/biography.php" "Mozilla/5.0 (Linux; U; Android 4.1.2; en-us; SPH-L710 Build/JZO54K) AppleWebKit/534.30 (KHTML, like Gecko) Version/4.0 Mobile Safari/534.30"
66.87.100.252 - - [30/Jul/2013:16:45:59 -0400] "GET /images/you-tube.png HTTP/1.1" 200 3090 "http://www.judgepenny.com/biography.php" "Mozilla/5.0 (Linux; U; Android 4.1.2; en-us; SPH-L710 Build/JZO54K) AppleWebKit/534.30 (KHTML, like Gecko) Version/4.0 Mobile Safari/534.30"
66.87.100.252 - - [30/Jul/2013:16:45:59 -0400] "GET /images/bg.jpg HTTP/1.1" 200 71900 "http://www.judgepenny.com/biography.php" "Mozilla/5.0 (Linux; U; Android 4.1.2; en-us; SPH-L710 Build/JZO54K) AppleWebKit/534.30 (KHTML, like Gecko) Version/4.0 Mobile Safari/534.30"
66.87.100.252 - - [30/Jul/2013:16:45:59 -0400] "GET /images/jenny-header.png HTTP/1.1" 200 69160 "http://www.judgepenny.com/biography.php" "Mozilla/5.0 (Linux; U; Android 4.1.2; en-us; SPH-L710 Build/JZO54K) AppleWebKit/534.30 (KHTML, like Gecko) Version/4.0 Mobile Safari/534.30"
66.87.100.252 - - [30/Jul/2013:16:45:59 -0400] "GET /images/seprator.png HTTP/1.1" 200 429 "http://www.judgepenny.com/biography.php" "Mozilla/5.0 (Linux; U; Android 4.1.2; en-us; SPH-L710 Build/JZO54K) AppleWebKit/534.30 (KHTML, like Gecko) Version/4.0 Mobile Safari/534.30"
66.87.100.252 - - [30/Jul/2013:16:45:59 -0400] "GET /images/btn.png HTTP/1.1" 200 512 "http://www.judgepenny.com/biography.php" "Mozilla/5.0 (Linux; U; Android 4.1.2; en-us; SPH-L710 Build/JZO54K) AppleWebKit/534.30 (KHTML, like Gecko) Version/4.0 Mobile Safari/534.30"
66.87.100.252 - - [30/Jul/2013:16:45:59 -0400] "GET /images/sub-menu.png HTTP/1.1" 200 6956 "http://www.judgepenny.com/biography.php" "Mozilla/5.0 (Linux; U; Android 4.1.2; en-us; SPH-L710 Build/JZO54K) AppleWebKit/534.30 (KHTML, like Gecko) Version/4.0 Mobile Safari/534.30"
66.87.100.252 - - [30/Jul/2013:16:45:59 -0400] "GET /images/h-div.png HTTP/1.1" 200 1503 "http://www.judgepenny.com/biography.php" "Mozilla/5.0 (Linux; U; Android 4.1.2; en-us; SPH-L710 Build/JZO54K) AppleWebKit/534.30 (KHTML, like Gecko) Version/4.0 Mobile Safari/534.30"
66.87.100.252 - - [30/Jul/2013:16:46:00 -0400] "GET /images/buy-now.png HTTP/1.1" 200 89906 "http://www.judgepenny.com/biography.php" "Mozilla/5.0 (Linux; U; Android 4.1.2; en-us; SPH-L710 Build/JZO54K) AppleWebKit/534.30 (KHTML, like Gecko) Version/4.0 Mobile Safari/534.30"
66.87.100.252 - - [30/Jul/2013:16:46:00 -0400] "GET /images/right-div.png HTTP/1.1" 200 5479 "http://www.judgepenny.com/biography.php" "Mozilla/5.0 (Linux; U; Android 4.1.2; en-us; SPH-L710 Build/JZO54K) AppleWebKit/534.30 (KHTML, like Gecko) Version/4.0 Mobile Safari/534.30"
66.87.100.252 - - [30/Jul/2013:16:46:00 -0400] "GET /images/entry-bg.png HTTP/1.1" 200 18958 "http://www.judgepenny.com/biography.php" "Mozilla/5.0 (Linux; U; Android 4.1.2; en-us; SPH-L710 Build/JZO54K) AppleWebKit/534.30 (KHTML, like Gecko) Version/4.0 Mobile Safari/534.30"
66.87.100.252 - - [30/Jul/2013:16:46:00 -0400] "GET /images/judge.png HTTP/1.1" 200 164424 "http://www.judgepenny.com/biography.php" "Mozilla/5.0 (Linux; U; Android 4.1.2; en-us; SPH-L710 Build/JZO54K) AppleWebKit/534.30 (KHTML, like Gecko) Version/4.0 Mobile Safari/534.30"
66.87.100.252 - - [30/Jul/2013:16:46:00 -0400] "GET /images/main-btm.png HTTP/1.1" 200 398 "http://www.judgepenny.com/biography.php" "Mozilla/5.0 (Linux; U; Android 4.1.2; en-us; SPH-L710 Build/JZO54K) AppleWebKit/534.30 (KHTML, like Gecko) Version/4.0 Mobile Safari/534.30"
66.87.100.252 - - [30/Jul/2013:16:46:00 -0400] "GET /images/ftr-bg.png HTTP/1.1" 200 198 "http://www.judgepenny.com/biography.php" "Mozilla/5.0 (Linux; U; Android 4.1.2; en-us; SPH-L710 Build/JZO54K) AppleWebKit/534.30 (KHTML, like Gecko) Version/4.0 Mobile Safari/534.30"
66.87.100.252 - - [30/Jul/2013:16:46:43 -0400] "GET /favicon.ico HTTP/1.1" 404 575 "http://www.judgepenny.com/biography.php" "Mozilla/5.0 (Linux; U; Android 4.1.2; en-us; SPH-L710 Build/JZO54K) AppleWebKit/534.30 (KHTML, like Gecko) Version/4.0 Mobile Safari/534.30"
157.56.93.61 - - [30/Jul/2013:17:05:03 -0400] "GET /robots.txt HTTP/1.1" 404 575 "-" "Mozilla/5.0 (compatible; bingbot/2.0; +http://www.bing.com/bingbot.htm)"
157.56.93.61 - - [30/Jul/2013:17:05:43 -0400] "GET /media.php HTTP/1.1" 200 6682 "-" "Mozilla/5.0 (compatible; bingbot/2.0; +http://www.bing.com/bingbot.htm)"
173.252.101.112 - - [30/Jul/2013:17:09:55 -0400] "GET / HTTP/1.1" 200 8953 "-" "facebookexternalhit/1.1 (+http://www.facebook.com/externalhit_uatext.php)"
173.252.101.112 - - [30/Jul/2013:17:09:57 -0400] "GET /slideshow/images/book.jpg HTTP/1.1" 206 9000 "http://www.judgepenny.com/" "facebookexternalhit/1.1 (+http://www.facebook.com/externalhit_uatext.php)"
173.252.101.116 - - [30/Jul/2013:17:09:57 -0400] "GET /images/you-tube.png HTTP/1.1" 206 3090 "http://www.judgepenny.com/" "facebookexternalhit/1.1 (+http://www.facebook.com/externalhit_uatext.php)"
173.252.101.116 - - [30/Jul/2013:17:09:57 -0400] "GET /images/twitter.png HTTP/1.1" 206 2703 "http://www.judgepenny.com/" "facebookexternalhit/1.1 (+http://www.facebook.com/externalhit_uatext.php)"
173.252.101.115 - - [30/Jul/2013:17:09:57 -0400] "GET /slideshow/images/judge_penny_the_judge.jpg HTTP/1.1" 206 9000 "http://www.judgepenny.com/" "facebookexternalhit/1.1 (+http://www.facebook.com/externalhit_uatext.php)"
173.252.101.114 - - [30/Jul/2013:17:09:57 -0400] "GET /images/linked-in.png HTTP/1.1" 206 2575 "http://www.judgepenny.com/" "facebookexternalhit/1.1 (+http://www.facebook.com/externalhit_uatext.php)"
173.252.101.119 - - [30/Jul/2013:17:09:57 -0400] "GET /images/judge-jenny.png HTTP/1.1" 206 9000 "http://www.judgepenny.com/" "facebookexternalhit/1.1 (+http://www.facebook.com/externalhit_uatext.php)"
173.252.101.116 - - [30/Jul/2013:17:09:57 -0400] "GET /images/m-btm.png HTTP/1.1" 206 741 "http://www.judgepenny.com/" "facebookexternalhit/1.1 (+http://www.facebook.com/externalhit_uatext.php)"
173.252.101.118 - - [30/Jul/2013:17:09:57 -0400] "GET /images/m-top.png HTTP/1.1" 206 574 "http://www.judgepenny.com/" "facebookexternalhit/1.1 (+http://www.facebook.com/externalhit_uatext.php)"
173.252.101.114 - - [30/Jul/2013:17:09:57 -0400] "GET /slideshow/images/judge_penny_self_worth.jpg HTTP/1.1" 206 9000 "http://www.judgepenny.com/" "facebookexternalhit/1.1 (+http://www.facebook.com/externalhit_uatext.php)"
173.252.101.119 - - [30/Jul/2013:17:09:57 -0400] "GET /images/facebook.png HTTP/1.1" 206 2371 "http://www.judgepenny.com/" "facebookexternalhit/1.1 (+http://www.facebook.com/externalhit_uatext.php)"
173.252.101.112 - - [30/Jul/2013:17:09:58 -0400] "GET /images/judge-jenny.png HTTP/1.1" 206 28663 "-" "facebookexternalhit/1.1 (+http://www.facebook.com/externalhit_uatext.php)"
68.28.123.115 - - [30/Jul/2013:17:09:58 -0400] "GET / HTTP/1.1" 200 8953 "http://m.facebook.com/l.php?u=http%3A%2F%2Fwww.judgepenny.com%2F&h=uAQEcnJIP&s=1" "NetFront/4.2 (BREW 1.0.4; U; en-us; Samsung; NetFront/4.2/WAP) Sprint M400 MMP/2.0 Profile/MIDP-2.1 Configuration/CLDC-1.1"
69.171.245.2 - - [30/Jul/2013:17:09:59 -0400] "GET /slideshow/images/judge_penny_self_worth.jpg HTTP/1.1" 206 129594 "-" "facebookexternalhit/1.1 (+http://www.facebook.com/externalhit_uatext.php)"
69.171.245.5 - - [30/Jul/2013:17:09:59 -0400] "GET /slideshow/images/judge_penny_the_judge.jpg HTTP/1.1" 206 151096 "-" "facebookexternalhit/1.1 (+http://www.facebook.com/externalhit_uatext.php)"
69.171.245.6 - - [30/Jul/2013:17:09:59 -0400] "GET /images/m-top.png HTTP/1.1" 206 574 "-" "facebookexternalhit/1.1 (+http://www.facebook.com/externalhit_uatext.php)"
69.171.245.4 - - [30/Jul/2013:17:09:59 -0400] "GET /images/judge-jenny.png HTTP/1.1" 206 28663 "-" "facebookexternalhit/1.1 (+http://www.facebook.com/externalhit_uatext.php)"
69.171.245.7 - - [30/Jul/2013:17:09:59 -0400] "GET /images/you-tube.png HTTP/1.1" 206 3090 "-" "facebookexternalhit/1.1 (+http://www.facebook.com/externalhit_uatext.php)"
69.171.245.6 - - [30/Jul/2013:17:09:59 -0400] "GET /images/facebook.png HTTP/1.1" 206 2371 "-" "facebookexternalhit/1.1 (+http://www.facebook.com/externalhit_uatext.php)"
69.171.245.2 - - [30/Jul/2013:17:09:59 -0400] "GET /slideshow/images/book.jpg HTTP/1.1" 206 132593 "-" "facebookexternalhit/1.1 (+http://www.facebook.com/externalhit_uatext.php)"
69.171.245.4 - - [30/Jul/2013:17:09:59 -0400] "GET /images/linked-in.png HTTP/1.1" 206 2575 "-" "facebookexternalhit/1.1 (+http://www.facebook.com/externalhit_uatext.php)"
69.171.245.6 - - [30/Jul/2013:17:09:59 -0400] "GET /images/m-btm.png HTTP/1.1" 206 741 "-" "facebookexternalhit/1.1 (+http://www.facebook.com/externalhit_uatext.php)"
69.171.245.2 - - [30/Jul/2013:17:09:59 -0400] "GET /images/twitter.png HTTP/1.1" 206 2703 "-" "facebookexternalhit/1.1 (+http://www.facebook.com/externalhit_uatext.php)"
68.28.123.115 - - [30/Jul/2013:17:10:02 -0400] "GET /css/style.css HTTP/1.1" 200 9522 "http://www.judgepenny.com/" "NetFront/4.2 (BREW 1.0.4; U; en-us; Samsung; NetFront/4.2/WAP) Sprint M400 MMP/2.0 Profile/MIDP-2.1 Configuration/CLDC-1.1"
68.28.123.115 - - [30/Jul/2013:17:10:14 -0400] "GET /slide-style.css HTTP/1.1" 404 575 "http://www.judgepenny.com/" "NetFront/4.2 (BREW 1.0.4; U; en-us; Samsung; NetFront/4.2/WAP) Sprint M400 MMP/2.0 Profile/MIDP-2.1 Configuration/CLDC-1.1"
68.28.123.115 - - [30/Jul/2013:17:10:22 -0400] "GET /css/default.css HTTP/1.1" 200 1295 "http://www.judgepenny.com/" "NetFront/4.2 (BREW 1.0.4; U; en-us; Samsung; NetFront/4.2/WAP) Sprint M400 MMP/2.0 Profile/MIDP-2.1 Configuration/CLDC-1.1"
68.28.123.115 - - [30/Jul/2013:17:10:22 -0400] "GET /css/nivo-slider.css HTTP/1.1" 200 1430 "http://www.judgepenny.com/" "NetFront/4.2 (BREW 1.0.4; U; en-us; Samsung; NetFront/4.2/WAP) Sprint M400 MMP/2.0 Profile/MIDP-2.1 Configuration/CLDC-1.1"
68.28.123.115 - - [30/Jul/2013:17:10:25 -0400] "GET /images/judge-jenny.png HTTP/1.1" 200 28663 "http://www.judgepenny.com/" "NetFront/4.2 (BREW 1.0.4; U; en-us; Samsung; NetFront/4.2/WAP) Sprint M400 MMP/2.0 Profile/MIDP-2.1 Configuration/CLDC-1.1"
68.28.123.115 - - [30/Jul/2013:17:10:30 -0400] "GET /images/twitter.png HTTP/1.1" 200 2703 "http://www.judgepenny.com/" "NetFront/4.2 (BREW 1.0.4; U; en-us; Samsung; NetFront/4.2/WAP) Sprint M400 MMP/2.0 Profile/MIDP-2.1 Configuration/CLDC-1.1"
68.28.123.115 - - [30/Jul/2013:17:10:34 -0400] "GET /images/facebook.png HTTP/1.1" 200 2371 "http://www.judgepenny.com/" "NetFront/4.2 (BREW 1.0.4; U; en-us; Samsung; NetFront/4.2/WAP) Sprint M400 MMP/2.0 Profile/MIDP-2.1 Configuration/CLDC-1.1"
68.28.123.115 - - [30/Jul/2013:17:10:37 -0400] "GET /images/you-tube.png HTTP/1.1" 200 3090 "http://www.judgepenny.com/" "NetFront/4.2 (BREW 1.0.4; U; en-us; Samsung; NetFront/4.2/WAP) Sprint M400 MMP/2.0 Profile/MIDP-2.1 Configuration/CLDC-1.1"
68.28.123.115 - - [30/Jul/2013:17:10:40 -0400] "GET /images/linked-in.png HTTP/1.1" 200 2575 "http://www.judgepenny.com/" "NetFront/4.2 (BREW 1.0.4; U; en-us; Samsung; NetFront/4.2/WAP) Sprint M400 MMP/2.0 Profile/MIDP-2.1 Configuration/CLDC-1.1"
68.28.123.115 - - [30/Jul/2013:17:10:44 -0400] "GET /slideshow/images/judge_penny_foundation.jpg HTTP/1.1" 200 175194 "http://www.judgepenny.com/" "NetFront/4.2 (BREW 1.0.4; U; en-us; Samsung; NetFront/4.2/WAP) Sprint M400 MMP/2.0 Profile/MIDP-2.1 Configuration/CLDC-1.1"
208.115.111.70 - - [30/Jul/2013:17:17:37 -0400] "GET /penny-for-your-thoughts_howdoIdealwithanoutofcontrol.php HTTP/1.1" 200 8668 "-" "Mozilla/5.0 (compatible; Ezooms/1.0; ezooms.bot@gmail.com)"
157.55.35.112 - - [30/Jul/2013:17:25:02 -0400] "GET /robots.txt HTTP/1.1" 404 575 "-" "Mozilla/5.0 (compatible; bingbot/2.0; +http://www.bing.com/bingbot.htm)"
157.55.35.112 - - [30/Jul/2013:17:28:17 -0400] "GET /judge-penny-foundation.php HTTP/1.1" 200 7746 "-" "Mozilla/5.0 (compatible; bingbot/2.0; +http://www.bing.com/bingbot.htm)"
96.227.70.126 - - [30/Jul/2013:17:32:06 -0400] "GET /biography.php HTTP/1.1" 302 393 "http://search.yahoo.com/search;_ylt=Ah7fVTeJjFHlrK38p31B1ZNG2vAI;_ylc=X1MDMjE0MjQ3ODk0OARfcgMyBGZyA3VzaC1teV91aDNfMDIEbl9ncHMDMTAEb3JpZ2luA215LnlhaG9vLmNvbQRxdWVyeQNKdWRnZSBQZW5ueQRzYW8DMQ--?p=Judge+Penny&type=1button&fr=ush-my_uh3_02" "Mozilla/5.0 (compatible; MSIE 10.0; Windows NT 6.1; Trident/6.0)"
184.78.67.91 - - [30/Jul/2013:17:40:24 -0400] "GET / HTTP/1.1" 302 356 "http://search.yahoo.com/search;_ylt=A0PDoV2nMvhRyhYAcU.JzbkF?p=Judge%20Penny&fr=yfp-t-900-8&fr2=piv-image&" "Mozilla/5.0 (compatible; MSIE 10.0; Windows NT 6.1; WOW64; Trident/6.0)"
184.78.67.91 - - [30/Jul/2013:17:40:29 -0400] "GET / HTTP/1.1" 302 356 "http://search.yahoo.com/search;_ylt=A0PDoV2nMvhRyhYAcU.JzbkF?p=Judge%20Penny&fr=yfp-t-900-8&fr2=piv-image&" "Mozilla/5.0 (compatible; MSIE 10.0; Windows NT 6.1; WOW64; Trident/6.0)"
184.78.67.91 - - [30/Jul/2013:17:40:29 -0400] "GET / HTTP/1.1" 302 356 "http://search.yahoo.com/search;_ylt=A0PDoV2nMvhRyhYAcU.JzbkF?p=Judge%20Penny&fr=yfp-t-900-8&fr2=piv-image&" "Mozilla/5.0 (compatible; MSIE 10.0; Windows NT 6.1; WOW64; Trident/6.0)"
184.78.67.91 - - [30/Jul/2013:17:40:34 -0400] "GET /judge-penny-story.php HTTP/1.1" 302 405 "http://search.yahoo.com/search;_ylt=A0PDoV2nMvhRyhYAcU.JzbkF?p=Judge%20Penny&fr=yfp-t-900-8&fr2=piv-image&" "Mozilla/5.0 (compatible; MSIE 10.0; Windows NT 6.1; WOW64; Trident/6.0)"
208.115.113.86 - - [30/Jul/2013:18:30:26 -0400] "GET /robots.txt HTTP/1.1" 404 575 "-" "Mozilla/5.0 (compatible; Ezooms/1.0; ezooms.bot@gmail.com)"
157.55.32.39 - - [30/Jul/2013:18:58:19 -0400] "GET /robots.txt HTTP/1.1" 404 575 "-" "Mozilla/5.0 (compatible; bingbot/2.0; +http://www.bing.com/bingbot.htm)"
157.55.32.39 - - [30/Jul/2013:18:59:09 -0400] "GET /beyond-the-robe.html HTTP/1.1" 404 575 "-" "Mozilla/5.0 (compatible; bingbot/2.0; +http://www.bing.com/bingbot.htm)"
193.106.136.49 - - [30/Jul/2013:19:03:53 -0400] "GET / HTTP/1.1" 200 8953 "http://taxi-odessa-kherson.com/kherson-apartments.php" "Mozilla/4.0 (compatible; MSIE 6.0; Windows 98; Win 9x 4.90)"
193.106.136.49 - - [30/Jul/2013:19:03:54 -0400] "GET / HTTP/1.1" 200 8953 "http://taxi-odessa-kherson.com/kherson-apartments.php" "Mozilla/4.0 (compatible; MSIE 6.0; Windows 98; Win 9x 4.90)"
193.106.136.49 - - [30/Jul/2013:19:03:55 -0400] "GET / HTTP/1.1" 200 8953 "http://taxi-odessa-kherson.com/kherson-apartments.php" "Mozilla/4.0 (compatible; MSIE 6.0; Windows 98; Win 9x 4.90)"
208.115.113.86 - - [30/Jul/2013:19:23:20 -0400] "GET /penny-for-your-thoughts_howtowalkawayfromabadrelationship.php HTTP/1.1" 200 7498 "-" "Mozilla/5.0 (compatible; Ezooms/1.0; ezooms.bot@gmail.com)"
180.76.6.223 - - [30/Jul/2013:19:25:48 -0400] "GET /biography.php HTTP/1.1" 200 9590 "-" "Mozilla/5.0 (compatible; Baiduspider/2.0; +http://www.baidu.com/search/spider.html)"
