178.154.243.82 - - [01/Aug/2013:00:07:11 -0400] "GET /images/pic1.jpg HTTP/1.1" 304 - "-" "Mozilla/5.0 (compatible; YandexImages/3.0; +http://yandex.com/bots)"
157.56.92.158 - - [01/Aug/2013:00:10:08 -0400] "GET /videos/jwplayer.js HTTP/1.1" 200 133009 "-" "Mozilla/5.0 (compatible; bingbot/2.0; +http://www.bing.com/bingbot.htm)"
157.55.35.112 - - [01/Aug/2013:00:13:46 -0400] "GET /robots.txt HTTP/1.1" 404 575 "-" "Mozilla/5.0 (compatible; bingbot/2.0; +http://www.bing.com/bingbot.htm)"
157.55.35.112 - - [01/Aug/2013:00:15:17 -0400] "GET / HTTP/1.1" 200 8953 "-" "Mozilla/5.0 (compatible; bingbot/2.0; +http://www.bing.com/bingbot.htm)"
220.181.108.86 - - [01/Aug/2013:00:18:18 -0400] "GET /images/advice.jpg HTTP/1.1" 200 51293 "-" "Baiduspider-image+(+http://www.baidu.com/search/spider.htm)"
66.249.75.108 - - [01/Aug/2013:00:19:29 -0400] "GET /penny-for-your-thoughts_howtowalkawayfromabadrelationship.php HTTP/1.1" 200 7498 "-" "Mozilla/5.0 (compatible; Googlebot/2.1; +http://www.google.com/bot.html)"
178.154.243.82 - - [01/Aug/2013:00:31:09 -0400] "GET /images/m-top.png HTTP/1.1" 304 - "-" "Mozilla/5.0 (compatible; YandexImages/3.0; +http://yandex.com/bots)"
66.249.75.130 - - [01/Aug/2013:00:45:28 -0400] "GET /robots.txt HTTP/1.1" 404 575 "-" "Mozilla/5.0 (compatible; Googlebot/2.1; +http://www.google.com/bot.html)"
66.249.75.130 - - [01/Aug/2013:00:45:28 -0400] "GET / HTTP/1.1" 200 8953 "-" "Mozilla/5.0 (compatible; Googlebot/2.1; +http://www.google.com/bot.html)"
66.249.75.108 - - [01/Aug/2013:00:49:38 -0400] "GET /photos.php HTTP/1.1" 200 6337 "-" "Mozilla/5.0 (compatible; Googlebot/2.1; +http://www.google.com/bot.html)"
178.154.243.82 - - [01/Aug/2013:00:55:42 -0400] "GET /images/s-menu-b.png HTTP/1.1" 304 - "-" "Mozilla/5.0 (compatible; YandexImages/3.0; +http://yandex.com/bots)"
178.154.243.82 - - [01/Aug/2013:01:20:33 -0400] "GET /images/pic8.jpg HTTP/1.1" 304 - "-" "Mozilla/5.0 (compatible; YandexImages/3.0; +http://yandex.com/bots)"
178.154.243.82 - - [01/Aug/2013:01:48:09 -0400] "GET /images/contact.png HTTP/1.1" 304 - "-" "Mozilla/5.0 (compatible; YandexImages/3.0; +http://yandex.com/bots)"
195.242.218.133 - - [01/Aug/2013:01:50:28 -0400] "GET / HTTP/1.1" 200 8953 "http://en.winpm.ws/" "Mozilla/4.0 (compatible; MSIE 5.5; Windows NT 5.0; T312461)"
195.242.218.133 - - [01/Aug/2013:01:50:27 -0400] "GET / HTTP/1.1" 200 8953 "http://en.winpm.ws/" "Mozilla/4.0 (compatible; MSIE 5.5; Windows NT 5.0; T312461)"
91.207.9.226 - - [01/Aug/2013:01:59:24 -0400] "GET / HTTP/1.1" 200 8953 "http://www.artparquet.ru/" "Mozilla/4.0 (compatible; MSIE 6.0; Windows NT 5.1; SV1; .NET CLR 1.1.4322) NS8/0.9.6"
91.207.9.226 - - [01/Aug/2013:01:59:25 -0400] "GET / HTTP/1.1" 200 8953 "http://www.artparquet.ru/" "Mozilla/4.0 (compatible; MSIE 6.0; Windows NT 5.1; SV1; .NET CLR 1.1.4322) NS8/0.9.6"
91.207.9.226 - - [01/Aug/2013:01:59:26 -0400] "GET / HTTP/1.1" 200 8953 "http://www.artparquet.ru/" "Mozilla/4.0 (compatible; MSIE 6.0; Windows NT 5.1; SV1; .NET CLR 1.1.4322) NS8/0.9.6"
178.154.243.82 - - [01/Aug/2013:02:19:40 -0400] "GET /images/pic6.jpg HTTP/1.1" 304 - "-" "Mozilla/5.0 (compatible; YandexImages/3.0; +http://yandex.com/bots)"
178.154.243.82 - - [01/Aug/2013:02:54:04 -0400] "GET /images/m-btm.png HTTP/1.1" 304 - "-" "Mozilla/5.0 (compatible; YandexImages/3.0; +http://yandex.com/bots)"
71.254.156.7 - - [01/Aug/2013:03:55:44 -0400] "GET /shopping.php HTTP/1.0" 200 8086 "-" "Mozilla/5.0 (X11; Ubuntu; Linux x86_64; rv:16.0) Gecko/20100101 Firefox/16.0"
178.154.243.82 - - [01/Aug/2013:04:17:07 -0400] "GET /images/linked-in.png HTTP/1.1" 304 - "-" "Mozilla/5.0 (compatible; YandexImages/3.0; +http://yandex.com/bots)"
178.154.243.82 - - [01/Aug/2013:05:05:23 -0400] "GET /images/Book_Cover.jpg HTTP/1.1" 304 - "-" "Mozilla/5.0 (compatible; YandexImages/3.0; +http://yandex.com/bots)"
157.55.35.112 - - [01/Aug/2013:05:19:22 -0400] "GET /robots.txt HTTP/1.1" 404 575 "-" "Mozilla/5.0 (compatible; bingbot/2.0; +http://www.bing.com/bingbot.htm)"
157.55.35.112 - - [01/Aug/2013:05:20:12 -0400] "GET / HTTP/1.1" 200 8953 "-" "Mozilla/5.0 (compatible; bingbot/2.0; +http://www.bing.com/bingbot.htm)"
178.154.243.82 - - [01/Aug/2013:06:06:01 -0400] "GET /images/pic3.jpg HTTP/1.1" 304 - "-" "Mozilla/5.0 (compatible; YandexImages/3.0; +http://yandex.com/bots)"
5.10.83.16 - - [01/Aug/2013:06:13:00 -0400] "GET /press-room.php HTTP/1.1" 200 6775 "-" "Mozilla/5.0 (compatible; AhrefsBot/5.0; +http://ahrefs.com/robot/)"
74.171.90.76 - - [01/Aug/2013:06:17:06 -0400] "GET /slideshow/images/judge_penny_the_judge.jpg HTTP/1.1" 302 398 "http://www.bing.com/images/search?q=judge+penny+brown+reynolds&FORM=HDRSC2" "Mozilla/4.0 (compatible; MSIE 8.0; Windows NT 6.1; WOW64; Trident/4.0; chromeframe/28.0.1500.95; SLCC2; .NET CLR 2.0.50727; .NET CLR 3.5.30729; .NET CLR 3.0.30729; Media Center PC 6.0; HPNTDF; .NET4.0C; InfoPath.3; BRI/1; BRI/2)"
5.10.83.16 - - [01/Aug/2013:06:19:55 -0400] "GET /about_judge_penny.htm HTTP/1.1" 404 575 "-" "Mozilla/5.0 (compatible; AhrefsBot/5.0; +http://ahrefs.com/robot/)"
5.10.83.16 - - [01/Aug/2013:06:59:39 -0400] "GET /judge-penny-foundation.php HTTP/1.1" 200 7746 "-" "Mozilla/5.0 (compatible; AhrefsBot/5.0; +http://ahrefs.com/robot/)"
178.154.243.82 - - [01/Aug/2013:07:22:27 -0400] "GET /images/m-icon.png HTTP/1.1" 304 - "-" "Mozilla/5.0 (compatible; YandexImages/3.0; +http://yandex.com/bots)"
157.56.93.61 - - [01/Aug/2013:07:23:27 -0400] "GET /robots.txt HTTP/1.1" 404 575 "-" "Mozilla/5.0 (compatible; bingbot/2.0; +http://www.bing.com/bingbot.htm)"
157.56.93.61 - - [01/Aug/2013:07:24:09 -0400] "GET /penny-for-your-thoughts_howdoIdealwithanoutofcontrol.php HTTP/1.1" 200 8668 "-" "Mozilla/5.0 (compatible; bingbot/2.0; +http://www.bing.com/bingbot.htm)"
98.249.84.78 - - [01/Aug/2013:07:41:55 -0400] "GET /images/advice.jpg HTTP/1.1" 200 51293 "http://www.google.com/search?client=ms-android-verizon&hl=en&v=134000000&tbm=isch&sa=1&ei=C0b6UZmKPIe69gTxpoAg&q=how+to+know+if+you+are+in+a+bad+relationship&oq=how+to+know+if+you+are+in+a+bad&gs_l=mobile-gws-serp.1.0.0i24l3.7129.83039.0.86337.81.53.9.14.14.1.399.8484.10j21j12j5.48.34324....0...1c.1j5.23.mobile-gws-serp..25.56.9063.LZz2GA5wLSQ&biw=320&bih=455&sei=Ckj6UdmFFpCK9gSR3oHICA" "Mozilla/5.0 (Linux; U; Android 2.3.6; en-us; SCH-I110 Build/GA1) AppleWebKit/533.1 (KHTML, like Gecko) Version/4.0 Mobile Safari/533.1"
178.154.243.82 - - [01/Aug/2013:08:25:02 -0400] "GET /images/pic7.jpg HTTP/1.1" 304 - "-" "Mozilla/5.0 (compatible; YandexImages/3.0; +http://yandex.com/bots)"
178.154.243.82 - - [01/Aug/2013:08:48:34 -0400] "GET /images/media3.png HTTP/1.1" 304 - "-" "Mozilla/5.0 (compatible; YandexImages/3.0; +http://yandex.com/bots)"
178.154.243.82 - - [01/Aug/2013:09:12:41 -0400] "GET /images/m-top.png HTTP/1.1" 304 - "-" "Mozilla/5.0 (compatible; YandexImages/3.0; +http://yandex.com/bots)"
98.252.204.130 - - [01/Aug/2013:09:17:33 -0400] "GET /favicon.ico HTTP/1.1" 404 575 "-" "Mozilla/4.0 (compatible; GoogleToolbar 7.5.4209.2358; Windows 6.1; MSIE 9.10.9200.16635)"
98.252.204.130 - - [01/Aug/2013:09:17:33 -0400] "GET /favicon.gif HTTP/1.1" 404 575 "-" "Mozilla/4.0 (compatible; GoogleToolbar 7.5.4209.2358; Windows 6.1; MSIE 9.10.9200.16635)"
109.120.157.179 - - [01/Aug/2013:09:23:04 -0400] "GET / HTTP/1.1" 200 8953 "http://neklone.net/" "Mozilla/5.0 (compatible; Add Catalog/2.1;)"
109.120.157.179 - - [01/Aug/2013:09:23:05 -0400] "GET / HTTP/1.1" 200 8953 "http://neklone.net/" "Mozilla/5.0 (compatible; Add Catalog/2.1;)"
178.154.243.82 - - [01/Aug/2013:09:37:12 -0400] "GET /images/pic3.jpg HTTP/1.1" 304 - "-" "Mozilla/5.0 (compatible; YandexImages/3.0; +http://yandex.com/bots)"
178.154.243.82 - - [01/Aug/2013:10:01:54 -0400] "GET /images/s-menu-b.png HTTP/1.1" 304 - "-" "Mozilla/5.0 (compatible; YandexImages/3.0; +http://yandex.com/bots)"
46.118.152.23 - - [01/Aug/2013:10:16:43 -0400] "GET / HTTP/1.1" 200 8953 "http://komputernaya-pomosh-moscow.ru/" "Mozilla/4.0 (compatible; MSIE 6.0; Windows NT 5.2; SV1; .NET CLR 1.1.4322; .NET CLR 2.0.50727)"
46.118.152.23 - - [01/Aug/2013:10:16:44 -0400] "GET / HTTP/1.1" 200 8953 "http://komputernaya-pomosh-moscow.ru/" "Mozilla/4.0 (compatible; MSIE 6.0; Windows NT 5.2; SV1; .NET CLR 1.1.4322; .NET CLR 2.0.50727)"
46.118.152.23 - - [01/Aug/2013:10:16:45 -0400] "GET / HTTP/1.1" 200 8953 "http://komputernaya-pomosh-moscow.ru/" "Mozilla/4.0 (compatible; MSIE 6.0; Windows NT 5.2; SV1; .NET CLR 1.1.4322; .NET CLR 2.0.50727)"
178.154.243.82 - - [01/Aug/2013:10:33:47 -0400] "GET /images/contact.png HTTP/1.1" 304 - "-" "Mozilla/5.0 (compatible; YandexImages/3.0; +http://yandex.com/bots)"
193.106.136.57 - - [01/Aug/2013:10:46:52 -0400] "GET / HTTP/1.1" 200 8953 "http://doctornevrolog.ru/" "Mozilla/4.0 (compatible; MSIE 6.0; Windows NT 5.1; SV1; MRA 4.6 (build 01425); MRSPUTNIK 1, 5, 0, 19 SW)"
193.106.136.57 - - [01/Aug/2013:10:46:52 -0400] "GET / HTTP/1.1" 200 8953 "http://doctornevrolog.ru/" "Mozilla/4.0 (compatible; MSIE 6.0; Windows NT 5.1; SV1; MRA 4.6 (build 01425); MRSPUTNIK 1, 5, 0, 19 SW)"
193.106.136.57 - - [01/Aug/2013:10:46:54 -0400] "GET / HTTP/1.1" 200 8953 "http://doctornevrolog.ru/" "Mozilla/4.0 (compatible; MSIE 6.0; Windows NT 5.1; SV1; MRA 4.6 (build 01425); MRSPUTNIK 1, 5, 0, 19 SW)"
71.204.71.44 - - [01/Aug/2013:10:59:14 -0400] "GET / HTTP/1.1" 200 8953 "http://www.linkedin.com/profile/view?id=131646927&locale=en_US&trk=tyah" "Mozilla/5.0 (Windows NT 6.0; rv:22.0) Gecko/20100101 Firefox/22.0"
71.204.71.44 - - [01/Aug/2013:10:59:15 -0400] "GET /videos/jwplayer.js HTTP/1.1" 200 133009 "http://www.judgepenny.com/" "Mozilla/5.0 (Windows NT 6.0; rv:22.0) Gecko/20100101 Firefox/22.0"
71.204.71.44 - - [01/Aug/2013:10:59:16 -0400] "GET /slide-style.css HTTP/1.1" 404 575 "http://www.judgepenny.com/" "Mozilla/5.0 (Windows NT 6.0; rv:22.0) Gecko/20100101 Firefox/22.0"
71.204.71.44 - - [01/Aug/2013:10:59:16 -0400] "GET /css/default.css HTTP/1.1" 200 1295 "http://www.judgepenny.com/" "Mozilla/5.0 (Windows NT 6.0; rv:22.0) Gecko/20100101 Firefox/22.0"
71.204.71.44 - - [01/Aug/2013:10:59:16 -0400] "GET /css/nivo-slider.css HTTP/1.1" 200 1430 "http://www.judgepenny.com/" "Mozilla/5.0 (Windows NT 6.0; rv:22.0) Gecko/20100101 Firefox/22.0"
71.204.71.44 - - [01/Aug/2013:10:59:16 -0400] "GET /css/style.css HTTP/1.1" 200 9522 "http://www.judgepenny.com/" "Mozilla/5.0 (Windows NT 6.0; rv:22.0) Gecko/20100101 Firefox/22.0"
71.204.71.44 - - [01/Aug/2013:10:59:16 -0400] "GET /images/facebook.png HTTP/1.1" 200 2371 "http://www.judgepenny.com/" "Mozilla/5.0 (Windows NT 6.0; rv:22.0) Gecko/20100101 Firefox/22.0"
71.204.71.44 - - [01/Aug/2013:10:59:16 -0400] "GET /images/you-tube.png HTTP/1.1" 200 3090 "http://www.judgepenny.com/" "Mozilla/5.0 (Windows NT 6.0; rv:22.0) Gecko/20100101 Firefox/22.0"
71.204.71.44 - - [01/Aug/2013:10:59:16 -0400] "GET /images/twitter.png HTTP/1.1" 200 2703 "http://www.judgepenny.com/" "Mozilla/5.0 (Windows NT 6.0; rv:22.0) Gecko/20100101 Firefox/22.0"
71.204.71.44 - - [01/Aug/2013:10:59:16 -0400] "GET /js/jquery.nivo.slider.pack.js HTTP/1.1" 200 15854 "http://www.judgepenny.com/" "Mozilla/5.0 (Windows NT 6.0; rv:22.0) Gecko/20100101 Firefox/22.0"
71.204.71.44 - - [01/Aug/2013:10:59:16 -0400] "GET /images/judge-jenny.png HTTP/1.1" 200 28663 "http://www.judgepenny.com/" "Mozilla/5.0 (Windows NT 6.0; rv:22.0) Gecko/20100101 Firefox/22.0"
71.204.71.44 - - [01/Aug/2013:10:59:16 -0400] "GET /images/linked-in.png HTTP/1.1" 200 2575 "http://www.judgepenny.com/" "Mozilla/5.0 (Windows NT 6.0; rv:22.0) Gecko/20100101 Firefox/22.0"
71.204.71.44 - - [01/Aug/2013:10:59:16 -0400] "GET /slideshow/images/judge_penny_opportunity.jpg HTTP/1.1" 200 99540 "http://www.judgepenny.com/" "Mozilla/5.0 (Windows NT 6.0; rv:22.0) Gecko/20100101 Firefox/22.0"
71.204.71.44 - - [01/Aug/2013:10:59:16 -0400] "GET /slideshow/images/judge_penny_foundation.jpg HTTP/1.1" 200 175194 "http://www.judgepenny.com/" "Mozilla/5.0 (Windows NT 6.0; rv:22.0) Gecko/20100101 Firefox/22.0"
71.204.71.44 - - [01/Aug/2013:10:59:16 -0400] "GET /slideshow/images/book.jpg HTTP/1.1" 200 132593 "http://www.judgepenny.com/" "Mozilla/5.0 (Windows NT 6.0; rv:22.0) Gecko/20100101 Firefox/22.0"
71.204.71.44 - - [01/Aug/2013:10:59:16 -0400] "GET /slideshow/images/judge_penny_self_worth.jpg HTTP/1.1" 200 129594 "http://www.judgepenny.com/" "Mozilla/5.0 (Windows NT 6.0; rv:22.0) Gecko/20100101 Firefox/22.0"
71.204.71.44 - - [01/Aug/2013:10:59:16 -0400] "GET /slideshow/images/judge_penny_the_judge.jpg HTTP/1.1" 200 151096 "http://www.judgepenny.com/" "Mozilla/5.0 (Windows NT 6.0; rv:22.0) Gecko/20100101 Firefox/22.0"
71.204.71.44 - - [01/Aug/2013:10:59:16 -0400] "GET /images/m-top.png HTTP/1.1" 200 574 "http://www.judgepenny.com/" "Mozilla/5.0 (Windows NT 6.0; rv:22.0) Gecko/20100101 Firefox/22.0"
71.204.71.44 - - [01/Aug/2013:10:59:16 -0400] "GET /slide-style.css HTTP/1.1" 404 575 "http://www.judgepenny.com/" "Mozilla/5.0 (Windows NT 6.0; rv:22.0) Gecko/20100101 Firefox/22.0"
71.204.71.44 - - [01/Aug/2013:10:59:16 -0400] "GET /images/m-btm.png HTTP/1.1" 200 741 "http://www.judgepenny.com/" "Mozilla/5.0 (Windows NT 6.0; rv:22.0) Gecko/20100101 Firefox/22.0"
71.204.71.44 - - [01/Aug/2013:10:59:16 -0400] "GET /slideshow/images/judge_penny_speaking_request.png HTTP/1.1" 200 291884 "http://www.judgepenny.com/" "Mozilla/5.0 (Windows NT 6.0; rv:22.0) Gecko/20100101 Firefox/22.0"
71.204.71.44 - - [01/Aug/2013:10:59:16 -0400] "GET /images/seprator.png HTTP/1.1" 200 429 "http://www.judgepenny.com/css/style.css" "Mozilla/5.0 (Windows NT 6.0; rv:22.0) Gecko/20100101 Firefox/22.0"
71.204.71.44 - - [01/Aug/2013:10:59:16 -0400] "GET /images/bg.jpg HTTP/1.1" 200 71900 "http://www.judgepenny.com/css/style.css" "Mozilla/5.0 (Windows NT 6.0; rv:22.0) Gecko/20100101 Firefox/22.0"
71.204.71.44 - - [01/Aug/2013:10:59:16 -0400] "GET /images/jenny-header.png HTTP/1.1" 200 69160 "http://www.judgepenny.com/css/style.css" "Mozilla/5.0 (Windows NT 6.0; rv:22.0) Gecko/20100101 Firefox/22.0"
71.204.71.44 - - [01/Aug/2013:10:59:16 -0400] "GET /css/loading.gif HTTP/1.1" 200 1737 "http://www.judgepenny.com/css/default.css" "Mozilla/5.0 (Windows NT 6.0; rv:22.0) Gecko/20100101 Firefox/22.0"
71.204.71.44 - - [01/Aug/2013:10:59:16 -0400] "GET /images/h-left.png HTTP/1.1" 200 137 "http://www.judgepenny.com/css/style.css" "Mozilla/5.0 (Windows NT 6.0; rv:22.0) Gecko/20100101 Firefox/22.0"
71.204.71.44 - - [01/Aug/2013:10:59:16 -0400] "GET /images/mail-div.png HTTP/1.1" 200 1078 "http://www.judgepenny.com/css/style.css" "Mozilla/5.0 (Windows NT 6.0; rv:22.0) Gecko/20100101 Firefox/22.0"
71.204.71.44 - - [01/Aug/2013:10:59:16 -0400] "GET /images/s-top.png HTTP/1.1" 200 440 "http://www.judgepenny.com/css/style.css" "Mozilla/5.0 (Windows NT 6.0; rv:22.0) Gecko/20100101 Firefox/22.0"
71.204.71.44 - - [01/Aug/2013:10:59:16 -0400] "GET /images/h-right.png HTTP/1.1" 200 279 "http://www.judgepenny.com/css/style.css" "Mozilla/5.0 (Windows NT 6.0; rv:22.0) Gecko/20100101 Firefox/22.0"
71.204.71.44 - - [01/Aug/2013:10:59:16 -0400] "GET /images/m-center.png HTTP/1.1" 200 191 "http://www.judgepenny.com/css/style.css" "Mozilla/5.0 (Windows NT 6.0; rv:22.0) Gecko/20100101 Firefox/22.0"
71.204.71.44 - - [01/Aug/2013:10:59:16 -0400] "GET /images/ftr-bg.png HTTP/1.1" 200 198 "http://www.judgepenny.com/css/style.css" "Mozilla/5.0 (Windows NT 6.0; rv:22.0) Gecko/20100101 Firefox/22.0"
71.204.71.44 - - [01/Aug/2013:10:59:16 -0400] "GET /images/side-bg.png HTTP/1.1" 200 168 "http://www.judgepenny.com/css/style.css" "Mozilla/5.0 (Windows NT 6.0; rv:22.0) Gecko/20100101 Firefox/22.0"
71.204.71.44 - - [01/Aug/2013:10:59:16 -0400] "GET /images/s-btm.png HTTP/1.1" 200 605 "http://www.judgepenny.com/css/style.css" "Mozilla/5.0 (Windows NT 6.0; rv:22.0) Gecko/20100101 Firefox/22.0"
71.204.71.44 - - [01/Aug/2013:10:59:16 -0400] "GET /css/arrows.png HTTP/1.1" 200 824 "http://www.judgepenny.com/css/default.css" "Mozilla/5.0 (Windows NT 6.0; rv:22.0) Gecko/20100101 Firefox/22.0"
71.204.71.44 - - [01/Aug/2013:10:59:16 -0400] "GET /css/bullets.png HTTP/1.1" 200 1281 "http://www.judgepenny.com/css/default.css" "Mozilla/5.0 (Windows NT 6.0; rv:22.0) Gecko/20100101 Firefox/22.0"
71.204.71.44 - - [01/Aug/2013:10:59:18 -0400] "GET /favicon.ico HTTP/1.1" 404 575 "-" "Mozilla/5.0 (Windows NT 6.0; rv:22.0) Gecko/20100101 Firefox/22.0"
71.204.71.44 - - [01/Aug/2013:10:59:18 -0400] "GET /favicon.ico HTTP/1.1" 404 575 "-" "Mozilla/5.0 (Windows NT 6.0; rv:22.0) Gecko/20100101 Firefox/22.0"
178.154.243.82 - - [01/Aug/2013:11:07:41 -0400] "GET /images/pic1.jpg HTTP/1.1" 304 - "-" "Mozilla/5.0 (compatible; YandexImages/3.0; +http://yandex.com/bots)"
71.204.71.44 - - [01/Aug/2013:11:19:47 -0400] "GET /penny-for-your-thoughts.php HTTP/1.1" 200 11765 "http://www.judgepenny.com/" "Mozilla/5.0 (Windows NT 6.0; rv:22.0) Gecko/20100101 Firefox/22.0"
71.204.71.44 - - [01/Aug/2013:11:19:48 -0400] "GET /slide-style.css HTTP/1.1" 404 575 "http://www.judgepenny.com/penny-for-your-thoughts.php" "Mozilla/5.0 (Windows NT 6.0; rv:22.0) Gecko/20100101 Firefox/22.0"
71.204.71.44 - - [01/Aug/2013:11:19:48 -0400] "GET /images/advice.jpg HTTP/1.1" 200 51293 "http://www.judgepenny.com/penny-for-your-thoughts.php" "Mozilla/5.0 (Windows NT 6.0; rv:22.0) Gecko/20100101 Firefox/22.0"
71.204.71.44 - - [01/Aug/2013:11:19:48 -0400] "GET /images/main-btm.png HTTP/1.1" 200 398 "http://www.judgepenny.com/penny-for-your-thoughts.php" "Mozilla/5.0 (Windows NT 6.0; rv:22.0) Gecko/20100101 Firefox/22.0"
71.204.71.44 - - [01/Aug/2013:11:19:48 -0400] "GET /images/r-head.png HTTP/1.1" 200 596 "http://www.judgepenny.com/css/style.css" "Mozilla/5.0 (Windows NT 6.0; rv:22.0) Gecko/20100101 Firefox/22.0"
71.204.71.44 - - [01/Aug/2013:11:19:48 -0400] "GET /images/entry-bg3.png HTTP/1.1" 200 19110 "http://www.judgepenny.com/css/style.css" "Mozilla/5.0 (Windows NT 6.0; rv:22.0) Gecko/20100101 Firefox/22.0"
71.204.71.44 - - [01/Aug/2013:11:19:48 -0400] "GET /images/events.png HTTP/1.1" 200 3829 "http://www.judgepenny.com/css/style.css" "Mozilla/5.0 (Windows NT 6.0; rv:22.0) Gecko/20100101 Firefox/22.0"
71.204.71.44 - - [01/Aug/2013:11:19:48 -0400] "GET /images/btn.png HTTP/1.1" 200 512 "http://www.judgepenny.com/css/style.css" "Mozilla/5.0 (Windows NT 6.0; rv:22.0) Gecko/20100101 Firefox/22.0"
71.204.71.44 - - [01/Aug/2013:11:19:48 -0400] "GET /images/sub-menu.png HTTP/1.1" 200 6956 "http://www.judgepenny.com/css/style.css" "Mozilla/5.0 (Windows NT 6.0; rv:22.0) Gecko/20100101 Firefox/22.0"
71.204.71.44 - - [01/Aug/2013:11:20:25 -0400] "GET /shopping.php HTTP/1.1" 200 8086 "http://www.judgepenny.com/penny-for-your-thoughts.php" "Mozilla/5.0 (Windows NT 6.0; rv:22.0) Gecko/20100101 Firefox/22.0"
71.204.71.44 - - [01/Aug/2013:11:20:25 -0400] "GET /slide-style.css HTTP/1.1" 404 575 "http://www.judgepenny.com/shopping.php" "Mozilla/5.0 (Windows NT 6.0; rv:22.0) Gecko/20100101 Firefox/22.0"
71.204.71.44 - - [01/Aug/2013:11:20:25 -0400] "GET /images/Book_Cover.jpg HTTP/1.1" 200 51558 "http://www.judgepenny.com/shopping.php" "Mozilla/5.0 (Windows NT 6.0; rv:22.0) Gecko/20100101 Firefox/22.0"
71.204.71.44 - - [01/Aug/2013:11:20:52 -0400] "GET /contact.php HTTP/1.1" 200 6149 "http://www.judgepenny.com/shopping.php" "Mozilla/5.0 (Windows NT 6.0; rv:22.0) Gecko/20100101 Firefox/22.0"
71.204.71.44 - - [01/Aug/2013:11:20:53 -0400] "GET /slide-style.css HTTP/1.1" 404 575 "http://www.judgepenny.com/contact.php" "Mozilla/5.0 (Windows NT 6.0; rv:22.0) Gecko/20100101 Firefox/22.0"
71.204.71.44 - - [01/Aug/2013:11:20:53 -0400] "GET /images/contact.png HTTP/1.1" 200 137804 "http://www.judgepenny.com/contact.php" "Mozilla/5.0 (Windows NT 6.0; rv:22.0) Gecko/20100101 Firefox/22.0"
71.204.71.44 - - [01/Aug/2013:11:21:08 -0400] "GET /events.php HTTP/1.1" 200 8644 "http://www.judgepenny.com/contact.php" "Mozilla/5.0 (Windows NT 6.0; rv:22.0) Gecko/20100101 Firefox/22.0"
71.204.71.44 - - [01/Aug/2013:11:21:10 -0400] "GET /slide-style.css HTTP/1.1" 404 575 "http://www.judgepenny.com/events.php" "Mozilla/5.0 (Windows NT 6.0; rv:22.0) Gecko/20100101 Firefox/22.0"
71.204.71.44 - - [01/Aug/2013:11:21:10 -0400] "GET /images/buy-now.png HTTP/1.1" 200 89906 "http://www.judgepenny.com/events.php" "Mozilla/5.0 (Windows NT 6.0; rv:22.0) Gecko/20100101 Firefox/22.0"
71.204.71.44 - - [01/Aug/2013:11:21:10 -0400] "GET /images/right-div.png HTTP/1.1" 200 5479 "http://www.judgepenny.com/css/style.css" "Mozilla/5.0 (Windows NT 6.0; rv:22.0) Gecko/20100101 Firefox/22.0"
71.204.71.44 - - [01/Aug/2013:11:21:10 -0400] "GET /images/h-div.png HTTP/1.1" 200 1503 "http://www.judgepenny.com/css/style.css" "Mozilla/5.0 (Windows NT 6.0; rv:22.0) Gecko/20100101 Firefox/22.0"
157.55.35.112 - - [01/Aug/2013:11:23:02 -0400] "GET /robots.txt HTTP/1.1" 404 575 "-" "Mozilla/5.0 (compatible; bingbot/2.0; +http://www.bing.com/bingbot.htm)"
157.55.35.112 - - [01/Aug/2013:11:23:42 -0400] "GET / HTTP/1.1" 200 8953 "-" "Mozilla/5.0 (compatible; bingbot/2.0; +http://www.bing.com/bingbot.htm)"
180.76.5.113 - - [01/Aug/2013:11:29:34 -0400] "GET /penny-for-your-thoughts_howtowalkawayfromabadrelationship.php HTTP/1.1" 200 7498 "-" "Mozilla/5.0 (compatible; Baiduspider/2.0; +http://www.baidu.com/search/spider.html)"
178.154.243.82 - - [01/Aug/2013:12:28:53 -0400] "GET /images/m-btm.png HTTP/1.1" 304 - "-" "Mozilla/5.0 (compatible; YandexImages/3.0; +http://yandex.com/bots)"
182.118.35.28 - - [01/Aug/2013:12:44:05 -0400] "GET /robots.txt HTTP/1.1" 404 575 "http://www.judgepenny.com/robots.txt" "Mozilla/4.0 (compatible; MSIE 8.0; Windows NT 6.1; Trident/4.0; SLCC2; .NET CLR 2.0.50727; .NET CLR 3.5.30729; .NET CLR 3.0.30729; Media Center PC 6.0; MDDR; .NET4.0C; .NET4.0E; .NET CLR 1.1.4322; Tablet PC 2.0)"
71.177.184.59 - - [01/Aug/2013:13:13:38 -0400] "GET /speaking-requests.php HTTP/1.0" 200 14865 "-" "Mozilla/5.0 (X11; Ubuntu; Linux x86_64; rv:16.0) Gecko/20100101 Firefox/16.0"
178.154.243.82 - - [01/Aug/2013:13:19:33 -0400] "GET /robots.txt HTTP/1.1" 404 575 "-" "Mozilla/5.0 (compatible; YandexImages/3.0; +http://yandex.com/bots)"
123.125.71.83 - - [01/Aug/2013:13:48:11 -0400] "GET /robots.txt HTTP/1.1" 404 575 "-" "Mozilla/5.0 (compatible; Baiduspider/2.0; +http://www.baidu.com/search/spider.html)"
71.254.156.7 - - [01/Aug/2013:13:53:47 -0400] "GET /video-clips.php HTTP/1.0" 200 7451 "-" "Mozilla/5.0 (X11; Ubuntu; Linux x86_64; rv:16.0) Gecko/20100101 Firefox/16.0"
157.55.32.39 - - [01/Aug/2013:14:05:21 -0400] "GET /robots.txt HTTP/1.1" 404 575 "-" "Mozilla/5.0 (compatible; bingbot/2.0; +http://www.bing.com/bingbot.htm)"
157.55.32.39 - - [01/Aug/2013:14:06:09 -0400] "GET /books.htm HTTP/1.1" 404 575 "-" "Mozilla/5.0 (compatible; bingbot/2.0; +http://www.bing.com/bingbot.htm)"
178.154.243.82 - - [01/Aug/2013:14:08:15 -0400] "GET /images/pic5.jpg HTTP/1.1" 304 - "-" "Mozilla/5.0 (compatible; YandexImages/3.0; +http://yandex.com/bots)"
218.30.103.39 - - [01/Aug/2013:14:12:00 -0400] "GET /robots.txt HTTP/1.1" 404 575 "-" "Sogou web spider/4.0"
218.30.103.39 - - [01/Aug/2013:14:11:59 -0400] "GET / HTTP/1.1" 200 8953 "-" "Sogou web spider/4.0(+http://www.sogou.com/docs/help/webmasters.htm#07)"
71.103.158.236 - - [01/Aug/2013:14:18:39 -0400] "GET /penny-for-your-thoughts.php HTTP/1.0" 200 11765 "-" "Mozilla/5.0 (X11; Ubuntu; Linux x86_64; rv:16.0) Gecko/20100101 Firefox/16.0"
209.179.127.123 - - [01/Aug/2013:14:25:45 -0400] "GET /penny-for-your-thoughts.php HTTP/1.1" 200 11765 "-" "Mozilla/5.0 (iPad; CPU OS 6_1_3 like Mac OS X) AppleWebKit/536.26 (KHTML, like Gecko) Version/6.0 Mobile/10B329 Safari/8536.25"
209.179.127.123 - - [01/Aug/2013:14:25:46 -0400] "GET /slide-style.css HTTP/1.1" 404 575 "http://www.judgepenny.com/penny-for-your-thoughts.php" "Mozilla/5.0 (iPad; CPU OS 6_1_3 like Mac OS X) AppleWebKit/536.26 (KHTML, like Gecko) Version/6.0 Mobile/10B329 Safari/8536.25"
65.55.215.71 - - [01/Aug/2013:14:39:56 -0400] "GET /robots.txt HTTP/1.1" 404 575 "-" "msnbot-media/1.1 (+http://search.msn.com/msnbot.htm)"
65.55.215.71 - - [01/Aug/2013:14:39:57 -0400] "GET /images/linked-in.png HTTP/1.1" 200 2575 "-" "msnbot-media/1.1 (+http://search.msn.com/msnbot.htm)"
184.22.183.114 - - [01/Aug/2013:14:43:28 -0400] "GET / HTTP/1.1" 200 8953 "-" "Mozilla/5.0 (X11; Linux i686; rv:6.0) Gecko/20100101 Firefox/6.0"
184.22.211.146 - - [01/Aug/2013:14:43:28 -0400] "GET /biography.php HTTP/1.1" 200 9590 "-" "Mozilla/5.0 (X11; Linux i686; rv:6.0) Gecko/20100101 Firefox/6.0"
65.55.215.34 - - [01/Aug/2013:14:44:45 -0400] "GET /robots.txt HTTP/1.1" 404 575 "-" "msnbot-media/1.1 (+http://search.msn.com/msnbot.htm)"
65.55.215.34 - - [01/Aug/2013:14:44:45 -0400] "GET /images/JudgePennyKids.jpg HTTP/1.1" 404 575 "-" "msnbot-media/1.1 (+http://search.msn.com/msnbot.htm)"
218.30.103.39 - - [01/Aug/2013:15:01:15 -0400] "GET / HTTP/1.1" 200 8953 "-" "Sogou web spider/4.0(+http://www.sogou.com/docs/help/webmasters.htm#07)"
178.154.243.82 - - [01/Aug/2013:15:07:44 -0400] "GET /images/pic8.jpg HTTP/1.1" 304 - "-" "Mozilla/5.0 (compatible; YandexImages/3.0; +http://yandex.com/bots)"
157.55.32.39 - - [01/Aug/2013:15:08:20 -0400] "GET /robots.txt HTTP/1.1" 404 575 "-" "Mozilla/5.0 (compatible; bingbot/2.0; +http://www.bing.com/bingbot.htm)"
157.55.32.39 - - [01/Aug/2013:15:09:10 -0400] "GET /judge-penny-story.html HTTP/1.1" 404 575 "-" "Mozilla/5.0 (compatible; bingbot/2.0; +http://www.bing.com/bingbot.htm)"
108.212.162.151 - - [01/Aug/2013:15:34:56 -0400] "GET /images/contact.png HTTP/1.1" 200 137804 "http://www.google.com/search?client=safari&hl=en&q=judge+penny+brown+reynolds+church&revid=942687101&sa=X&ei=c7f6UfzWEZDg8ASdnoGICw&ved=0CFcQ1QIoAA&biw=320&bih=416" "Mozilla/5.0 (iPhone; CPU iPhone OS 5_1_1 like Mac OS X) AppleWebKit/534.46 (KHTML, like Gecko) Version/5.1 Mobile/9B206 Safari/7534.48.3"
108.212.162.151 - - [01/Aug/2013:15:35:02 -0400] "GET /images/Book_Cover.jpg HTTP/1.1" 200 51558 "http://www.google.com/search?client=safari&hl=en&q=judge+penny+brown+reynolds+church&revid=942687101&sa=X&ei=c7f6UfzWEZDg8ASdnoGICw&ved=0CFcQ1QIoAA&biw=320&bih=416" "Mozilla/5.0 (iPhone; CPU iPhone OS 5_1_1 like Mac OS X) AppleWebKit/534.46 (KHTML, like Gecko) Version/5.1 Mobile/9B206 Safari/7534.48.3"
108.212.162.151 - - [01/Aug/2013:15:35:12 -0400] "GET /images/pic1.jpg HTTP/1.1" 200 91045 "http://www.google.com/search?client=safari&hl=en&q=judge+penny+brown+reynolds+church&revid=942687101&sa=X&ei=c7f6UfzWEZDg8ASdnoGICw&ved=0CFcQ1QIoAA&biw=320&bih=416" "Mozilla/5.0 (iPhone; CPU iPhone OS 5_1_1 like Mac OS X) AppleWebKit/534.46 (KHTML, like Gecko) Version/5.1 Mobile/9B206 Safari/7534.48.3"
108.212.162.151 - - [01/Aug/2013:15:35:30 -0400] "GET /images/speaking.jpg HTTP/1.1" 200 73031 "http://www.google.com/search?client=safari&hl=en&q=judge+penny+brown+reynolds+church&revid=942687101&sa=X&ei=c7f6UfzWEZDg8ASdnoGICw&ved=0CFcQ1QIoAA&biw=320&bih=416" "Mozilla/5.0 (iPhone; CPU iPhone OS 5_1_1 like Mac OS X) AppleWebKit/534.46 (KHTML, like Gecko) Version/5.1 Mobile/9B206 Safari/7534.48.3"
108.212.162.151 - - [01/Aug/2013:15:35:41 -0400] "GET /images/buy-now.png HTTP/1.1" 200 89906 "http://www.google.com/search?client=safari&hl=en&q=judge+penny+brown+reynolds+church&revid=942687101&sa=X&ei=c7f6UfzWEZDg8ASdnoGICw&ved=0CFcQ1QIoAA&biw=320&bih=416" "Mozilla/5.0 (iPhone; CPU iPhone OS 5_1_1 like Mac OS X) AppleWebKit/534.46 (KHTML, like Gecko) Version/5.1 Mobile/9B206 Safari/7534.48.3"
108.212.162.151 - - [01/Aug/2013:15:36:01 -0400] "GET /images/advice.jpg HTTP/1.1" 200 51293 "http://www.google.com/search?client=safari&hl=en&q=judge+penny+brown+reynolds+church&revid=942687101&sa=X&ei=c7f6UfzWEZDg8ASdnoGICw&ved=0CFcQ1QIoAA&biw=320&bih=416" "Mozilla/5.0 (iPhone; CPU iPhone OS 5_1_1 like Mac OS X) AppleWebKit/534.46 (KHTML, like Gecko) Version/5.1 Mobile/9B206 Safari/7534.48.3"
121.99.30.66 - - [01/Aug/2013:15:44:57 -0400] "HEAD / HTTP/1.1" 200 - "-" "Xenu Link Sleuth/1.3.8"
123.125.71.108 - - [01/Aug/2013:15:57:48 -0400] "GET /robots.txt HTTP/1.1" 404 575 "-" "Mozilla/5.0 (compatible; Baiduspider/2.0; +http://www.baidu.com/search/spider.html)"
178.154.243.82 - - [01/Aug/2013:16:17:38 -0400] "GET /images/linked-in.png HTTP/1.1" 304 - "-" "Mozilla/5.0 (compatible; YandexImages/3.0; +http://yandex.com/bots)"
71.177.184.59 - - [01/Aug/2013:16:19:10 -0400] "GET /judge-penny-story.php HTTP/1.0" 200 13963 "-" "Mozilla/5.0 (X11; Ubuntu; Linux x86_64; rv:16.0) Gecko/20100101 Firefox/16.0"
66.249.75.108 - - [01/Aug/2013:16:19:23 -0400] "GET /robots.txt HTTP/1.1" 404 575 "-" "Mozilla/5.0 (compatible; Googlebot/2.1; +http://www.google.com/bot.html)"
66.249.75.108 - - [01/Aug/2013:16:19:23 -0400] "GET /biography.php HTTP/1.1" 200 9590 "-" "Mozilla/5.0 (compatible; Googlebot/2.1; +http://www.google.com/bot.html)"
66.249.75.108 - - [01/Aug/2013:16:23:19 -0400] "GET /css/default.css HTTP/1.1" 200 1295 "-" "Mozilla/5.0 (compatible; Googlebot/2.1; +http://www.google.com/bot.html)"
66.249.75.108 - - [01/Aug/2013:16:23:26 -0400] "GET /css/nivo-slider.css HTTP/1.1" 200 1430 "-" "Mozilla/5.0 (compatible; Googlebot/2.1; +http://www.google.com/bot.html)"
66.249.75.108 - - [01/Aug/2013:16:23:32 -0400] "GET /css/style.css HTTP/1.1" 200 9522 "-" "Mozilla/5.0 (compatible; Googlebot/2.1; +http://www.google.com/bot.html)"
178.154.243.82 - - [01/Aug/2013:17:28:12 -0400] "GET /images/girls_with_pearls.png HTTP/1.1" 304 - "-" "Mozilla/5.0 (compatible; YandexImages/3.0; +http://yandex.com/bots)"
157.55.35.112 - - [01/Aug/2013:17:31:26 -0400] "GET /robots.txt HTTP/1.1" 404 575 "-" "Mozilla/5.0 (compatible; bingbot/2.0; +http://www.bing.com/bingbot.htm)"
178.137.93.32 - - [01/Aug/2013:17:32:40 -0400] "GET / HTTP/1.1" 200 8953 "http://fayle.ru/" "Mozilla/4.0 (compatible; MSIE 6.0; Windows NT 5.2; SV1; .NET CLR 1.1.4322; .NET CLR 2.0.50727)"
178.137.93.32 - - [01/Aug/2013:17:32:41 -0400] "GET / HTTP/1.1" 200 8953 "http://fayle.ru/" "Mozilla/4.0 (compatible; MSIE 6.0; Windows NT 5.2; SV1; .NET CLR 1.1.4322; .NET CLR 2.0.50727)"
178.137.93.32 - - [01/Aug/2013:17:32:40 -0400] "GET / HTTP/1.1" 200 8953 "http://www.echomsk.spb.ru/" "Mozilla/4.0 (compatible; MSIE 6.0; Windows NT 5.0; KTXN)"
178.137.93.32 - - [01/Aug/2013:17:32:41 -0400] "GET / HTTP/1.1" 200 8953 "http://fayle.ru/" "Mozilla/4.0 (compatible; MSIE 6.0; Windows NT 5.2; SV1; .NET CLR 1.1.4322; .NET CLR 2.0.50727)"
178.137.93.32 - - [01/Aug/2013:17:32:41 -0400] "GET / HTTP/1.1" 200 8953 "http://www.echomsk.spb.ru/" "Mozilla/4.0 (compatible; MSIE 6.0; Windows NT 5.0; KTXN)"
178.137.93.32 - - [01/Aug/2013:17:32:42 -0400] "GET / HTTP/1.1" 200 8953 "http://www.echomsk.spb.ru/" "Mozilla/4.0 (compatible; MSIE 6.0; Windows NT 5.0; KTXN)"
157.55.35.112 - - [01/Aug/2013:17:32:44 -0400] "GET / HTTP/1.1" 200 8953 "-" "Mozilla/5.0 (compatible; bingbot/2.0; +http://www.bing.com/bingbot.htm)"
76.16.140.241 - - [01/Aug/2013:17:58:13 -0400] "GET / HTTP/1.1" 200 8953 "http://www.google.com/search?q=judge+penny&oq=judge+penn&gs_l=mobile-heirloom-serp.1.0.0l5.4503.12042.0.17801.13.9.1.3.3.0.167.1055.1j8.9.0....0...1ac.1.23.mobile-heirloom-serp..0.13.1236.HtOABaeRquE" "Mozilla/5.0 (BlackBerry; U; BlackBerry 9310; en-US) AppleWebKit/534.11+ (KHTML, like Gecko) Version/7.1.0.477 Mobile Safari/534.11+"
76.16.140.241 - - [01/Aug/2013:17:58:15 -0400] "GET /videos/jwplayer.js HTTP/1.1" 200 133009 "http://www.judgepenny.com/" "Mozilla/5.0 (BlackBerry; U; BlackBerry 9310; en-US) AppleWebKit/534.11+ (KHTML, like Gecko) Version/7.1.0.477 Mobile Safari/534.11+"
76.16.140.241 - - [01/Aug/2013:17:58:15 -0400] "GET /css/style.css HTTP/1.1" 200 9522 "http://www.judgepenny.com/" "Mozilla/5.0 (BlackBerry; U; BlackBerry 9310; en-US) AppleWebKit/534.11+ (KHTML, like Gecko) Version/7.1.0.477 Mobile Safari/534.11+"
76.16.140.241 - - [01/Aug/2013:17:58:15 -0400] "GET /css/nivo-slider.css HTTP/1.1" 200 1430 "http://www.judgepenny.com/" "Mozilla/5.0 (BlackBerry; U; BlackBerry 9310; en-US) AppleWebKit/534.11+ (KHTML, like Gecko) Version/7.1.0.477 Mobile Safari/534.11+"
76.16.140.241 - - [01/Aug/2013:17:58:15 -0400] "GET /css/default.css HTTP/1.1" 200 1295 "http://www.judgepenny.com/" "Mozilla/5.0 (BlackBerry; U; BlackBerry 9310; en-US) AppleWebKit/534.11+ (KHTML, like Gecko) Version/7.1.0.477 Mobile Safari/534.11+"
76.16.140.241 - - [01/Aug/2013:17:58:15 -0400] "GET /slide-style.css HTTP/1.1" 404 575 "http://www.judgepenny.com/" "Mozilla/5.0 (BlackBerry; U; BlackBerry 9310; en-US) AppleWebKit/534.11+ (KHTML, like Gecko) Version/7.1.0.477 Mobile Safari/534.11+"
76.16.140.241 - - [01/Aug/2013:17:58:16 -0400] "GET /js/jquery.nivo.slider.pack.js HTTP/1.1" 200 15854 "http://www.judgepenny.com/" "Mozilla/5.0 (BlackBerry; U; BlackBerry 9310; en-US) AppleWebKit/534.11+ (KHTML, like Gecko) Version/7.1.0.477 Mobile Safari/534.11+"
76.16.140.241 - - [01/Aug/2013:17:58:16 -0400] "GET /slideshow/images/book.jpg HTTP/1.1" 200 132593 "http://www.judgepenny.com/" "Mozilla/5.0 (BlackBerry; U; BlackBerry 9310; en-US) AppleWebKit/534.11+ (KHTML, like Gecko) Version/7.1.0.477 Mobile Safari/534.11+"
76.16.140.241 - - [01/Aug/2013:17:58:16 -0400] "GET /images/judge-jenny.png HTTP/1.1" 200 28663 "http://www.judgepenny.com/" "Mozilla/5.0 (BlackBerry; U; BlackBerry 9310; en-US) AppleWebKit/534.11+ (KHTML, like Gecko) Version/7.1.0.477 Mobile Safari/534.11+"
76.16.140.241 - - [01/Aug/2013:17:58:16 -0400] "GET /images/facebook.png HTTP/1.1" 200 2371 "http://www.judgepenny.com/" "Mozilla/5.0 (BlackBerry; U; BlackBerry 9310; en-US) AppleWebKit/534.11+ (KHTML, like Gecko) Version/7.1.0.477 Mobile Safari/534.11+"
76.16.140.241 - - [01/Aug/2013:17:58:16 -0400] "GET /images/linked-in.png HTTP/1.1" 200 2575 "http://www.judgepenny.com/" "Mozilla/5.0 (BlackBerry; U; BlackBerry 9310; en-US) AppleWebKit/534.11+ (KHTML, like Gecko) Version/7.1.0.477 Mobile Safari/534.11+"
76.16.140.241 - - [01/Aug/2013:17:58:16 -0400] "GET /images/twitter.png HTTP/1.1" 200 2703 "http://www.judgepenny.com/" "Mozilla/5.0 (BlackBerry; U; BlackBerry 9310; en-US) AppleWebKit/534.11+ (KHTML, like Gecko) Version/7.1.0.477 Mobile Safari/534.11+"
76.16.140.241 - - [01/Aug/2013:17:58:16 -0400] "GET /slideshow/images/judge_penny_foundation.jpg HTTP/1.1" 200 175194 "http://www.judgepenny.com/" "Mozilla/5.0 (BlackBerry; U; BlackBerry 9310; en-US) AppleWebKit/534.11+ (KHTML, like Gecko) Version/7.1.0.477 Mobile Safari/534.11+"
76.16.140.241 - - [01/Aug/2013:17:58:16 -0400] "GET /images/you-tube.png HTTP/1.1" 200 3090 "http://www.judgepenny.com/" "Mozilla/5.0 (BlackBerry; U; BlackBerry 9310; en-US) AppleWebKit/534.11+ (KHTML, like Gecko) Version/7.1.0.477 Mobile Safari/534.11+"
76.16.140.241 - - [01/Aug/2013:17:58:17 -0400] "GET /slideshow/images/judge_penny_opportunity.jpg HTTP/1.1" 200 99540 "http://www.judgepenny.com/" "Mozilla/5.0 (BlackBerry; U; BlackBerry 9310; en-US) AppleWebKit/534.11+ (KHTML, like Gecko) Version/7.1.0.477 Mobile Safari/534.11+"
76.16.140.241 - - [01/Aug/2013:17:58:17 -0400] "GET /slideshow/images/judge_penny_self_worth.jpg HTTP/1.1" 200 129594 "http://www.judgepenny.com/" "Mozilla/5.0 (BlackBerry; U; BlackBerry 9310; en-US) AppleWebKit/534.11+ (KHTML, like Gecko) Version/7.1.0.477 Mobile Safari/534.11+"
76.16.140.241 - - [01/Aug/2013:17:58:17 -0400] "GET /slideshow/images/judge_penny_the_judge.jpg HTTP/1.1" 200 151096 "http://www.judgepenny.com/" "Mozilla/5.0 (BlackBerry; U; BlackBerry 9310; en-US) AppleWebKit/534.11+ (KHTML, like Gecko) Version/7.1.0.477 Mobile Safari/534.11+"
76.16.140.241 - - [01/Aug/2013:17:58:17 -0400] "GET /images/bg.jpg HTTP/1.1" 200 71900 "http://www.judgepenny.com/" "Mozilla/5.0 (BlackBerry; U; BlackBerry 9310; en-US) AppleWebKit/534.11+ (KHTML, like Gecko) Version/7.1.0.477 Mobile Safari/534.11+"
76.16.140.241 - - [01/Aug/2013:17:58:17 -0400] "GET /images/seprator.png HTTP/1.1" 200 429 "http://www.judgepenny.com/" "Mozilla/5.0 (BlackBerry; U; BlackBerry 9310; en-US) AppleWebKit/534.11+ (KHTML, like Gecko) Version/7.1.0.477 Mobile Safari/534.11+"
76.16.140.241 - - [01/Aug/2013:17:58:17 -0400] "GET /css/loading.gif HTTP/1.1" 200 1737 "http://www.judgepenny.com/" "Mozilla/5.0 (BlackBerry; U; BlackBerry 9310; en-US) AppleWebKit/534.11+ (KHTML, like Gecko) Version/7.1.0.477 Mobile Safari/534.11+"
76.16.140.241 - - [01/Aug/2013:17:58:18 -0400] "GET /images/m-btm.png HTTP/1.1" 200 741 "http://www.judgepenny.com/" "Mozilla/5.0 (BlackBerry; U; BlackBerry 9310; en-US) AppleWebKit/534.11+ (KHTML, like Gecko) Version/7.1.0.477 Mobile Safari/534.11+"
76.16.140.241 - - [01/Aug/2013:17:58:18 -0400] "GET /images/jenny-header.png HTTP/1.1" 200 69160 "http://www.judgepenny.com/" "Mozilla/5.0 (BlackBerry; U; BlackBerry 9310; en-US) AppleWebKit/534.11+ (KHTML, like Gecko) Version/7.1.0.477 Mobile Safari/534.11+"
76.16.140.241 - - [01/Aug/2013:17:58:18 -0400] "GET /images/m-top.png HTTP/1.1" 200 574 "http://www.judgepenny.com/" "Mozilla/5.0 (BlackBerry; U; BlackBerry 9310; en-US) AppleWebKit/534.11+ (KHTML, like Gecko) Version/7.1.0.477 Mobile Safari/534.11+"
76.16.140.241 - - [01/Aug/2013:17:58:19 -0400] "GET /images/h-left.png HTTP/1.1" 200 137 "http://www.judgepenny.com/" "Mozilla/5.0 (BlackBerry; U; BlackBerry 9310; en-US) AppleWebKit/534.11+ (KHTML, like Gecko) Version/7.1.0.477 Mobile Safari/534.11+"
76.16.140.241 - - [01/Aug/2013:17:58:17 -0400] "GET /slideshow/images/judge_penny_speaking_request.png HTTP/1.1" 200 291884 "http://www.judgepenny.com/" "Mozilla/5.0 (BlackBerry; U; BlackBerry 9310; en-US) AppleWebKit/534.11+ (KHTML, like Gecko) Version/7.1.0.477 Mobile Safari/534.11+"
76.16.140.241 - - [01/Aug/2013:17:58:19 -0400] "GET /images/h-right.png HTTP/1.1" 200 279 "http://www.judgepenny.com/" "Mozilla/5.0 (BlackBerry; U; BlackBerry 9310; en-US) AppleWebKit/534.11+ (KHTML, like Gecko) Version/7.1.0.477 Mobile Safari/534.11+"
76.16.140.241 - - [01/Aug/2013:17:58:19 -0400] "GET /images/m-center.png HTTP/1.1" 200 191 "http://www.judgepenny.com/" "Mozilla/5.0 (BlackBerry; U; BlackBerry 9310; en-US) AppleWebKit/534.11+ (KHTML, like Gecko) Version/7.1.0.477 Mobile Safari/534.11+"
76.16.140.241 - - [01/Aug/2013:17:58:20 -0400] "GET /images/mail-div.png HTTP/1.1" 200 1078 "http://www.judgepenny.com/" "Mozilla/5.0 (BlackBerry; U; BlackBerry 9310; en-US) AppleWebKit/534.11+ (KHTML, like Gecko) Version/7.1.0.477 Mobile Safari/534.11+"
76.16.140.241 - - [01/Aug/2013:17:58:20 -0400] "GET /images/s-top.png HTTP/1.1" 200 440 "http://www.judgepenny.com/" "Mozilla/5.0 (BlackBerry; U; BlackBerry 9310; en-US) AppleWebKit/534.11+ (KHTML, like Gecko) Version/7.1.0.477 Mobile Safari/534.11+"
76.16.140.241 - - [01/Aug/2013:17:58:20 -0400] "GET /images/side-bg.png HTTP/1.1" 200 168 "http://www.judgepenny.com/" "Mozilla/5.0 (BlackBerry; U; BlackBerry 9310; en-US) AppleWebKit/534.11+ (KHTML, like Gecko) Version/7.1.0.477 Mobile Safari/534.11+"
76.16.140.241 - - [01/Aug/2013:17:58:20 -0400] "GET /images/s-btm.png HTTP/1.1" 200 605 "http://www.judgepenny.com/" "Mozilla/5.0 (BlackBerry; U; BlackBerry 9310; en-US) AppleWebKit/534.11+ (KHTML, like Gecko) Version/7.1.0.477 Mobile Safari/534.11+"
76.16.140.241 - - [01/Aug/2013:17:58:20 -0400] "GET /css/bullets.png HTTP/1.1" 200 1281 "http://www.judgepenny.com/" "Mozilla/5.0 (BlackBerry; U; BlackBerry 9310; en-US) AppleWebKit/534.11+ (KHTML, like Gecko) Version/7.1.0.477 Mobile Safari/534.11+"
76.16.140.241 - - [01/Aug/2013:17:58:20 -0400] "GET /css/arrows.png HTTP/1.1" 200 824 "http://www.judgepenny.com/" "Mozilla/5.0 (BlackBerry; U; BlackBerry 9310; en-US) AppleWebKit/534.11+ (KHTML, like Gecko) Version/7.1.0.477 Mobile Safari/534.11+"
76.16.140.241 - - [01/Aug/2013:17:58:20 -0400] "GET /images/ftr-bg.png HTTP/1.1" 200 198 "http://www.judgepenny.com/" "Mozilla/5.0 (BlackBerry; U; BlackBerry 9310; en-US) AppleWebKit/534.11+ (KHTML, like Gecko) Version/7.1.0.477 Mobile Safari/534.11+"
76.16.140.241 - - [01/Aug/2013:17:58:24 -0400] "GET /favicon.ico HTTP/1.1" 404 575 "-" "Mozilla/5.0 (BlackBerry; U; BlackBerry 9310; en-US) AppleWebKit/534.11+ (KHTML, like Gecko) Version/7.1.0.477 Mobile Safari/534.11+"
70.215.78.25 - - [01/Aug/2013:18:01:54 -0400] "GET / HTTP/1.1" 200 8953 "http://en.wikipedia.org/wiki/Family_Court_with_Judge_Penny" "Mozilla/5.0 (compatible; MSIE 10.0; Windows NT 6.1; WOW64; Trident/6.0)"
70.215.78.25 - - [01/Aug/2013:18:01:55 -0400] "GET /css/default.css HTTP/1.1" 200 1295 "http://www.judgepenny.com/" "Mozilla/5.0 (compatible; MSIE 10.0; Windows NT 6.1; WOW64; Trident/6.0)"
70.215.78.25 - - [01/Aug/2013:18:01:55 -0400] "GET /slide-style.css HTTP/1.1" 404 575 "http://www.judgepenny.com/" "Mozilla/5.0 (compatible; MSIE 10.0; Windows NT 6.1; WOW64; Trident/6.0)"
70.215.78.25 - - [01/Aug/2013:18:01:55 -0400] "GET /videos/jwplayer.js HTTP/1.1" 200 133009 "http://www.judgepenny.com/" "Mozilla/5.0 (compatible; MSIE 10.0; Windows NT 6.1; WOW64; Trident/6.0)"
70.215.78.25 - - [01/Aug/2013:18:01:55 -0400] "GET /css/style.css HTTP/1.1" 200 9522 "http://www.judgepenny.com/" "Mozilla/5.0 (compatible; MSIE 10.0; Windows NT 6.1; WOW64; Trident/6.0)"
70.215.78.25 - - [01/Aug/2013:18:01:55 -0400] "GET /css/nivo-slider.css HTTP/1.1" 200 1430 "http://www.judgepenny.com/" "Mozilla/5.0 (compatible; MSIE 10.0; Windows NT 6.1; WOW64; Trident/6.0)"
70.215.78.25 - - [01/Aug/2013:18:01:56 -0400] "GET /images/judge-jenny.png HTTP/1.1" 200 28663 "http://www.judgepenny.com/" "Mozilla/5.0 (compatible; MSIE 10.0; Windows NT 6.1; WOW64; Trident/6.0)"
70.215.78.25 - - [01/Aug/2013:18:01:56 -0400] "GET /images/twitter.png HTTP/1.1" 200 2703 "http://www.judgepenny.com/" "Mozilla/5.0 (compatible; MSIE 10.0; Windows NT 6.1; WOW64; Trident/6.0)"
70.215.78.25 - - [01/Aug/2013:18:01:56 -0400] "GET /images/linked-in.png HTTP/1.1" 200 2575 "http://www.judgepenny.com/" "Mozilla/5.0 (compatible; MSIE 10.0; Windows NT 6.1; WOW64; Trident/6.0)"
70.215.78.25 - - [01/Aug/2013:18:01:56 -0400] "GET /images/facebook.png HTTP/1.1" 200 2371 "http://www.judgepenny.com/" "Mozilla/5.0 (compatible; MSIE 10.0; Windows NT 6.1; WOW64; Trident/6.0)"
70.215.78.25 - - [01/Aug/2013:18:01:56 -0400] "GET /slideshow/images/judge_penny_foundation.jpg HTTP/1.1" 200 175194 "http://www.judgepenny.com/" "Mozilla/5.0 (compatible; MSIE 10.0; Windows NT 6.1; WOW64; Trident/6.0)"
70.215.78.25 - - [01/Aug/2013:18:01:56 -0400] "GET /images/you-tube.png HTTP/1.1" 200 3090 "http://www.judgepenny.com/" "Mozilla/5.0 (compatible; MSIE 10.0; Windows NT 6.1; WOW64; Trident/6.0)"
70.215.78.25 - - [01/Aug/2013:18:01:56 -0400] "GET /slideshow/images/book.jpg HTTP/1.1" 200 132593 "http://www.judgepenny.com/" "Mozilla/5.0 (compatible; MSIE 10.0; Windows NT 6.1; WOW64; Trident/6.0)"
70.215.78.25 - - [01/Aug/2013:18:01:57 -0400] "GET /slideshow/images/judge_penny_self_worth.jpg HTTP/1.1" 200 129594 "http://www.judgepenny.com/" "Mozilla/5.0 (compatible; MSIE 10.0; Windows NT 6.1; WOW64; Trident/6.0)"
70.215.78.25 - - [01/Aug/2013:18:01:57 -0400] "GET /slideshow/images/judge_penny_opportunity.jpg HTTP/1.1" 200 99540 "http://www.judgepenny.com/" "Mozilla/5.0 (compatible; MSIE 10.0; Windows NT 6.1; WOW64; Trident/6.0)"
70.215.78.25 - - [01/Aug/2013:18:01:57 -0400] "GET /js/jquery.nivo.slider.pack.js HTTP/1.1" 200 15854 "http://www.judgepenny.com/" "Mozilla/5.0 (compatible; MSIE 10.0; Windows NT 6.1; WOW64; Trident/6.0)"
70.215.78.25 - - [01/Aug/2013:18:01:57 -0400] "GET /slideshow/images/judge_penny_the_judge.jpg HTTP/1.1" 200 151096 "http://www.judgepenny.com/" "Mozilla/5.0 (compatible; MSIE 10.0; Windows NT 6.1; WOW64; Trident/6.0)"
70.215.78.25 - - [01/Aug/2013:18:01:57 -0400] "GET /slideshow/images/judge_penny_speaking_request.png HTTP/1.1" 200 291884 "http://www.judgepenny.com/" "Mozilla/5.0 (compatible; MSIE 10.0; Windows NT 6.1; WOW64; Trident/6.0)"
70.215.78.25 - - [01/Aug/2013:18:01:57 -0400] "GET /images/jenny-header.png HTTP/1.1" 200 69160 "http://www.judgepenny.com/" "Mozilla/5.0 (compatible; MSIE 10.0; Windows NT 6.1; WOW64; Trident/6.0)"
70.215.78.25 - - [01/Aug/2013:18:01:57 -0400] "GET /images/m-btm.png HTTP/1.1" 200 741 "http://www.judgepenny.com/" "Mozilla/5.0 (compatible; MSIE 10.0; Windows NT 6.1; WOW64; Trident/6.0)"
70.215.78.25 - - [01/Aug/2013:18:01:57 -0400] "GET /images/m-top.png HTTP/1.1" 200 574 "http://www.judgepenny.com/" "Mozilla/5.0 (compatible; MSIE 10.0; Windows NT 6.1; WOW64; Trident/6.0)"
70.215.78.25 - - [01/Aug/2013:18:01:58 -0400] "GET /css/loading.gif HTTP/1.1" 200 1737 "http://www.judgepenny.com/" "Mozilla/5.0 (compatible; MSIE 10.0; Windows NT 6.1; WOW64; Trident/6.0)"
70.215.78.25 - - [01/Aug/2013:18:01:58 -0400] "GET /images/bg.jpg HTTP/1.1" 200 71900 "http://www.judgepenny.com/" "Mozilla/5.0 (compatible; MSIE 10.0; Windows NT 6.1; WOW64; Trident/6.0)"
70.215.78.25 - - [01/Aug/2013:18:01:58 -0400] "GET /images/h-right.png HTTP/1.1" 200 279 "http://www.judgepenny.com/" "Mozilla/5.0 (compatible; MSIE 10.0; Windows NT 6.1; WOW64; Trident/6.0)"
70.215.78.25 - - [01/Aug/2013:18:01:58 -0400] "GET /images/h-left.png HTTP/1.1" 200 137 "http://www.judgepenny.com/" "Mozilla/5.0 (compatible; MSIE 10.0; Windows NT 6.1; WOW64; Trident/6.0)"
70.215.78.25 - - [01/Aug/2013:18:01:58 -0400] "GET /images/seprator.png HTTP/1.1" 200 429 "http://www.judgepenny.com/" "Mozilla/5.0 (compatible; MSIE 10.0; Windows NT 6.1; WOW64; Trident/6.0)"
70.215.78.25 - - [01/Aug/2013:18:01:58 -0400] "GET /images/mail-div.png HTTP/1.1" 200 1078 "http://www.judgepenny.com/" "Mozilla/5.0 (compatible; MSIE 10.0; Windows NT 6.1; WOW64; Trident/6.0)"
70.215.78.25 - - [01/Aug/2013:18:01:58 -0400] "GET /images/m-center.png HTTP/1.1" 200 191 "http://www.judgepenny.com/" "Mozilla/5.0 (compatible; MSIE 10.0; Windows NT 6.1; WOW64; Trident/6.0)"
70.215.78.25 - - [01/Aug/2013:18:01:58 -0400] "GET /images/s-top.png HTTP/1.1" 200 440 "http://www.judgepenny.com/" "Mozilla/5.0 (compatible; MSIE 10.0; Windows NT 6.1; WOW64; Trident/6.0)"
70.215.78.25 - - [01/Aug/2013:18:01:59 -0400] "GET /images/s-btm.png HTTP/1.1" 200 605 "http://www.judgepenny.com/" "Mozilla/5.0 (compatible; MSIE 10.0; Windows NT 6.1; WOW64; Trident/6.0)"
70.215.78.25 - - [01/Aug/2013:18:01:59 -0400] "GET /images/side-bg.png HTTP/1.1" 200 168 "http://www.judgepenny.com/" "Mozilla/5.0 (compatible; MSIE 10.0; Windows NT 6.1; WOW64; Trident/6.0)"
70.215.78.25 - - [01/Aug/2013:18:02:00 -0400] "GET /images/ftr-bg.png HTTP/1.1" 200 198 "http://www.judgepenny.com/" "Mozilla/5.0 (compatible; MSIE 10.0; Windows NT 6.1; WOW64; Trident/6.0)"
70.215.78.25 - - [01/Aug/2013:18:02:00 -0400] "GET /css/bullets.png HTTP/1.1" 200 1281 "http://www.judgepenny.com/" "Mozilla/5.0 (compatible; MSIE 10.0; Windows NT 6.1; WOW64; Trident/6.0)"
70.215.78.25 - - [01/Aug/2013:18:02:00 -0400] "GET /css/arrows.png HTTP/1.1" 200 824 "http://www.judgepenny.com/" "Mozilla/5.0 (compatible; MSIE 10.0; Windows NT 6.1; WOW64; Trident/6.0)"
70.215.78.25 - - [01/Aug/2013:18:02:02 -0400] "GET /favicon.ico HTTP/1.1" 404 575 "-" "Mozilla/5.0 (compatible; MSIE 10.0; Windows NT 6.1; Win64; x64; Trident/6.0)"
70.215.78.25 - - [01/Aug/2013:18:02:34 -0400] "GET /beyond-the-robe.php HTTP/1.1" 200 8574 "http://www.judgepenny.com/" "Mozilla/5.0 (compatible; MSIE 10.0; Windows NT 6.1; WOW64; Trident/6.0)"
70.215.78.25 - - [01/Aug/2013:18:02:34 -0400] "GET /slide-style.css HTTP/1.1" 404 575 "http://www.judgepenny.com/beyond-the-robe.php" "Mozilla/5.0 (compatible; MSIE 10.0; Windows NT 6.1; WOW64; Trident/6.0)"
70.215.78.25 - - [01/Aug/2013:18:02:34 -0400] "GET /images/main-btm.png HTTP/1.1" 200 398 "http://www.judgepenny.com/beyond-the-robe.php" "Mozilla/5.0 (compatible; MSIE 10.0; Windows NT 6.1; WOW64; Trident/6.0)"
70.215.78.25 - - [01/Aug/2013:18:02:34 -0400] "GET /images/buy-now.png HTTP/1.1" 200 89906 "http://www.judgepenny.com/beyond-the-robe.php" "Mozilla/5.0 (compatible; MSIE 10.0; Windows NT 6.1; WOW64; Trident/6.0)"
70.215.78.25 - - [01/Aug/2013:18:02:34 -0400] "GET /images/judge2.jpg HTTP/1.1" 200 50523 "http://www.judgepenny.com/beyond-the-robe.php" "Mozilla/5.0 (compatible; MSIE 10.0; Windows NT 6.1; WOW64; Trident/6.0)"
70.215.78.25 - - [01/Aug/2013:18:02:36 -0400] "GET /images/btn.png HTTP/1.1" 200 512 "http://www.judgepenny.com/beyond-the-robe.php" "Mozilla/5.0 (compatible; MSIE 10.0; Windows NT 6.1; WOW64; Trident/6.0)"
70.215.78.25 - - [01/Aug/2013:18:02:36 -0400] "GET /images/entry-bg3.png HTTP/1.1" 200 19110 "http://www.judgepenny.com/beyond-the-robe.php" "Mozilla/5.0 (compatible; MSIE 10.0; Windows NT 6.1; WOW64; Trident/6.0)"
70.215.78.25 - - [01/Aug/2013:18:02:36 -0400] "GET /images/h-div.png HTTP/1.1" 200 1503 "http://www.judgepenny.com/beyond-the-robe.php" "Mozilla/5.0 (compatible; MSIE 10.0; Windows NT 6.1; WOW64; Trident/6.0)"
70.215.78.25 - - [01/Aug/2013:18:02:36 -0400] "GET /images/right-div.png HTTP/1.1" 200 5479 "http://www.judgepenny.com/beyond-the-robe.php" "Mozilla/5.0 (compatible; MSIE 10.0; Windows NT 6.1; WOW64; Trident/6.0)"
70.215.78.25 - - [01/Aug/2013:18:02:36 -0400] "GET /images/sub-menu.png HTTP/1.1" 200 6956 "http://www.judgepenny.com/beyond-the-robe.php" "Mozilla/5.0 (compatible; MSIE 10.0; Windows NT 6.1; WOW64; Trident/6.0)"
70.215.78.25 - - [01/Aug/2013:18:02:38 -0400] "GET /favicon.ico HTTP/1.1" 404 575 "-" "Mozilla/5.0 (compatible; MSIE 10.0; Windows NT 6.1; Win64; x64; Trident/6.0)"
70.215.78.25 - - [01/Aug/2013:18:03:54 -0400] "GET /biography.php HTTP/1.1" 200 9590 "http://www.judgepenny.com/beyond-the-robe.php" "Mozilla/5.0 (compatible; MSIE 10.0; Windows NT 6.1; WOW64; Trident/6.0)"
70.215.78.25 - - [01/Aug/2013:18:03:56 -0400] "GET /slide-style.css HTTP/1.1" 404 575 "http://www.judgepenny.com/biography.php" "Mozilla/5.0 (compatible; MSIE 10.0; Windows NT 6.1; WOW64; Trident/6.0)"
70.215.78.25 - - [01/Aug/2013:18:03:57 -0400] "GET /images/judge.png HTTP/1.1" 200 164424 "http://www.judgepenny.com/biography.php" "Mozilla/5.0 (compatible; MSIE 10.0; Windows NT 6.1; WOW64; Trident/6.0)"
70.215.78.25 - - [01/Aug/2013:18:03:57 -0400] "GET /images/entry-bg.png HTTP/1.1" 200 18958 "http://www.judgepenny.com/biography.php" "Mozilla/5.0 (compatible; MSIE 10.0; Windows NT 6.1; WOW64; Trident/6.0)"
70.215.78.25 - - [01/Aug/2013:18:07:27 -0400] "GET / HTTP/1.1" 302 356 "http://www.bing.com/search?q=Judge+Penny+Brown+Reynolds&FORM=HDRSC1" "Mozilla/5.0 (compatible; MSIE 10.0; Windows NT 6.1; WOW64; Trident/6.0)"
