199.30.24.36 - - [12/Aug/2013:18:47:59 -0400] "GET /css/default.css HTTP/1.1" 200 1295 "http://judgepenny.com/" "Mozilla/5.0 (Windows NT 6.1; WOW64) AppleWebKit/534+ (KHTML, like Gecko) BingPreview/1.0b"
199.30.24.36 - - [12/Aug/2013:18:48:00 -0400] "GET /slide-style.css HTTP/1.1" 404 575 "http://judgepenny.com/" "Mozilla/5.0 (Windows NT 6.1; WOW64) AppleWebKit/534+ (KHTML, like Gecko) BingPreview/1.0b"
199.30.24.36 - - [12/Aug/2013:18:48:00 -0400] "GET /js/jquery.nivo.slider.pack.js HTTP/1.1" 200 15854 "http://judgepenny.com/" "Mozilla/5.0 (Windows NT 6.1; WOW64) AppleWebKit/534+ (KHTML, like Gecko) BingPreview/1.0b"
199.30.24.36 - - [12/Aug/2013:18:48:01 -0400] "GET /images/judge-jenny.png HTTP/1.1" 200 28663 "http://judgepenny.com/" "Mozilla/5.0 (Windows NT 6.1; WOW64) AppleWebKit/534+ (KHTML, like Gecko) BingPreview/1.0b"
199.30.24.36 - - [12/Aug/2013:18:48:02 -0400] "GET /images/twitter.png HTTP/1.1" 200 2703 "http://judgepenny.com/" "Mozilla/5.0 (Windows NT 6.1; WOW64) AppleWebKit/534+ (KHTML, like Gecko) BingPreview/1.0b"
199.30.24.36 - - [12/Aug/2013:18:48:04 -0400] "GET /slideshow/images/judge_penny_opportunity.jpg HTTP/1.1" 200 99540 "http://judgepenny.com/" "Mozilla/5.0 (Windows NT 6.1; WOW64) AppleWebKit/534+ (KHTML, like Gecko) BingPreview/1.0b"
180.76.6.230 - - [12/Aug/2013:18:53:12 -0400] "GET /robots.txt HTTP/1.1" 404 575 "-" "Mozilla/5.0 (Windows NT 5.1; rv:6.0.2) Gecko/20100101 Firefox/6.0.2"
218.30.103.39 - - [12/Aug/2013:03:44:23 -0400] "GET /robots.txt HTTP/1.1" 404 575 "-" "Sogou web spider/4.0"
157.55.33.125 - - [12/Aug/2013:02:08:04 -0400] "GET / HTTP/1.1" 200 8953 "-" "Mozilla/5.0 (compatible; bingbot/2.0; +http://www.bing.com/bingbot.htm)"
184.8.174.229 - - [12/Aug/2013:16:03:00 -0400] "GET /wp-login.php HTTP/1.0" 403 214 "-" "Mozilla/5.0 (Windows NT 6.1; rv:19.0) Gecko/20100101 Firefox/19.0"
76.17.101.144 - - [12/Aug/2013:15:44:59 -0400] "GET / HTTP/1.1" 200 8953 "-" "Mozilla/5.0 (compatible; MSIE 10.0; Windows NT 6.1; WOW64; Trident/6.0; chromeframe/28.0.1500.95)"
76.17.101.144 - - [12/Aug/2013:15:45:00 -0400] "GET /images/judge-jenny.png HTTP/1.1" 200 28663 "http://judgepenny.com/" "Mozilla/5.0 (compatible; MSIE 10.0; Windows NT 6.1; WOW64; Trident/6.0)"
76.17.101.144 - - [12/Aug/2013:15:45:00 -0400] "GET /slideshow/images/judge_penny_foundation.jpg HTTP/1.1" 200 175194 "http://judgepenny.com/" "Mozilla/5.0 (compatible; MSIE 10.0; Windows NT 6.1; WOW64; Trident/6.0)"
76.17.101.144 - - [12/Aug/2013:15:45:01 -0400] "GET /js/jquery.nivo.slider.pack.js HTTP/1.1" 200 15854 "http://judgepenny.com/" "Mozilla/5.0 (compatible; MSIE 10.0; Windows NT 6.1; WOW64; Trident/6.0)"
76.17.101.144 - - [12/Aug/2013:15:45:01 -0400] "GET /images/m-top.png HTTP/1.1" 200 574 "http://judgepenny.com/" "Mozilla/5.0 (compatible; MSIE 10.0; Windows NT 6.1; WOW64; Trident/6.0)"
76.17.101.144 - - [12/Aug/2013:15:45:01 -0400] "GET /images/m-btm.png HTTP/1.1" 200 741 "http://judgepenny.com/" "Mozilla/5.0 (compatible; MSIE 10.0; Windows NT 6.1; WOW64; Trident/6.0)"
76.17.101.144 - - [12/Aug/2013:15:45:01 -0400] "GET /images/jenny-header.png HTTP/1.1" 200 69160 "http://judgepenny.com/" "Mozilla/5.0 (compatible; MSIE 10.0; Windows NT 6.1; WOW64; Trident/6.0)"
76.17.101.144 - - [12/Aug/2013:15:45:01 -0400] "GET /css/loading.gif HTTP/1.1" 200 1737 "http://judgepenny.com/" "Mozilla/5.0 (compatible; MSIE 10.0; Windows NT 6.1; WOW64; Trident/6.0)"
76.17.101.144 - - [12/Aug/2013:15:45:01 -0400] "GET /images/m-center.png HTTP/1.1" 200 191 "http://judgepenny.com/" "Mozilla/5.0 (compatible; MSIE 10.0; Windows NT 6.1; WOW64; Trident/6.0)"
76.17.101.144 - - [12/Aug/2013:15:45:01 -0400] "GET /images/h-left.png HTTP/1.1" 200 137 "http://judgepenny.com/" "Mozilla/5.0 (compatible; MSIE 10.0; Windows NT 6.1; WOW64; Trident/6.0)"
76.17.101.144 - - [12/Aug/2013:15:45:01 -0400] "GET /images/mail-div.png HTTP/1.1" 200 1078 "http://judgepenny.com/" "Mozilla/5.0 (compatible; MSIE 10.0; Windows NT 6.1; WOW64; Trident/6.0)"
76.17.101.144 - - [12/Aug/2013:15:45:01 -0400] "GET /images/side-bg.png HTTP/1.1" 200 168 "http://judgepenny.com/" "Mozilla/5.0 (compatible; MSIE 10.0; Windows NT 6.1; WOW64; Trident/6.0)"
157.55.33.88 - - [12/Aug/2013:17:41:15 -0400] "GET /robots.txt HTTP/1.1" 404 575 "-" "Mozilla/5.0 (compatible; bingbot/2.0; +http://www.bing.com/bingbot.htm)"
68.2.222.215 - - [12/Aug/2013:17:10:54 -0400] "GET /images/judge2.jpg HTTP/1.1" 200 50523 "https://www.google.com/" "Mozilla/5.0 (iPhone; CPU iPhone OS 6_1_3 like Mac OS X) AppleWebKit/536.26 (KHTML, like Gecko) Version/6.0 Mobile/10B329 Safari/8536.25"
157.55.33.125 - - [12/Aug/2013:07:43:17 -0400] "GET / HTTP/1.1" 200 8953 "-" "Mozilla/5.0 (compatible; bingbot/2.0; +http://www.bing.com/bingbot.htm)"
157.55.33.125 - - [12/Aug/2013:08:29:19 -0400] "GET /robots.txt HTTP/1.1" 404 575 "-" "Mozilla/5.0 (compatible; bingbot/2.0; +http://www.bing.com/bingbot.htm)"
199.30.24.36 - - [12/Aug/2013:18:47:58 -0400] "GET / HTTP/1.1" 200 8953 "-" "Mozilla/5.0 (Windows NT 6.1; WOW64) AppleWebKit/534+ (KHTML, like Gecko) BingPreview/1.0b"
199.30.24.36 - - [12/Aug/2013:18:47:59 -0400] "GET /videos/jwplayer.js HTTP/1.1" 200 133009 "http://judgepenny.com/" "Mozilla/5.0 (Windows NT 6.1; WOW64) AppleWebKit/534+ (KHTML, like Gecko) BingPreview/1.0b"
199.30.24.36 - - [12/Aug/2013:18:48:01 -0400] "GET /images/bg.jpg HTTP/1.1" 200 71900 "http://judgepenny.com/" "Mozilla/5.0 (Windows NT 6.1; WOW64) AppleWebKit/534+ (KHTML, like Gecko) BingPreview/1.0b"
199.30.24.36 - - [12/Aug/2013:18:48:02 -0400] "GET /images/linked-in.png HTTP/1.1" 200 2575 "http://judgepenny.com/" "Mozilla/5.0 (Windows NT 6.1; WOW64) AppleWebKit/534+ (KHTML, like Gecko) BingPreview/1.0b"
199.30.24.36 - - [12/Aug/2013:18:48:03 -0400] "GET /images/you-tube.png HTTP/1.1" 200 3090 "http://judgepenny.com/" "Mozilla/5.0 (Windows NT 6.1; WOW64) AppleWebKit/534+ (KHTML, like Gecko) BingPreview/1.0b"
199.30.24.36 - - [12/Aug/2013:18:48:03 -0400] "GET /css/loading.gif HTTP/1.1" 200 1737 "http://judgepenny.com/" "Mozilla/5.0 (Windows NT 6.1; WOW64) AppleWebKit/534+ (KHTML, like Gecko) BingPreview/1.0b"
199.30.24.36 - - [12/Aug/2013:18:48:04 -0400] "GET /slideshow/images/judge_penny_foundation.jpg HTTP/1.1" 200 175194 "http://judgepenny.com/" "Mozilla/5.0 (Windows NT 6.1; WOW64) AppleWebKit/534+ (KHTML, like Gecko) BingPreview/1.0b"
199.30.24.36 - - [12/Aug/2013:18:48:07 -0400] "GET /slideshow/images/judge_penny_the_judge.jpg HTTP/1.1" 200 151096 "http://judgepenny.com/" "Mozilla/5.0 (Windows NT 6.1; WOW64) AppleWebKit/534+ (KHTML, like Gecko) BingPreview/1.0b"
199.30.24.36 - - [12/Aug/2013:18:48:09 -0400] "GET /images/ftr-bg.png HTTP/1.1" 200 198 "http://judgepenny.com/" "Mozilla/5.0 (Windows NT 6.1; WOW64) AppleWebKit/534+ (KHTML, like Gecko) BingPreview/1.0b"
199.30.24.36 - - [12/Aug/2013:18:48:09 -0400] "GET /css/bullets.png HTTP/1.1" 200 1281 "http://judgepenny.com/" "Mozilla/5.0 (Windows NT 6.1; WOW64) AppleWebKit/534+ (KHTML, like Gecko) BingPreview/1.0b"
66.87.108.0 - - [12/Aug/2013:12:26:25 -0400] "GET /images/linked-in.png HTTP/1.1" 200 2575 "http://www.judgepenny.com/" "Mozilla/5.0 (Linux; U; Android 2.3.5; en-us; N860 Build/GINGERBREAD) AppleWebKit/533.1 (KHTML, like Gecko) Version/4.0 Mobile Safari/533.1"
66.87.108.0 - - [12/Aug/2013:12:26:27 -0400] "GET /images/m-btm.png HTTP/1.1" 200 741 "http://www.judgepenny.com/" "Mozilla/5.0 (Linux; U; Android 2.3.5; en-us; N860 Build/GINGERBREAD) AppleWebKit/533.1 (KHTML, like Gecko) Version/4.0 Mobile Safari/533.1"
76.17.101.144 - - [12/Aug/2013:14:57:32 -0400] "GET / HTTP/1.1" 200 8953 "-" "Microsoft Windows Network Diagnostics"
123.125.71.70 - - [12/Aug/2013:02:53:03 -0400] "GET /robots.txt HTTP/1.1" 404 575 "-" "Mozilla/5.0 (compatible; Baiduspider/2.0; +http://www.baidu.com/search/spider.html)"
66.249.75.108 - - [12/Aug/2013:05:35:58 -0400] "GET /penny-for-your-thoughts_itsnotwhatyousaybuthowyousayitl.php HTTP/1.1" 200 8648 "-" "Mozilla/5.0 (compatible; Googlebot/2.1; +http://www.google.com/bot.html)"
199.30.24.36 - - [12/Aug/2013:18:47:59 -0400] "GET /css/nivo-slider.css HTTP/1.1" 200 1430 "http://judgepenny.com/" "Mozilla/5.0 (Windows NT 6.1; WOW64) AppleWebKit/534+ (KHTML, like Gecko) BingPreview/1.0b"
199.30.24.36 - - [12/Aug/2013:18:48:01 -0400] "GET /images/facebook.png HTTP/1.1" 200 2371 "http://judgepenny.com/" "Mozilla/5.0 (Windows NT 6.1; WOW64) AppleWebKit/534+ (KHTML, like Gecko) BingPreview/1.0b"
76.17.101.144 - - [12/Aug/2013:14:56:54 -0400] "GET / HTTP/1.1" 302 356 "http://www.bing.com/search?q=judge+penny+brown+reynolds&form=MSNH14&pc=msnHomeST&pq=judge+penny&sc=8-11&sp=1&qs=LS&sk=" "Mozilla/5.0 (compatible; MSIE 10.0; Windows NT 6.1; WOW64; Trident/6.0; chromeframe/28.0.1500.95)"
178.137.128.238 - - [12/Aug/2013:19:42:38 -0400] "GET / HTTP/1.1" 200 8953 "http://fre4games.net/" "Mozilla/4.0 (compatible; MSIE 6.0; Windows NT 5.2; WOW64; SV1; .NET CLR 2.0.50727)"
66.87.108.0 - - [12/Aug/2013:12:26:37 -0400] "GET /css/bullets.png HTTP/1.1" 200 1281 "http://www.judgepenny.com/" "Mozilla/5.0 (Linux; U; Android 2.3.5; en-us; N860 Build/GINGERBREAD) AppleWebKit/533.1 (KHTML, like Gecko) Version/4.0 Mobile Safari/533.1"
69.162.140.102 - - [12/Aug/2013:13:04:54 -0400] "GET / HTTP/1.0" 200 8953 "-" "Mozilla/5.0 (Windows; U; Windows NT 6.0; en-US; rv:1.9.0.14) Gecko/2009082707 Firefox/3.0.14 ( .NET CLR 3.5.30729)"
184.8.174.229 - - [12/Aug/2013:16:03:07 -0400] "GET /admin.php HTTP/1.0" 403 211 "-" "Mozilla/5.0 (Windows NT 6.1; rv:19.0) Gecko/20100101 Firefox/19.0"
67.8.157.129 - - [12/Aug/2013:09:23:53 -0400] "GET /images/judge.png HTTP/1.1" 200 164424 "-" "Mozilla/5.0 (compatible; MSIE 10.0; Windows NT 6.2; Trident/6.0; MSAppHost/1.0)"
76.17.101.144 - - [12/Aug/2013:20:20:02 -0400] "GET / HTTP/1.1" 200 8953 "-" "Mozilla/5.0 (compatible; MSIE 10.0; Windows NT 6.1; WOW64; Trident/6.0; chromeframe/28.0.1500.95)"
91.207.9.226 - - [12/Aug/2013:20:44:01 -0400] "GET / HTTP/1.1" 200 8953 "http://www.script-tutorials.com/" "Mozilla/4.0 (compatible; MSIE 6.0; Windows NT 5.1; SV1; .NET CLR 1.1.4322) NS8/0.9.6"
202.46.54.171 - - [12/Aug/2013:05:01:54 -0400] "GET /foundation.htm HTTP/1.1" 404 575 "-" "Mozilla/5.0 (Windows; U; Windows NT 5.1; zh-CN; rv:1.9.1.2) Firefox/3.5.2"
184.8.174.229 - - [12/Aug/2013:16:03:07 -0400] "GET /administrator/index.php HTTP/1.0" 403 225 "-" "Mozilla/5.0 (Windows NT 6.1; rv:19.0) Gecko/20100101 Firefox/19.0"
157.55.33.88 - - [12/Aug/2013:17:41:52 -0400] "GET /words_of_wisdom.htm HTTP/1.1" 404 575 "-" "Mozilla/5.0 (compatible; bingbot/2.0; +http://www.bing.com/bingbot.htm)"
76.17.101.144 - - [12/Aug/2013:15:45:00 -0400] "GET /videos/jwplayer.js HTTP/1.1" 200 133009 "http://judgepenny.com/" "Mozilla/5.0 (compatible; MSIE 10.0; Windows NT 6.1; WOW64; Trident/6.0)"
76.17.101.144 - - [12/Aug/2013:15:45:01 -0400] "GET /slideshow/images/judge_penny_the_judge.jpg HTTP/1.1" 200 151096 "http://judgepenny.com/" "Mozilla/5.0 (compatible; MSIE 10.0; Windows NT 6.1; WOW64; Trident/6.0)"
76.17.101.144 - - [12/Aug/2013:15:45:01 -0400] "GET /images/bg.jpg HTTP/1.1" 200 71900 "http://judgepenny.com/" "Mozilla/5.0 (compatible; MSIE 10.0; Windows NT 6.1; WOW64; Trident/6.0)"
76.17.101.144 - - [12/Aug/2013:15:45:01 -0400] "GET /images/seprator.png HTTP/1.1" 200 429 "http://judgepenny.com/" "Mozilla/5.0 (compatible; MSIE 10.0; Windows NT 6.1; WOW64; Trident/6.0)"
76.17.101.144 - - [12/Aug/2013:15:45:01 -0400] "GET /images/h-right.png HTTP/1.1" 200 279 "http://judgepenny.com/" "Mozilla/5.0 (compatible; MSIE 10.0; Windows NT 6.1; WOW64; Trident/6.0)"
76.17.101.144 - - [12/Aug/2013:15:45:01 -0400] "GET /images/ftr-bg.png HTTP/1.1" 200 198 "http://judgepenny.com/" "Mozilla/5.0 (compatible; MSIE 10.0; Windows NT 6.1; WOW64; Trident/6.0)"
76.17.101.144 - - [12/Aug/2013:15:45:01 -0400] "GET /images/s-top.png HTTP/1.1" 200 440 "http://judgepenny.com/" "Mozilla/5.0 (compatible; MSIE 10.0; Windows NT 6.1; WOW64; Trident/6.0)"
76.17.101.144 - - [12/Aug/2013:15:45:01 -0400] "GET /images/s-btm.png HTTP/1.1" 200 605 "http://judgepenny.com/" "Mozilla/5.0 (compatible; MSIE 10.0; Windows NT 6.1; WOW64; Trident/6.0)"
66.249.75.108 - - [12/Aug/2013:19:28:50 -0400] "GET /penny-for-your-thoughts_howdoIdealwithanoutofcontrol.php HTTP/1.1" 200 8668 "-" "DoCoMo/2.0 N905i(c100;TB;W24H16) (compatible; Googlebot-Mobile/2.1; +http://www.google.com/bot.html)"
66.87.108.0 - - [12/Aug/2013:12:26:20 -0400] "GET / HTTP/1.1" 200 8953 "http://www.google.com/search?hl=en&redir_esc=&client=ms-android-boost-us&source=android-search-app&v=133247963&qsubts=1376324759509&q=judge+penny&v=133247963" "Mozilla/5.0 (Linux; U; Android 2.3.5; en-us; N860 Build/GINGERBREAD) AppleWebKit/533.1 (KHTML, like Gecko) Version/4.0 Mobile Safari/533.1"
66.87.108.0 - - [12/Aug/2013:12:26:22 -0400] "GET /css/default.css HTTP/1.1" 200 1295 "http://www.judgepenny.com/" "Mozilla/5.0 (Linux; U; Android 2.3.5; en-us; N860 Build/GINGERBREAD) AppleWebKit/533.1 (KHTML, like Gecko) Version/4.0 Mobile Safari/533.1"
66.87.108.0 - - [12/Aug/2013:12:26:24 -0400] "GET /js/jquery.nivo.slider.pack.js HTTP/1.1" 200 15854 "http://www.judgepenny.com/" "Mozilla/5.0 (Linux; U; Android 2.3.5; en-us; N860 Build/GINGERBREAD) AppleWebKit/533.1 (KHTML, like Gecko) Version/4.0 Mobile Safari/533.1"
66.87.108.0 - - [12/Aug/2013:12:26:25 -0400] "GET /images/jenny-header.png HTTP/1.1" 200 69160 "http://www.judgepenny.com/" "Mozilla/5.0 (Linux; U; Android 2.3.5; en-us; N860 Build/GINGERBREAD) AppleWebKit/533.1 (KHTML, like Gecko) Version/4.0 Mobile Safari/533.1"
157.55.33.125 - - [12/Aug/2013:14:09:53 -0400] "GET / HTTP/1.1" 200 8953 "-" "Mozilla/5.0 (compatible; bingbot/2.0; +http://www.bing.com/bingbot.htm)"
76.17.101.144 - - [12/Aug/2013:14:56:54 -0400] "GET / HTTP/1.1" 302 356 "http://www.bing.com/search?q=judge+penny+brown+reynolds&form=MSNH14&pc=msnHomeST&pq=judge+penny&sc=8-11&sp=1&qs=LS&sk=" "Mozilla/5.0 (compatible; MSIE 10.0; Windows NT 6.1; WOW64; Trident/6.0; chromeframe/28.0.1500.95)"
76.17.101.144 - - [12/Aug/2013:14:56:54 -0400] "GET / HTTP/1.1" 302 356 "http://www.bing.com/search?q=judge+penny+brown+reynolds&form=MSNH14&pc=msnHomeST&pq=judge+penny&sc=8-11&sp=1&qs=LS&sk=" "Mozilla/5.0 (compatible; MSIE 10.0; Windows NT 6.1; WOW64; Trident/6.0; chromeframe/28.0.1500.95)"
173.199.115.147 - - [12/Aug/2013:01:47:16 -0400] "GET /events.php HTTP/1.1" 200 8644 "-" "Mozilla/5.0 (compatible; AhrefsBot/4.0; +http://ahrefs.com/robot/)"
66.87.108.0 - - [12/Aug/2013:12:26:22 -0400] "GET /css/nivo-slider.css HTTP/1.1" 200 1430 "http://www.judgepenny.com/" "Mozilla/5.0 (Linux; U; Android 2.3.5; en-us; N860 Build/GINGERBREAD) AppleWebKit/533.1 (KHTML, like Gecko) Version/4.0 Mobile Safari/533.1"
202.46.50.75 - - [12/Aug/2013:09:56:16 -0400] "GET /foundation.htm HTTP/1.1" 404 575 "-" "Mozilla/5.0 (Windows; U; Windows NT 5.1; zh-CN; rv:1.9.1.2) Firefox/3.5.2"
157.55.33.88 - - [12/Aug/2013:03:48:00 -0400] "GET /robots.txt HTTP/1.1" 404 575 "-" "Mozilla/5.0 (compatible; bingbot/2.0; +http://www.bing.com/bingbot.htm)"
46.119.118.152 - - [12/Aug/2013:10:30:14 -0400] "GET / HTTP/1.1" 200 8953 "http://ilya-muromec.ru/" "Mozilla/4.0 (compatible; MSIE 6.0; Windows NT 5.2; SV1; .NET CLR 1.1.4322; .NET CLR 2.0.50727)"
68.2.222.215 - - [12/Aug/2013:17:11:02 -0400] "GET /images/judge.png HTTP/1.1" 200 164424 "https://www.google.com/" "Mozilla/5.0 (iPhone; CPU iPhone OS 6_1_3 like Mac OS X) AppleWebKit/536.26 (KHTML, like Gecko) Version/6.0 Mobile/10B329 Safari/8536.25"
76.17.101.144 - - [12/Aug/2013:20:18:52 -0400] "GET / HTTP/1.1" 302 356 "http://www.bing.com/search?q=judge+penny+brown+reynolds&form=MSNH14&pc=msnHomeST&pq=judge+penny&sc=8-11&sp=1&qs=LS&sk=" "Mozilla/5.0 (compatible; MSIE 10.0; Windows NT 6.1; WOW64; Trident/6.0; chromeframe/28.0.1500.95)"
91.207.9.226 - - [12/Aug/2013:20:44:00 -0400] "GET / HTTP/1.1" 200 8953 "http://www.script-tutorials.com/" "Mozilla/4.0 (compatible; MSIE 6.0; Windows NT 5.1; SV1; .NET CLR 1.1.4322) NS8/0.9.6"
66.87.108.0 - - [12/Aug/2013:12:26:25 -0400] "GET /images/you-tube.png HTTP/1.1" 200 3090 "http://www.judgepenny.com/" "Mozilla/5.0 (Linux; U; Android 2.3.5; en-us; N860 Build/GINGERBREAD) AppleWebKit/533.1 (KHTML, like Gecko) Version/4.0 Mobile Safari/533.1"
66.87.108.0 - - [12/Aug/2013:12:26:25 -0400] "GET /images/twitter.png HTTP/1.1" 200 2703 "http://www.judgepenny.com/" "Mozilla/5.0 (Linux; U; Android 2.3.5; en-us; N860 Build/GINGERBREAD) AppleWebKit/533.1 (KHTML, like Gecko) Version/4.0 Mobile Safari/533.1"
66.87.108.0 - - [12/Aug/2013:12:26:27 -0400] "GET /images/m-top.png HTTP/1.1" 200 574 "http://www.judgepenny.com/" "Mozilla/5.0 (Linux; U; Android 2.3.5; en-us; N860 Build/GINGERBREAD) AppleWebKit/533.1 (KHTML, like Gecko) Version/4.0 Mobile Safari/533.1"
66.87.108.0 - - [12/Aug/2013:12:26:27 -0400] "GET /slideshow/images/judge_penny_the_judge.jpg HTTP/1.1" 200 151096 "http://www.judgepenny.com/" "Mozilla/5.0 (Linux; U; Android 2.3.5; en-us; N860 Build/GINGERBREAD) AppleWebKit/533.1 (KHTML, like Gecko) Version/4.0 Mobile Safari/533.1"
81.169.139.145 - - [12/Aug/2013:15:09:03 -0400] "GET / HTTP/1.1" 200 8953 "-" "Mozilla/5.0 (Windows NT 6.1; WOW64) AppleWebKit/537.17 (KHTML, like Gecko) Chrome/24.0.1312.56 Safari/537.17"
46.119.118.152 - - [12/Aug/2013:10:30:16 -0400] "GET / HTTP/1.1" 200 8953 "http://ilya-muromec.ru/" "Mozilla/4.0 (compatible; MSIE 6.0; Windows NT 5.2; SV1; .NET CLR 1.1.4322; .NET CLR 2.0.50727)"
199.30.24.36 - - [12/Aug/2013:18:48:09 -0400] "GET /images/s-btm.png HTTP/1.1" 200 605 "http://judgepenny.com/" "Mozilla/5.0 (Windows NT 6.1; WOW64) AppleWebKit/534+ (KHTML, like Gecko) BingPreview/1.0b"
96.227.124.38 - - [12/Aug/2013:12:10:50 -0400] "GET / HTTP/1.1" 200 8953 "-" "Mozilla/4.0 (compatible; MSIE 6.0; Windows NT 5.1; SV1; .NET CLR 1.1.4322)"
76.17.101.144 - - [12/Aug/2013:15:45:00 -0400] "GET /slide-style.css HTTP/1.1" 404 575 "http://judgepenny.com/" "Mozilla/5.0 (compatible; MSIE 10.0; Windows NT 6.1; WOW64; Trident/6.0)"
76.17.101.144 - - [12/Aug/2013:15:45:00 -0400] "GET /css/nivo-slider.css HTTP/1.1" 200 1430 "http://judgepenny.com/" "Mozilla/5.0 (compatible; MSIE 10.0; Windows NT 6.1; WOW64; Trident/6.0)"
76.17.101.144 - - [12/Aug/2013:15:45:00 -0400] "GET /images/facebook.png HTTP/1.1" 200 2371 "http://judgepenny.com/" "Mozilla/5.0 (compatible; MSIE 10.0; Windows NT 6.1; WOW64; Trident/6.0)"
76.17.101.144 - - [12/Aug/2013:15:45:00 -0400] "GET /images/twitter.png HTTP/1.1" 200 2703 "http://judgepenny.com/" "Mozilla/5.0 (compatible; MSIE 10.0; Windows NT 6.1; WOW64; Trident/6.0)"
76.17.101.144 - - [12/Aug/2013:15:45:00 -0400] "GET /slideshow/images/book.jpg HTTP/1.1" 200 132593 "http://judgepenny.com/" "Mozilla/5.0 (compatible; MSIE 10.0; Windows NT 6.1; WOW64; Trident/6.0)"
76.17.101.144 - - [12/Aug/2013:15:45:00 -0400] "GET /slideshow/images/judge_penny_opportunity.jpg HTTP/1.1" 200 99540 "http://judgepenny.com/" "Mozilla/5.0 (compatible; MSIE 10.0; Windows NT 6.1; WOW64; Trident/6.0)"
76.17.101.144 - - [12/Aug/2013:15:45:02 -0400] "GET /css/bullets.png HTTP/1.1" 200 1281 "http://judgepenny.com/" "Mozilla/5.0 (compatible; MSIE 10.0; Windows NT 6.1; WOW64; Trident/6.0)"
76.17.101.144 - - [12/Aug/2013:15:45:02 -0400] "GET /css/arrows.png HTTP/1.1" 200 824 "http://judgepenny.com/" "Mozilla/5.0 (compatible; MSIE 10.0; Windows NT 6.1; WOW64; Trident/6.0)"
66.249.75.108 - - [12/Aug/2013:04:15:42 -0400] "GET /shopping.php HTTP/1.1" 503 323 "-" "Mozilla/5.0 (compatible; Googlebot/2.1; +http://www.google.com/bot.html)"
178.154.243.82 - - [12/Aug/2013:22:03:30 -0400] "GET /robots.txt HTTP/1.1" 404 575 "-" "Mozilla/5.0 (compatible; YandexImages/3.0; +http://yandex.com/bots)"
157.55.33.125 - - [12/Aug/2013:07:42:24 -0400] "GET /robots.txt HTTP/1.1" 404 575 "-" "Mozilla/5.0 (compatible; bingbot/2.0; +http://www.bing.com/bingbot.htm)"
66.87.108.0 - - [12/Aug/2013:12:26:35 -0400] "GET /images/h-right.png HTTP/1.1" 200 279 "http://www.judgepenny.com/" "Mozilla/5.0 (Linux; U; Android 2.3.5; en-us; N860 Build/GINGERBREAD) AppleWebKit/533.1 (KHTML, like Gecko) Version/4.0 Mobile Safari/533.1"
66.87.108.0 - - [12/Aug/2013:12:26:36 -0400] "GET /images/h-left.png HTTP/1.1" 200 137 "http://www.judgepenny.com/" "Mozilla/5.0 (Linux; U; Android 2.3.5; en-us; N860 Build/GINGERBREAD) AppleWebKit/533.1 (KHTML, like Gecko) Version/4.0 Mobile Safari/533.1"
66.87.108.0 - - [12/Aug/2013:12:26:36 -0400] "GET /images/mail-div.png HTTP/1.1" 200 1078 "http://www.judgepenny.com/" "Mozilla/5.0 (Linux; U; Android 2.3.5; en-us; N860 Build/GINGERBREAD) AppleWebKit/533.1 (KHTML, like Gecko) Version/4.0 Mobile Safari/533.1"
66.87.108.0 - - [12/Aug/2013:12:26:36 -0400] "GET /images/side-bg.png HTTP/1.1" 200 168 "http://www.judgepenny.com/" "Mozilla/5.0 (Linux; U; Android 2.3.5; en-us; N860 Build/GINGERBREAD) AppleWebKit/533.1 (KHTML, like Gecko) Version/4.0 Mobile Safari/533.1"
66.87.108.0 - - [12/Aug/2013:12:26:37 -0400] "GET /images/ftr-bg.png HTTP/1.1" 200 198 "http://www.judgepenny.com/" "Mozilla/5.0 (Linux; U; Android 2.3.5; en-us; N860 Build/GINGERBREAD) AppleWebKit/533.1 (KHTML, like Gecko) Version/4.0 Mobile Safari/533.1"
199.30.20.103 - - [12/Aug/2013:02:07:05 -0400] "GET /robots.txt HTTP/1.1" 404 575 "-" "msnbot-media/1.1 (+http://search.msn.com/msnbot.htm)"
66.87.108.0 - - [12/Aug/2013:12:26:25 -0400] "GET /images/judge-jenny.png HTTP/1.1" 200 28663 "http://www.judgepenny.com/" "Mozilla/5.0 (Linux; U; Android 2.3.5; en-us; N860 Build/GINGERBREAD) AppleWebKit/533.1 (KHTML, like Gecko) Version/4.0 Mobile Safari/533.1"
66.87.108.0 - - [12/Aug/2013:12:26:36 -0400] "GET /images/m-center.png HTTP/1.1" 200 191 "http://www.judgepenny.com/" "Mozilla/5.0 (Linux; U; Android 2.3.5; en-us; N860 Build/GINGERBREAD) AppleWebKit/533.1 (KHTML, like Gecko) Version/4.0 Mobile Safari/533.1"
66.87.108.0 - - [12/Aug/2013:12:26:36 -0400] "GET /images/s-top.png HTTP/1.1" 200 440 "http://www.judgepenny.com/" "Mozilla/5.0 (Linux; U; Android 2.3.5; en-us; N860 Build/GINGERBREAD) AppleWebKit/533.1 (KHTML, like Gecko) Version/4.0 Mobile Safari/533.1"
66.87.108.0 - - [12/Aug/2013:12:26:37 -0400] "GET /images/s-btm.png HTTP/1.1" 200 605 "http://www.judgepenny.com/" "Mozilla/5.0 (Linux; U; Android 2.3.5; en-us; N860 Build/GINGERBREAD) AppleWebKit/533.1 (KHTML, like Gecko) Version/4.0 Mobile Safari/533.1"
66.87.108.0 - - [12/Aug/2013:12:26:37 -0400] "GET /css/arrows.png HTTP/1.1" 200 824 "http://www.judgepenny.com/" "Mozilla/5.0 (Linux; U; Android 2.3.5; en-us; N860 Build/GINGERBREAD) AppleWebKit/533.1 (KHTML, like Gecko) Version/4.0 Mobile Safari/533.1"
76.17.101.144 - - [12/Aug/2013:20:20:03 -0400] "GET /slide-style.css HTTP/1.1" 404 575 "http://judgepenny.com/" "Mozilla/5.0 (compatible; MSIE 10.0; Windows NT 6.1; WOW64; Trident/6.0)"
91.207.9.226 - - [12/Aug/2013:20:43:59 -0400] "GET / HTTP/1.1" 200 8953 "http://www.script-tutorials.com/" "Mozilla/4.0 (compatible; MSIE 6.0; Windows NT 5.1; SV1; .NET CLR 1.1.4322) NS8/0.9.6"
66.87.108.0 - - [12/Aug/2013:12:01:39 -0400] "GET /images/contact.png HTTP/1.1" 200 137804 "http://www.google.com/search?q=judge+penny+brown+reynolds&client=ms-android-boost-us&hl=en&source=android-search-app&v=133247963&tbm=isch&tbo=u&source=univ&sa=X&ei=bAYJUt32Bqad2QW8joDgCw&ved=0CCgQsAQ&biw=320&bih=508" "Mozilla/5.0 (Linux; U; Android 2.3.5; en-us; N860 Build/GINGERBREAD) AppleWebKit/533.1 (KHTML, like Gecko) Version/4.0 Mobile Safari/533.1"
41.221.91.194 - - [12/Aug/2013:09:03:38 -0400] "GET /images/contact.png HTTP/1.1" 200 137804 "http://images.search.yahoo.com/images/view;_ylt=A0PDoKri3AhSSEcAt6SJzbkF;_ylu=X3oDMTFyZTJnOHFxBHNlYwNzcgRzbGsDaW1nBG9pZANiNjAzYTkyMDhjNWU3OGNlNmMzODE0ODNjMjkzMDhjMARncG9zAzU5?back=http%3A%2F%2Fimages.search.yahoo.com%2Fsearch%2Fimages%3Fp%3Djudge%2Bpenny%2Bbrown%2Breynolds%2Bchildren%26_adv_prop%3Dimage%26va%3Djudge%2Bpenny%2Bbrown%2Breynolds%2Bchildren%26fr%3Dyfp-t-302-s%26tab%3Dorganic%26ri%3D59&w=1200&h=1500&imgurl=share-expo.webs.com%2FFranklinphotocropped.jpg&rurl=http%3A%2F%2Fshare-expo.webs.com%2Fhostcommittee.htm&size=377KB&name=Host+Committee+-+APEX+SHARE-A-THON+2010&p=judge+penny+brown+reynolds+children&oid=b603a9208c5e78ce6c381483c29308c0&fr2=&fr=yfp-t-302-s&tt=Host+Committee+-+APEX+SHARE-A-THON+2010&b=31&ni=128&no=59&ts=&tab=organic&sigr=11cgak7o3&sigb=15ap0tar7&sigi=11cefjo8e&.crumb=aqUFNxFOUcZ&fr=yfp-t-302-s" "Mozilla/5.0 (Windows NT 6.1; rv:8.0) Gecko/20100101 Firefox/8.0"
157.55.33.88 - - [12/Aug/2013:09:50:04 -0400] "GET /index.htm HTTP/1.1" 404 575 "-" "Mozilla/5.0 (compatible; bingbot/2.0; +http://www.bing.com/bingbot.htm)"
157.55.33.80 - - [12/Aug/2013:04:49:43 -0400] "GET /press-room.php HTTP/1.1" 200 6775 "-" "Mozilla/5.0 (compatible; bingbot/2.0; +http://www.bing.com/bingbot.htm)"
157.55.33.88 - - [12/Aug/2013:09:52:54 -0400] "GET /foundation.htm HTTP/1.1" 404 575 "-" "Mozilla/5.0 (compatible; bingbot/2.0; +http://www.bing.com/bingbot.htm)"
31.148.246.60 - - [12/Aug/2013:12:04:46 -0400] "GET /contact.php HTTP/1.1" 503 323 "-" "Mozilla/5.0 (Windows NT 5.0; WOW64; rv:5.0) Gecko/20100101 Firefox/5.0"
66.249.75.108 - - [12/Aug/2013:04:15:42 -0400] "GET /robots.txt HTTP/1.1" 404 575 "-" "Mozilla/5.0 (compatible; Googlebot/2.1; +http://www.google.com/bot.html)"
218.30.103.39 - - [12/Aug/2013:03:44:10 -0400] "GET / HTTP/1.1" 200 8953 "-" "Sogou web spider/4.0(+http://www.sogou.com/docs/help/webmasters.htm#07)"
66.87.108.0 - - [12/Aug/2013:21:50:08 -0400] "GET /images/judge2.jpg HTTP/1.1" 200 50523 "http://www.google.com/search?q=judge+penny&client=ms-android-boost-us&hl=en&source=android-search-app&v=133247963&tbm=isch&tbo=u&source=univ&sa=X&ei=IpAJUqi5HoqU2gWggIGIDw&ved=0CCgQsAQ&biw=320&bih=452&sei=UZAJUvy2I8Pr2AWE54GgAQ" "Mozilla/5.0 (Linux; U; Android 2.3.5; en-us; N860 Build/GINGERBREAD) AppleWebKit/533.1 (KHTML, like Gecko) Version/4.0 Mobile Safari/533.1"
178.154.243.82 - - [12/Aug/2013:23:18:58 -0400] "GET /images/m-top.png HTTP/1.1" 304 - "-" "Mozilla/5.0 (compatible; YandexImages/3.0; +http://yandex.com/bots)"
199.30.20.103 - - [12/Aug/2013:02:07:05 -0400] "GET /images/books_DVD.jpg HTTP/1.1" 404 575 "-" "msnbot-media/1.1 (+http://search.msn.com/msnbot.htm)"
157.55.33.125 - - [12/Aug/2013:08:47:54 -0400] "GET / HTTP/1.1" 200 8953 "-" "Mozilla/5.0 (compatible; bingbot/2.0; +http://www.bing.com/bingbot.htm)"
66.249.75.108 - - [12/Aug/2013:13:20:35 -0400] "GET / HTTP/1.1" 200 8953 "-" "Mozilla/5.0 (iPhone; U; CPU iPhone OS 4_1 like Mac OS X; en-us) AppleWebKit/532.9 (KHTML, like Gecko) Version/4.0.5 Mobile/8B117 Safari/6531.22.7 (compatible; Googlebot-Mobile/2.1; +http://www.google.com/bot.html)"
76.17.101.144 - - [12/Aug/2013:15:45:00 -0400] "GET /css/default.css HTTP/1.1" 200 1295 "http://judgepenny.com/" "Mozilla/5.0 (compatible; MSIE 10.0; Windows NT 6.1; WOW64; Trident/6.0)"
76.17.101.144 - - [12/Aug/2013:15:45:00 -0400] "GET /css/style.css HTTP/1.1" 200 9522 "http://judgepenny.com/" "Mozilla/5.0 (compatible; MSIE 10.0; Windows NT 6.1; WOW64; Trident/6.0)"
76.17.101.144 - - [12/Aug/2013:15:45:00 -0400] "GET /images/linked-in.png HTTP/1.1" 200 2575 "http://judgepenny.com/" "Mozilla/5.0 (compatible; MSIE 10.0; Windows NT 6.1; WOW64; Trident/6.0)"
76.17.101.144 - - [12/Aug/2013:15:45:00 -0400] "GET /images/you-tube.png HTTP/1.1" 200 3090 "http://judgepenny.com/" "Mozilla/5.0 (compatible; MSIE 10.0; Windows NT 6.1; WOW64; Trident/6.0)"
76.17.101.144 - - [12/Aug/2013:15:45:00 -0400] "GET /slideshow/images/judge_penny_self_worth.jpg HTTP/1.1" 200 129594 "http://judgepenny.com/" "Mozilla/5.0 (compatible; MSIE 10.0; Windows NT 6.1; WOW64; Trident/6.0)"
76.17.101.144 - - [12/Aug/2013:15:45:00 -0400] "GET /slideshow/images/judge_penny_speaking_request.png HTTP/1.1" 200 291884 "http://judgepenny.com/" "Mozilla/5.0 (compatible; MSIE 10.0; Windows NT 6.1; WOW64; Trident/6.0)"
66.87.108.0 - - [12/Aug/2013:12:26:27 -0400] "GET /slideshow/images/judge_penny_opportunity.jpg HTTP/1.1" 200 99540 "http://www.judgepenny.com/" "Mozilla/5.0 (Linux; U; Android 2.3.5; en-us; N860 Build/GINGERBREAD) AppleWebKit/533.1 (KHTML, like Gecko) Version/4.0 Mobile Safari/533.1"
199.30.24.36 - - [12/Aug/2013:18:48:06 -0400] "GET /slideshow/images/judge_penny_self_worth.jpg HTTP/1.1" 200 129594 "http://judgepenny.com/" "Mozilla/5.0 (Windows NT 6.1; WOW64) AppleWebKit/534+ (KHTML, like Gecko) BingPreview/1.0b"
199.30.24.36 - - [12/Aug/2013:18:48:07 -0400] "GET /images/m-top.png HTTP/1.1" 200 574 "http://judgepenny.com/" "Mozilla/5.0 (Windows NT 6.1; WOW64) AppleWebKit/534+ (KHTML, like Gecko) BingPreview/1.0b"
199.30.24.36 - - [12/Aug/2013:18:48:07 -0400] "GET /images/m-btm.png HTTP/1.1" 200 741 "http://judgepenny.com/" "Mozilla/5.0 (Windows NT 6.1; WOW64) AppleWebKit/534+ (KHTML, like Gecko) BingPreview/1.0b"
199.30.24.36 - - [12/Aug/2013:18:48:08 -0400] "GET /images/h-right.png HTTP/1.1" 200 279 "http://judgepenny.com/" "Mozilla/5.0 (Windows NT 6.1; WOW64) AppleWebKit/534+ (KHTML, like Gecko) BingPreview/1.0b"
199.30.24.36 - - [12/Aug/2013:18:48:08 -0400] "GET /images/h-left.png HTTP/1.1" 200 137 "http://judgepenny.com/" "Mozilla/5.0 (Windows NT 6.1; WOW64) AppleWebKit/534+ (KHTML, like Gecko) BingPreview/1.0b"
199.30.24.36 - - [12/Aug/2013:18:48:08 -0400] "GET /images/m-center.png HTTP/1.1" 200 191 "http://judgepenny.com/" "Mozilla/5.0 (Windows NT 6.1; WOW64) AppleWebKit/534+ (KHTML, like Gecko) BingPreview/1.0b"
199.30.24.36 - - [12/Aug/2013:18:48:08 -0400] "GET /images/mail-div.png HTTP/1.1" 200 1078 "http://judgepenny.com/" "Mozilla/5.0 (Windows NT 6.1; WOW64) AppleWebKit/534+ (KHTML, like Gecko) BingPreview/1.0b"
199.30.24.36 - - [12/Aug/2013:18:48:08 -0400] "GET /images/s-top.png HTTP/1.1" 200 440 "http://judgepenny.com/" "Mozilla/5.0 (Windows NT 6.1; WOW64) AppleWebKit/534+ (KHTML, like Gecko) BingPreview/1.0b"
199.30.24.36 - - [12/Aug/2013:18:48:08 -0400] "GET /images/side-bg.png HTTP/1.1" 200 168 "http://judgepenny.com/" "Mozilla/5.0 (Windows NT 6.1; WOW64) AppleWebKit/534+ (KHTML, like Gecko) BingPreview/1.0b"
199.30.24.36 - - [12/Aug/2013:18:48:09 -0400] "GET /css/arrows.png HTTP/1.1" 200 824 "http://judgepenny.com/" "Mozilla/5.0 (Windows NT 6.1; WOW64) AppleWebKit/534+ (KHTML, like Gecko) BingPreview/1.0b"
76.17.101.144 - - [12/Aug/2013:20:18:57 -0400] "GET / HTTP/1.1" 200 8953 "-" "Microsoft Windows Network Diagnostics"
76.17.101.144 - - [12/Aug/2013:15:46:23 -0400] "GET /events.php HTTP/1.1" 200 8644 "http://judgepenny.com/" "Mozilla/5.0 (compatible; MSIE 10.0; Windows NT 6.1; WOW64; Trident/6.0; chromeframe/28.0.1500.95)"
76.17.101.144 - - [12/Aug/2013:15:46:24 -0400] "GET /slide-style.css HTTP/1.1" 404 575 "http://judgepenny.com/events.php" "Mozilla/5.0 (compatible; MSIE 10.0; Windows NT 6.1; WOW64; Trident/6.0)"
76.17.101.144 - - [12/Aug/2013:15:46:24 -0400] "GET /images/main-btm.png HTTP/1.1" 200 398 "http://judgepenny.com/events.php" "Mozilla/5.0 (compatible; MSIE 10.0; Windows NT 6.1; WOW64; Trident/6.0)"
76.17.101.144 - - [12/Aug/2013:15:46:25 -0400] "GET /images/sub-menu.png HTTP/1.1" 200 6956 "http://judgepenny.com/events.php" "Mozilla/5.0 (compatible; MSIE 10.0; Windows NT 6.1; WOW64; Trident/6.0)"
76.17.101.144 - - [12/Aug/2013:15:46:25 -0400] "GET /images/right-div.png HTTP/1.1" 200 5479 "http://judgepenny.com/events.php" "Mozilla/5.0 (compatible; MSIE 10.0; Windows NT 6.1; WOW64; Trident/6.0)"
41.221.91.194 - - [12/Aug/2013:09:03:23 -0400] "GET /images/girls_with_pearls.png HTTP/1.1" 302 388 "http://images.search.yahoo.com/images/view;_ylt=A0PDoKri3AhSSEcAt6SJzbkF;_ylu=X3oDMTFyZTJnOHFxBHNlYwNzcgRzbGsDaW1nBG9pZANiNjAzYTkyMDhjNWU3OGNlNmMzODE0ODNjMjkzMDhjMARncG9zAzU5?back=http%3A%2F%2Fimages.search.yahoo.com%2Fsearch%2Fimages%3Fp%3Djudge%2Bpenny%2Bbrown%2Breynolds%2Bchildren%26_adv_prop%3Dimage%26va%3Djudge%2Bpenny%2Bbrown%2Breynolds%2Bchildren%26fr%3Dyfp-t-302-s%26tab%3Dorganic%26ri%3D59&w=1200&h=1500&imgurl=share-expo.webs.com%2FFranklinphotocropped.jpg&rurl=http%3A%2F%2Fshare-expo.webs.com%2Fhostcommittee.htm&size=377KB&name=Host+Committee+-+APEX+SHARE-A-THON+2010&p=judge+penny+brown+reynolds+children&oid=b603a9208c5e78ce6c381483c29308c0&fr2=&fr=yfp-t-302-s&tt=Host+Committee+-+APEX+SHARE-A-THON+2010&b=31&ni=128&no=59&ts=&tab=organic&sigr=11cgak7o3&sigb=15ap0tar7&sigi=11cefjo8e&.crumb=aqUFNxFOUcZ&fr=yfp-t-302-s" "Mozilla/5.0 (Windows NT 6.1; rv:8.0) Gecko/20100101 Firefox/8.0"
199.30.20.41 - - [12/Aug/2013:07:00:34 -0400] "GET /robots.txt HTTP/1.1" 404 575 "-" "msnbot-media/1.1 (+http://search.msn.com/msnbot.htm)"
76.17.101.144 - - [12/Aug/2013:14:56:54 -0400] "GET / HTTP/1.1" 302 356 "http://www.bing.com/search?q=judge+penny+brown+reynolds&form=MSNH14&pc=msnHomeST&pq=judge+penny&sc=8-11&sp=1&qs=LS&sk=" "Mozilla/5.0 (compatible; MSIE 10.0; Windows NT 6.1; WOW64; Trident/6.0; chromeframe/28.0.1500.95)"
76.17.101.144 - - [12/Aug/2013:14:56:54 -0400] "GET / HTTP/1.1" 302 356 "http://www.bing.com/search?q=judge+penny+brown+reynolds&form=MSNH14&pc=msnHomeST&pq=judge+penny&sc=8-11&sp=1&qs=LS&sk=" "Mozilla/5.0 (compatible; MSIE 10.0; Windows NT 6.1; WOW64; Trident/6.0; chromeframe/28.0.1500.95)"
66.87.108.0 - - [12/Aug/2013:12:26:25 -0400] "GET /images/facebook.png HTTP/1.1" 200 2371 "http://www.judgepenny.com/" "Mozilla/5.0 (Linux; U; Android 2.3.5; en-us; N860 Build/GINGERBREAD) AppleWebKit/533.1 (KHTML, like Gecko) Version/4.0 Mobile Safari/533.1"
66.87.108.0 - - [12/Aug/2013:12:26:27 -0400] "GET /slideshow/images/judge_penny_speaking_request.png HTTP/1.1" 200 291884 "http://www.judgepenny.com/" "Mozilla/5.0 (Linux; U; Android 2.3.5; en-us; N860 Build/GINGERBREAD) AppleWebKit/533.1 (KHTML, like Gecko) Version/4.0 Mobile Safari/533.1"
66.249.75.108 - - [12/Aug/2013:18:40:18 -0400] "GET /penny-for-your-thoughts_howtowalkawayfromabadrelationship.php HTTP/1.1" 200 7498 "-" "SAMSUNG-SGH-E250/1.0 Profile/MIDP-2.0 Configuration/CLDC-1.1 UP.Browser/6.2.3.3.c.1.101 (GUI) MMP/2.0 (compatible; Googlebot-Mobile/2.1; +http://www.google.com/bot.html)"
66.87.108.0 - - [12/Aug/2013:12:26:26 -0400] "GET /slideshow/images/book.jpg HTTP/1.1" 200 132593 "http://www.judgepenny.com/" "Mozilla/5.0 (Linux; U; Android 2.3.5; en-us; N860 Build/GINGERBREAD) AppleWebKit/533.1 (KHTML, like Gecko) Version/4.0 Mobile Safari/533.1"
66.87.108.0 - - [12/Aug/2013:12:26:27 -0400] "GET /slideshow/images/judge_penny_self_worth.jpg HTTP/1.1" 200 129594 "http://www.judgepenny.com/" "Mozilla/5.0 (Linux; U; Android 2.3.5; en-us; N860 Build/GINGERBREAD) AppleWebKit/533.1 (KHTML, like Gecko) Version/4.0 Mobile Safari/533.1"
178.137.128.238 - - [12/Aug/2013:19:42:39 -0400] "GET / HTTP/1.1" 200 8953 "http://fre4games.net/" "Mozilla/4.0 (compatible; MSIE 6.0; Windows NT 5.2; WOW64; SV1; .NET CLR 2.0.50727)"
76.17.101.144 - - [12/Aug/2013:20:20:45 -0400] "GET /slide-style.css HTTP/1.1" 404 575 "http://judgepenny.com/events.php" "Mozilla/5.0 (compatible; MSIE 10.0; Windows NT 6.1; WOW64; Trident/6.0)"
76.17.101.144 - - [12/Aug/2013:14:56:54 -0400] "GET / HTTP/1.1" 302 356 "http://www.bing.com/search?q=judge+penny+brown+reynolds&form=MSNH14&pc=msnHomeST&pq=judge+penny&sc=8-11&sp=1&qs=LS&sk=" "Mozilla/5.0 (compatible; MSIE 10.0; Windows NT 6.1; WOW64; Trident/6.0; chromeframe/28.0.1500.95)"
66.87.108.0 - - [12/Aug/2013:12:26:26 -0400] "GET /images/seprator.png HTTP/1.1" 200 429 "http://www.judgepenny.com/" "Mozilla/5.0 (Linux; U; Android 2.3.5; en-us; N860 Build/GINGERBREAD) AppleWebKit/533.1 (KHTML, like Gecko) Version/4.0 Mobile Safari/533.1"
66.87.108.0 - - [12/Aug/2013:12:26:26 -0400] "GET /css/loading.gif HTTP/1.1" 200 1737 "http://www.judgepenny.com/" "Mozilla/5.0 (Linux; U; Android 2.3.5; en-us; N860 Build/GINGERBREAD) AppleWebKit/533.1 (KHTML, like Gecko) Version/4.0 Mobile Safari/533.1"
66.87.108.0 - - [12/Aug/2013:12:26:26 -0400] "GET /slideshow/images/judge_penny_foundation.jpg HTTP/1.1" 200 175194 "http://www.judgepenny.com/" "Mozilla/5.0 (Linux; U; Android 2.3.5; en-us; N860 Build/GINGERBREAD) AppleWebKit/533.1 (KHTML, like Gecko) Version/4.0 Mobile Safari/533.1"
157.55.33.125 - - [12/Aug/2013:21:25:14 -0400] "GET /robots.txt HTTP/1.1" 404 575 "-" "Mozilla/5.0 (compatible; bingbot/2.0; +http://www.bing.com/bingbot.htm)"
123.125.71.56 - - [12/Aug/2013:22:20:56 -0400] "GET /images/judge.png HTTP/1.1" 200 164424 "-" "Baiduspider-image+(+http://www.baidu.com/search/spider.htm)"
76.17.101.144 - - [12/Aug/2013:20:20:43 -0400] "GET /events.php HTTP/1.1" 200 8644 "http://judgepenny.com/" "Mozilla/5.0 (compatible; MSIE 10.0; Windows NT 6.1; WOW64; Trident/6.0; chromeframe/28.0.1500.95)"
66.249.75.108 - - [12/Aug/2013:17:13:19 -0400] "GET /index.php?thank-you HTTP/1.1" 200 8953 "-" "Mozilla/5.0 (iPhone; U; CPU iPhone OS 4_1 like Mac OS X; en-us) AppleWebKit/532.9 (KHTML, like Gecko) Version/4.0.5 Mobile/8B117 Safari/6531.22.7 (compatible; Googlebot-Mobile/2.1; +http://www.google.com/bot.html)"
157.55.33.88 - - [12/Aug/2013:09:35:18 -0400] "GET /robots.txt HTTP/1.1" 404 575 "-" "Mozilla/5.0 (compatible; bingbot/2.0; +http://www.bing.com/bingbot.htm)"
66.249.75.108 - - [12/Aug/2013:17:13:19 -0400] "GET /robots.txt HTTP/1.1" 404 575 "-" "Mozilla/5.0 (compatible; Googlebot/2.1; +http://www.google.com/bot.html)"
46.119.118.152 - - [12/Aug/2013:10:30:13 -0400] "GET / HTTP/1.1" 200 8953 "http://ilya-muromec.ru/" "Mozilla/4.0 (compatible; MSIE 6.0; Windows NT 5.2; SV1; .NET CLR 1.1.4322; .NET CLR 2.0.50727)"
173.199.115.147 - - [12/Aug/2013:02:30:46 -0400] "GET /emailsubs.php HTTP/1.1" 302 - "-" "Mozilla/5.0 (compatible; AhrefsBot/4.0; +http://ahrefs.com/robot/)"
66.87.108.0 - - [12/Aug/2013:12:26:45 -0400] "GET /favicon.ico HTTP/1.1" 404 575 "http://www.judgepenny.com/" "Mozilla/5.0 (Linux; U; Android 2.3.5; en-us; N860 Build/GINGERBREAD) AppleWebKit/533.1 (KHTML, like Gecko) Version/4.0 Mobile Safari/533.1"
218.30.103.39 - - [12/Aug/2013:04:10:24 -0400] "GET / HTTP/1.1" 200 8953 "-" "Sogou web spider/4.0(+http://www.sogou.com/docs/help/webmasters.htm#07)"
202.46.48.86 - - [12/Aug/2013:23:31:50 -0400] "GET /foundation.htm HTTP/1.1" 404 575 "-" "Mozilla/5.0 (Windows; U; Windows NT 5.1; zh-CN; rv:1.9.1.2) Firefox/3.5.2"
76.17.101.144 - - [12/Aug/2013:15:46:25 -0400] "GET /favicon.ico HTTP/1.1" 404 575 "-" "Mozilla/5.0 (compatible; MSIE 10.0; Windows NT 6.1; Win64; x64; Trident/6.0)"
66.87.108.0 - - [12/Aug/2013:12:26:22 -0400] "GET /slide-style.css HTTP/1.1" 404 575 "http://www.judgepenny.com/" "Mozilla/5.0 (Linux; U; Android 2.3.5; en-us; N860 Build/GINGERBREAD) AppleWebKit/533.1 (KHTML, like Gecko) Version/4.0 Mobile Safari/533.1"
157.55.33.125 - - [12/Aug/2013:14:09:05 -0400] "GET /robots.txt HTTP/1.1" 404 575 "-" "Mozilla/5.0 (compatible; bingbot/2.0; +http://www.bing.com/bingbot.htm)"
157.55.33.80 - - [12/Aug/2013:04:48:48 -0400] "GET /robots.txt HTTP/1.1" 404 575 "-" "Mozilla/5.0 (compatible; bingbot/2.0; +http://www.bing.com/bingbot.htm)"
178.137.128.238 - - [12/Aug/2013:19:42:41 -0400] "GET / HTTP/1.1" 200 8953 "http://fre4games.net/" "Mozilla/4.0 (compatible; MSIE 6.0; Windows NT 5.2; WOW64; SV1; .NET CLR 2.0.50727)"
199.30.20.41 - - [12/Aug/2013:07:00:34 -0400] "GET /images/judge-jenny.png HTTP/1.1" 200 28663 "-" "msnbot-media/1.1 (+http://search.msn.com/msnbot.htm)"
66.87.108.0 - - [12/Aug/2013:12:26:22 -0400] "GET /videos/jwplayer.js HTTP/1.1" 200 133009 "http://www.judgepenny.com/" "Mozilla/5.0 (Linux; U; Android 2.3.5; en-us; N860 Build/GINGERBREAD) AppleWebKit/533.1 (KHTML, like Gecko) Version/4.0 Mobile Safari/533.1"
213.110.133.221 - - [12/Aug/2013:06:47:15 -0400] "GET / HTTP/1.1" 200 8953 "http://sovetogorod.ru/ovosh_pomidor_virashivanie.html" "Mozilla/4.0 (compatible; Blog Search;)"
157.55.33.125 - - [12/Aug/2013:08:31:47 -0400] "GET / HTTP/1.1" 200 8953 "-" "Mozilla/5.0 (compatible; bingbot/2.0; +http://www.bing.com/bingbot.htm)"
66.249.75.108 - - [12/Aug/2013:12:01:04 -0400] "GET / HTTP/1.1" 200 8953 "-" "SAMSUNG-SGH-E250/1.0 Profile/MIDP-2.0 Configuration/CLDC-1.1 UP.Browser/6.2.3.3.c.1.101 (GUI) MMP/2.0 (compatible; Googlebot-Mobile/2.1; +http://www.google.com/bot.html)"
66.87.108.0 - - [12/Aug/2013:12:26:22 -0400] "GET /css/style.css HTTP/1.1" 200 9522 "http://www.judgepenny.com/" "Mozilla/5.0 (Linux; U; Android 2.3.5; en-us; N860 Build/GINGERBREAD) AppleWebKit/533.1 (KHTML, like Gecko) Version/4.0 Mobile Safari/533.1"
66.87.108.0 - - [12/Aug/2013:12:26:24 -0400] "GET /images/bg.jpg HTTP/1.1" 200 71900 "http://www.judgepenny.com/" "Mozilla/5.0 (Linux; U; Android 2.3.5; en-us; N860 Build/GINGERBREAD) AppleWebKit/533.1 (KHTML, like Gecko) Version/4.0 Mobile Safari/533.1"
198.228.200.171 - - [12/Aug/2013:18:09:44 -0400] "GET /images/advice.jpg HTTP/1.1" 200 51293 "https://www.google.com/" "Mozilla/5.0 (iPhone; CPU iPhone OS 6_1_4 like Mac OS X) AppleWebKit/536.26 (KHTML, like Gecko) Version/6.0 Mobile/10B350 Safari/8536.25"
180.76.6.225 - - [12/Aug/2013:09:55:25 -0400] "GET /judge-penny-story.php HTTP/1.1" 200 13963 "-" "Mozilla/5.0 (compatible; Baiduspider/2.0; +http://www.baidu.com/search/spider.html)"
157.55.33.125 - - [12/Aug/2013:21:25:44 -0400] "GET / HTTP/1.1" 200 8953 "-" "Mozilla/5.0 (compatible; bingbot/2.0; +http://www.bing.com/bingbot.htm)"
157.55.33.88 - - [12/Aug/2013:03:50:15 -0400] "GET /shopping.php HTTP/1.1" 200 8086 "-" "Mozilla/5.0 (compatible; bingbot/2.0; +http://www.bing.com/bingbot.htm)"
213.110.133.221 - - [12/Aug/2013:06:47:16 -0400] "GET / HTTP/1.1" 200 8953 "http://sovetogorod.ru/ovosh_pomidor_virashivanie.html" "Mozilla/4.0 (compatible; Blog Search;)"
66.87.108.0 - - [12/Aug/2013:12:01:36 -0400] "GET /images/judge.png HTTP/1.1" 200 164424 "http://www.google.com/search?q=judge+penny+brown+reynolds&client=ms-android-boost-us&hl=en&source=android-search-app&v=133247963&tbm=isch&tbo=u&source=univ&sa=X&ei=bAYJUt32Bqad2QW8joDgCw&ved=0CCgQsAQ&biw=320&bih=508" "Mozilla/5.0 (Linux; U; Android 2.3.5; en-us; N860 Build/GINGERBREAD) AppleWebKit/533.1 (KHTML, like Gecko) Version/4.0 Mobile Safari/533.1"
207.63.221.16 - - [12/Aug/2013:17:25:03 -0400] "GET / HTTP/1.1" 200 8953 "-" "Willow Internet Crawler by Twotrees V2.1"
76.17.101.144 - - [12/Aug/2013:15:45:03 -0400] "GET /favicon.ico HTTP/1.1" 404 575 "-" "Mozilla/5.0 (compatible; MSIE 10.0; Windows NT 6.1; Win64; x64; Trident/6.0)"
76.17.101.144 - - [12/Aug/2013:15:46:24 -0400] "GET /images/buy-now.png HTTP/1.1" 200 89906 "http://judgepenny.com/events.php" "Mozilla/5.0 (compatible; MSIE 10.0; Windows NT 6.1; WOW64; Trident/6.0)"
76.17.101.144 - - [12/Aug/2013:15:46:25 -0400] "GET /images/btn.png HTTP/1.1" 200 512 "http://judgepenny.com/events.php" "Mozilla/5.0 (compatible; MSIE 10.0; Windows NT 6.1; WOW64; Trident/6.0)"
76.17.101.144 - - [12/Aug/2013:15:46:25 -0400] "GET /images/h-div.png HTTP/1.1" 200 1503 "http://judgepenny.com/events.php" "Mozilla/5.0 (compatible; MSIE 10.0; Windows NT 6.1; WOW64; Trident/6.0)"
76.17.101.144 - - [12/Aug/2013:15:46:25 -0400] "GET /images/entry-bg3.png HTTP/1.1" 200 19110 "http://judgepenny.com/events.php" "Mozilla/5.0 (compatible; MSIE 10.0; Windows NT 6.1; WOW64; Trident/6.0)"
41.221.91.194 - - [12/Aug/2013:09:03:27 -0400] "GET /images/girls_with_pearls.png HTTP/1.1" 200 244372 "http://images.search.yahoo.com/images/view;_ylt=A0PDoKri3AhSSEcAt6SJzbkF;_ylu=X3oDMTFyZTJnOHFxBHNlYwNzcgRzbGsDaW1nBG9pZANiNjAzYTkyMDhjNWU3OGNlNmMzODE0ODNjMjkzMDhjMARncG9zAzU5?back=http%3A%2F%2Fimages.search.yahoo.com%2Fsearch%2Fimages%3Fp%3Djudge%2Bpenny%2Bbrown%2Breynolds%2Bchildren%26_adv_prop%3Dimage%26va%3Djudge%2Bpenny%2Bbrown%2Breynolds%2Bchildren%26fr%3Dyfp-t-302-s%26tab%3Dorganic%26ri%3D59&w=1200&h=1500&imgurl=share-expo.webs.com%2FFranklinphotocropped.jpg&rurl=http%3A%2F%2Fshare-expo.webs.com%2Fhostcommittee.htm&size=377KB&name=Host+Committee+-+APEX+SHARE-A-THON+2010&p=judge+penny+brown+reynolds+children&oid=b603a9208c5e78ce6c381483c29308c0&fr2=&fr=yfp-t-302-s&tt=Host+Committee+-+APEX+SHARE-A-THON+2010&b=31&ni=128&no=59&ts=&tab=organic&sigr=11cgak7o3&sigb=15ap0tar7&sigi=11cefjo8e&.crumb=aqUFNxFOUcZ&fr=yfp-t-302-s" "Mozilla/5.0 (Windows NT 6.1; rv:8.0) Gecko/20100101 Firefox/8.0"
5.10.83.65 - - [12/Aug/2013:09:06:03 -0400] "GET /robots.txt HTTP/1.1" 404 575 "-" "Mozilla/5.0 (compatible; AhrefsBot/5.0; +http://ahrefs.com/robot/)"
157.55.33.125 - - [12/Aug/2013:01:44:39 -0400] "GET /robots.txt HTTP/1.1" 404 575 "-" "Mozilla/5.0 (compatible; bingbot/2.0; +http://www.bing.com/bingbot.htm)"
199.30.24.36 - - [12/Aug/2013:18:48:00 -0400] "GET /css/style.css HTTP/1.1" 200 9522 "http://judgepenny.com/" "Mozilla/5.0 (Windows NT 6.1; WOW64) AppleWebKit/534+ (KHTML, like Gecko) BingPreview/1.0b"
199.30.24.36 - - [12/Aug/2013:18:48:01 -0400] "GET /images/jenny-header.png HTTP/1.1" 200 69160 "http://judgepenny.com/" "Mozilla/5.0 (Windows NT 6.1; WOW64) AppleWebKit/534+ (KHTML, like Gecko) BingPreview/1.0b"
199.30.24.36 - - [12/Aug/2013:18:48:03 -0400] "GET /images/seprator.png HTTP/1.1" 200 429 "http://judgepenny.com/" "Mozilla/5.0 (Windows NT 6.1; WOW64) AppleWebKit/534+ (KHTML, like Gecko) BingPreview/1.0b"
199.30.24.36 - - [12/Aug/2013:18:48:03 -0400] "GET /slideshow/images/book.jpg HTTP/1.1" 200 132593 "http://judgepenny.com/" "Mozilla/5.0 (Windows NT 6.1; WOW64) AppleWebKit/534+ (KHTML, like Gecko) BingPreview/1.0b"
199.30.24.36 - - [12/Aug/2013:18:48:07 -0400] "GET /slideshow/images/judge_penny_speaking_request.png HTTP/1.1" 200 291884 "http://judgepenny.com/" "Mozilla/5.0 (Windows NT 6.1; WOW64) AppleWebKit/534+ (KHTML, like Gecko) BingPreview/1.0b"
54.221.3.207 - - [12/Aug/2013:10:16:01 -0400] "HEAD / HTTP/1.1" 200 - "-" "python-requests/1.1.0 CPython/2.7.4 Linux/3.8.0-19-generic"
76.17.101.144 - - [12/Aug/2013:15:44:59 -0400] "GET / HTTP/1.1" 200 8953 "-" "Mozilla/5.0 (compatible; MSIE 10.0; Windows NT 6.1; WOW64; Trident/6.0; chromeframe/28.0.1500.95)"
