166.137.119.30 - - [18/Aug/2013:18:05:31 -0400] "GET /css/style.css HTTP/1.1" 200 9522 "http://www.judgepenny.com/" "Mozilla/5.0 (Linux; U; Android 4.0.4; en-us; SAMSUNG-SGH-I717 Build/IMM76D) AppleWebKit/534.30 (KHTML, like Gecko) Version/4.0 Mobile Safari/534.30"
166.137.119.30 - - [18/Aug/2013:18:05:33 -0400] "GET /images/judge-jenny.png HTTP/1.1" 200 28663 "http://www.judgepenny.com/" "Mozilla/5.0 (Linux; U; Android 4.0.4; en-us; SAMSUNG-SGH-I717 Build/IMM76D) AppleWebKit/534.30 (KHTML, like Gecko) Version/4.0 Mobile Safari/534.30"
166.137.119.30 - - [18/Aug/2013:18:05:33 -0400] "GET /images/twitter.png HTTP/1.1" 200 2703 "http://www.judgepenny.com/" "Mozilla/5.0 (Linux; U; Android 4.0.4; en-us; SAMSUNG-SGH-I717 Build/IMM76D) AppleWebKit/534.30 (KHTML, like Gecko) Version/4.0 Mobile Safari/534.30"
166.137.119.30 - - [18/Aug/2013:18:05:33 -0400] "GET /images/you-tube.png HTTP/1.1" 200 3090 "http://www.judgepenny.com/" "Mozilla/5.0 (Linux; U; Android 4.0.4; en-us; SAMSUNG-SGH-I717 Build/IMM76D) AppleWebKit/534.30 (KHTML, like Gecko) Version/4.0 Mobile Safari/534.30"
166.137.119.30 - - [18/Aug/2013:18:05:33 -0400] "GET /slideshow/images/judge_penny_foundation.jpg HTTP/1.1" 200 175194 "http://www.judgepenny.com/" "Mozilla/5.0 (Linux; U; Android 4.0.4; en-us; SAMSUNG-SGH-I717 Build/IMM76D) AppleWebKit/534.30 (KHTML, like Gecko) Version/4.0 Mobile Safari/534.30"
66.249.82.108 - - [18/Aug/2013:18:47:36 -0400] "GET /images/facebook.png HTTP/1.1" 200 2371 "http://www.judgepenny.com/shopping.php" "Mozilla/5.0 (X11; Linux x86_64) AppleWebKit/537.4 (KHTML, like Gecko; Google Web Preview) Chrome/22.0.1229 Safari/537.4"
66.249.82.108 - - [18/Aug/2013:18:47:36 -0400] "GET /images/entry-bg3.png HTTP/1.1" 200 19110 "http://www.judgepenny.com/shopping.php" "Mozilla/5.0 (X11; Linux x86_64) AppleWebKit/537.4 (KHTML, like Gecko; Google Web Preview) Chrome/22.0.1229 Safari/537.4"
166.137.119.30 - - [18/Aug/2013:18:06:01 -0400] "GET /slide-style.css HTTP/1.1" 404 575 "http://www.judgepenny.com/index.php" "Mozilla/5.0 (Linux; U; Android 4.0.4; en-us; SAMSUNG-SGH-I717 Build/IMM76D) AppleWebKit/534.30 (KHTML, like Gecko) Version/4.0 Mobile Safari/534.30"
74.190.164.243 - - [18/Aug/2013:18:47:18 -0400] "GET /images/judge.png HTTP/1.1" 200 164424 "-" "Mozilla/5.0 (iPad; CPU OS 6_1_3 like Mac OS X) AppleWebKit/536.26 (KHTML, like Gecko) Version/6.0 Mobile/10B329 Safari/8536.25"
46.119.118.152 - - [18/Aug/2013:13:35:54 -0400] "GET / HTTP/1.1" 503 323 "http://remont-fridge-tv.ru/" "Mozilla/4.0 (compatible; MSIE 6.0; Windows NT 5.2; SV1; .NET CLR 1.1.4322; .NET CLR 2.0.50727)"
46.119.118.152 - - [18/Aug/2013:13:35:55 -0400] "GET / HTTP/1.1" 503 323 "http://www.bravica.su/" "Mozilla/4.0 (compatible; MSIE 6.0; Windows NT 5.2; SV1; .NET CLR 1.1.4322; .NET CLR 2.0.50727)"
92.249.127.111 - - [18/Aug/2013:14:21:21 -0400] "GET / HTTP/1.1" 503 323 "http://newworld.9bb.ru/" "Mozilla/5.0 (compatible; news bot /2.1)"
174.109.55.9 - - [18/Aug/2013:14:23:45 -0400] "GET /judge-penny-story.php HTTP/1.1" 302 405 "http://www.google.com/url?sa=t&rct=j&q=&esrc=s&source=web&cd=1&ved=0CC8QFjAA&url=http%3A%2F%2Fwww.judgepenny.com%2Fjudge-penny-story.php&ei=GhERUqy2GuOYyAHyiYA4&usg=AFQjCNGr8rlAPosSmDvUyWUTSoXtPBAwmA&sig2=u83wVKQyD1Sm0CwT8-u64g&bvm=bv.50768961,d.aWc" "Mozilla/5.0 (Windows NT 5.1; rv:23.0) Gecko/20100101 Firefox/23.0"
208.115.113.86 - - [18/Aug/2013:17:57:45 -0400] "GET /robots.txt HTTP/1.1" 404 575 "-" "Mozilla/5.0 (compatible; Ezooms/1.0; ezooms.bot@gmail.com)"
67.84.196.90 - - [18/Aug/2013:13:08:02 -0400] "GET /css/default.css HTTP/1.1" 200 1295 "http://www.judgepenny.com/" "Mozilla/5.0 (Windows NT 6.1; rv:23.0) Gecko/20100101 Firefox/23.0"
67.84.196.90 - - [18/Aug/2013:13:08:02 -0400] "GET /images/facebook.png HTTP/1.1" 200 2371 "http://www.judgepenny.com/" "Mozilla/5.0 (Windows NT 6.1; rv:23.0) Gecko/20100101 Firefox/23.0"
67.84.196.90 - - [18/Aug/2013:13:08:02 -0400] "GET /slide-style.css HTTP/1.1" 404 575 "http://www.judgepenny.com/" "Mozilla/5.0 (Windows NT 6.1; rv:23.0) Gecko/20100101 Firefox/23.0"
67.84.196.90 - - [18/Aug/2013:13:08:02 -0400] "GET /slideshow/images/judge_penny_speaking_request.png HTTP/1.1" 200 291884 "http://www.judgepenny.com/" "Mozilla/5.0 (Windows NT 6.1; rv:23.0) Gecko/20100101 Firefox/23.0"
67.84.196.90 - - [18/Aug/2013:13:08:04 -0400] "GET /favicon.ico HTTP/1.1" 404 575 "-" "Mozilla/5.0 (Windows NT 6.1; rv:23.0) Gecko/20100101 Firefox/23.0"
66.249.83.108 - - [18/Aug/2013:14:17:42 -0400] "GET /favicon.ico HTTP/1.1" 404 575 "-" "Mozilla/5.0 (Windows NT 6.1; rv:6.0) Gecko/20110814 Firefox/6.0 Google (+https://developers.google.com/+/web/snippet/)"
78.158.11.226 - - [18/Aug/2013:14:29:38 -0400] "GET /contact.php HTTP/1.1" 200 6149 "http://www.judgepenny.com/" "Lynx/2.8.5rel.1 libwww-FM/2.15FC SSL-MM/1.4.1c OpenSSL/0.9.7e-dev"
46.235.12.154 - - [18/Aug/2013:10:29:30 -0400] "GET /shopping.php HTTP/1.1" 200 8086 "http://judgepenny.com/" "Mozilla/5.0 (Windows; U; Windows NT 5.1; en-US; rv:1.8.1.6) Gecko/20070725 Firefox/2.0.0.6 Ara.com.tr AraBot 1.0"
65.55.24.245 - - [18/Aug/2013:17:43:32 -0400] "GET /css/style.css HTTP/1.1" 200 9522 "-" "Mozilla/5.0 (compatible; bingbot/2.0; +http://www.bing.com/bingbot.htm)"
66.249.82.108 - - [18/Aug/2013:18:48:26 -0400] "GET /slideshow/images/book.jpg HTTP/1.1" 200 132593 "http://www.judgepenny.com/" "Mozilla/5.0 (X11; Linux x86_64) AppleWebKit/537.4 (KHTML, like Gecko; Google Web Preview) Chrome/22.0.1229 Safari/537.4"
66.249.82.108 - - [18/Aug/2013:18:48:26 -0400] "GET /images/h-right.png HTTP/1.1" 200 279 "http://www.judgepenny.com/" "Mozilla/5.0 (X11; Linux x86_64) AppleWebKit/537.4 (KHTML, like Gecko; Google Web Preview) Chrome/22.0.1229 Safari/537.4"
72.15.116.239 - - [18/Aug/2013:06:13:15 -0400] "GET /css/style.css HTTP/1.1" 200 9522 "http://www.judgepenny.com/" "Mozilla/5.0 (iPhone; CPU iPhone OS 6_1_2 like Mac OS X) AppleWebKit/536.26 (KHTML, like Gecko) Mobile/10B146 [FBAN/FBIOS;FBAV/6.4;FBBV/290891;FBDV/iPhone3,3;FBMD/iPhone;FBSN/iPhone OS;FBSV/6.1.2;FBSS/2; FBCR/Verizon;FBID/phone;FBLC/en_US;FBOP/1]"
72.15.116.239 - - [18/Aug/2013:06:13:17 -0400] "GET /images/facebook.png HTTP/1.1" 200 2371 "http://www.judgepenny.com/" "Mozilla/5.0 (iPhone; CPU iPhone OS 6_1_2 like Mac OS X) AppleWebKit/536.26 (KHTML, like Gecko) Mobile/10B146 [FBAN/FBIOS;FBAV/6.4;FBBV/290891;FBDV/iPhone3,3;FBMD/iPhone;FBSN/iPhone OS;FBSV/6.1.2;FBSS/2; FBCR/Verizon;FBID/phone;FBLC/en_US;FBOP/1]"
72.15.116.239 - - [18/Aug/2013:06:13:17 -0400] "GET /slideshow/images/book.jpg HTTP/1.1" 200 132593 "http://www.judgepenny.com/" "Mozilla/5.0 (iPhone; CPU iPhone OS 6_1_2 like Mac OS X) AppleWebKit/536.26 (KHTML, like Gecko) Mobile/10B146 [FBAN/FBIOS;FBAV/6.4;FBBV/290891;FBDV/iPhone3,3;FBMD/iPhone;FBSN/iPhone OS;FBSV/6.1.2;FBSS/2; FBCR/Verizon;FBID/phone;FBLC/en_US;FBOP/1]"
72.15.116.239 - - [18/Aug/2013:06:13:18 -0400] "GET /slideshow/images/judge_penny_the_judge.jpg HTTP/1.1" 200 151096 "http://www.judgepenny.com/" "Mozilla/5.0 (iPhone; CPU iPhone OS 6_1_2 like Mac OS X) AppleWebKit/536.26 (KHTML, like Gecko) Mobile/10B146 [FBAN/FBIOS;FBAV/6.4;FBBV/290891;FBDV/iPhone3,3;FBMD/iPhone;FBSN/iPhone OS;FBSV/6.1.2;FBSS/2; FBCR/Verizon;FBID/phone;FBLC/en_US;FBOP/1]"
72.15.116.239 - - [18/Aug/2013:06:13:18 -0400] "GET /css/loading.gif HTTP/1.1" 200 1737 "http://www.judgepenny.com/" "Mozilla/5.0 (iPhone; CPU iPhone OS 6_1_2 like Mac OS X) AppleWebKit/536.26 (KHTML, like Gecko) Mobile/10B146 [FBAN/FBIOS;FBAV/6.4;FBBV/290891;FBDV/iPhone3,3;FBMD/iPhone;FBSN/iPhone OS;FBSV/6.1.2;FBSS/2; FBCR/Verizon;FBID/phone;FBLC/en_US;FBOP/1]"
72.15.116.239 - - [18/Aug/2013:06:13:19 -0400] "GET /images/h-left.png HTTP/1.1" 200 137 "http://www.judgepenny.com/" "Mozilla/5.0 (iPhone; CPU iPhone OS 6_1_2 like Mac OS X) AppleWebKit/536.26 (KHTML, like Gecko) Mobile/10B146 [FBAN/FBIOS;FBAV/6.4;FBBV/290891;FBDV/iPhone3,3;FBMD/iPhone;FBSN/iPhone OS;FBSV/6.1.2;FBSS/2; FBCR/Verizon;FBID/phone;FBLC/en_US;FBOP/1]"
72.15.116.239 - - [18/Aug/2013:06:13:19 -0400] "GET /images/side-bg.png HTTP/1.1" 200 168 "http://www.judgepenny.com/" "Mozilla/5.0 (iPhone; CPU iPhone OS 6_1_2 like Mac OS X) AppleWebKit/536.26 (KHTML, like Gecko) Mobile/10B146 [FBAN/FBIOS;FBAV/6.4;FBBV/290891;FBDV/iPhone3,3;FBMD/iPhone;FBSN/iPhone OS;FBSV/6.1.2;FBSS/2; FBCR/Verizon;FBID/phone;FBLC/en_US;FBOP/1]"
72.15.116.239 - - [18/Aug/2013:06:13:19 -0400] "GET /images/ftr-bg.png HTTP/1.1" 200 198 "http://www.judgepenny.com/" "Mozilla/5.0 (iPhone; CPU iPhone OS 6_1_2 like Mac OS X) AppleWebKit/536.26 (KHTML, like Gecko) Mobile/10B146 [FBAN/FBIOS;FBAV/6.4;FBBV/290891;FBDV/iPhone3,3;FBMD/iPhone;FBSN/iPhone OS;FBSV/6.1.2;FBSS/2; FBCR/Verizon;FBID/phone;FBLC/en_US;FBOP/1]"
66.249.75.108 - - [18/Aug/2013:04:50:09 -0400] "GET /press-room.php HTTP/1.1" 200 6775 "-" "SAMSUNG-SGH-E250/1.0 Profile/MIDP-2.0 Configuration/CLDC-1.1 UP.Browser/6.2.3.3.c.1.101 (GUI) MMP/2.0 (compatible; Googlebot-Mobile/2.1; +http://www.google.com/bot.html)"
66.249.82.108 - - [18/Aug/2013:18:47:55 -0400] "GET /css/default.css HTTP/1.1" 200 1295 "http://www.judgepenny.com/contact.php" "Mozilla/5.0 (X11; Linux x86_64) AppleWebKit/537.4 (KHTML, like Gecko; Google Web Preview) Chrome/22.0.1229 Safari/537.4"
66.249.82.108 - - [18/Aug/2013:18:47:55 -0400] "GET /images/sub-menu.png HTTP/1.1" 200 6956 "http://www.judgepenny.com/contact.php" "Mozilla/5.0 (X11; Linux x86_64) AppleWebKit/537.4 (KHTML, like Gecko; Google Web Preview) Chrome/22.0.1229 Safari/537.4"
66.249.82.108 - - [18/Aug/2013:18:48:32 -0400] "GET /images/girls_with_pearls.png HTTP/1.1" 200 244372 "http://www.judgepenny.com/judge-penny-foundation.php" "Mozilla/5.0 (X11; Linux x86_64) AppleWebKit/537.4 (KHTML, like Gecko; Google Web Preview) Chrome/22.0.1229 Safari/537.4"
66.249.82.108 - - [18/Aug/2013:18:48:51 -0400] "GET /css/default.css HTTP/1.1" 200 1295 "http://www.judgepenny.com/photos.php" "Mozilla/5.0 (X11; Linux x86_64) AppleWebKit/537.4 (KHTML, like Gecko; Google Web Preview) Chrome/22.0.1229 Safari/537.4"
66.249.82.108 - - [18/Aug/2013:18:48:51 -0400] "GET /images/twitter.png HTTP/1.1" 200 2703 "http://www.judgepenny.com/photos.php" "Mozilla/5.0 (X11; Linux x86_64) AppleWebKit/537.4 (KHTML, like Gecko; Google Web Preview) Chrome/22.0.1229 Safari/537.4"
66.249.82.108 - - [18/Aug/2013:18:48:51 -0400] "GET /images/events.png HTTP/1.1" 200 3829 "http://www.judgepenny.com/photos.php" "Mozilla/5.0 (X11; Linux x86_64) AppleWebKit/537.4 (KHTML, like Gecko; Google Web Preview) Chrome/22.0.1229 Safari/537.4"
65.55.24.245 - - [18/Aug/2013:21:21:26 -0400] "GET /beyond-the-robe.php HTTP/1.1" 200 8574 "-" "Mozilla/5.0 (compatible; bingbot/2.0; +http://www.bing.com/bingbot.htm)"
66.249.75.130 - - [18/Aug/2013:22:56:26 -0400] "GET /index.php HTTP/1.1" 200 8953 "-" "Mozilla/5.0 (compatible; Googlebot/2.1; +http://www.google.com/bot.html)"
46.235.12.154 - - [18/Aug/2013:10:30:11 -0400] "GET /slideshow/images/judge_penny_the_judge.jpg HTTP/1.1" 200 151096 "http://judgepenny.com/" "Mozilla/5.0 (Windows; U; Windows NT 5.1; en-US; rv:1.8.1.6) Gecko/20070725 Firefox/2.0.0.6 Ara.com.tr AraBot 1.0"
157.55.36.45 - - [18/Aug/2013:02:55:23 -0400] "GET /judge-penny-foundation.html HTTP/1.1" 404 575 "-" "Mozilla/5.0 (compatible; bingbot/2.0; +http://www.bing.com/bingbot.htm)"
68.202.50.3 - - [18/Aug/2013:16:00:14 -0400] "GET /images/judge.png HTTP/1.1" 200 164424 "-" "Mozilla/5.0 (compatible; MSIE 10.0; Windows NT 6.2; Trident/6.0; MSAppHost/1.0)"
91.207.9.226 - - [18/Aug/2013:07:42:18 -0400] "GET / HTTP/1.1" 200 8953 "http://zemlanin.info/" "Mozilla/4.0 (compatible; MSIE 6.0; Windows NT 5.1; .NET CLR 1.0.3705)"
91.207.9.226 - - [18/Aug/2013:07:42:20 -0400] "GET / HTTP/1.1" 200 8953 "http://zemlanin.info/" "Mozilla/4.0 (compatible; MSIE 6.0; Windows NT 5.1; .NET CLR 1.0.3705)"
166.137.119.30 - - [18/Aug/2013:18:05:57 -0400] "GET /index.php HTTP/1.1" 200 8953 "http://www.judgepenny.com/" "Mozilla/5.0 (Linux; U; Android 4.0.4; en-us; SAMSUNG-SGH-I717 Build/IMM76D) AppleWebKit/534.30 (KHTML, like Gecko) Version/4.0 Mobile Safari/534.30"
66.249.82.108 - - [18/Aug/2013:18:48:26 -0400] "GET /images/side-bg.png HTTP/1.1" 200 168 "http://www.judgepenny.com/" "Mozilla/5.0 (X11; Linux x86_64) AppleWebKit/537.4 (KHTML, like Gecko; Google Web Preview) Chrome/22.0.1229 Safari/537.4"
66.249.82.108 - - [18/Aug/2013:18:48:51 -0400] "GET /images/linked-in.png HTTP/1.1" 200 2575 "http://www.judgepenny.com/photos.php" "Mozilla/5.0 (X11; Linux x86_64) AppleWebKit/537.4 (KHTML, like Gecko; Google Web Preview) Chrome/22.0.1229 Safari/537.4"
66.249.82.108 - - [18/Aug/2013:18:48:51 -0400] "GET /images/pic1.jpg HTTP/1.1" 200 91045 "http://www.judgepenny.com/photos.php" "Mozilla/5.0 (X11; Linux x86_64) AppleWebKit/537.4 (KHTML, like Gecko; Google Web Preview) Chrome/22.0.1229 Safari/537.4"
208.115.113.86 - - [18/Aug/2013:19:13:50 -0400] "GET /press-room.php HTTP/1.1" 200 6775 "-" "Mozilla/5.0 (compatible; Ezooms/1.0; ezooms.bot@gmail.com)"
69.84.207.246 - - [18/Aug/2013:09:24:57 -0400] "GET / HTTP/1.1" 200 8953 "-" "Mozilla/4.0 (compatible; MSIE 7.0;Windows NT 5.1;.NET CLR 1.1.4322;.NET CLR 2.0.50727;.NET CLR 3.0.04506.30) Lightspeedsystems"
157.55.34.178 - - [18/Aug/2013:22:02:16 -0400] "GET /biography.php HTTP/1.1" 200 9590 "-" "Mozilla/5.0 (compatible; bingbot/2.0; +http://www.bing.com/bingbot.htm)"
157.55.32.186 - - [18/Aug/2013:22:03:57 -0400] "GET /press-room.php HTTP/1.1" 200 6775 "-" "Mozilla/5.0 (compatible; bingbot/2.0; +http://www.bing.com/bingbot.htm)"
38.100.21.62 - - [18/Aug/2013:05:45:29 -0400] "GET /shopping.php HTTP/1.1" 200 8086 "-" "Mozilla/4.0 (compatible; MSIE 7.0; Windows NT 5.2)"
38.100.21.62 - - [18/Aug/2013:05:45:30 -0400] "GET /penny-for-your-thoughts_itsnotwhatyousaybuthowyousayitl.php HTTP/1.1" 200 8648 "-" "Mozilla/4.0 (compatible; MSIE 7.0; Windows NT 5.2)"
38.100.21.62 - - [18/Aug/2013:05:45:30 -0400] "GET /video-clips.php HTTP/1.1" 200 7451 "-" "Mozilla/4.0 (compatible; MSIE 7.0; Windows NT 5.2)"
38.100.21.62 - - [18/Aug/2013:05:45:30 -0400] "GET /judge-penny-foundation.php HTTP/1.1" 200 7746 "-" "Mozilla/4.0 (compatible; MSIE 7.0; Windows NT 5.2)"
38.100.21.62 - - [18/Aug/2013:05:45:30 -0400] "GET /events.php HTTP/1.1" 200 8644 "-" "Mozilla/4.0 (compatible; MSIE 7.0; Windows NT 5.2)"
38.100.21.62 - - [18/Aug/2013:05:45:30 -0400] "GET /slide-style.css HTTP/1.1" 404 575 "-" "Mozilla/4.0 (compatible; MSIE 7.0; Windows NT 5.2)"
38.100.21.62 - - [18/Aug/2013:05:45:30 -0400] "GET /css/style.css HTTP/1.1" 200 9522 "-" "Mozilla/4.0 (compatible; MSIE 7.0; Windows NT 5.2)"
38.100.21.62 - - [18/Aug/2013:05:45:30 -0400] "GET /press-room.php HTTP/1.1" 200 6775 "-" "Mozilla/4.0 (compatible; MSIE 7.0; Windows NT 5.2)"
38.100.21.62 - - [18/Aug/2013:05:45:30 -0400] "GET /biography.php HTTP/1.1" 200 9590 "-" "Mozilla/4.0 (compatible; MSIE 7.0; Windows NT 5.2)"
166.137.119.30 - - [18/Aug/2013:18:05:30 -0400] "GET / HTTP/1.1" 200 8953 "http://www.google.com/search?rlz=1Y1FWFH_enUS526US526&ei=yEQRUonKOYaw2QXSxoD4Bw&q=judge+penny+brown&oq=judge+penny+brown&gs_l=mobile-gws-serp.3..0l5.26388.39307.0.40499.57.31.1.3.3.3.910.4906.0j1j5j3j1j2j1.13.0....0...1c.1.25.mobile-gws-serp..45.12.3820.72-TFXmQfhc" "Mozilla/5.0 (Linux; U; Android 4.0.4; en-us; SAMSUNG-SGH-I717 Build/IMM76D) AppleWebKit/534.30 (KHTML, like Gecko) Version/4.0 Mobile Safari/534.30"
166.137.119.30 - - [18/Aug/2013:18:05:31 -0400] "GET /videos/jwplayer.js HTTP/1.1" 200 133009 "http://www.judgepenny.com/" "Mozilla/5.0 (Linux; U; Android 4.0.4; en-us; SAMSUNG-SGH-I717 Build/IMM76D) AppleWebKit/534.30 (KHTML, like Gecko) Version/4.0 Mobile Safari/534.30"
166.137.119.30 - - [18/Aug/2013:18:05:33 -0400] "GET /images/bg.jpg HTTP/1.1" 200 71900 "http://www.judgepenny.com/" "Mozilla/5.0 (Linux; U; Android 4.0.4; en-us; SAMSUNG-SGH-I717 Build/IMM76D) AppleWebKit/534.30 (KHTML, like Gecko) Version/4.0 Mobile Safari/534.30"
166.137.119.30 - - [18/Aug/2013:18:05:33 -0400] "GET /images/jenny-header.png HTTP/1.1" 200 69160 "http://www.judgepenny.com/" "Mozilla/5.0 (Linux; U; Android 4.0.4; en-us; SAMSUNG-SGH-I717 Build/IMM76D) AppleWebKit/534.30 (KHTML, like Gecko) Version/4.0 Mobile Safari/534.30"
166.137.119.30 - - [18/Aug/2013:18:05:33 -0400] "GET /images/h-left.png HTTP/1.1" 200 137 "http://www.judgepenny.com/" "Mozilla/5.0 (Linux; U; Android 4.0.4; en-us; SAMSUNG-SGH-I717 Build/IMM76D) AppleWebKit/534.30 (KHTML, like Gecko) Version/4.0 Mobile Safari/534.30"
166.137.119.30 - - [18/Aug/2013:18:05:34 -0400] "GET /images/mail-div.png HTTP/1.1" 200 1078 "http://www.judgepenny.com/" "Mozilla/5.0 (Linux; U; Android 4.0.4; en-us; SAMSUNG-SGH-I717 Build/IMM76D) AppleWebKit/534.30 (KHTML, like Gecko) Version/4.0 Mobile Safari/534.30"
166.137.119.30 - - [18/Aug/2013:18:05:34 -0400] "GET /images/s-btm.png HTTP/1.1" 200 605 "http://www.judgepenny.com/" "Mozilla/5.0 (Linux; U; Android 4.0.4; en-us; SAMSUNG-SGH-I717 Build/IMM76D) AppleWebKit/534.30 (KHTML, like Gecko) Version/4.0 Mobile Safari/534.30"
166.137.119.30 - - [18/Aug/2013:18:05:34 -0400] "GET /css/arrows.png HTTP/1.1" 200 824 "http://www.judgepenny.com/" "Mozilla/5.0 (Linux; U; Android 4.0.4; en-us; SAMSUNG-SGH-I717 Build/IMM76D) AppleWebKit/534.30 (KHTML, like Gecko) Version/4.0 Mobile Safari/534.30"
166.137.119.30 - - [18/Aug/2013:18:05:34 -0400] "GET /css/bullets.png HTTP/1.1" 200 1281 "http://www.judgepenny.com/" "Mozilla/5.0 (Linux; U; Android 4.0.4; en-us; SAMSUNG-SGH-I717 Build/IMM76D) AppleWebKit/534.30 (KHTML, like Gecko) Version/4.0 Mobile Safari/534.30"
74.190.164.243 - - [18/Aug/2013:18:47:53 -0400] "GET /images/contact.png HTTP/1.1" 200 137804 "-" "Mozilla/5.0 (iPad; CPU OS 6_1_3 like Mac OS X) AppleWebKit/536.26 (KHTML, like Gecko) Version/6.0 Mobile/10B329 Safari/8536.25"
66.249.82.108 - - [18/Aug/2013:18:48:10 -0400] "GET /images/right-div.png HTTP/1.1" 200 5479 "http://www.judgepenny.com/beyond-the-robe.php" "Mozilla/5.0 (X11; Linux x86_64) AppleWebKit/537.4 (KHTML, like Gecko; Google Web Preview) Chrome/22.0.1229 Safari/537.4"
71.91.137.227 - - [18/Aug/2013:21:52:53 -0400] "GET /images/judge-jenny.png HTTP/1.1" 200 28663 "http://www.judgepenny.com/" "Mozilla/5.0 (Windows NT 6.0) AppleWebKit/537.36 (KHTML, like Gecko) Chrome/28.0.1500.95 Safari/537.36"
71.91.137.227 - - [18/Aug/2013:21:52:53 -0400] "GET /slideshow/images/judge_penny_the_judge.jpg HTTP/1.1" 200 151096 "http://www.judgepenny.com/" "Mozilla/5.0 (Windows NT 6.0) AppleWebKit/537.36 (KHTML, like Gecko) Chrome/28.0.1500.95 Safari/537.36"
71.91.137.227 - - [18/Aug/2013:21:52:54 -0400] "GET /images/side-bg.png HTTP/1.1" 200 168 "http://www.judgepenny.com/" "Mozilla/5.0 (Windows NT 6.0) AppleWebKit/537.36 (KHTML, like Gecko) Chrome/28.0.1500.95 Safari/537.36"
71.91.137.227 - - [18/Aug/2013:21:52:54 -0400] "GET /css/bullets.png HTTP/1.1" 200 1281 "http://www.judgepenny.com/" "Mozilla/5.0 (Windows NT 6.0) AppleWebKit/537.36 (KHTML, like Gecko) Chrome/28.0.1500.95 Safari/537.36"
71.33.183.76 - - [18/Aug/2013:14:36:58 -0400] "GET /images/contact.png HTTP/1.1" 200 137804 "http://www.google.com/search?q=judge+penny+brown+reynolds&client=ms-android-verizon&hl=en&source=android-browser-suggest&v=200400000&source=lnms&tbm=isch&sa=X&ei=nhMRUuoSiYDaBdmTgEA&ved=0CAgQ_AUoAA&biw=640&bih=287&sei=ohMRUun0OsnOyQG8mYGICg" "Mozilla/5.0 (Linux; U; Android 4.1.2; en-us; SCH-I535 Build/JZO54K) AppleWebKit/534.30 (KHTML, like Gecko) Version/4.0 Mobile Safari/534.30"
208.115.111.70 - - [18/Aug/2013:15:56:42 -0400] "GET /robots.txt HTTP/1.1" 404 575 "-" "Mozilla/5.0 (compatible; Ezooms/1.0; ezooms.bot@gmail.com)"
69.84.207.246 - - [18/Aug/2013:09:24:56 -0400] "GET / HTTP/1.1" 200 8953 "-" "Mozilla/4.0 (compatible; MSIE 7.0;Windows NT 5.1;.NET CLR 1.1.4322;.NET CLR 2.0.50727;.NET CLR 3.0.04506.30) Lightspeedsystems"
46.235.12.154 - - [18/Aug/2013:10:29:36 -0400] "GET /penny-for-your-thoughts.php HTTP/1.1" 200 11765 "http://judgepenny.com/" "Mozilla/5.0 (Windows; U; Windows NT 5.1; en-US; rv:1.8.1.6) Gecko/20070725 Firefox/2.0.0.6 Ara.com.tr AraBot 1.0"
46.235.12.154 - - [18/Aug/2013:10:29:39 -0400] "GET /judge-penny-foundation.php HTTP/1.1" 200 7746 "http://judgepenny.com/" "Mozilla/5.0 (Windows; U; Windows NT 5.1; en-US; rv:1.8.1.6) Gecko/20070725 Firefox/2.0.0.6 Ara.com.tr AraBot 1.0"
46.235.12.154 - - [18/Aug/2013:10:29:41 -0400] "GET /media.php HTTP/1.1" 200 6682 "http://judgepenny.com/" "Mozilla/5.0 (Windows; U; Windows NT 5.1; en-US; rv:1.8.1.6) Gecko/20070725 Firefox/2.0.0.6 Ara.com.tr AraBot 1.0"
46.235.12.154 - - [18/Aug/2013:10:29:43 -0400] "GET /video-clips.php HTTP/1.1" 200 7451 "http://judgepenny.com/" "Mozilla/5.0 (Windows; U; Windows NT 5.1; en-US; rv:1.8.1.6) Gecko/20070725 Firefox/2.0.0.6 Ara.com.tr AraBot 1.0"
46.235.12.154 - - [18/Aug/2013:10:29:46 -0400] "GET /photos.php HTTP/1.1" 200 6337 "http://judgepenny.com/" "Mozilla/5.0 (Windows; U; Windows NT 5.1; en-US; rv:1.8.1.6) Gecko/20070725 Firefox/2.0.0.6 Ara.com.tr AraBot 1.0"
46.235.12.154 - - [18/Aug/2013:10:29:48 -0400] "GET /press-room.php HTTP/1.1" 200 6775 "http://judgepenny.com/" "Mozilla/5.0 (Windows; U; Windows NT 5.1; en-US; rv:1.8.1.6) Gecko/20070725 Firefox/2.0.0.6 Ara.com.tr AraBot 1.0"
46.235.12.154 - - [18/Aug/2013:10:29:50 -0400] "GET /contact.php HTTP/1.1" 200 6149 "http://judgepenny.com/" "Mozilla/5.0 (Windows; U; Windows NT 5.1; en-US; rv:1.8.1.6) Gecko/20070725 Firefox/2.0.0.6 Ara.com.tr AraBot 1.0"
46.235.12.154 - - [18/Aug/2013:10:29:53 -0400] "GET /slideshow/images/book.jpg HTTP/1.1" 200 132593 "http://judgepenny.com/" "Mozilla/5.0 (Windows; U; Windows NT 5.1; en-US; rv:1.8.1.6) Gecko/20070725 Firefox/2.0.0.6 Ara.com.tr AraBot 1.0"
46.235.12.154 - - [18/Aug/2013:10:29:55 -0400] "GET /slideshow/images/judge_penny_foundation.jpg HTTP/1.1" 200 175194 "http://judgepenny.com/" "Mozilla/5.0 (Windows; U; Windows NT 5.1; en-US; rv:1.8.1.6) Gecko/20070725 Firefox/2.0.0.6 Ara.com.tr AraBot 1.0"
46.235.12.154 - - [18/Aug/2013:10:29:57 -0400] "GET /slideshow/images/judge_penny_opportunity.jpg HTTP/1.1" 200 99540 "http://judgepenny.com/" "Mozilla/5.0 (Windows; U; Windows NT 5.1; en-US; rv:1.8.1.6) Gecko/20070725 Firefox/2.0.0.6 Ara.com.tr AraBot 1.0"
66.249.82.108 - - [18/Aug/2013:18:48:26 -0400] "GET /css/arrows.png HTTP/1.1" 200 824 "http://www.judgepenny.com/" "Mozilla/5.0 (X11; Linux x86_64) AppleWebKit/537.4 (KHTML, like Gecko; Google Web Preview) Chrome/22.0.1229 Safari/537.4"
66.249.82.108 - - [18/Aug/2013:18:48:27 -0400] "GET /images/you-tube.png HTTP/1.1" 200 3090 "http://www.judgepenny.com/" "Mozilla/5.0 (X11; Linux x86_64) AppleWebKit/537.4 (KHTML, like Gecko; Google Web Preview) Chrome/22.0.1229 Safari/537.4"
66.249.82.108 - - [18/Aug/2013:18:48:51 -0400] "GET /images/pic8.jpg HTTP/1.1" 200 115644 "http://www.judgepenny.com/photos.php" "Mozilla/5.0 (X11; Linux x86_64) AppleWebKit/537.4 (KHTML, like Gecko; Google Web Preview) Chrome/22.0.1229 Safari/537.4"
65.55.24.245 - - [18/Aug/2013:08:32:52 -0400] "GET /robots.txt HTTP/1.1" 404 575 "-" "Mozilla/5.0 (compatible; bingbot/2.0; +http://www.bing.com/bingbot.htm)"
157.55.34.178 - - [18/Aug/2013:21:19:42 -0400] "GET /biography.php HTTP/1.1" 200 9590 "-" "Mozilla/5.0 (compatible; bingbot/2.0; +http://www.bing.com/bingbot.htm)"
66.249.82.108 - - [18/Aug/2013:18:47:55 -0400] "GET /slide-style.css HTTP/1.1" 404 575 "http://www.judgepenny.com/contact.php" "Mozilla/5.0 (X11; Linux x86_64) AppleWebKit/537.4 (KHTML, like Gecko; Google Web Preview) Chrome/22.0.1229 Safari/537.4"
66.249.82.108 - - [18/Aug/2013:18:47:55 -0400] "GET /images/contact.png HTTP/1.1" 200 137804 "http://www.judgepenny.com/contact.php" "Mozilla/5.0 (X11; Linux x86_64) AppleWebKit/537.4 (KHTML, like Gecko; Google Web Preview) Chrome/22.0.1229 Safari/537.4"
66.249.82.108 - - [18/Aug/2013:18:48:26 -0400] "GET /images/m-btm.png HTTP/1.1" 200 741 "http://www.judgepenny.com/" "Mozilla/5.0 (X11; Linux x86_64) AppleWebKit/537.4 (KHTML, like Gecko; Google Web Preview) Chrome/22.0.1229 Safari/537.4"
92.249.127.111 - - [18/Aug/2013:14:21:19 -0400] "GET / HTTP/1.1" 200 8953 "http://newworld.9bb.ru/" "Mozilla/5.0 (compatible; news bot /2.1)"
71.91.137.227 - - [18/Aug/2013:21:52:49 -0400] "GET /css/nivo-slider.css HTTP/1.1" 200 1430 "http://www.judgepenny.com/" "Mozilla/5.0 (Windows NT 6.0) AppleWebKit/537.36 (KHTML, like Gecko) Chrome/28.0.1500.95 Safari/537.36"
71.91.137.227 - - [18/Aug/2013:21:52:49 -0400] "GET /videos/jwplayer.js HTTP/1.1" 200 133009 "http://www.judgepenny.com/" "Mozilla/5.0 (Windows NT 6.0) AppleWebKit/537.36 (KHTML, like Gecko) Chrome/28.0.1500.95 Safari/537.36"
178.137.128.12 - - [18/Aug/2013:11:10:39 -0400] "GET / HTTP/1.1" 200 8953 "http://www.medius-spb.ru/" "Mozilla/4.0 (compatible; MSIE 5.01; Windows 95; MSIECrawler)"
173.199.116.227 - - [18/Aug/2013:11:05:00 -0400] "GET /emailsub.php HTTP/1.1" 302 - "-" "Mozilla/5.0 (compatible; AhrefsBot/4.0; +http://ahrefs.com/robot/)"
66.249.82.108 - - [18/Aug/2013:18:47:36 -0400] "GET /css/style.css HTTP/1.1" 200 9522 "http://www.judgepenny.com/shopping.php" "Mozilla/5.0 (X11; Linux x86_64) AppleWebKit/537.4 (KHTML, like Gecko; Google Web Preview) Chrome/22.0.1229 Safari/537.4"
66.249.82.108 - - [18/Aug/2013:18:47:36 -0400] "GET /images/bg.jpg HTTP/1.1" 200 71900 "http://www.judgepenny.com/shopping.php" "Mozilla/5.0 (X11; Linux x86_64) AppleWebKit/537.4 (KHTML, like Gecko; Google Web Preview) Chrome/22.0.1229 Safari/537.4"
66.249.75.130 - - [18/Aug/2013:21:15:02 -0400] "GET /robots.txt HTTP/1.1" 404 575 "-" "Mozilla/5.0 (compatible; Googlebot/2.1; +http://www.google.com/bot.html)"
199.30.25.94 - - [18/Aug/2013:18:43:49 -0400] "GET /images/facebook.png HTTP/1.1" 200 2371 "http://www.judgepenny.com/biography.php" "Mozilla/5.0 (Windows NT 6.1; WOW64) AppleWebKit/534+ (KHTML, like Gecko) BingPreview/1.0b"
199.30.25.94 - - [18/Aug/2013:18:43:51 -0400] "GET /images/entry-bg.png HTTP/1.1" 200 18958 "http://www.judgepenny.com/biography.php" "Mozilla/5.0 (Windows NT 6.1; WOW64) AppleWebKit/534+ (KHTML, like Gecko) BingPreview/1.0b"
66.249.82.108 - - [18/Aug/2013:18:48:51 -0400] "GET /slide-style.css HTTP/1.1" 404 575 "http://www.judgepenny.com/photos.php" "Mozilla/5.0 (X11; Linux x86_64) AppleWebKit/537.4 (KHTML, like Gecko; Google Web Preview) Chrome/22.0.1229 Safari/537.4"
66.249.82.108 - - [18/Aug/2013:18:48:51 -0400] "GET /images/judge-jenny.png HTTP/1.1" 200 28663 "http://www.judgepenny.com/photos.php" "Mozilla/5.0 (X11; Linux x86_64) AppleWebKit/537.4 (KHTML, like Gecko; Google Web Preview) Chrome/22.0.1229 Safari/537.4"
166.137.119.27 - - [18/Aug/2013:20:50:41 -0400] "GET /index.php HTTP/1.1" 200 8953 "-" "Mozilla/5.0 (Linux; U; Android 4.0.4; en-us; SAMSUNG-SGH-I717 Build/IMM76D) AppleWebKit/534.30 (KHTML, like Gecko) Version/4.0 Mobile Safari/534.30"
166.137.119.27 - - [18/Aug/2013:20:50:42 -0400] "GET /videos/jwplayer.js HTTP/1.1" 200 133009 "http://www.judgepenny.com/index.php" "Mozilla/5.0 (Linux; U; Android 4.0.4; en-us; SAMSUNG-SGH-I717 Build/IMM76D) AppleWebKit/534.30 (KHTML, like Gecko) Version/4.0 Mobile Safari/534.30"
166.137.119.27 - - [18/Aug/2013:20:50:45 -0400] "GET /images/jenny-header.png HTTP/1.1" 200 69160 "http://www.judgepenny.com/index.php" "Mozilla/5.0 (Linux; U; Android 4.0.4; en-us; SAMSUNG-SGH-I717 Build/IMM76D) AppleWebKit/534.30 (KHTML, like Gecko) Version/4.0 Mobile Safari/534.30"
166.137.119.27 - - [18/Aug/2013:20:50:45 -0400] "GET /images/linked-in.png HTTP/1.1" 200 2575 "http://www.judgepenny.com/index.php" "Mozilla/5.0 (Linux; U; Android 4.0.4; en-us; SAMSUNG-SGH-I717 Build/IMM76D) AppleWebKit/534.30 (KHTML, like Gecko) Version/4.0 Mobile Safari/534.30"
166.137.119.27 - - [18/Aug/2013:20:50:45 -0400] "GET /css/loading.gif HTTP/1.1" 200 1737 "http://www.judgepenny.com/index.php" "Mozilla/5.0 (Linux; U; Android 4.0.4; en-us; SAMSUNG-SGH-I717 Build/IMM76D) AppleWebKit/534.30 (KHTML, like Gecko) Version/4.0 Mobile Safari/534.30"
166.137.119.27 - - [18/Aug/2013:20:50:45 -0400] "GET /slideshow/images/judge_penny_speaking_request.png HTTP/1.1" 200 291884 "http://www.judgepenny.com/index.php" "Mozilla/5.0 (Linux; U; Android 4.0.4; en-us; SAMSUNG-SGH-I717 Build/IMM76D) AppleWebKit/534.30 (KHTML, like Gecko) Version/4.0 Mobile Safari/534.30"
166.137.119.27 - - [18/Aug/2013:20:50:45 -0400] "GET /images/m-center.png HTTP/1.1" 200 191 "http://www.judgepenny.com/index.php" "Mozilla/5.0 (Linux; U; Android 4.0.4; en-us; SAMSUNG-SGH-I717 Build/IMM76D) AppleWebKit/534.30 (KHTML, like Gecko) Version/4.0 Mobile Safari/534.30"
71.91.137.227 - - [18/Aug/2013:21:52:53 -0400] "GET /images/facebook.png HTTP/1.1" 200 2371 "http://www.judgepenny.com/" "Mozilla/5.0 (Windows NT 6.0) AppleWebKit/537.36 (KHTML, like Gecko) Chrome/28.0.1500.95 Safari/537.36"
71.91.137.227 - - [18/Aug/2013:21:52:53 -0400] "GET /slideshow/images/judge_penny_foundation.jpg HTTP/1.1" 200 175194 "http://www.judgepenny.com/" "Mozilla/5.0 (Windows NT 6.0) AppleWebKit/537.36 (KHTML, like Gecko) Chrome/28.0.1500.95 Safari/537.36"
71.91.137.227 - - [18/Aug/2013:21:52:53 -0400] "GET /images/m-center.png HTTP/1.1" 200 191 "http://www.judgepenny.com/" "Mozilla/5.0 (Windows NT 6.0) AppleWebKit/537.36 (KHTML, like Gecko) Chrome/28.0.1500.95 Safari/537.36"
71.91.137.227 - - [18/Aug/2013:21:52:54 -0400] "GET /images/m-btm.png HTTP/1.1" 200 741 "http://www.judgepenny.com/" "Mozilla/5.0 (Windows NT 6.0) AppleWebKit/537.36 (KHTML, like Gecko) Chrome/28.0.1500.95 Safari/537.36"
71.91.137.227 - - [18/Aug/2013:21:52:54 -0400] "GET /images/ftr-bg.png HTTP/1.1" 200 198 "http://www.judgepenny.com/" "Mozilla/5.0 (Windows NT 6.0) AppleWebKit/537.36 (KHTML, like Gecko) Chrome/28.0.1500.95 Safari/537.36"
71.91.137.227 - - [18/Aug/2013:21:52:54 -0400] "GET /slideshow/images/judge_penny_self_worth.jpg HTTP/1.1" 200 129594 "http://www.judgepenny.com/" "Mozilla/5.0 (Windows NT 6.0) AppleWebKit/537.36 (KHTML, like Gecko) Chrome/28.0.1500.95 Safari/537.36"
67.84.196.90 - - [18/Aug/2013:13:08:01 -0400] "GET / HTTP/1.1" 200 8953 "http://www.linkedin.com/profile/view?id=131646927&authType=NAME_SEARCH&authToken=HSBx&locale=en_US&srchid=2789969971376845614372&srchindex=1&srchtotal=15&trk=vsrp_people_res_name&trkInfo=VSRPsearchId%3A2789969971376845614372%2CVSRPtargetId%3A131646927%2CVSRPcmpt%3Aprimary" "Mozilla/5.0 (Windows NT 6.1; rv:23.0) Gecko/20100101 Firefox/23.0"
67.84.196.90 - - [18/Aug/2013:13:08:02 -0400] "GET /videos/jwplayer.js HTTP/1.1" 200 133009 "http://www.judgepenny.com/" "Mozilla/5.0 (Windows NT 6.1; rv:23.0) Gecko/20100101 Firefox/23.0"
67.84.196.90 - - [18/Aug/2013:13:08:02 -0400] "GET /images/you-tube.png HTTP/1.1" 200 3090 "http://www.judgepenny.com/" "Mozilla/5.0 (Windows NT 6.1; rv:23.0) Gecko/20100101 Firefox/23.0"
67.84.196.90 - - [18/Aug/2013:13:08:02 -0400] "GET /slideshow/images/book.jpg HTTP/1.1" 200 132593 "http://www.judgepenny.com/" "Mozilla/5.0 (Windows NT 6.1; rv:23.0) Gecko/20100101 Firefox/23.0"
67.84.196.90 - - [18/Aug/2013:13:08:03 -0400] "GET /images/m-top.png HTTP/1.1" 200 574 "http://www.judgepenny.com/" "Mozilla/5.0 (Windows NT 6.1; rv:23.0) Gecko/20100101 Firefox/23.0"
67.84.196.90 - - [18/Aug/2013:13:08:03 -0400] "GET /images/m-btm.png HTTP/1.1" 200 741 "http://www.judgepenny.com/" "Mozilla/5.0 (Windows NT 6.1; rv:23.0) Gecko/20100101 Firefox/23.0"
67.84.196.90 - - [18/Aug/2013:13:08:03 -0400] "GET /images/seprator.png HTTP/1.1" 200 429 "http://www.judgepenny.com/css/style.css" "Mozilla/5.0 (Windows NT 6.1; rv:23.0) Gecko/20100101 Firefox/23.0"
67.84.196.90 - - [18/Aug/2013:13:08:03 -0400] "GET /css/loading.gif HTTP/1.1" 200 1737 "http://www.judgepenny.com/css/default.css" "Mozilla/5.0 (Windows NT 6.1; rv:23.0) Gecko/20100101 Firefox/23.0"
67.84.196.90 - - [18/Aug/2013:13:08:03 -0400] "GET /images/m-center.png HTTP/1.1" 200 191 "http://www.judgepenny.com/css/style.css" "Mozilla/5.0 (Windows NT 6.1; rv:23.0) Gecko/20100101 Firefox/23.0"
67.84.196.90 - - [18/Aug/2013:13:08:03 -0400] "GET /css/arrows.png HTTP/1.1" 200 824 "http://www.judgepenny.com/css/default.css" "Mozilla/5.0 (Windows NT 6.1; rv:23.0) Gecko/20100101 Firefox/23.0"
166.137.119.27 - - [18/Aug/2013:20:50:45 -0400] "GET /images/twitter.png HTTP/1.1" 200 2703 "http://www.judgepenny.com/index.php" "Mozilla/5.0 (Linux; U; Android 4.0.4; en-us; SAMSUNG-SGH-I717 Build/IMM76D) AppleWebKit/534.30 (KHTML, like Gecko) Version/4.0 Mobile Safari/534.30"
157.55.34.178 - - [18/Aug/2013:02:11:25 -0400] "GET /robots.txt HTTP/1.1" 404 575 "-" "Mozilla/5.0 (compatible; bingbot/2.0; +http://www.bing.com/bingbot.htm)"
72.15.116.239 - - [18/Aug/2013:06:13:14 -0400] "GET / HTTP/1.1" 200 8953 "https://m.facebook.com" "Mozilla/5.0 (iPhone; CPU iPhone OS 6_1_2 like Mac OS X) AppleWebKit/536.26 (KHTML, like Gecko) Mobile/10B146 [FBAN/FBIOS;FBAV/6.4;FBBV/290891;FBDV/iPhone3,3;FBMD/iPhone;FBSN/iPhone OS;FBSV/6.1.2;FBSS/2; FBCR/Verizon;FBID/phone;FBLC/en_US;FBOP/1]"
72.15.116.239 - - [18/Aug/2013:06:13:15 -0400] "GET /videos/jwplayer.js HTTP/1.1" 200 133009 "http://www.judgepenny.com/" "Mozilla/5.0 (iPhone; CPU iPhone OS 6_1_2 like Mac OS X) AppleWebKit/536.26 (KHTML, like Gecko) Mobile/10B146 [FBAN/FBIOS;FBAV/6.4;FBBV/290891;FBDV/iPhone3,3;FBMD/iPhone;FBSN/iPhone OS;FBSV/6.1.2;FBSS/2; FBCR/Verizon;FBID/phone;FBLC/en_US;FBOP/1]"
72.15.116.239 - - [18/Aug/2013:06:13:16 -0400] "GET /js/jquery.nivo.slider.pack.js HTTP/1.1" 200 15854 "http://www.judgepenny.com/" "Mozilla/5.0 (iPhone; CPU iPhone OS 6_1_2 like Mac OS X) AppleWebKit/536.26 (KHTML, like Gecko) Mobile/10B146 [FBAN/FBIOS;FBAV/6.4;FBBV/290891;FBDV/iPhone3,3;FBMD/iPhone;FBSN/iPhone OS;FBSV/6.1.2;FBSS/2; FBCR/Verizon;FBID/phone;FBLC/en_US;FBOP/1]"
72.15.116.239 - - [18/Aug/2013:06:13:16 -0400] "GET /images/judge-jenny.png HTTP/1.1" 200 28663 "http://www.judgepenny.com/" "Mozilla/5.0 (iPhone; CPU iPhone OS 6_1_2 like Mac OS X) AppleWebKit/536.26 (KHTML, like Gecko) Mobile/10B146 [FBAN/FBIOS;FBAV/6.4;FBBV/290891;FBDV/iPhone3,3;FBMD/iPhone;FBSN/iPhone OS;FBSV/6.1.2;FBSS/2; FBCR/Verizon;FBID/phone;FBLC/en_US;FBOP/1]"
72.15.116.239 - - [18/Aug/2013:06:13:17 -0400] "GET /slideshow/images/judge_penny_speaking_request.png HTTP/1.1" 200 291884 "http://www.judgepenny.com/" "Mozilla/5.0 (iPhone; CPU iPhone OS 6_1_2 like Mac OS X) AppleWebKit/536.26 (KHTML, like Gecko) Mobile/10B146 [FBAN/FBIOS;FBAV/6.4;FBBV/290891;FBDV/iPhone3,3;FBMD/iPhone;FBSN/iPhone OS;FBSV/6.1.2;FBSS/2; FBCR/Verizon;FBID/phone;FBLC/en_US;FBOP/1]"
72.15.116.239 - - [18/Aug/2013:06:13:17 -0400] "GET /images/bg.jpg HTTP/1.1" 200 71900 "http://www.judgepenny.com/" "Mozilla/5.0 (iPhone; CPU iPhone OS 6_1_2 like Mac OS X) AppleWebKit/536.26 (KHTML, like Gecko) Mobile/10B146 [FBAN/FBIOS;FBAV/6.4;FBBV/290891;FBDV/iPhone3,3;FBMD/iPhone;FBSN/iPhone OS;FBSV/6.1.2;FBSS/2; FBCR/Verizon;FBID/phone;FBLC/en_US;FBOP/1]"
72.15.116.239 - - [18/Aug/2013:06:13:17 -0400] "GET /images/seprator.png HTTP/1.1" 200 429 "http://www.judgepenny.com/" "Mozilla/5.0 (iPhone; CPU iPhone OS 6_1_2 like Mac OS X) AppleWebKit/536.26 (KHTML, like Gecko) Mobile/10B146 [FBAN/FBIOS;FBAV/6.4;FBBV/290891;FBDV/iPhone3,3;FBMD/iPhone;FBSN/iPhone OS;FBSV/6.1.2;FBSS/2; FBCR/Verizon;FBID/phone;FBLC/en_US;FBOP/1]"
72.15.116.239 - - [18/Aug/2013:06:13:18 -0400] "GET /images/h-right.png HTTP/1.1" 200 279 "http://www.judgepenny.com/" "Mozilla/5.0 (iPhone; CPU iPhone OS 6_1_2 like Mac OS X) AppleWebKit/536.26 (KHTML, like Gecko) Mobile/10B146 [FBAN/FBIOS;FBAV/6.4;FBBV/290891;FBDV/iPhone3,3;FBMD/iPhone;FBSN/iPhone OS;FBSV/6.1.2;FBSS/2; FBCR/Verizon;FBID/phone;FBLC/en_US;FBOP/1]"
72.15.116.239 - - [18/Aug/2013:06:13:19 -0400] "GET /images/mail-div.png HTTP/1.1" 200 1078 "http://www.judgepenny.com/" "Mozilla/5.0 (iPhone; CPU iPhone OS 6_1_2 like Mac OS X) AppleWebKit/536.26 (KHTML, like Gecko) Mobile/10B146 [FBAN/FBIOS;FBAV/6.4;FBBV/290891;FBDV/iPhone3,3;FBMD/iPhone;FBSN/iPhone OS;FBSV/6.1.2;FBSS/2; FBCR/Verizon;FBID/phone;FBLC/en_US;FBOP/1]"
72.15.116.239 - - [18/Aug/2013:06:13:19 -0400] "GET /images/s-btm.png HTTP/1.1" 200 605 "http://www.judgepenny.com/" "Mozilla/5.0 (iPhone; CPU iPhone OS 6_1_2 like Mac OS X) AppleWebKit/536.26 (KHTML, like Gecko) Mobile/10B146 [FBAN/FBIOS;FBAV/6.4;FBBV/290891;FBDV/iPhone3,3;FBMD/iPhone;FBSN/iPhone OS;FBSV/6.1.2;FBSS/2; FBCR/Verizon;FBID/phone;FBLC/en_US;FBOP/1]"
72.15.116.239 - - [18/Aug/2013:06:13:19 -0400] "GET /css/arrows.png HTTP/1.1" 200 824 "http://www.judgepenny.com/" "Mozilla/5.0 (iPhone; CPU iPhone OS 6_1_2 like Mac OS X) AppleWebKit/536.26 (KHTML, like Gecko) Mobile/10B146 [FBAN/FBIOS;FBAV/6.4;FBBV/290891;FBDV/iPhone3,3;FBMD/iPhone;FBSN/iPhone OS;FBSV/6.1.2;FBSS/2; FBCR/Verizon;FBID/phone;FBLC/en_US;FBOP/1]"
72.15.116.239 - - [18/Aug/2013:06:13:20 -0400] "GET /images/m-btm.png HTTP/1.1" 200 741 "http://www.judgepenny.com/" "Mozilla/5.0 (iPhone; CPU iPhone OS 6_1_2 like Mac OS X) AppleWebKit/536.26 (KHTML, like Gecko) Mobile/10B146 [FBAN/FBIOS;FBAV/6.4;FBBV/290891;FBDV/iPhone3,3;FBMD/iPhone;FBSN/iPhone OS;FBSV/6.1.2;FBSS/2; FBCR/Verizon;FBID/phone;FBLC/en_US;FBOP/1]"
71.91.137.227 - - [18/Aug/2013:21:53:24 -0400] "GET /images/speaking.jpg HTTP/1.1" 200 73031 "http://www.judgepenny.com/speaking-requests.php" "Mozilla/5.0 (Windows NT 6.0) AppleWebKit/537.36 (KHTML, like Gecko) Chrome/28.0.1500.95 Safari/537.36"
71.91.137.227 - - [18/Aug/2013:21:53:24 -0400] "GET /images/r-head.png HTTP/1.1" 200 596 "http://www.judgepenny.com/speaking-requests.php" "Mozilla/5.0 (Windows NT 6.0) AppleWebKit/537.36 (KHTML, like Gecko) Chrome/28.0.1500.95 Safari/537.36"
71.91.137.227 - - [18/Aug/2013:21:53:25 -0400] "GET /images/btn.png HTTP/1.1" 200 512 "http://www.judgepenny.com/speaking-requests.php" "Mozilla/5.0 (Windows NT 6.0) AppleWebKit/537.36 (KHTML, like Gecko) Chrome/28.0.1500.95 Safari/537.36"
71.91.137.227 - - [18/Aug/2013:21:53:25 -0400] "GET /images/events.png HTTP/1.1" 200 3829 "http://www.judgepenny.com/speaking-requests.php" "Mozilla/5.0 (Windows NT 6.0) AppleWebKit/537.36 (KHTML, like Gecko) Chrome/28.0.1500.95 Safari/537.36"
71.91.137.227 - - [18/Aug/2013:21:53:28 -0400] "GET /favicon.ico HTTP/1.1" 404 575 "-" "Mozilla/5.0 (Windows NT 6.0) AppleWebKit/537.36 (KHTML, like Gecko) Chrome/28.0.1500.95 Safari/537.36"
92.249.127.111 - - [18/Aug/2013:22:36:17 -0400] "GET / HTTP/1.1" 200 8953 "http://www.bravica.me/ru/" "Mozilla/5.0 (compatible; news bot /2.1)"
67.84.196.90 - - [18/Aug/2013:13:08:02 -0400] "GET /images/linked-in.png HTTP/1.1" 200 2575 "http://www.judgepenny.com/" "Mozilla/5.0 (Windows NT 6.1; rv:23.0) Gecko/20100101 Firefox/23.0"
67.84.196.90 - - [18/Aug/2013:13:08:02 -0400] "GET /slideshow/images/judge_penny_self_worth.jpg HTTP/1.1" 200 129594 "http://www.judgepenny.com/" "Mozilla/5.0 (Windows NT 6.1; rv:23.0) Gecko/20100101 Firefox/23.0"
67.84.196.90 - - [18/Aug/2013:13:08:03 -0400] "GET /images/ftr-bg.png HTTP/1.1" 200 198 "http://www.judgepenny.com/css/style.css" "Mozilla/5.0 (Windows NT 6.1; rv:23.0) Gecko/20100101 Firefox/23.0"
67.84.196.90 - - [18/Aug/2013:13:08:03 -0400] "GET /images/s-top.png HTTP/1.1" 200 440 "http://www.judgepenny.com/css/style.css" "Mozilla/5.0 (Windows NT 6.1; rv:23.0) Gecko/20100101 Firefox/23.0"
71.33.183.76 - - [18/Aug/2013:14:36:19 -0400] "GET /images/judge.png HTTP/1.1" 200 164424 "http://www.google.com/search?q=judge+penny+brown+reynolds&client=ms-android-verizon&hl=en&source=android-browser-suggest&v=200400000&source=lnms&tbm=isch&sa=X&ei=nhMRUuoSiYDaBdmTgEA&ved=0CAgQ_AUoAA&biw=640&bih=287&sei=ohMRUun0OsnOyQG8mYGICg" "Mozilla/5.0 (Linux; U; Android 4.1.2; en-us; SCH-I535 Build/JZO54K) AppleWebKit/534.30 (KHTML, like Gecko) Version/4.0 Mobile Safari/534.30"
66.249.82.108 - - [18/Aug/2013:18:47:55 -0400] "GET /images/main-btm.png HTTP/1.1" 200 398 "http://www.judgepenny.com/contact.php" "Mozilla/5.0 (X11; Linux x86_64) AppleWebKit/537.4 (KHTML, like Gecko; Google Web Preview) Chrome/22.0.1229 Safari/537.4"
66.249.82.108 - - [18/Aug/2013:18:48:26 -0400] "GET /images/s-top.png HTTP/1.1" 200 440 "http://www.judgepenny.com/" "Mozilla/5.0 (X11; Linux x86_64) AppleWebKit/537.4 (KHTML, like Gecko; Google Web Preview) Chrome/22.0.1229 Safari/537.4"
69.84.207.246 - - [18/Aug/2013:09:24:58 -0400] "GET /media.php HTTP/1.1" 200 6682 "-" "Mozilla/4.0 (compatible; MSIE 7.0;Windows NT 5.1;.NET CLR 1.1.4322;.NET CLR 2.0.50727;.NET CLR 3.0.04506.30) Lightspeedsystems"
69.84.207.246 - - [18/Aug/2013:09:24:59 -0400] "GET /index.php HTTP/1.1" 200 8953 "-" "Mozilla/4.0 (compatible; MSIE 7.0;Windows NT 5.1;.NET CLR 1.1.4322;.NET CLR 2.0.50727;.NET CLR 3.0.04506.30) Lightspeedsystems"
69.84.207.246 - - [18/Aug/2013:09:25:00 -0400] "GET /photos.php HTTP/1.1" 200 6337 "-" "Mozilla/4.0 (compatible; MSIE 7.0;Windows NT 5.1;.NET CLR 1.1.4322;.NET CLR 2.0.50727;.NET CLR 3.0.04506.30) Lightspeedsystems"
69.84.207.246 - - [18/Aug/2013:09:25:00 -0400] "GET /events.php HTTP/1.1" 200 8644 "-" "Mozilla/4.0 (compatible; MSIE 7.0;Windows NT 5.1;.NET CLR 1.1.4322;.NET CLR 2.0.50727;.NET CLR 3.0.04506.30) Lightspeedsystems"
69.84.207.246 - - [18/Aug/2013:09:25:00 -0400] "GET /index.html HTTP/1.1" 404 575 "-" "Mozilla/4.0 (compatible; MSIE 7.0;Windows NT 5.1;.NET CLR 1.1.4322;.NET CLR 2.0.50727;.NET CLR 3.0.04506.30) Lightspeedsystems"
69.84.207.246 - - [18/Aug/2013:09:25:00 -0400] "GET /contact.php HTTP/1.1" 200 6149 "-" "Mozilla/4.0 (compatible; MSIE 7.0;Windows NT 5.1;.NET CLR 1.1.4322;.NET CLR 2.0.50727;.NET CLR 3.0.04506.30) Lightspeedsystems"
69.84.207.246 - - [18/Aug/2013:09:25:00 -0400] "GET /emailsub.php HTTP/1.1" 302 - "-" "Mozilla/4.0 (compatible; MSIE 7.0;Windows NT 5.1;.NET CLR 1.1.4322;.NET CLR 2.0.50727;.NET CLR 3.0.04506.30) Lightspeedsystems"
69.84.207.246 - - [18/Aug/2013:09:25:00 -0400] "GET /biography.php HTTP/1.1" 200 9590 "-" "Mozilla/4.0 (compatible; MSIE 7.0;Windows NT 5.1;.NET CLR 1.1.4322;.NET CLR 2.0.50727;.NET CLR 3.0.04506.30) Lightspeedsystems"
69.84.207.246 - - [18/Aug/2013:09:25:00 -0400] "GET /shopping.php HTTP/1.1" 200 8086 "-" "Mozilla/4.0 (compatible; MSIE 7.0;Windows NT 5.1;.NET CLR 1.1.4322;.NET CLR 2.0.50727;.NET CLR 3.0.04506.30) Lightspeedsystems"
69.84.207.246 - - [18/Aug/2013:09:25:00 -0400] "GET /emailsubs.php HTTP/1.1" 302 - "-" "Mozilla/4.0 (compatible; MSIE 7.0;Windows NT 5.1;.NET CLR 1.1.4322;.NET CLR 2.0.50727;.NET CLR 3.0.04506.30) Lightspeedsystems"
69.84.207.246 - - [18/Aug/2013:09:25:00 -0400] "GET /index.php?blank_email HTTP/1.1" 200 8953 "-" "Mozilla/4.0 (compatible; MSIE 7.0;Windows NT 5.1;.NET CLR 1.1.4322;.NET CLR 2.0.50727;.NET CLR 3.0.04506.30) Lightspeedsystems"
69.84.207.246 - - [18/Aug/2013:09:25:00 -0400] "GET /press-room.php HTTP/1.1" 200 6775 "-" "Mozilla/4.0 (compatible; MSIE 7.0;Windows NT 5.1;.NET CLR 1.1.4322;.NET CLR 2.0.50727;.NET CLR 3.0.04506.30) Lightspeedsystems"
69.84.207.246 - - [18/Aug/2013:09:25:01 -0400] "GET /video-clips.php HTTP/1.1" 200 7451 "-" "Mozilla/4.0 (compatible; MSIE 7.0;Windows NT 5.1;.NET CLR 1.1.4322;.NET CLR 2.0.50727;.NET CLR 3.0.04506.30) Lightspeedsystems"
69.84.207.246 - - [18/Aug/2013:09:25:01 -0400] "GET /beyond-the-robe.php HTTP/1.1" 200 8574 "-" "Mozilla/4.0 (compatible; MSIE 7.0;Windows NT 5.1;.NET CLR 1.1.4322;.NET CLR 2.0.50727;.NET CLR 3.0.04506.30) Lightspeedsystems"
69.84.207.246 - - [18/Aug/2013:09:25:01 -0400] "GET /judge-penny-story.php HTTP/1.1" 200 13963 "-" "Mozilla/4.0 (compatible; MSIE 7.0;Windows NT 5.1;.NET CLR 1.1.4322;.NET CLR 2.0.50727;.NET CLR 3.0.04506.30) Lightspeedsystems"
69.84.207.246 - - [18/Aug/2013:09:25:01 -0400] "GET /speaking-requests.php HTTP/1.1" 200 14865 "-" "Mozilla/4.0 (compatible; MSIE 7.0;Windows NT 5.1;.NET CLR 1.1.4322;.NET CLR 2.0.50727;.NET CLR 3.0.04506.30) Lightspeedsystems"
69.84.207.246 - - [18/Aug/2013:09:25:01 -0400] "GET /thank_you.php HTTP/1.1" 200 14715 "-" "Mozilla/4.0 (compatible; MSIE 7.0;Windows NT 5.1;.NET CLR 1.1.4322;.NET CLR 2.0.50727;.NET CLR 3.0.04506.30) Lightspeedsystems"
69.84.207.246 - - [18/Aug/2013:09:25:01 -0400] "GET /judge-penny-foundation.php HTTP/1.1" 200 7746 "-" "Mozilla/4.0 (compatible; MSIE 7.0;Windows NT 5.1;.NET CLR 1.1.4322;.NET CLR 2.0.50727;.NET CLR 3.0.04506.30) Lightspeedsystems"
69.84.207.246 - - [18/Aug/2013:09:25:02 -0400] "GET /penny-for-your-thoughts.php HTTP/1.1" 200 11765 "-" "Mozilla/4.0 (compatible; MSIE 7.0;Windows NT 5.1;.NET CLR 1.1.4322;.NET CLR 2.0.50727;.NET CLR 3.0.04506.30) Lightspeedsystems"
69.84.207.246 - - [18/Aug/2013:09:25:02 -0400] "GET /penny-for-your-thoughts_whattodowhenyouloseyourjob.php HTTP/1.1" 200 9678 "-" "Mozilla/4.0 (compatible; MSIE 7.0;Windows NT 5.1;.NET CLR 1.1.4322;.NET CLR 2.0.50727;.NET CLR 3.0.04506.30) Lightspeedsystems"
69.84.207.246 - - [18/Aug/2013:09:25:02 -0400] "GET /penny-for-your-thoughts_howdoIdealwithanoutofcontrol.php HTTP/1.1" 200 8668 "-" "Mozilla/4.0 (compatible; MSIE 7.0;Windows NT 5.1;.NET CLR 1.1.4322;.NET CLR 2.0.50727;.NET CLR 3.0.04506.30) Lightspeedsystems"
69.84.207.246 - - [18/Aug/2013:09:25:02 -0400] "GET /penny-for-your-thoughts_itsnotwhatyousaybuthowyousayitl.php HTTP/1.1" 200 8648 "-" "Mozilla/4.0 (compatible; MSIE 7.0;Windows NT 5.1;.NET CLR 1.1.4322;.NET CLR 2.0.50727;.NET CLR 3.0.04506.30) Lightspeedsystems"
46.235.12.154 - - [18/Aug/2013:10:29:25 -0400] "GET /speaking-requests.php HTTP/1.1" 200 14865 "http://judgepenny.com/" "Mozilla/5.0 (Windows; U; Windows NT 5.1; en-US; rv:1.8.1.6) Gecko/20070725 Firefox/2.0.0.6 Ara.com.tr AraBot 1.0"
166.137.119.30 - - [18/Aug/2013:18:05:31 -0400] "GET /slide-style.css HTTP/1.1" 404 575 "http://www.judgepenny.com/" "Mozilla/5.0 (Linux; U; Android 4.0.4; en-us; SAMSUNG-SGH-I717 Build/IMM76D) AppleWebKit/534.30 (KHTML, like Gecko) Version/4.0 Mobile Safari/534.30"
24.129.46.111 - - [18/Aug/2013:18:28:43 -0400] "GET /images/judge.png HTTP/1.1" 302 376 "http://www.google.com/blank.html" "Mozilla/5.0 (Macintosh; Intel Mac OS X 10_6_8) AppleWebKit/534.59.8 (KHTML, like Gecko) Version/5.1.9 Safari/534.59.8"
66.249.82.108 - - [18/Aug/2013:18:47:36 -0400] "GET /images/jenny-header.png HTTP/1.1" 200 69160 "http://www.judgepenny.com/shopping.php" "Mozilla/5.0 (X11; Linux x86_64) AppleWebKit/537.4 (KHTML, like Gecko; Google Web Preview) Chrome/22.0.1229 Safari/537.4"
66.249.82.108 - - [18/Aug/2013:18:48:26 -0400] "GET /slideshow/images/judge_penny_foundation.jpg HTTP/1.1" 200 175194 "http://www.judgepenny.com/" "Mozilla/5.0 (X11; Linux x86_64) AppleWebKit/537.4 (KHTML, like Gecko; Google Web Preview) Chrome/22.0.1229 Safari/537.4"
66.249.82.108 - - [18/Aug/2013:18:48:26 -0400] "GET /css/loading.gif HTTP/1.1" 200 1737 "http://www.judgepenny.com/" "Mozilla/5.0 (X11; Linux x86_64) AppleWebKit/537.4 (KHTML, like Gecko; Google Web Preview) Chrome/22.0.1229 Safari/537.4"
66.249.82.108 - - [18/Aug/2013:18:48:51 -0400] "GET /images/seprator.png HTTP/1.1" 200 429 "http://www.judgepenny.com/photos.php" "Mozilla/5.0 (X11; Linux x86_64) AppleWebKit/537.4 (KHTML, like Gecko; Google Web Preview) Chrome/22.0.1229 Safari/537.4"
66.249.75.130 - - [18/Aug/2013:21:15:02 -0400] "GET / HTTP/1.1" 503 323 "-" "Mozilla/5.0 (compatible; Googlebot/2.1; +http://www.google.com/bot.html)"
66.249.85.36 - - [18/Aug/2013:14:30:56 -0400] "GET / HTTP/1.1" 200 8953 "-" "Mozilla/5.0 (Windows NT 6.1; rv:6.0) Gecko/20110814 Firefox/6.0 Google (+https://developers.google.com/+/web/snippet/)"
46.235.12.154 - - [18/Aug/2013:10:29:04 -0400] "GET / HTTP/1.1" 200 8953 "-" "Mozilla/5.0 (Windows; U; Windows NT 5.1; en-US; rv:1.8.1.6) Gecko/20070725 Firefox/2.0.0.6 Ara.com.tr AraBot 1.0"
46.235.12.154 - - [18/Aug/2013:10:29:07 -0400] "GET /robots.txt HTTP/1.1" 404 575 "-" "Mozilla/5.0 (Windows; U; Windows NT 5.1; en-US; rv:1.8.1.6) Gecko/20070725 Firefox/2.0.0.6 Ara.com.tr AraBot 1.0"
46.235.12.154 - - [18/Aug/2013:10:29:10 -0400] "GET /index.php HTTP/1.1" 200 8953 "http://judgepenny.com/" "Mozilla/5.0 (Windows; U; Windows NT 5.1; en-US; rv:1.8.1.6) Gecko/20070725 Firefox/2.0.0.6 Ara.com.tr AraBot 1.0"
46.235.12.154 - - [18/Aug/2013:10:29:13 -0400] "GET /biography.php HTTP/1.1" 200 9590 "http://judgepenny.com/" "Mozilla/5.0 (Windows; U; Windows NT 5.1; en-US; rv:1.8.1.6) Gecko/20070725 Firefox/2.0.0.6 Ara.com.tr AraBot 1.0"
46.235.12.154 - - [18/Aug/2013:10:29:15 -0400] "GET /judge-penny-story.php HTTP/1.1" 200 13963 "http://judgepenny.com/" "Mozilla/5.0 (Windows; U; Windows NT 5.1; en-US; rv:1.8.1.6) Gecko/20070725 Firefox/2.0.0.6 Ara.com.tr AraBot 1.0"
46.235.12.154 - - [18/Aug/2013:10:29:18 -0400] "GET /beyond-the-robe.php HTTP/1.1" 200 8574 "http://judgepenny.com/" "Mozilla/5.0 (Windows; U; Windows NT 5.1; en-US; rv:1.8.1.6) Gecko/20070725 Firefox/2.0.0.6 Ara.com.tr AraBot 1.0"
46.235.12.154 - - [18/Aug/2013:10:29:21 -0400] "GET /events.php HTTP/1.1" 200 8644 "http://judgepenny.com/" "Mozilla/5.0 (Windows; U; Windows NT 5.1; en-US; rv:1.8.1.6) Gecko/20070725 Firefox/2.0.0.6 Ara.com.tr AraBot 1.0"
178.137.128.12 - - [18/Aug/2013:11:10:38 -0400] "GET / HTTP/1.1" 200 8953 "http://www.medius-spb.ru/" "Mozilla/4.0 (compatible; MSIE 5.01; Windows 95; MSIECrawler)"
157.55.34.178 - - [18/Aug/2013:17:42:11 -0400] "GET /biography.php HTTP/1.1" 200 9590 "-" "Mozilla/5.0 (compatible; bingbot/2.0; +http://www.bing.com/bingbot.htm)"
66.249.82.108 - - [18/Aug/2013:18:47:55 -0400] "GET /images/twitter.png HTTP/1.1" 200 2703 "http://www.judgepenny.com/contact.php" "Mozilla/5.0 (X11; Linux x86_64) AppleWebKit/537.4 (KHTML, like Gecko; Google Web Preview) Chrome/22.0.1229 Safari/537.4"
166.137.119.27 - - [18/Aug/2013:20:50:42 -0400] "GET /css/style.css HTTP/1.1" 200 9522 "http://www.judgepenny.com/index.php" "Mozilla/5.0 (Linux; U; Android 4.0.4; en-us; SAMSUNG-SGH-I717 Build/IMM76D) AppleWebKit/534.30 (KHTML, like Gecko) Version/4.0 Mobile Safari/534.30"
166.137.119.27 - - [18/Aug/2013:20:50:45 -0400] "GET /images/bg.jpg HTTP/1.1" 200 71900 "http://www.judgepenny.com/index.php" "Mozilla/5.0 (Linux; U; Android 4.0.4; en-us; SAMSUNG-SGH-I717 Build/IMM76D) AppleWebKit/534.30 (KHTML, like Gecko) Version/4.0 Mobile Safari/534.30"
166.137.119.27 - - [18/Aug/2013:20:50:46 -0400] "GET /css/arrows.png HTTP/1.1" 200 824 "http://www.judgepenny.com/index.php" "Mozilla/5.0 (Linux; U; Android 4.0.4; en-us; SAMSUNG-SGH-I717 Build/IMM76D) AppleWebKit/534.30 (KHTML, like Gecko) Version/4.0 Mobile Safari/534.30"
