178.137.128.12 - - [18/Aug/2013:11:10:36 -0400] "GET / HTTP/1.1" 200 8953 "http://www.medius-spb.ru/" "Mozilla/4.0 (compatible; MSIE 5.01; Windows 95; MSIECrawler)"
71.91.137.227 - - [18/Aug/2013:21:59:42 -0400] "POST /thank_you.php HTTP/1.1" 302 275 "http://www.judgepenny.com/speaking-requests.php" "Mozilla/5.0 (Windows NT 6.0) AppleWebKit/537.36 (KHTML, like Gecko) Chrome/28.0.1500.95 Safari/537.36"
71.91.137.227 - - [18/Aug/2013:21:59:42 -0400] "GET /speaking-requests.php?thank-you HTTP/1.1" 200 14865 "http://www.judgepenny.com/speaking-requests.php" "Mozilla/5.0 (Windows NT 6.0) AppleWebKit/537.36 (KHTML, like Gecko) Chrome/28.0.1500.95 Safari/537.36"
71.91.137.227 - - [18/Aug/2013:21:59:43 -0400] "GET /slide-style.css HTTP/1.1" 404 575 "http://www.judgepenny.com/speaking-requests.php?thank-you" "Mozilla/5.0 (Windows NT 6.0) AppleWebKit/537.36 (KHTML, like Gecko) Chrome/28.0.1500.95 Safari/537.36"
71.91.137.227 - - [18/Aug/2013:21:59:44 -0400] "GET /favicon.ico HTTP/1.1" 404 575 "-" "Mozilla/5.0 (Windows NT 6.0) AppleWebKit/537.36 (KHTML, like Gecko) Chrome/28.0.1500.95 Safari/537.36"
91.207.9.226 - - [18/Aug/2013:22:11:11 -0400] "GET / HTTP/1.1" 200 8953 "http://ogosexshop.com.ua/" "Mozilla/4.0 (compatible; MSIE 5.0; Windows 3.1)"
178.137.128.12 - - [18/Aug/2013:08:20:52 -0400] "GET / HTTP/1.1" 200 8953 "http://www.uabuild.com/" "Mozilla/4.0 (compatible; MSIE 6.0; Windows XP)"
66.249.75.108 - - [18/Aug/2013:08:26:45 -0400] "GET /biography.php HTTP/1.1" 200 9590 "-" "Mozilla/5.0 (iPhone; U; CPU iPhone OS 4_1 like Mac OS X; en-us) AppleWebKit/532.9 (KHTML, like Gecko) Version/4.0.5 Mobile/8B117 Safari/6531.22.7 (compatible; Googlebot-Mobile/2.1; +http://www.google.com/bot.html)"
166.137.119.30 - - [18/Aug/2013:18:05:31 -0400] "GET /css/nivo-slider.css HTTP/1.1" 200 1430 "http://www.judgepenny.com/" "Mozilla/5.0 (Linux; U; Android 4.0.4; en-us; SAMSUNG-SGH-I717 Build/IMM76D) AppleWebKit/534.30 (KHTML, like Gecko) Version/4.0 Mobile Safari/534.30"
166.137.119.30 - - [18/Aug/2013:18:05:33 -0400] "GET /images/facebook.png HTTP/1.1" 200 2371 "http://www.judgepenny.com/" "Mozilla/5.0 (Linux; U; Android 4.0.4; en-us; SAMSUNG-SGH-I717 Build/IMM76D) AppleWebKit/534.30 (KHTML, like Gecko) Version/4.0 Mobile Safari/534.30"
166.137.119.30 - - [18/Aug/2013:18:05:33 -0400] "GET /images/linked-in.png HTTP/1.1" 200 2575 "http://www.judgepenny.com/" "Mozilla/5.0 (Linux; U; Android 4.0.4; en-us; SAMSUNG-SGH-I717 Build/IMM76D) AppleWebKit/534.30 (KHTML, like Gecko) Version/4.0 Mobile Safari/534.30"
166.137.119.30 - - [18/Aug/2013:18:05:33 -0400] "GET /images/seprator.png HTTP/1.1" 200 429 "http://www.judgepenny.com/" "Mozilla/5.0 (Linux; U; Android 4.0.4; en-us; SAMSUNG-SGH-I717 Build/IMM76D) AppleWebKit/534.30 (KHTML, like Gecko) Version/4.0 Mobile Safari/534.30"
166.137.119.30 - - [18/Aug/2013:18:05:33 -0400] "GET /slideshow/images/judge_penny_opportunity.jpg HTTP/1.1" 200 99540 "http://www.judgepenny.com/" "Mozilla/5.0 (Linux; U; Android 4.0.4; en-us; SAMSUNG-SGH-I717 Build/IMM76D) AppleWebKit/534.30 (KHTML, like Gecko) Version/4.0 Mobile Safari/534.30"
65.55.24.245 - - [18/Aug/2013:20:45:01 -0400] "GET / HTTP/1.1" 200 8953 "-" "Mozilla/5.0 (compatible; bingbot/2.0; +http://www.bing.com/bingbot.htm)"
72.15.116.239 - - [18/Aug/2013:06:13:15 -0400] "GET /css/nivo-slider.css HTTP/1.1" 200 1430 "http://www.judgepenny.com/" "Mozilla/5.0 (iPhone; CPU iPhone OS 6_1_2 like Mac OS X) AppleWebKit/536.26 (KHTML, like Gecko) Mobile/10B146 [FBAN/FBIOS;FBAV/6.4;FBBV/290891;FBDV/iPhone3,3;FBMD/iPhone;FBSN/iPhone OS;FBSV/6.1.2;FBSS/2; FBCR/Verizon;FBID/phone;FBLC/en_US;FBOP/1]"
72.15.116.239 - - [18/Aug/2013:06:13:16 -0400] "GET /images/linked-in.png HTTP/1.1" 200 2575 "http://www.judgepenny.com/" "Mozilla/5.0 (iPhone; CPU iPhone OS 6_1_2 like Mac OS X) AppleWebKit/536.26 (KHTML, like Gecko) Mobile/10B146 [FBAN/FBIOS;FBAV/6.4;FBBV/290891;FBDV/iPhone3,3;FBMD/iPhone;FBSN/iPhone OS;FBSV/6.1.2;FBSS/2; FBCR/Verizon;FBID/phone;FBLC/en_US;FBOP/1]"
72.15.116.239 - - [18/Aug/2013:06:13:17 -0400] "GET /slideshow/images/judge_penny_opportunity.jpg HTTP/1.1" 200 99540 "http://www.judgepenny.com/" "Mozilla/5.0 (iPhone; CPU iPhone OS 6_1_2 like Mac OS X) AppleWebKit/536.26 (KHTML, like Gecko) Mobile/10B146 [FBAN/FBIOS;FBAV/6.4;FBBV/290891;FBDV/iPhone3,3;FBMD/iPhone;FBSN/iPhone OS;FBSV/6.1.2;FBSS/2; FBCR/Verizon;FBID/phone;FBLC/en_US;FBOP/1]"
65.55.24.245 - - [18/Aug/2013:08:34:29 -0400] "GET / HTTP/1.1" 200 8953 "-" "Mozilla/5.0 (compatible; bingbot/2.0; +http://www.bing.com/bingbot.htm)"
157.55.32.186 - - [18/Aug/2013:22:04:00 -0400] "GET /contact.php HTTP/1.1" 200 6149 "-" "Mozilla/5.0 (compatible; bingbot/2.0; +http://www.bing.com/bingbot.htm)"
91.207.9.226 - - [18/Aug/2013:22:11:13 -0400] "GET / HTTP/1.1" 200 8953 "http://ogosexshop.com.ua/" "Mozilla/4.0 (compatible; MSIE 5.0; Windows 3.1)"
66.249.75.108 - - [18/Aug/2013:22:20:31 -0400] "GET /robots.txt HTTP/1.1" 404 575 "-" "Mozilla/5.0 (compatible; Googlebot/2.1; +http://www.google.com/bot.html)"
66.249.75.108 - - [18/Aug/2013:22:20:31 -0400] "GET /beyond-the-robe.php HTTP/1.1" 200 8574 "-" "Mozilla/5.0 (iPhone; U; CPU iPhone OS 4_1 like Mac OS X; en-us) AppleWebKit/532.9 (KHTML, like Gecko) Version/4.0.5 Mobile/8B117 Safari/6531.22.7 (compatible; Googlebot-Mobile/2.1; +http://www.google.com/bot.html)"
46.118.126.194 - - [18/Aug/2013:22:53:06 -0400] "GET / HTTP/1.1" 200 8953 "http://worldlovers.ru/" "Mozilla/4.0 (compatible; MSIE 6.0; Windows NT 5.1; SV1)"
173.199.116.227 - - [18/Aug/2013:09:12:13 -0400] "GET /index.php HTTP/1.1" 200 8953 "-" "Mozilla/5.0 (compatible; AhrefsBot/4.0; +http://ahrefs.com/robot/)"
46.235.12.154 - - [18/Aug/2013:10:30:14 -0400] "GET /penny-for-your-thoughts_whattodowhenyouloseyourjob.php HTTP/1.1" 200 9678 "http://judgepenny.com/" "Mozilla/5.0 (Windows; U; Windows NT 5.1; en-US; rv:1.8.1.6) Gecko/20070725 Firefox/2.0.0.6 Ara.com.tr AraBot 1.0"
46.235.12.154 - - [18/Aug/2013:10:30:18 -0400] "GET /penny-for-your-thoughts_howtowalkawayfromabadrelationship.php HTTP/1.1" 200 7498 "http://judgepenny.com/" "Mozilla/5.0 (Windows; U; Windows NT 5.1; en-US; rv:1.8.1.6) Gecko/20070725 Firefox/2.0.0.6 Ara.com.tr AraBot 1.0"
46.235.12.154 - - [18/Aug/2013:10:30:19 -0400] "GET /penny-for-your-thoughts_howdoIdealwithanoutofcontrol.php HTTP/1.1" 200 8668 "http://judgepenny.com/" "Mozilla/5.0 (Windows; U; Windows NT 5.1; en-US; rv:1.8.1.6) Gecko/20070725 Firefox/2.0.0.6 Ara.com.tr AraBot 1.0"
46.235.12.154 - - [18/Aug/2013:10:30:58 -0400] "GET /images/s-menu-b.png HTTP/1.1" 200 334 "http://judgepenny.com/judge-penny-foundation.php" "Mozilla/5.0 (Windows; U; Windows NT 5.1; en-US; rv:1.8.1.6) Gecko/20070725 Firefox/2.0.0.6 Ara.com.tr AraBot 1.0"
46.235.12.154 - - [18/Aug/2013:10:31:01 -0400] "GET /images/m-icon.png HTTP/1.1" 200 12891 "http://judgepenny.com/media.php" "Mozilla/5.0 (Windows; U; Windows NT 5.1; en-US; rv:1.8.1.6) Gecko/20070725 Firefox/2.0.0.6 Ara.com.tr AraBot 1.0"
46.235.12.154 - - [18/Aug/2013:10:31:03 -0400] "GET /AJCarticle.pdf HTTP/1.1" 200 2239683 "http://judgepenny.com/press-room.php" "Mozilla/5.0 (Windows; U; Windows NT 5.1; en-US; rv:1.8.1.6) Gecko/20070725 Firefox/2.0.0.6 Ara.com.tr AraBot 1.0"
66.249.82.108 - - [18/Aug/2013:18:48:26 -0400] "GET /slideshow/images/judge_penny_the_judge.jpg HTTP/1.1" 200 151096 "http://www.judgepenny.com/" "Mozilla/5.0 (X11; Linux x86_64) AppleWebKit/537.4 (KHTML, like Gecko; Google Web Preview) Chrome/22.0.1229 Safari/537.4"
66.249.82.108 - - [18/Aug/2013:18:48:26 -0400] "GET /images/h-left.png HTTP/1.1" 200 137 "http://www.judgepenny.com/" "Mozilla/5.0 (X11; Linux x86_64) AppleWebKit/537.4 (KHTML, like Gecko; Google Web Preview) Chrome/22.0.1229 Safari/537.4"
65.55.24.245 - - [18/Aug/2013:15:29:38 -0400] "GET / HTTP/1.1" 200 8953 "-" "Mozilla/5.0 (compatible; bingbot/2.0; +http://www.bing.com/bingbot.htm)"
46.235.12.154 - - [18/Aug/2013:10:30:01 -0400] "GET /slideshow/images/judge_penny_self_worth.jpg HTTP/1.1" 200 129594 "http://judgepenny.com/" "Mozilla/5.0 (Windows; U; Windows NT 5.1; en-US; rv:1.8.1.6) Gecko/20070725 Firefox/2.0.0.6 Ara.com.tr AraBot 1.0"
157.55.34.178 - - [18/Aug/2013:17:42:50 -0400] "GET /images/you-tube.png HTTP/1.1" 200 3090 "-" "Mozilla/5.0 (compatible; bingbot/2.0; +http://www.bing.com/bingbot.htm)"
166.137.119.27 - - [18/Aug/2013:20:50:45 -0400] "GET /slideshow/images/judge_penny_self_worth.jpg HTTP/1.1" 200 129594 "http://www.judgepenny.com/index.php" "Mozilla/5.0 (Linux; U; Android 4.0.4; en-us; SAMSUNG-SGH-I717 Build/IMM76D) AppleWebKit/534.30 (KHTML, like Gecko) Version/4.0 Mobile Safari/534.30"
65.55.24.245 - - [18/Aug/2013:21:21:18 -0400] "GET / HTTP/1.1" 200 8953 "-" "Mozilla/5.0 (compatible; bingbot/2.0; +http://www.bing.com/bingbot.htm)"
71.91.137.227 - - [18/Aug/2013:21:53:22 -0400] "GET /speaking-requests.php HTTP/1.1" 200 14865 "http://www.judgepenny.com/" "Mozilla/5.0 (Windows NT 6.0) AppleWebKit/537.36 (KHTML, like Gecko) Chrome/28.0.1500.95 Safari/537.36"
71.91.137.227 - - [18/Aug/2013:21:53:24 -0400] "GET /slide-style.css HTTP/1.1" 404 575 "http://www.judgepenny.com/speaking-requests.php" "Mozilla/5.0 (Windows NT 6.0) AppleWebKit/537.36 (KHTML, like Gecko) Chrome/28.0.1500.95 Safari/537.36"
71.91.137.227 - - [18/Aug/2013:21:53:24 -0400] "GET /images/main-btm.png HTTP/1.1" 200 398 "http://www.judgepenny.com/speaking-requests.php" "Mozilla/5.0 (Windows NT 6.0) AppleWebKit/537.36 (KHTML, like Gecko) Chrome/28.0.1500.95 Safari/537.36"
71.91.137.227 - - [18/Aug/2013:21:53:24 -0400] "GET /images/entry-bg3.png HTTP/1.1" 200 19110 "http://www.judgepenny.com/speaking-requests.php" "Mozilla/5.0 (Windows NT 6.0) AppleWebKit/537.36 (KHTML, like Gecko) Chrome/28.0.1500.95 Safari/537.36"
71.91.137.227 - - [18/Aug/2013:21:53:25 -0400] "GET /images/sub-menu.png HTTP/1.1" 200 6956 "http://www.judgepenny.com/speaking-requests.php" "Mozilla/5.0 (Windows NT 6.0) AppleWebKit/537.36 (KHTML, like Gecko) Chrome/28.0.1500.95 Safari/537.36"
92.249.127.111 - - [18/Aug/2013:22:36:15 -0400] "GET / HTTP/1.1" 200 8953 "http://www.bravica.me/ru/" "Mozilla/5.0 (compatible; news bot /2.1)"
100.43.83.156 - - [18/Aug/2013:16:59:34 -0400] "GET /robots.txt HTTP/1.1" 404 575 "-" "Mozilla/5.0 (compatible; YandexBot/3.0; +http://yandex.com/bots)"
100.43.83.156 - - [18/Aug/2013:16:59:36 -0400] "GET / HTTP/1.1" 200 8953 "-" "Mozilla/5.0 (compatible; YandexBot/3.0; +http://yandex.com/bots)"
65.55.24.245 - - [18/Aug/2013:17:43:32 -0400] "GET /css/default.css HTTP/1.1" 200 1295 "-" "Mozilla/5.0 (compatible; bingbot/2.0; +http://www.bing.com/bingbot.htm)"
166.137.119.30 - - [18/Aug/2013:18:05:31 -0400] "GET /css/default.css HTTP/1.1" 200 1295 "http://www.judgepenny.com/" "Mozilla/5.0 (Linux; U; Android 4.0.4; en-us; SAMSUNG-SGH-I717 Build/IMM76D) AppleWebKit/534.30 (KHTML, like Gecko) Version/4.0 Mobile Safari/534.30"
166.137.119.30 - - [18/Aug/2013:18:05:33 -0400] "GET /css/loading.gif HTTP/1.1" 200 1737 "http://www.judgepenny.com/" "Mozilla/5.0 (Linux; U; Android 4.0.4; en-us; SAMSUNG-SGH-I717 Build/IMM76D) AppleWebKit/534.30 (KHTML, like Gecko) Version/4.0 Mobile Safari/534.30"
166.137.119.30 - - [18/Aug/2013:18:05:33 -0400] "GET /slideshow/images/judge_penny_self_worth.jpg HTTP/1.1" 200 129594 "http://www.judgepenny.com/" "Mozilla/5.0 (Linux; U; Android 4.0.4; en-us; SAMSUNG-SGH-I717 Build/IMM76D) AppleWebKit/534.30 (KHTML, like Gecko) Version/4.0 Mobile Safari/534.30"
66.249.82.108 - - [18/Aug/2013:18:48:25 -0400] "GET / HTTP/1.1" 200 8953 "http://www.google.com/search" "Mozilla/5.0 (X11; Linux x86_64) AppleWebKit/537.4 (KHTML, like Gecko; Google Web Preview) Chrome/22.0.1229 Safari/537.4"
66.249.82.108 - - [18/Aug/2013:18:48:26 -0400] "GET /js/jquery.nivo.slider.pack.js HTTP/1.1" 200 15854 "http://www.judgepenny.com/" "Mozilla/5.0 (X11; Linux x86_64) AppleWebKit/537.4 (KHTML, like Gecko; Google Web Preview) Chrome/22.0.1229 Safari/537.4"
66.249.82.108 - - [18/Aug/2013:18:48:26 -0400] "GET /slideshow/images/judge_penny_speaking_request.png HTTP/1.1" 200 291884 "http://www.judgepenny.com/" "Mozilla/5.0 (X11; Linux x86_64) AppleWebKit/537.4 (KHTML, like Gecko; Google Web Preview) Chrome/22.0.1229 Safari/537.4"
66.249.82.108 - - [18/Aug/2013:18:48:26 -0400] "GET /images/m-top.png HTTP/1.1" 200 574 "http://www.judgepenny.com/" "Mozilla/5.0 (X11; Linux x86_64) AppleWebKit/537.4 (KHTML, like Gecko; Google Web Preview) Chrome/22.0.1229 Safari/537.4"
166.137.119.27 - - [18/Aug/2013:20:50:42 -0400] "GET /slide-style.css HTTP/1.1" 404 575 "http://www.judgepenny.com/index.php" "Mozilla/5.0 (Linux; U; Android 4.0.4; en-us; SAMSUNG-SGH-I717 Build/IMM76D) AppleWebKit/534.30 (KHTML, like Gecko) Version/4.0 Mobile Safari/534.30"
65.55.24.245 - - [18/Aug/2013:21:20:33 -0400] "GET /penny-for-your-thoughts_howtowalkawayfromabadrelationship.php HTTP/1.1" 200 7498 "-" "Mozilla/5.0 (compatible; bingbot/2.0; +http://www.bing.com/bingbot.htm)"
166.137.119.30 - - [18/Aug/2013:18:05:34 -0400] "GET /images/m-center.png HTTP/1.1" 200 191 "http://www.judgepenny.com/" "Mozilla/5.0 (Linux; U; Android 4.0.4; en-us; SAMSUNG-SGH-I717 Build/IMM76D) AppleWebKit/534.30 (KHTML, like Gecko) Version/4.0 Mobile Safari/534.30"
66.249.82.108 - - [18/Aug/2013:18:48:10 -0400] "GET /images/buy-now.png HTTP/1.1" 200 89906 "http://www.judgepenny.com/beyond-the-robe.php" "Mozilla/5.0 (X11; Linux x86_64) AppleWebKit/537.4 (KHTML, like Gecko; Google Web Preview) Chrome/22.0.1229 Safari/537.4"
37.139.52.23 - - [18/Aug/2013:01:12:30 -0400] "GET / HTTP/1.1" 200 8953 "http://moygarag.ru/" "Mozilla/4.0 (compatible; MSIE 6.0; Windows NT 5.1; SV1; .NET CLR 1.1.4322; .NET CLR 2.0.50727)"
71.33.183.76 - - [18/Aug/2013:14:36:27 -0400] "GET /images/Book_Cover.jpg HTTP/1.1" 200 51558 "http://www.google.com/search?q=judge+penny+brown+reynolds&client=ms-android-verizon&hl=en&source=android-browser-suggest&v=200400000&source=lnms&tbm=isch&sa=X&ei=nhMRUuoSiYDaBdmTgEA&ved=0CAgQ_AUoAA&biw=640&bih=287&sei=ohMRUun0OsnOyQG8mYGICg" "Mozilla/5.0 (Linux; U; Android 4.1.2; en-us; SCH-I535 Build/JZO54K) AppleWebKit/534.30 (KHTML, like Gecko) Version/4.0 Mobile Safari/534.30"
199.30.25.94 - - [18/Aug/2013:18:43:49 -0400] "GET /images/judge-jenny.png HTTP/1.1" 200 28663 "http://www.judgepenny.com/biography.php" "Mozilla/5.0 (Windows NT 6.1; WOW64) AppleWebKit/534+ (KHTML, like Gecko) BingPreview/1.0b"
199.30.25.94 - - [18/Aug/2013:18:43:51 -0400] "GET /images/right-div.png HTTP/1.1" 200 5479 "http://www.judgepenny.com/biography.php" "Mozilla/5.0 (Windows NT 6.1; WOW64) AppleWebKit/534+ (KHTML, like Gecko) BingPreview/1.0b"
74.190.164.243 - - [18/Aug/2013:18:47:32 -0400] "GET /images/Book_Cover.jpg HTTP/1.1" 200 51558 "-" "Mozilla/5.0 (iPad; CPU OS 6_1_3 like Mac OS X) AppleWebKit/536.26 (KHTML, like Gecko) Version/6.0 Mobile/10B329 Safari/8536.25"
66.249.82.108 - - [18/Aug/2013:18:48:45 -0400] "GET /penny-for-your-thoughts_howdoIdealwithanoutofcontrol.php HTTP/1.1" 200 8668 "http://www.google.com/search" "Mozilla/5.0 (X11; Linux x86_64) AppleWebKit/537.4 (KHTML, like Gecko; Google Web Preview) Chrome/22.0.1229 Safari/537.4"
66.249.82.108 - - [18/Aug/2013:18:48:46 -0400] "GET /slide-style.css HTTP/1.1" 404 575 "http://www.judgepenny.com/penny-for-your-thoughts_howdoIdealwithanoutofcontrol.php" "Mozilla/5.0 (X11; Linux x86_64) AppleWebKit/537.4 (KHTML, like Gecko; Google Web Preview) Chrome/22.0.1229 Safari/537.4"
66.249.82.108 - - [18/Aug/2013:18:48:46 -0400] "GET /images/advice.jpg HTTP/1.1" 200 51293 "http://www.judgepenny.com/penny-for-your-thoughts_howdoIdealwithanoutofcontrol.php" "Mozilla/5.0 (X11; Linux x86_64) AppleWebKit/537.4 (KHTML, like Gecko; Google Web Preview) Chrome/22.0.1229 Safari/537.4"
65.55.24.245 - - [18/Aug/2013:21:21:24 -0400] "GET /speaking-requests.php HTTP/1.1" 200 14865 "-" "Mozilla/5.0 (compatible; bingbot/2.0; +http://www.bing.com/bingbot.htm)"
173.199.116.227 - - [18/Aug/2013:12:20:00 -0400] "GET /speaking-requests.php HTTP/1.1" 200 14865 "-" "Mozilla/5.0 (compatible; AhrefsBot/4.0; +http://ahrefs.com/robot/)"
66.249.82.108 - - [18/Aug/2013:18:48:26 -0400] "GET /slide-style.css HTTP/1.1" 404 575 "http://www.judgepenny.com/" "Mozilla/5.0 (X11; Linux x86_64) AppleWebKit/537.4 (KHTML, like Gecko; Google Web Preview) Chrome/22.0.1229 Safari/537.4"
66.249.82.108 - - [18/Aug/2013:18:48:26 -0400] "GET /slideshow/images/judge_penny_opportunity.jpg HTTP/1.1" 200 99540 "http://www.judgepenny.com/" "Mozilla/5.0 (X11; Linux x86_64) AppleWebKit/537.4 (KHTML, like Gecko; Google Web Preview) Chrome/22.0.1229 Safari/537.4"
66.249.82.108 - - [18/Aug/2013:18:48:26 -0400] "GET /images/mail-div.png HTTP/1.1" 200 1078 "http://www.judgepenny.com/" "Mozilla/5.0 (X11; Linux x86_64) AppleWebKit/537.4 (KHTML, like Gecko; Google Web Preview) Chrome/22.0.1229 Safari/537.4"
208.115.111.70 - - [18/Aug/2013:17:21:40 -0400] "GET /media.php HTTP/1.1" 200 6682 "-" "Mozilla/5.0 (compatible; Ezooms/1.0; ezooms.bot@gmail.com)"
67.84.196.90 - - [18/Aug/2013:13:08:02 -0400] "GET /slide-style.css HTTP/1.1" 404 575 "http://www.judgepenny.com/" "Mozilla/5.0 (Windows NT 6.1; rv:23.0) Gecko/20100101 Firefox/23.0"
67.84.196.90 - - [18/Aug/2013:13:08:02 -0400] "GET /images/twitter.png HTTP/1.1" 200 2703 "http://www.judgepenny.com/" "Mozilla/5.0 (Windows NT 6.1; rv:23.0) Gecko/20100101 Firefox/23.0"
67.84.196.90 - - [18/Aug/2013:13:08:02 -0400] "GET /slideshow/images/judge_penny_opportunity.jpg HTTP/1.1" 200 99540 "http://www.judgepenny.com/" "Mozilla/5.0 (Windows NT 6.1; rv:23.0) Gecko/20100101 Firefox/23.0"
67.84.196.90 - - [18/Aug/2013:13:08:03 -0400] "GET /images/jenny-header.png HTTP/1.1" 200 69160 "http://www.judgepenny.com/css/style.css" "Mozilla/5.0 (Windows NT 6.1; rv:23.0) Gecko/20100101 Firefox/23.0"
67.84.196.90 - - [18/Aug/2013:13:08:03 -0400] "GET /images/mail-div.png HTTP/1.1" 200 1078 "http://www.judgepenny.com/css/style.css" "Mozilla/5.0 (Windows NT 6.1; rv:23.0) Gecko/20100101 Firefox/23.0"
67.84.196.90 - - [18/Aug/2013:13:08:03 -0400] "GET /css/bullets.png HTTP/1.1" 200 1281 "http://www.judgepenny.com/css/default.css" "Mozilla/5.0 (Windows NT 6.1; rv:23.0) Gecko/20100101 Firefox/23.0"
66.249.82.108 - - [18/Aug/2013:18:47:55 -0400] "GET /videos/jwplayer.js HTTP/1.1" 200 133009 "http://www.judgepenny.com/contact.php" "Mozilla/5.0 (X11; Linux x86_64) AppleWebKit/537.4 (KHTML, like Gecko; Google Web Preview) Chrome/22.0.1229 Safari/537.4"
66.249.82.108 - - [18/Aug/2013:18:47:55 -0400] "GET /images/r-head.png HTTP/1.1" 200 596 "http://www.judgepenny.com/contact.php" "Mozilla/5.0 (X11; Linux x86_64) AppleWebKit/537.4 (KHTML, like Gecko; Google Web Preview) Chrome/22.0.1229 Safari/537.4"
66.249.82.108 - - [18/Aug/2013:18:47:55 -0400] "GET /images/linked-in.png HTTP/1.1" 200 2575 "http://www.judgepenny.com/contact.php" "Mozilla/5.0 (X11; Linux x86_64) AppleWebKit/537.4 (KHTML, like Gecko; Google Web Preview) Chrome/22.0.1229 Safari/537.4"
66.249.82.108 - - [18/Aug/2013:18:47:55 -0400] "GET /images/bg.jpg HTTP/1.1" 200 71900 "http://www.judgepenny.com/contact.php" "Mozilla/5.0 (X11; Linux x86_64) AppleWebKit/537.4 (KHTML, like Gecko; Google Web Preview) Chrome/22.0.1229 Safari/537.4"
66.249.82.108 - - [18/Aug/2013:18:47:56 -0400] "GET /images/seprator.png HTTP/1.1" 200 429 "http://www.judgepenny.com/contact.php" "Mozilla/5.0 (X11; Linux x86_64) AppleWebKit/537.4 (KHTML, like Gecko; Google Web Preview) Chrome/22.0.1229 Safari/537.4"
66.249.82.108 - - [18/Aug/2013:18:48:51 -0400] "GET /images/pic2.jpg HTTP/1.1" 200 85634 "http://www.judgepenny.com/photos.php" "Mozilla/5.0 (X11; Linux x86_64) AppleWebKit/537.4 (KHTML, like Gecko; Google Web Preview) Chrome/22.0.1229 Safari/537.4"
65.55.24.245 - - [18/Aug/2013:17:43:30 -0400] "GET /css/nivo-slider.css HTTP/1.1" 200 1430 "-" "Mozilla/5.0 (compatible; bingbot/2.0; +http://www.bing.com/bingbot.htm)"
157.55.33.88 - - [18/Aug/2013:17:44:09 -0400] "GET /images/judge.png HTTP/1.1" 200 164424 "-" "Mozilla/5.0 (compatible; bingbot/2.0; +http://www.bing.com/bingbot.htm)"
157.55.33.88 - - [18/Aug/2013:21:19:58 -0400] "GET /shopping.php HTTP/1.1" 200 8086 "-" "Mozilla/5.0 (compatible; bingbot/2.0; +http://www.bing.com/bingbot.htm)"
