166.137.119.27 - - [18/Aug/2013:20:50:46 -0400] "GET /css/bullets.png HTTP/1.1" 200 1281 "http://www.judgepenny.com/index.php" "Mozilla/5.0 (Linux; U; Android 4.0.4; en-us; SAMSUNG-SGH-I717 Build/IMM76D) AppleWebKit/534.30 (KHTML, like Gecko) Version/4.0 Mobile Safari/534.30"
71.91.137.227 - - [18/Aug/2013:21:52:53 -0400] "GET /slideshow/images/book.jpg HTTP/1.1" 200 132593 "http://www.judgepenny.com/" "Mozilla/5.0 (Windows NT 6.0) AppleWebKit/537.36 (KHTML, like Gecko) Chrome/28.0.1500.95 Safari/537.36"
71.91.137.227 - - [18/Aug/2013:21:52:54 -0400] "GET /images/s-top.png HTTP/1.1" 200 440 "http://www.judgepenny.com/" "Mozilla/5.0 (Windows NT 6.0) AppleWebKit/537.36 (KHTML, like Gecko) Chrome/28.0.1500.95 Safari/537.36"
71.91.137.227 - - [18/Aug/2013:21:52:54 -0400] "GET /css/arrows.png HTTP/1.1" 200 824 "http://www.judgepenny.com/" "Mozilla/5.0 (Windows NT 6.0) AppleWebKit/537.36 (KHTML, like Gecko) Chrome/28.0.1500.95 Safari/537.36"
92.249.127.111 - - [18/Aug/2013:22:36:16 -0400] "GET / HTTP/1.1" 200 8953 "http://www.bravica.me/ru/" "Mozilla/5.0 (compatible; news bot /2.1)"
217.69.133.217 - - [18/Aug/2013:07:17:05 -0400] "GET /robots.txt HTTP/1.0" 404 575 "-" "Mozilla/5.0 (compatible; Linux x86_64; Mail.RU_Bot/2.0; +http://go.mail.ru/help/robots)"
46.235.12.154 - - [18/Aug/2013:10:33:30 -0400] "GET /IVYLeaf.pdf HTTP/1.1" 200 4985973 "http://judgepenny.com/press-room.php" "Mozilla/5.0 (Windows; U; Windows NT 5.1; en-US; rv:1.8.1.6) Gecko/20070725 Firefox/2.0.0.6 Ara.com.tr AraBot 1.0"
66.249.82.108 - - [18/Aug/2013:18:47:55 -0400] "GET /images/events.png HTTP/1.1" 200 3829 "http://www.judgepenny.com/contact.php" "Mozilla/5.0 (X11; Linux x86_64) AppleWebKit/537.4 (KHTML, like Gecko; Google Web Preview) Chrome/22.0.1229 Safari/537.4"
66.249.82.108 - - [18/Aug/2013:18:48:51 -0400] "GET /images/jenny-header.png HTTP/1.1" 200 69160 "http://www.judgepenny.com/photos.php" "Mozilla/5.0 (X11; Linux x86_64) AppleWebKit/537.4 (KHTML, like Gecko; Google Web Preview) Chrome/22.0.1229 Safari/537.4"
46.119.118.152 - - [18/Aug/2013:13:35:51 -0400] "GET / HTTP/1.1" 200 8953 "http://remont-fridge-tv.ru/" "Mozilla/4.0 (compatible; MSIE 6.0; Windows NT 5.2; SV1; .NET CLR 1.1.4322; .NET CLR 2.0.50727)"
157.55.34.178 - - [18/Aug/2013:21:19:35 -0400] "GET /index.php HTTP/1.1" 200 8953 "-" "Mozilla/5.0 (compatible; bingbot/2.0; +http://www.bing.com/bingbot.htm)"
157.55.34.178 - - [18/Aug/2013:17:41:27 -0400] "GET /robots.txt HTTP/1.1" 404 575 "-" "Mozilla/5.0 (compatible; bingbot/2.0; +http://www.bing.com/bingbot.htm)"
166.137.119.30 - - [18/Aug/2013:18:05:31 -0400] "GET /js/jquery.nivo.slider.pack.js HTTP/1.1" 200 15854 "http://www.judgepenny.com/" "Mozilla/5.0 (Linux; U; Android 4.0.4; en-us; SAMSUNG-SGH-I717 Build/IMM76D) AppleWebKit/534.30 (KHTML, like Gecko) Version/4.0 Mobile Safari/534.30"
166.137.119.30 - - [18/Aug/2013:18:05:33 -0400] "GET /slideshow/images/book.jpg HTTP/1.1" 200 132593 "http://www.judgepenny.com/" "Mozilla/5.0 (Linux; U; Android 4.0.4; en-us; SAMSUNG-SGH-I717 Build/IMM76D) AppleWebKit/534.30 (KHTML, like Gecko) Version/4.0 Mobile Safari/534.30"
74.190.164.243 - - [18/Aug/2013:18:48:32 -0400] "GET /images/advice.jpg HTTP/1.1" 200 51293 "-" "Mozilla/5.0 (iPad; CPU OS 6_1_3 like Mac OS X) AppleWebKit/536.26 (KHTML, like Gecko) Version/6.0 Mobile/10B329 Safari/8536.25"
66.249.82.108 - - [18/Aug/2013:18:48:51 -0400] "GET /images/pic7.jpg HTTP/1.1" 200 88548 "http://www.judgepenny.com/photos.php" "Mozilla/5.0 (X11; Linux x86_64) AppleWebKit/537.4 (KHTML, like Gecko; Google Web Preview) Chrome/22.0.1229 Safari/537.4"
66.249.82.108 - - [18/Aug/2013:18:48:51 -0400] "GET /images/bg.jpg HTTP/1.1" 200 71900 "http://www.judgepenny.com/photos.php" "Mozilla/5.0 (X11; Linux x86_64) AppleWebKit/537.4 (KHTML, like Gecko; Google Web Preview) Chrome/22.0.1229 Safari/537.4"
166.137.119.27 - - [18/Aug/2013:20:50:45 -0400] "GET /images/m-top.png HTTP/1.1" 200 574 "http://www.judgepenny.com/index.php" "Mozilla/5.0 (Linux; U; Android 4.0.4; en-us; SAMSUNG-SGH-I717 Build/IMM76D) AppleWebKit/534.30 (KHTML, like Gecko) Version/4.0 Mobile Safari/534.30"
166.137.119.27 - - [18/Aug/2013:20:50:45 -0400] "GET /images/h-right.png HTTP/1.1" 200 279 "http://www.judgepenny.com/index.php" "Mozilla/5.0 (Linux; U; Android 4.0.4; en-us; SAMSUNG-SGH-I717 Build/IMM76D) AppleWebKit/534.30 (KHTML, like Gecko) Version/4.0 Mobile Safari/534.30"
166.137.119.27 - - [18/Aug/2013:20:50:45 -0400] "GET /images/h-left.png HTTP/1.1" 200 137 "http://www.judgepenny.com/index.php" "Mozilla/5.0 (Linux; U; Android 4.0.4; en-us; SAMSUNG-SGH-I717 Build/IMM76D) AppleWebKit/534.30 (KHTML, like Gecko) Version/4.0 Mobile Safari/534.30"
166.137.119.27 - - [18/Aug/2013:20:50:46 -0400] "GET /images/s-top.png HTTP/1.1" 200 440 "http://www.judgepenny.com/index.php" "Mozilla/5.0 (Linux; U; Android 4.0.4; en-us; SAMSUNG-SGH-I717 Build/IMM76D) AppleWebKit/534.30 (KHTML, like Gecko) Version/4.0 Mobile Safari/534.30"
166.137.119.27 - - [18/Aug/2013:20:50:46 -0400] "GET /images/s-btm.png HTTP/1.1" 200 605 "http://www.judgepenny.com/index.php" "Mozilla/5.0 (Linux; U; Android 4.0.4; en-us; SAMSUNG-SGH-I717 Build/IMM76D) AppleWebKit/534.30 (KHTML, like Gecko) Version/4.0 Mobile Safari/534.30"
166.137.119.27 - - [18/Aug/2013:20:50:46 -0400] "GET /images/ftr-bg.png HTTP/1.1" 200 198 "http://www.judgepenny.com/index.php" "Mozilla/5.0 (Linux; U; Android 4.0.4; en-us; SAMSUNG-SGH-I717 Build/IMM76D) AppleWebKit/534.30 (KHTML, like Gecko) Version/4.0 Mobile Safari/534.30"
71.91.137.227 - - [18/Aug/2013:21:52:48 -0400] "GET / HTTP/1.1" 200 8953 "https://www.google.com/" "Mozilla/5.0 (Windows NT 6.0) AppleWebKit/537.36 (KHTML, like Gecko) Chrome/28.0.1500.95 Safari/537.36"
71.91.137.227 - - [18/Aug/2013:21:52:49 -0400] "GET /css/style.css HTTP/1.1" 200 9522 "http://www.judgepenny.com/" "Mozilla/5.0 (Windows NT 6.0) AppleWebKit/537.36 (KHTML, like Gecko) Chrome/28.0.1500.95 Safari/537.36"
71.91.137.227 - - [18/Aug/2013:21:52:53 -0400] "GET /images/linked-in.png HTTP/1.1" 200 2575 "http://www.judgepenny.com/" "Mozilla/5.0 (Windows NT 6.0) AppleWebKit/537.36 (KHTML, like Gecko) Chrome/28.0.1500.95 Safari/537.36"
71.91.137.227 - - [18/Aug/2013:21:52:53 -0400] "GET /images/jenny-header.png HTTP/1.1" 200 69160 "http://www.judgepenny.com/" "Mozilla/5.0 (Windows NT 6.0) AppleWebKit/537.36 (KHTML, like Gecko) Chrome/28.0.1500.95 Safari/537.36"
46.118.126.194 - - [18/Aug/2013:22:53:08 -0400] "GET / HTTP/1.1" 200 8953 "http://worldlovers.ru/" "Mozilla/4.0 (compatible; MSIE 6.0; Windows NT 5.1; SV1)"
46.119.118.152 - - [18/Aug/2013:13:35:50 -0400] "GET / HTTP/1.1" 200 8953 "http://www.bravica.su/" "Mozilla/4.0 (compatible; MSIE 6.0; Windows NT 5.2; SV1; .NET CLR 1.1.4322; .NET CLR 2.0.50727)"
37.139.52.23 - - [18/Aug/2013:01:12:31 -0400] "GET / HTTP/1.1" 200 8953 "http://moygarag.ru/" "Mozilla/4.0 (compatible; MSIE 6.0; Windows NT 5.1; SV1; .NET CLR 1.1.4322; .NET CLR 2.0.50727)"
157.55.36.45 - - [18/Aug/2013:02:54:43 -0400] "GET /robots.txt HTTP/1.1" 404 575 "-" "Mozilla/5.0 (compatible; bingbot/2.0; +http://www.bing.com/bingbot.htm)"
166.137.119.30 - - [18/Aug/2013:18:05:33 -0400] "GET /slideshow/images/judge_penny_speaking_request.png HTTP/1.1" 200 291884 "http://www.judgepenny.com/" "Mozilla/5.0 (Linux; U; Android 4.0.4; en-us; SAMSUNG-SGH-I717 Build/IMM76D) AppleWebKit/534.30 (KHTML, like Gecko) Version/4.0 Mobile Safari/534.30"
66.249.82.108 - - [18/Aug/2013:18:48:26 -0400] "GET /images/s-btm.png HTTP/1.1" 200 605 "http://www.judgepenny.com/" "Mozilla/5.0 (X11; Linux x86_64) AppleWebKit/537.4 (KHTML, like Gecko; Google Web Preview) Chrome/22.0.1229 Safari/537.4"
66.249.82.108 - - [18/Aug/2013:18:48:51 -0400] "GET /images/pic6.jpg HTTP/1.1" 200 57281 "http://www.judgepenny.com/photos.php" "Mozilla/5.0 (X11; Linux x86_64) AppleWebKit/537.4 (KHTML, like Gecko; Google Web Preview) Chrome/22.0.1229 Safari/537.4"
67.84.196.90 - - [18/Aug/2013:13:08:02 -0400] "GET /css/style.css HTTP/1.1" 200 9522 "http://www.judgepenny.com/" "Mozilla/5.0 (Windows NT 6.1; rv:23.0) Gecko/20100101 Firefox/23.0"
67.84.196.90 - - [18/Aug/2013:13:08:02 -0400] "GET /js/jquery.nivo.slider.pack.js HTTP/1.1" 200 15854 "http://www.judgepenny.com/" "Mozilla/5.0 (Windows NT 6.1; rv:23.0) Gecko/20100101 Firefox/23.0"
67.84.196.90 - - [18/Aug/2013:13:08:02 -0400] "GET /slideshow/images/judge_penny_foundation.jpg HTTP/1.1" 200 175194 "http://www.judgepenny.com/" "Mozilla/5.0 (Windows NT 6.1; rv:23.0) Gecko/20100101 Firefox/23.0"
67.84.196.90 - - [18/Aug/2013:13:08:03 -0400] "GET /images/bg.jpg HTTP/1.1" 200 71900 "http://www.judgepenny.com/css/style.css" "Mozilla/5.0 (Windows NT 6.1; rv:23.0) Gecko/20100101 Firefox/23.0"
67.84.196.90 - - [18/Aug/2013:13:08:03 -0400] "GET /images/h-left.png HTTP/1.1" 200 137 "http://www.judgepenny.com/css/style.css" "Mozilla/5.0 (Windows NT 6.1; rv:23.0) Gecko/20100101 Firefox/23.0"
67.84.196.90 - - [18/Aug/2013:13:08:03 -0400] "GET /images/s-btm.png HTTP/1.1" 200 605 "http://www.judgepenny.com/css/style.css" "Mozilla/5.0 (Windows NT 6.1; rv:23.0) Gecko/20100101 Firefox/23.0"
66.249.82.108 - - [18/Aug/2013:18:48:26 -0400] "GET /slideshow/images/judge_penny_self_worth.jpg HTTP/1.1" 200 129594 "http://www.judgepenny.com/" "Mozilla/5.0 (X11; Linux x86_64) AppleWebKit/537.4 (KHTML, like Gecko; Google Web Preview) Chrome/22.0.1229 Safari/537.4"
66.249.82.108 - - [18/Aug/2013:18:48:26 -0400] "GET /images/m-center.png HTTP/1.1" 200 191 "http://www.judgepenny.com/" "Mozilla/5.0 (X11; Linux x86_64) AppleWebKit/537.4 (KHTML, like Gecko; Google Web Preview) Chrome/22.0.1229 Safari/537.4"
66.249.82.108 - - [18/Aug/2013:18:48:51 -0400] "GET /images/main-btm.png HTTP/1.1" 200 398 "http://www.judgepenny.com/photos.php" "Mozilla/5.0 (X11; Linux x86_64) AppleWebKit/537.4 (KHTML, like Gecko; Google Web Preview) Chrome/22.0.1229 Safari/537.4"
157.55.33.88 - - [18/Aug/2013:21:19:55 -0400] "GET /judge-penny-story.php HTTP/1.1" 200 13963 "-" "Mozilla/5.0 (compatible; bingbot/2.0; +http://www.bing.com/bingbot.htm)"
157.55.34.178 - - [18/Aug/2013:22:01:53 -0400] "GET /robots.txt HTTP/1.1" 404 575 "-" "Mozilla/5.0 (compatible; bingbot/2.0; +http://www.bing.com/bingbot.htm)"
66.249.82.108 - - [18/Aug/2013:18:47:35 -0400] "GET /shopping.php HTTP/1.1" 200 8086 "http://www.google.com/search" "Mozilla/5.0 (X11; Linux x86_64) AppleWebKit/537.4 (KHTML, like Gecko; Google Web Preview) Chrome/22.0.1229 Safari/537.4"
66.249.82.108 - - [18/Aug/2013:18:47:36 -0400] "GET /videos/jwplayer.js HTTP/1.1" 200 133009 "http://www.judgepenny.com/shopping.php" "Mozilla/5.0 (X11; Linux x86_64) AppleWebKit/537.4 (KHTML, like Gecko; Google Web Preview) Chrome/22.0.1229 Safari/537.4"
66.249.82.108 - - [18/Aug/2013:18:47:36 -0400] "GET /slide-style.css HTTP/1.1" 404 575 "http://www.judgepenny.com/shopping.php" "Mozilla/5.0 (X11; Linux x86_64) AppleWebKit/537.4 (KHTML, like Gecko; Google Web Preview) Chrome/22.0.1229 Safari/537.4"
66.249.82.108 - - [18/Aug/2013:18:47:36 -0400] "GET /images/twitter.png HTTP/1.1" 200 2703 "http://www.judgepenny.com/shopping.php" "Mozilla/5.0 (X11; Linux x86_64) AppleWebKit/537.4 (KHTML, like Gecko; Google Web Preview) Chrome/22.0.1229 Safari/537.4"
66.249.82.108 - - [18/Aug/2013:18:47:55 -0400] "GET /images/facebook.png HTTP/1.1" 200 2371 "http://www.judgepenny.com/contact.php" "Mozilla/5.0 (X11; Linux x86_64) AppleWebKit/537.4 (KHTML, like Gecko; Google Web Preview) Chrome/22.0.1229 Safari/537.4"
66.249.82.108 - - [18/Aug/2013:18:48:26 -0400] "GET /css/bullets.png HTTP/1.1" 200 1281 "http://www.judgepenny.com/" "Mozilla/5.0 (X11; Linux x86_64) AppleWebKit/537.4 (KHTML, like Gecko; Google Web Preview) Chrome/22.0.1229 Safari/537.4"
166.137.119.27 - - [18/Aug/2013:20:50:45 -0400] "GET /images/m-btm.png HTTP/1.1" 200 741 "http://www.judgepenny.com/index.php" "Mozilla/5.0 (Linux; U; Android 4.0.4; en-us; SAMSUNG-SGH-I717 Build/IMM76D) AppleWebKit/534.30 (KHTML, like Gecko) Version/4.0 Mobile Safari/534.30"
166.137.119.27 - - [18/Aug/2013:20:50:45 -0400] "GET /images/mail-div.png HTTP/1.1" 200 1078 "http://www.judgepenny.com/index.php" "Mozilla/5.0 (Linux; U; Android 4.0.4; en-us; SAMSUNG-SGH-I717 Build/IMM76D) AppleWebKit/534.30 (KHTML, like Gecko) Version/4.0 Mobile Safari/534.30"
166.137.119.27 - - [18/Aug/2013:20:50:46 -0400] "GET /images/side-bg.png HTTP/1.1" 200 168 "http://www.judgepenny.com/index.php" "Mozilla/5.0 (Linux; U; Android 4.0.4; en-us; SAMSUNG-SGH-I717 Build/IMM76D) AppleWebKit/534.30 (KHTML, like Gecko) Version/4.0 Mobile Safari/534.30"
24.129.46.111 - - [18/Aug/2013:18:28:52 -0400] "GET /images/judge2.jpg HTTP/1.1" 302 377 "http://www.google.com/blank.html" "Mozilla/5.0 (Macintosh; Intel Mac OS X 10_6_8) AppleWebKit/534.59.8 (KHTML, like Gecko) Version/5.1.9 Safari/534.59.8"
74.190.164.243 - - [18/Aug/2013:18:48:29 -0400] "GET /images/girls_with_pearls.png HTTP/1.1" 200 244372 "-" "Mozilla/5.0 (iPad; CPU OS 6_1_3 like Mac OS X) AppleWebKit/536.26 (KHTML, like Gecko) Version/6.0 Mobile/10B329 Safari/8536.25"
66.249.82.108 - - [18/Aug/2013:18:48:33 -0400] "GET /images/you-tube.png HTTP/1.1" 200 3090 "http://www.judgepenny.com/judge-penny-foundation.php" "Mozilla/5.0 (X11; Linux x86_64) AppleWebKit/537.4 (KHTML, like Gecko; Google Web Preview) Chrome/22.0.1229 Safari/537.4"
38.100.21.62 - - [18/Aug/2013:05:45:27 -0400] "GET / HTTP/1.1" 200 8953 "-" "Mozilla/4.0 (compatible; MSIE 7.0; Windows NT 5.2)"
38.100.21.62 - - [18/Aug/2013:05:45:30 -0400] "GET /css/default.css HTTP/1.1" 200 1295 "-" "Mozilla/4.0 (compatible; MSIE 7.0; Windows NT 5.2)"
157.55.33.88 - - [18/Aug/2013:17:44:08 -0400] "GET /images/linked-in.png HTTP/1.1" 200 2575 "-" "Mozilla/5.0 (compatible; bingbot/2.0; +http://www.bing.com/bingbot.htm)"
66.249.75.108 - - [18/Aug/2013:01:13:19 -0400] "GET /video-clips.php HTTP/1.1" 200 7451 "-" "Mozilla/5.0 (iPhone; U; CPU iPhone OS 4_1 like Mac OS X; en-us) AppleWebKit/532.9 (KHTML, like Gecko) Version/4.0.5 Mobile/8B117 Safari/6531.22.7 (compatible; Googlebot-Mobile/2.1; +http://www.google.com/bot.html)"
178.137.128.12 - - [18/Aug/2013:08:20:54 -0400] "GET / HTTP/1.1" 200 8953 "http://www.uabuild.com/" "Mozilla/4.0 (compatible; MSIE 6.0; Windows XP)"
78.158.11.226 - - [18/Aug/2013:14:29:40 -0400] "GET /contact.php HTTP/1.1" 200 6149 "-" "Lynx/2.8.5rel.1 libwww-FM/2.15FC SSL-MM/1.4.1c OpenSSL/0.9.7e-dev"
74.190.164.243 - - [18/Aug/2013:18:48:07 -0400] "GET /images/judge2.jpg HTTP/1.1" 200 50523 "-" "Mozilla/5.0 (iPad; CPU OS 6_1_3 like Mac OS X) AppleWebKit/536.26 (KHTML, like Gecko) Version/6.0 Mobile/10B329 Safari/8536.25"
74.190.164.243 - - [18/Aug/2013:18:48:23 -0400] "GET /slideshow/images/judge_penny_the_judge.jpg HTTP/1.1" 200 151096 "-" "Mozilla/5.0 (iPad; CPU OS 6_1_3 like Mac OS X) AppleWebKit/536.26 (KHTML, like Gecko) Version/6.0 Mobile/10B329 Safari/8536.25"
71.91.137.227 - - [18/Aug/2013:21:52:49 -0400] "GET /css/default.css HTTP/1.1" 200 1295 "http://www.judgepenny.com/" "Mozilla/5.0 (Windows NT 6.0) AppleWebKit/537.36 (KHTML, like Gecko) Chrome/28.0.1500.95 Safari/537.36"
46.119.118.152 - - [18/Aug/2013:13:35:49 -0400] "GET / HTTP/1.1" 200 8953 "http://remont-fridge-tv.ru/" "Mozilla/4.0 (compatible; MSIE 6.0; Windows NT 5.2; SV1; .NET CLR 1.1.4322; .NET CLR 2.0.50727)"
66.249.82.108 - - [18/Aug/2013:18:48:51 -0400] "GET /videos/jwplayer.js HTTP/1.1" 200 133009 "http://www.judgepenny.com/photos.php" "Mozilla/5.0 (X11; Linux x86_64) AppleWebKit/537.4 (KHTML, like Gecko; Google Web Preview) Chrome/22.0.1229 Safari/537.4"
66.249.82.108 - - [18/Aug/2013:18:48:51 -0400] "GET /images/entry-bg3.png HTTP/1.1" 200 19110 "http://www.judgepenny.com/photos.php" "Mozilla/5.0 (X11; Linux x86_64) AppleWebKit/537.4 (KHTML, like Gecko; Google Web Preview) Chrome/22.0.1229 Safari/537.4"
66.249.82.108 - - [18/Aug/2013:18:48:51 -0400] "GET /images/pic3.jpg HTTP/1.1" 200 49773 "http://www.judgepenny.com/photos.php" "Mozilla/5.0 (X11; Linux x86_64) AppleWebKit/537.4 (KHTML, like Gecko; Google Web Preview) Chrome/22.0.1229 Safari/537.4"
91.207.9.226 - - [18/Aug/2013:07:42:19 -0400] "GET / HTTP/1.1" 200 8953 "http://zemlanin.info/" "Mozilla/4.0 (compatible; MSIE 6.0; Windows NT 5.1; .NET CLR 1.0.3705)"
78.158.11.226 - - [18/Aug/2013:14:29:35 -0400] "GET / HTTP/1.1" 200 8953 "http://evuln.com/tools/malware-scanner/www.judgepenny.com/" "Lynx/2.8.5rel.1 libwww-FM/2.15FC SSL-MM/1.4.1c OpenSSL/0.9.7e-dev"
24.129.46.111 - - [18/Aug/2013:18:29:02 -0400] "GET /images/contact.png HTTP/1.1" 302 378 "http://www.google.com/blank.html" "Mozilla/5.0 (Macintosh; Intel Mac OS X 10_6_8) AppleWebKit/534.59.8 (KHTML, like Gecko) Version/5.1.9 Safari/534.59.8"
24.129.46.111 - - [18/Aug/2013:18:29:02 -0400] "GET /images/advice.jpg HTTP/1.1" 302 377 "http://www.google.com/blank.html" "Mozilla/5.0 (Macintosh; Intel Mac OS X 10_6_8) AppleWebKit/534.59.8 (KHTML, like Gecko) Version/5.1.9 Safari/534.59.8"
66.249.82.108 - - [18/Aug/2013:18:48:09 -0400] "GET /beyond-the-robe.php HTTP/1.1" 200 8574 "http://www.google.com/search" "Mozilla/5.0 (X11; Linux x86_64) AppleWebKit/537.4 (KHTML, like Gecko; Google Web Preview) Chrome/22.0.1229 Safari/537.4"
66.249.82.108 - - [18/Aug/2013:18:48:10 -0400] "GET /slide-style.css HTTP/1.1" 404 575 "http://www.judgepenny.com/beyond-the-robe.php" "Mozilla/5.0 (X11; Linux x86_64) AppleWebKit/537.4 (KHTML, like Gecko; Google Web Preview) Chrome/22.0.1229 Safari/537.4"
66.249.82.108 - - [18/Aug/2013:18:48:10 -0400] "GET /images/judge2.jpg HTTP/1.1" 200 50523 "http://www.judgepenny.com/beyond-the-robe.php" "Mozilla/5.0 (X11; Linux x86_64) AppleWebKit/537.4 (KHTML, like Gecko; Google Web Preview) Chrome/22.0.1229 Safari/537.4"
65.55.24.245 - - [18/Aug/2013:20:42:46 -0400] "GET /robots.txt HTTP/1.1" 404 575 "-" "Mozilla/5.0 (compatible; bingbot/2.0; +http://www.bing.com/bingbot.htm)"
65.55.24.245 - - [18/Aug/2013:21:20:22 -0400] "GET /judge-penny-foundation.php HTTP/1.1" 200 7746 "-" "Mozilla/5.0 (compatible; bingbot/2.0; +http://www.bing.com/bingbot.htm)"
71.91.137.227 - - [18/Aug/2013:21:52:53 -0400] "GET /images/twitter.png HTTP/1.1" 200 2703 "http://www.judgepenny.com/" "Mozilla/5.0 (Windows NT 6.0) AppleWebKit/537.36 (KHTML, like Gecko) Chrome/28.0.1500.95 Safari/537.36"
71.91.137.227 - - [18/Aug/2013:21:52:53 -0400] "GET /images/bg.jpg HTTP/1.1" 200 71900 "http://www.judgepenny.com/" "Mozilla/5.0 (Windows NT 6.0) AppleWebKit/537.36 (KHTML, like Gecko) Chrome/28.0.1500.95 Safari/537.36"
71.91.137.227 - - [18/Aug/2013:21:52:53 -0400] "GET /images/h-left.png HTTP/1.1" 200 137 "http://www.judgepenny.com/" "Mozilla/5.0 (Windows NT 6.0) AppleWebKit/537.36 (KHTML, like Gecko) Chrome/28.0.1500.95 Safari/537.36"
71.91.137.227 - - [18/Aug/2013:21:52:54 -0400] "GET /images/mail-div.png HTTP/1.1" 200 1078 "http://www.judgepenny.com/" "Mozilla/5.0 (Windows NT 6.0) AppleWebKit/537.36 (KHTML, like Gecko) Chrome/28.0.1500.95 Safari/537.36"
71.91.137.227 - - [18/Aug/2013:21:52:54 -0400] "GET /images/s-btm.png HTTP/1.1" 200 605 "http://www.judgepenny.com/" "Mozilla/5.0 (Windows NT 6.0) AppleWebKit/537.36 (KHTML, like Gecko) Chrome/28.0.1500.95 Safari/537.36"
71.91.137.227 - - [18/Aug/2013:21:52:54 -0400] "GET /slideshow/images/judge_penny_speaking_request.png HTTP/1.1" 200 291884 "http://www.judgepenny.com/" "Mozilla/5.0 (Windows NT 6.0) AppleWebKit/537.36 (KHTML, like Gecko) Chrome/28.0.1500.95 Safari/537.36"
71.91.137.227 - - [18/Aug/2013:21:52:57 -0400] "GET /favicon.ico HTTP/1.1" 404 575 "-" "Mozilla/5.0 (Windows NT 6.0) AppleWebKit/537.36 (KHTML, like Gecko) Chrome/28.0.1500.95 Safari/537.36"
65.55.52.108 - - [18/Aug/2013:03:22:51 -0400] "GET / HTTP/1.1" 200 8953 "-" "Mozilla/5.0 (compatible; bingbot/2.0; +http://www.bing.com/bingbot.htm)"
66.249.82.108 - - [18/Aug/2013:18:48:31 -0400] "GET /judge-penny-foundation.php HTTP/1.1" 200 7746 "http://www.google.com/search" "Mozilla/5.0 (X11; Linux x86_64) AppleWebKit/537.4 (KHTML, like Gecko; Google Web Preview) Chrome/22.0.1229 Safari/537.4"
66.249.82.108 - - [18/Aug/2013:18:48:32 -0400] "GET /slide-style.css HTTP/1.1" 404 575 "http://www.judgepenny.com/judge-penny-foundation.php" "Mozilla/5.0 (X11; Linux x86_64) AppleWebKit/537.4 (KHTML, like Gecko; Google Web Preview) Chrome/22.0.1229 Safari/537.4"
66.249.82.108 - - [18/Aug/2013:18:48:32 -0400] "GET /images/s-menu-b.png HTTP/1.1" 200 334 "http://www.judgepenny.com/judge-penny-foundation.php" "Mozilla/5.0 (X11; Linux x86_64) AppleWebKit/537.4 (KHTML, like Gecko; Google Web Preview) Chrome/22.0.1229 Safari/537.4"
66.249.82.108 - - [18/Aug/2013:18:48:51 -0400] "GET /images/pic4.jpg HTTP/1.1" 200 62897 "http://www.judgepenny.com/photos.php" "Mozilla/5.0 (X11; Linux x86_64) AppleWebKit/537.4 (KHTML, like Gecko; Google Web Preview) Chrome/22.0.1229 Safari/537.4"
46.235.12.154 - - [18/Aug/2013:10:31:25 -0400] "GET /MenOfTheYear.pdf HTTP/1.1" 200 6457079 "http://judgepenny.com/press-room.php" "Mozilla/5.0 (Windows; U; Windows NT 5.1; en-US; rv:1.8.1.6) Gecko/20070725 Firefox/2.0.0.6 Ara.com.tr AraBot 1.0"
46.119.118.152 - - [18/Aug/2013:13:35:49 -0400] "GET / HTTP/1.1" 200 8953 "http://www.bravica.su/" "Mozilla/4.0 (compatible; MSIE 6.0; Windows NT 5.2; SV1; .NET CLR 1.1.4322; .NET CLR 2.0.50727)"
166.137.119.30 - - [18/Aug/2013:18:05:33 -0400] "GET /slideshow/images/judge_penny_the_judge.jpg HTTP/1.1" 200 151096 "http://www.judgepenny.com/" "Mozilla/5.0 (Linux; U; Android 4.0.4; en-us; SAMSUNG-SGH-I717 Build/IMM76D) AppleWebKit/534.30 (KHTML, like Gecko) Version/4.0 Mobile Safari/534.30"
166.137.119.39 - - [18/Aug/2013:20:10:36 -0400] "GET /index.php HTTP/1.1" 200 8953 "-" "Mozilla/5.0 (Linux; U; Android 4.0.4; en-us; SAMSUNG-SGH-I717 Build/IMM76D) AppleWebKit/534.30 (KHTML, like Gecko) Version/4.0 Mobile Safari/534.30"
166.137.119.39 - - [18/Aug/2013:20:10:37 -0400] "GET /videos/jwplayer.js HTTP/1.1" 200 133009 "http://www.judgepenny.com/index.php" "Mozilla/5.0 (Linux; U; Android 4.0.4; en-us; SAMSUNG-SGH-I717 Build/IMM76D) AppleWebKit/534.30 (KHTML, like Gecko) Version/4.0 Mobile Safari/534.30"
199.30.25.94 - - [18/Aug/2013:18:43:48 -0400] "GET /slide-style.css HTTP/1.1" 404 575 "http://www.judgepenny.com/biography.php" "Mozilla/5.0 (Windows NT 6.1; WOW64) AppleWebKit/534+ (KHTML, like Gecko) BingPreview/1.0b"
199.30.25.94 - - [18/Aug/2013:18:43:49 -0400] "GET /images/jenny-header.png HTTP/1.1" 200 69160 "http://www.judgepenny.com/biography.php" "Mozilla/5.0 (Windows NT 6.1; WOW64) AppleWebKit/534+ (KHTML, like Gecko) BingPreview/1.0b"
199.30.25.94 - - [18/Aug/2013:18:43:50 -0400] "GET /images/btn.png HTTP/1.1" 200 512 "http://www.judgepenny.com/biography.php" "Mozilla/5.0 (Windows NT 6.1; WOW64) AppleWebKit/534+ (KHTML, like Gecko) BingPreview/1.0b"
199.30.25.94 - - [18/Aug/2013:18:43:50 -0400] "GET /images/h-div.png HTTP/1.1" 200 1503 "http://www.judgepenny.com/biography.php" "Mozilla/5.0 (Windows NT 6.1; WOW64) AppleWebKit/534+ (KHTML, like Gecko) BingPreview/1.0b"
199.30.25.94 - - [18/Aug/2013:18:43:51 -0400] "GET /images/main-btm.png HTTP/1.1" 200 398 "http://www.judgepenny.com/biography.php" "Mozilla/5.0 (Windows NT 6.1; WOW64) AppleWebKit/534+ (KHTML, like Gecko) BingPreview/1.0b"
199.30.25.94 - - [18/Aug/2013:18:43:51 -0400] "GET /images/ftr-bg.png HTTP/1.1" 200 198 "http://www.judgepenny.com/biography.php" "Mozilla/5.0 (Windows NT 6.1; WOW64) AppleWebKit/534+ (KHTML, like Gecko) BingPreview/1.0b"
91.207.9.226 - - [18/Aug/2013:22:11:12 -0400] "GET / HTTP/1.1" 200 8953 "http://ogosexshop.com.ua/" "Mozilla/4.0 (compatible; MSIE 5.0; Windows 3.1)"
220.181.108.78 - - [18/Aug/2013:22:29:13 -0400] "GET /images/s-menu-b.png HTTP/1.1" 200 334 "-" "Baiduspider-image+(+http://www.baidu.com/search/spider.htm)"
178.137.128.12 - - [18/Aug/2013:08:20:53 -0400] "GET / HTTP/1.1" 200 8953 "http://www.uabuild.com/" "Mozilla/4.0 (compatible; MSIE 6.0; Windows XP)"
173.199.116.227 - - [18/Aug/2013:12:19:14 -0400] "GET /events.php HTTP/1.1" 200 8644 "-" "Mozilla/5.0 (compatible; AhrefsBot/4.0; +http://ahrefs.com/robot/)"
67.84.196.90 - - [18/Aug/2013:13:08:02 -0400] "GET /css/nivo-slider.css HTTP/1.1" 200 1430 "http://www.judgepenny.com/" "Mozilla/5.0 (Windows NT 6.1; rv:23.0) Gecko/20100101 Firefox/23.0"
67.84.196.90 - - [18/Aug/2013:13:08:02 -0400] "GET /images/judge-jenny.png HTTP/1.1" 200 28663 "http://www.judgepenny.com/" "Mozilla/5.0 (Windows NT 6.1; rv:23.0) Gecko/20100101 Firefox/23.0"
67.84.196.90 - - [18/Aug/2013:13:08:03 -0400] "GET /slideshow/images/judge_penny_the_judge.jpg HTTP/1.1" 200 151096 "http://www.judgepenny.com/" "Mozilla/5.0 (Windows NT 6.1; rv:23.0) Gecko/20100101 Firefox/23.0"
67.84.196.90 - - [18/Aug/2013:13:08:03 -0400] "GET /images/h-right.png HTTP/1.1" 200 279 "http://www.judgepenny.com/css/style.css" "Mozilla/5.0 (Windows NT 6.1; rv:23.0) Gecko/20100101 Firefox/23.0"
67.84.196.90 - - [18/Aug/2013:13:08:03 -0400] "GET /images/side-bg.png HTTP/1.1" 200 168 "http://www.judgepenny.com/css/style.css" "Mozilla/5.0 (Windows NT 6.1; rv:23.0) Gecko/20100101 Firefox/23.0"
166.137.119.30 - - [18/Aug/2013:18:05:33 -0400] "GET /images/m-btm.png HTTP/1.1" 200 741 "http://www.judgepenny.com/" "Mozilla/5.0 (Linux; U; Android 4.0.4; en-us; SAMSUNG-SGH-I717 Build/IMM76D) AppleWebKit/534.30 (KHTML, like Gecko) Version/4.0 Mobile Safari/534.30"
166.137.119.30 - - [18/Aug/2013:18:05:33 -0400] "GET /images/h-right.png HTTP/1.1" 200 279 "http://www.judgepenny.com/" "Mozilla/5.0 (Linux; U; Android 4.0.4; en-us; SAMSUNG-SGH-I717 Build/IMM76D) AppleWebKit/534.30 (KHTML, like Gecko) Version/4.0 Mobile Safari/534.30"
166.137.119.30 - - [18/Aug/2013:18:05:34 -0400] "GET /images/s-top.png HTTP/1.1" 200 440 "http://www.judgepenny.com/" "Mozilla/5.0 (Linux; U; Android 4.0.4; en-us; SAMSUNG-SGH-I717 Build/IMM76D) AppleWebKit/534.30 (KHTML, like Gecko) Version/4.0 Mobile Safari/534.30"
166.137.119.30 - - [18/Aug/2013:18:05:34 -0400] "GET /images/ftr-bg.png HTTP/1.1" 200 198 "http://www.judgepenny.com/" "Mozilla/5.0 (Linux; U; Android 4.0.4; en-us; SAMSUNG-SGH-I717 Build/IMM76D) AppleWebKit/534.30 (KHTML, like Gecko) Version/4.0 Mobile Safari/534.30"
66.249.82.108 - - [18/Aug/2013:18:48:10 -0400] "GET /images/h-div.png HTTP/1.1" 200 1503 "http://www.judgepenny.com/beyond-the-robe.php" "Mozilla/5.0 (X11; Linux x86_64) AppleWebKit/537.4 (KHTML, like Gecko; Google Web Preview) Chrome/22.0.1229 Safari/537.4"
66.249.82.108 - - [18/Aug/2013:18:48:51 -0400] "GET /images/pic5.jpg HTTP/1.1" 200 74200 "http://www.judgepenny.com/photos.php" "Mozilla/5.0 (X11; Linux x86_64) AppleWebKit/537.4 (KHTML, like Gecko; Google Web Preview) Chrome/22.0.1229 Safari/537.4"
71.91.137.227 - - [18/Aug/2013:21:52:53 -0400] "GET /images/you-tube.png HTTP/1.1" 200 3090 "http://www.judgepenny.com/" "Mozilla/5.0 (Windows NT 6.0) AppleWebKit/537.36 (KHTML, like Gecko) Chrome/28.0.1500.95 Safari/537.36"
71.91.137.227 - - [18/Aug/2013:21:52:53 -0400] "GET /images/seprator.png HTTP/1.1" 200 429 "http://www.judgepenny.com/" "Mozilla/5.0 (Windows NT 6.0) AppleWebKit/537.36 (KHTML, like Gecko) Chrome/28.0.1500.95 Safari/537.36"
71.91.137.227 - - [18/Aug/2013:21:52:53 -0400] "GET /css/loading.gif HTTP/1.1" 200 1737 "http://www.judgepenny.com/" "Mozilla/5.0 (Windows NT 6.0) AppleWebKit/537.36 (KHTML, like Gecko) Chrome/28.0.1500.95 Safari/537.36"
71.91.137.227 - - [18/Aug/2013:21:52:53 -0400] "GET /images/h-right.png HTTP/1.1" 200 279 "http://www.judgepenny.com/" "Mozilla/5.0 (Windows NT 6.0) AppleWebKit/537.36 (KHTML, like Gecko) Chrome/28.0.1500.95 Safari/537.36"
71.91.137.227 - - [18/Aug/2013:21:52:53 -0400] "GET /images/m-top.png HTTP/1.1" 200 574 "http://www.judgepenny.com/" "Mozilla/5.0 (Windows NT 6.0) AppleWebKit/537.36 (KHTML, like Gecko) Chrome/28.0.1500.95 Safari/537.36"
71.91.137.227 - - [18/Aug/2013:21:52:54 -0400] "GET /slideshow/images/judge_penny_opportunity.jpg HTTP/1.1" 200 99540 "http://www.judgepenny.com/" "Mozilla/5.0 (Windows NT 6.0) AppleWebKit/537.36 (KHTML, like Gecko) Chrome/28.0.1500.95 Safari/537.36"
46.235.12.154 - - [18/Aug/2013:10:32:21 -0400] "GET /Whoswhoinblackatlanta.pdf HTTP/1.1" 200 6638722 "http://judgepenny.com/press-room.php" "Mozilla/5.0 (Windows; U; Windows NT 5.1; en-US; rv:1.8.1.6) Gecko/20070725 Firefox/2.0.0.6 Ara.com.tr AraBot 1.0"
173.199.116.227 - - [18/Aug/2013:11:32:32 -0400] "GET /beyond-the-robe.php HTTP/1.1" 200 8574 "-" "Mozilla/5.0 (compatible; AhrefsBot/4.0; +http://ahrefs.com/robot/)"
199.30.25.94 - - [18/Aug/2013:18:43:48 -0400] "GET /videos/jwplayer.js HTTP/1.1" 200 133009 "http://www.judgepenny.com/biography.php" "Mozilla/5.0 (Windows NT 6.1; WOW64) AppleWebKit/534+ (KHTML, like Gecko) BingPreview/1.0b"
199.30.25.94 - - [18/Aug/2013:18:43:49 -0400] "GET /images/bg.jpg HTTP/1.1" 200 71900 "http://www.judgepenny.com/biography.php" "Mozilla/5.0 (Windows NT 6.1; WOW64) AppleWebKit/534+ (KHTML, like Gecko) BingPreview/1.0b"
199.30.25.94 - - [18/Aug/2013:18:43:50 -0400] "GET /images/seprator.png HTTP/1.1" 200 429 "http://www.judgepenny.com/biography.php" "Mozilla/5.0 (Windows NT 6.1; WOW64) AppleWebKit/534+ (KHTML, like Gecko) BingPreview/1.0b"
199.30.25.94 - - [18/Aug/2013:18:43:50 -0400] "GET /images/sub-menu.png HTTP/1.1" 200 6956 "http://www.judgepenny.com/biography.php" "Mozilla/5.0 (Windows NT 6.1; WOW64) AppleWebKit/534+ (KHTML, like Gecko) BingPreview/1.0b"
199.30.25.94 - - [18/Aug/2013:18:43:51 -0400] "GET /images/buy-now.png HTTP/1.1" 200 89906 "http://www.judgepenny.com/biography.php" "Mozilla/5.0 (Windows NT 6.1; WOW64) AppleWebKit/534+ (KHTML, like Gecko) BingPreview/1.0b"
66.249.82.108 - - [18/Aug/2013:18:47:55 -0400] "GET /images/entry-bg3.png HTTP/1.1" 200 19110 "http://www.judgepenny.com/contact.php" "Mozilla/5.0 (X11; Linux x86_64) AppleWebKit/537.4 (KHTML, like Gecko; Google Web Preview) Chrome/22.0.1229 Safari/537.4"
74.190.164.243 - - [18/Aug/2013:18:48:47 -0400] "GET /images/pic7.jpg HTTP/1.1" 200 88548 "-" "Mozilla/5.0 (iPad; CPU OS 6_1_3 like Mac OS X) AppleWebKit/536.26 (KHTML, like Gecko) Version/6.0 Mobile/10B329 Safari/8536.25"
74.208.75.131 - - [18/Aug/2013:02:04:20 -0400] "GET / HTTP/1.1" 200 8953 "-" "Mozilla/4.0 (compatible; MSIE 5.0; Windows NT; DigExt; DTS Agent"
157.55.34.178 - - [18/Aug/2013:21:19:38 -0400] "GET /penny-for-your-thoughts.php HTTP/1.1" 200 11765 "-" "Mozilla/5.0 (compatible; bingbot/2.0; +http://www.bing.com/bingbot.htm)"
173.199.116.227 - - [18/Aug/2013:09:37:27 -0400] "GET /penny-for-your-thoughts.php HTTP/1.1" 200 11765 "-" "Mozilla/5.0 (compatible; AhrefsBot/4.0; +http://ahrefs.com/robot/)"
72.15.116.239 - - [18/Aug/2013:06:13:17 -0400] "GET /images/you-tube.png HTTP/1.1" 200 3090 "http://www.judgepenny.com/" "Mozilla/5.0 (iPhone; CPU iPhone OS 6_1_2 like Mac OS X) AppleWebKit/536.26 (KHTML, like Gecko) Mobile/10B146 [FBAN/FBIOS;FBAV/6.4;FBBV/290891;FBDV/iPhone3,3;FBMD/iPhone;FBSN/iPhone OS;FBSV/6.1.2;FBSS/2; FBCR/Verizon;FBID/phone;FBLC/en_US;FBOP/1]"
72.15.116.239 - - [18/Aug/2013:06:13:17 -0400] "GET /slideshow/images/judge_penny_self_worth.jpg HTTP/1.1" 200 129594 "http://www.judgepenny.com/" "Mozilla/5.0 (iPhone; CPU iPhone OS 6_1_2 like Mac OS X) AppleWebKit/536.26 (KHTML, like Gecko) Mobile/10B146 [FBAN/FBIOS;FBAV/6.4;FBBV/290891;FBDV/iPhone3,3;FBMD/iPhone;FBSN/iPhone OS;FBSV/6.1.2;FBSS/2; FBCR/Verizon;FBID/phone;FBLC/en_US;FBOP/1]"
72.15.116.239 - - [18/Aug/2013:06:13:18 -0400] "GET /images/jenny-header.png HTTP/1.1" 200 69160 "http://www.judgepenny.com/" "Mozilla/5.0 (iPhone; CPU iPhone OS 6_1_2 like Mac OS X) AppleWebKit/536.26 (KHTML, like Gecko) Mobile/10B146 [FBAN/FBIOS;FBAV/6.4;FBBV/290891;FBDV/iPhone3,3;FBMD/iPhone;FBSN/iPhone OS;FBSV/6.1.2;FBSS/2; FBCR/Verizon;FBID/phone;FBLC/en_US;FBOP/1]"
72.15.116.239 - - [18/Aug/2013:06:13:19 -0400] "GET /images/s-top.png HTTP/1.1" 200 440 "http://www.judgepenny.com/" "Mozilla/5.0 (iPhone; CPU iPhone OS 6_1_2 like Mac OS X) AppleWebKit/536.26 (KHTML, like Gecko) Mobile/10B146 [FBAN/FBIOS;FBAV/6.4;FBBV/290891;FBDV/iPhone3,3;FBMD/iPhone;FBSN/iPhone OS;FBSV/6.1.2;FBSS/2; FBCR/Verizon;FBID/phone;FBLC/en_US;FBOP/1]"
66.249.82.108 - - [18/Aug/2013:18:47:36 -0400] "GET /images/Book_Cover.jpg HTTP/1.1" 200 51558 "http://www.judgepenny.com/shopping.php" "Mozilla/5.0 (X11; Linux x86_64) AppleWebKit/537.4 (KHTML, like Gecko; Google Web Preview) Chrome/22.0.1229 Safari/537.4"
66.249.82.108 - - [18/Aug/2013:18:47:36 -0400] "GET /images/r-head.png HTTP/1.1" 200 596 "http://www.judgepenny.com/shopping.php" "Mozilla/5.0 (X11; Linux x86_64) AppleWebKit/537.4 (KHTML, like Gecko; Google Web Preview) Chrome/22.0.1229 Safari/537.4"
66.249.82.108 - - [18/Aug/2013:18:48:51 -0400] "GET /css/nivo-slider.css HTTP/1.1" 200 1430 "http://www.judgepenny.com/photos.php" "Mozilla/5.0 (X11; Linux x86_64) AppleWebKit/537.4 (KHTML, like Gecko; Google Web Preview) Chrome/22.0.1229 Safari/537.4"
66.249.82.108 - - [18/Aug/2013:18:48:51 -0400] "GET /images/r-head.png HTTP/1.1" 200 596 "http://www.judgepenny.com/photos.php" "Mozilla/5.0 (X11; Linux x86_64) AppleWebKit/537.4 (KHTML, like Gecko; Google Web Preview) Chrome/22.0.1229 Safari/537.4"
66.249.82.108 - - [18/Aug/2013:18:48:51 -0400] "GET /images/ftr-bg.png HTTP/1.1" 200 198 "http://www.judgepenny.com/photos.php" "Mozilla/5.0 (X11; Linux x86_64) AppleWebKit/537.4 (KHTML, like Gecko; Google Web Preview) Chrome/22.0.1229 Safari/537.4"
46.235.12.154 - - [18/Aug/2013:10:30:24 -0400] "GET /penny-for-your-thoughts_itsnotwhatyousaybuthowyousayitl.php HTTP/1.1" 200 8648 "http://judgepenny.com/" "Mozilla/5.0 (Windows; U; Windows NT 5.1; en-US; rv:1.8.1.6) Gecko/20070725 Firefox/2.0.0.6 Ara.com.tr AraBot 1.0"
46.235.12.154 - - [18/Aug/2013:10:30:28 -0400] "GET /images/buy-now.png HTTP/1.1" 200 89906 "http://judgepenny.com/biography.php" "Mozilla/5.0 (Windows; U; Windows NT 5.1; en-US; rv:1.8.1.6) Gecko/20070725 Firefox/2.0.0.6 Ara.com.tr AraBot 1.0"
46.235.12.154 - - [18/Aug/2013:10:30:31 -0400] "HEAD /index.html HTTP/1.1" 404 - "http://judgepenny.com/biography.php" "Mozilla/5.0 (Windows; U; Windows NT 5.1; en-US; rv:1.8.1.6) Gecko/20070725 Firefox/2.0.0.6 Ara.com.tr AraBot 1.0"
46.235.12.154 - - [18/Aug/2013:10:30:33 -0400] "GET /JudgePennyBrownReynoldsBio.pdf HTTP/1.1" 200 918125 "http://judgepenny.com/biography.php" "Mozilla/5.0 (Windows; U; Windows NT 5.1; en-US; rv:1.8.1.6) Gecko/20070725 Firefox/2.0.0.6 Ara.com.tr AraBot 1.0"
46.235.12.154 - - [18/Aug/2013:10:30:44 -0400] "GET /images/main-btm.png HTTP/1.1" 200 398 "http://judgepenny.com/biography.php" "Mozilla/5.0 (Windows; U; Windows NT 5.1; en-US; rv:1.8.1.6) Gecko/20070725 Firefox/2.0.0.6 Ara.com.tr AraBot 1.0"
166.137.119.30 - - [18/Aug/2013:18:05:36 -0400] "GET /images/m-top.png HTTP/1.1" 200 574 "http://www.judgepenny.com/" "Mozilla/5.0 (Linux; U; Android 4.0.4; en-us; SAMSUNG-SGH-I717 Build/IMM76D) AppleWebKit/534.30 (KHTML, like Gecko) Version/4.0 Mobile Safari/534.30"
66.249.82.108 - - [18/Aug/2013:18:47:36 -0400] "GET /images/linked-in.png HTTP/1.1" 200 2575 "http://www.judgepenny.com/shopping.php" "Mozilla/5.0 (X11; Linux x86_64) AppleWebKit/537.4 (KHTML, like Gecko; Google Web Preview) Chrome/22.0.1229 Safari/537.4"
66.249.82.108 - - [18/Aug/2013:18:47:36 -0400] "GET /css/nivo-slider.css HTTP/1.1" 200 1430 "http://www.judgepenny.com/shopping.php" "Mozilla/5.0 (X11; Linux x86_64) AppleWebKit/537.4 (KHTML, like Gecko; Google Web Preview) Chrome/22.0.1229 Safari/537.4"
66.249.82.108 - - [18/Aug/2013:18:47:36 -0400] "GET /css/default.css HTTP/1.1" 200 1295 "http://www.judgepenny.com/shopping.php" "Mozilla/5.0 (X11; Linux x86_64) AppleWebKit/537.4 (KHTML, like Gecko; Google Web Preview) Chrome/22.0.1229 Safari/537.4"
66.249.82.108 - - [18/Aug/2013:18:47:36 -0400] "GET /images/seprator.png HTTP/1.1" 200 429 "http://www.judgepenny.com/shopping.php" "Mozilla/5.0 (X11; Linux x86_64) AppleWebKit/537.4 (KHTML, like Gecko; Google Web Preview) Chrome/22.0.1229 Safari/537.4"
66.249.82.108 - - [18/Aug/2013:18:47:36 -0400] "GET /images/btn.png HTTP/1.1" 200 512 "http://www.judgepenny.com/shopping.php" "Mozilla/5.0 (X11; Linux x86_64) AppleWebKit/537.4 (KHTML, like Gecko; Google Web Preview) Chrome/22.0.1229 Safari/537.4"
66.249.82.108 - - [18/Aug/2013:18:47:55 -0400] "GET /contact.php HTTP/1.1" 200 6149 "http://www.google.com/search" "Mozilla/5.0 (X11; Linux x86_64) AppleWebKit/537.4 (KHTML, like Gecko; Google Web Preview) Chrome/22.0.1229 Safari/537.4"
66.249.82.108 - - [18/Aug/2013:18:47:55 -0400] "GET /css/style.css HTTP/1.1" 200 9522 "http://www.judgepenny.com/contact.php" "Mozilla/5.0 (X11; Linux x86_64) AppleWebKit/537.4 (KHTML, like Gecko; Google Web Preview) Chrome/22.0.1229 Safari/537.4"
66.249.82.108 - - [18/Aug/2013:18:47:55 -0400] "GET /images/judge-jenny.png HTTP/1.1" 200 28663 "http://www.judgepenny.com/contact.php" "Mozilla/5.0 (X11; Linux x86_64) AppleWebKit/537.4 (KHTML, like Gecko; Google Web Preview) Chrome/22.0.1229 Safari/537.4"
66.249.82.108 - - [18/Aug/2013:18:47:55 -0400] "GET /images/ftr-bg.png HTTP/1.1" 200 198 "http://www.judgepenny.com/contact.php" "Mozilla/5.0 (X11; Linux x86_64) AppleWebKit/537.4 (KHTML, like Gecko; Google Web Preview) Chrome/22.0.1229 Safari/537.4"
66.249.82.108 - - [18/Aug/2013:18:47:55 -0400] "GET /images/you-tube.png HTTP/1.1" 200 3090 "http://www.judgepenny.com/contact.php" "Mozilla/5.0 (X11; Linux x86_64) AppleWebKit/537.4 (KHTML, like Gecko; Google Web Preview) Chrome/22.0.1229 Safari/537.4"
166.137.119.27 - - [18/Aug/2013:20:50:42 -0400] "GET /css/nivo-slider.css HTTP/1.1" 200 1430 "http://www.judgepenny.com/index.php" "Mozilla/5.0 (Linux; U; Android 4.0.4; en-us; SAMSUNG-SGH-I717 Build/IMM76D) AppleWebKit/534.30 (KHTML, like Gecko) Version/4.0 Mobile Safari/534.30"
166.137.119.27 - - [18/Aug/2013:20:50:45 -0400] "GET /images/facebook.png HTTP/1.1" 200 2371 "http://www.judgepenny.com/index.php" "Mozilla/5.0 (Linux; U; Android 4.0.4; en-us; SAMSUNG-SGH-I717 Build/IMM76D) AppleWebKit/534.30 (KHTML, like Gecko) Version/4.0 Mobile Safari/534.30"
166.137.119.27 - - [18/Aug/2013:20:50:45 -0400] "GET /images/seprator.png HTTP/1.1" 200 429 "http://www.judgepenny.com/index.php" "Mozilla/5.0 (Linux; U; Android 4.0.4; en-us; SAMSUNG-SGH-I717 Build/IMM76D) AppleWebKit/534.30 (KHTML, like Gecko) Version/4.0 Mobile Safari/534.30"
166.137.119.27 - - [18/Aug/2013:20:50:45 -0400] "GET /slideshow/images/judge_penny_foundation.jpg HTTP/1.1" 200 175194 "http://www.judgepenny.com/index.php" "Mozilla/5.0 (Linux; U; Android 4.0.4; en-us; SAMSUNG-SGH-I717 Build/IMM76D) AppleWebKit/534.30 (KHTML, like Gecko) Version/4.0 Mobile Safari/534.30"
180.76.6.37 - - [18/Aug/2013:14:05:38 -0400] "GET /robots.txt HTTP/1.1" 404 575 "-" "Mozilla/5.0 (Windows NT 5.1; rv:6.0.2) Gecko/20100101 Firefox/6.0.2"
157.55.34.178 - - [18/Aug/2013:21:19:40 -0400] "GET /photos.php HTTP/1.1" 200 6337 "-" "Mozilla/5.0 (compatible; bingbot/2.0; +http://www.bing.com/bingbot.htm)"
66.249.82.108 - - [18/Aug/2013:18:48:51 -0400] "GET /images/btn.png HTTP/1.1" 200 512 "http://www.judgepenny.com/photos.php" "Mozilla/5.0 (X11; Linux x86_64) AppleWebKit/537.4 (KHTML, like Gecko; Google Web Preview) Chrome/22.0.1229 Safari/537.4"
71.91.137.227 - - [18/Aug/2013:21:52:49 -0400] "GET /slide-style.css HTTP/1.1" 404 575 "http://www.judgepenny.com/" "Mozilla/5.0 (Windows NT 6.0) AppleWebKit/537.36 (KHTML, like Gecko) Chrome/28.0.1500.95 Safari/537.36"
46.118.126.194 - - [18/Aug/2013:22:53:05 -0400] "GET / HTTP/1.1" 200 8953 "http://worldlovers.ru/" "Mozilla/4.0 (compatible; MSIE 6.0; Windows NT 5.1; SV1)"
46.235.12.154 - - [18/Aug/2013:10:30:49 -0400] "GET /images/Book_Cover.jpg HTTP/1.1" 200 51558 "http://judgepenny.com/shopping.php" "Mozilla/5.0 (Windows; U; Windows NT 5.1; en-US; rv:1.8.1.6) Gecko/20070725 Firefox/2.0.0.6 Ara.com.tr AraBot 1.0"
46.235.12.154 - - [18/Aug/2013:10:30:51 -0400] "GET /images/girls_with_pearls.png HTTP/1.1" 200 244372 "http://judgepenny.com/judge-penny-foundation.php" "Mozilla/5.0 (Windows; U; Windows NT 5.1; en-US; rv:1.8.1.6) Gecko/20070725 Firefox/2.0.0.6 Ara.com.tr AraBot 1.0"
157.55.34.178 - - [18/Aug/2013:02:12:02 -0400] "GET /penny-for-your-thoughts.php HTTP/1.1" 200 11765 "-" "Mozilla/5.0 (compatible; bingbot/2.0; +http://www.bing.com/bingbot.htm)"
66.249.82.108 - - [18/Aug/2013:18:47:55 -0400] "GET /css/nivo-slider.css HTTP/1.1" 200 1430 "http://www.judgepenny.com/contact.php" "Mozilla/5.0 (X11; Linux x86_64) AppleWebKit/537.4 (KHTML, like Gecko; Google Web Preview) Chrome/22.0.1229 Safari/537.4"
66.249.82.108 - - [18/Aug/2013:18:47:55 -0400] "GET /images/jenny-header.png HTTP/1.1" 200 69160 "http://www.judgepenny.com/contact.php" "Mozilla/5.0 (X11; Linux x86_64) AppleWebKit/537.4 (KHTML, like Gecko; Google Web Preview) Chrome/22.0.1229 Safari/537.4"
166.137.119.27 - - [18/Aug/2013:20:50:42 -0400] "GET /css/default.css HTTP/1.1" 200 1295 "http://www.judgepenny.com/index.php" "Mozilla/5.0 (Linux; U; Android 4.0.4; en-us; SAMSUNG-SGH-I717 Build/IMM76D) AppleWebKit/534.30 (KHTML, like Gecko) Version/4.0 Mobile Safari/534.30"
166.137.119.27 - - [18/Aug/2013:20:50:42 -0400] "GET /js/jquery.nivo.slider.pack.js HTTP/1.1" 200 15854 "http://www.judgepenny.com/index.php" "Mozilla/5.0 (Linux; U; Android 4.0.4; en-us; SAMSUNG-SGH-I717 Build/IMM76D) AppleWebKit/534.30 (KHTML, like Gecko) Version/4.0 Mobile Safari/534.30"
166.137.119.27 - - [18/Aug/2013:20:50:45 -0400] "GET /images/judge-jenny.png HTTP/1.1" 200 28663 "http://www.judgepenny.com/index.php" "Mozilla/5.0 (Linux; U; Android 4.0.4; en-us; SAMSUNG-SGH-I717 Build/IMM76D) AppleWebKit/534.30 (KHTML, like Gecko) Version/4.0 Mobile Safari/534.30"
166.137.119.27 - - [18/Aug/2013:20:50:45 -0400] "GET /images/you-tube.png HTTP/1.1" 200 3090 "http://www.judgepenny.com/index.php" "Mozilla/5.0 (Linux; U; Android 4.0.4; en-us; SAMSUNG-SGH-I717 Build/IMM76D) AppleWebKit/534.30 (KHTML, like Gecko) Version/4.0 Mobile Safari/534.30"
166.137.119.27 - - [18/Aug/2013:20:50:45 -0400] "GET /slideshow/images/judge_penny_opportunity.jpg HTTP/1.1" 200 99540 "http://www.judgepenny.com/index.php" "Mozilla/5.0 (Linux; U; Android 4.0.4; en-us; SAMSUNG-SGH-I717 Build/IMM76D) AppleWebKit/534.30 (KHTML, like Gecko) Version/4.0 Mobile Safari/534.30"
72.15.116.239 - - [18/Aug/2013:06:13:15 -0400] "GET /css/default.css HTTP/1.1" 200 1295 "http://www.judgepenny.com/" "Mozilla/5.0 (iPhone; CPU iPhone OS 6_1_2 like Mac OS X) AppleWebKit/536.26 (KHTML, like Gecko) Mobile/10B146 [FBAN/FBIOS;FBAV/6.4;FBBV/290891;FBDV/iPhone3,3;FBMD/iPhone;FBSN/iPhone OS;FBSV/6.1.2;FBSS/2; FBCR/Verizon;FBID/phone;FBLC/en_US;FBOP/1]"
72.15.116.239 - - [18/Aug/2013:06:13:15 -0400] "GET /slide-style.css HTTP/1.1" 404 575 "http://www.judgepenny.com/" "Mozilla/5.0 (iPhone; CPU iPhone OS 6_1_2 like Mac OS X) AppleWebKit/536.26 (KHTML, like Gecko) Mobile/10B146 [FBAN/FBIOS;FBAV/6.4;FBBV/290891;FBDV/iPhone3,3;FBMD/iPhone;FBSN/iPhone OS;FBSV/6.1.2;FBSS/2; FBCR/Verizon;FBID/phone;FBLC/en_US;FBOP/1]"
72.15.116.239 - - [18/Aug/2013:06:13:16 -0400] "GET /images/twitter.png HTTP/1.1" 200 2703 "http://www.judgepenny.com/" "Mozilla/5.0 (iPhone; CPU iPhone OS 6_1_2 like Mac OS X) AppleWebKit/536.26 (KHTML, like Gecko) Mobile/10B146 [FBAN/FBIOS;FBAV/6.4;FBBV/290891;FBDV/iPhone3,3;FBMD/iPhone;FBSN/iPhone OS;FBSV/6.1.2;FBSS/2; FBCR/Verizon;FBID/phone;FBLC/en_US;FBOP/1]"
72.15.116.239 - - [18/Aug/2013:06:13:17 -0400] "GET /slideshow/images/judge_penny_foundation.jpg HTTP/1.1" 200 175194 "http://www.judgepenny.com/" "Mozilla/5.0 (iPhone; CPU iPhone OS 6_1_2 like Mac OS X) AppleWebKit/536.26 (KHTML, like Gecko) Mobile/10B146 [FBAN/FBIOS;FBAV/6.4;FBBV/290891;FBDV/iPhone3,3;FBMD/iPhone;FBSN/iPhone OS;FBSV/6.1.2;FBSS/2; FBCR/Verizon;FBID/phone;FBLC/en_US;FBOP/1]"
72.15.116.239 - - [18/Aug/2013:06:13:18 -0400] "GET /images/m-top.png HTTP/1.1" 200 574 "http://www.judgepenny.com/" "Mozilla/5.0 (iPhone; CPU iPhone OS 6_1_2 like Mac OS X) AppleWebKit/536.26 (KHTML, like Gecko) Mobile/10B146 [FBAN/FBIOS;FBAV/6.4;FBBV/290891;FBDV/iPhone3,3;FBMD/iPhone;FBSN/iPhone OS;FBSV/6.1.2;FBSS/2; FBCR/Verizon;FBID/phone;FBLC/en_US;FBOP/1]"
72.15.116.239 - - [18/Aug/2013:06:13:19 -0400] "GET /images/m-center.png HTTP/1.1" 200 191 "http://www.judgepenny.com/" "Mozilla/5.0 (iPhone; CPU iPhone OS 6_1_2 like Mac OS X) AppleWebKit/536.26 (KHTML, like Gecko) Mobile/10B146 [FBAN/FBIOS;FBAV/6.4;FBBV/290891;FBDV/iPhone3,3;FBMD/iPhone;FBSN/iPhone OS;FBSV/6.1.2;FBSS/2; FBCR/Verizon;FBID/phone;FBLC/en_US;FBOP/1]"
72.15.116.239 - - [18/Aug/2013:06:13:19 -0400] "GET /css/bullets.png HTTP/1.1" 200 1281 "http://www.judgepenny.com/" "Mozilla/5.0 (iPhone; CPU iPhone OS 6_1_2 like Mac OS X) AppleWebKit/536.26 (KHTML, like Gecko) Mobile/10B146 [FBAN/FBIOS;FBAV/6.4;FBBV/290891;FBDV/iPhone3,3;FBMD/iPhone;FBSN/iPhone OS;FBSV/6.1.2;FBSS/2; FBCR/Verizon;FBID/phone;FBLC/en_US;FBOP/1]"
46.235.12.154 - - [18/Aug/2013:10:30:06 -0400] "GET /slideshow/images/judge_penny_speaking_request.png HTTP/1.1" 200 291884 "http://judgepenny.com/" "Mozilla/5.0 (Windows; U; Windows NT 5.1; en-US; rv:1.8.1.6) Gecko/20070725 Firefox/2.0.0.6 Ara.com.tr AraBot 1.0"
71.91.137.227 - - [18/Aug/2013:21:52:49 -0400] "GET /js/jquery.nivo.slider.pack.js HTTP/1.1" 200 15854 "http://www.judgepenny.com/" "Mozilla/5.0 (Windows NT 6.0) AppleWebKit/537.36 (KHTML, like Gecko) Chrome/28.0.1500.95 Safari/537.36"
157.55.32.186 - - [18/Aug/2013:22:03:04 -0400] "GET /events.php HTTP/1.1" 200 8644 "-" "Mozilla/5.0 (compatible; bingbot/2.0; +http://www.bing.com/bingbot.htm)"
166.137.119.30 - - [18/Aug/2013:18:05:41 -0400] "GET /favicon.ico HTTP/1.1" 404 575 "http://www.judgepenny.com/" "Mozilla/5.0 (Linux; U; Android 4.0.4; en-us; SAMSUNG-SGH-I717 Build/IMM76D) AppleWebKit/534.30 (KHTML, like Gecko) Version/4.0 Mobile Safari/534.30"
66.249.82.108 - - [18/Aug/2013:18:47:55 -0400] "GET /images/btn.png HTTP/1.1" 200 512 "http://www.judgepenny.com/contact.php" "Mozilla/5.0 (X11; Linux x86_64) AppleWebKit/537.4 (KHTML, like Gecko; Google Web Preview) Chrome/22.0.1229 Safari/537.4"
65.55.24.245 - - [18/Aug/2013:15:28:27 -0400] "GET /robots.txt HTTP/1.1" 404 575 "-" "Mozilla/5.0 (compatible; bingbot/2.0; +http://www.bing.com/bingbot.htm)"
65.55.24.245 - - [18/Aug/2013:17:43:31 -0400] "GET /images/twitter.png HTTP/1.1" 200 2703 "-" "Mozilla/5.0 (compatible; bingbot/2.0; +http://www.bing.com/bingbot.htm)"
166.137.119.30 - - [18/Aug/2013:18:05:34 -0400] "GET /images/side-bg.png HTTP/1.1" 200 168 "http://www.judgepenny.com/" "Mozilla/5.0 (Linux; U; Android 4.0.4; en-us; SAMSUNG-SGH-I717 Build/IMM76D) AppleWebKit/534.30 (KHTML, like Gecko) Version/4.0 Mobile Safari/534.30"
66.249.82.108 - - [18/Aug/2013:18:47:36 -0400] "GET /images/main-btm.png HTTP/1.1" 200 398 "http://www.judgepenny.com/shopping.php" "Mozilla/5.0 (X11; Linux x86_64) AppleWebKit/537.4 (KHTML, like Gecko; Google Web Preview) Chrome/22.0.1229 Safari/537.4"
66.249.82.108 - - [18/Aug/2013:18:47:36 -0400] "GET /images/ftr-bg.png HTTP/1.1" 200 198 "http://www.judgepenny.com/shopping.php" "Mozilla/5.0 (X11; Linux x86_64) AppleWebKit/537.4 (KHTML, like Gecko; Google Web Preview) Chrome/22.0.1229 Safari/537.4"
66.249.82.108 - - [18/Aug/2013:18:47:36 -0400] "GET /images/events.png HTTP/1.1" 200 3829 "http://www.judgepenny.com/shopping.php" "Mozilla/5.0 (X11; Linux x86_64) AppleWebKit/537.4 (KHTML, like Gecko; Google Web Preview) Chrome/22.0.1229 Safari/537.4"
166.137.119.27 - - [18/Aug/2013:20:50:45 -0400] "GET /slideshow/images/book.jpg HTTP/1.1" 200 132593 "http://www.judgepenny.com/index.php" "Mozilla/5.0 (Linux; U; Android 4.0.4; en-us; SAMSUNG-SGH-I717 Build/IMM76D) AppleWebKit/534.30 (KHTML, like Gecko) Version/4.0 Mobile Safari/534.30"
166.137.119.27 - - [18/Aug/2013:20:50:45 -0400] "GET /slideshow/images/judge_penny_the_judge.jpg HTTP/1.1" 200 151096 "http://www.judgepenny.com/index.php" "Mozilla/5.0 (Linux; U; Android 4.0.4; en-us; SAMSUNG-SGH-I717 Build/IMM76D) AppleWebKit/534.30 (KHTML, like Gecko) Version/4.0 Mobile Safari/534.30"
78.158.11.226 - - [18/Aug/2013:14:29:37 -0400] "GET / HTTP/1.1" 200 8953 "http://www.google.com/url?sa=t&rct=j&q=www.judgepenny.com&source=web&cd=5&ved=0CF0QFjAE&url=http:%2F%2Fwww.judgepenny.com%2F&cad=rja" "Lynx/2.8.5rel.1 libwww-FM/2.15FC SSL-MM/1.4.1c OpenSSL/0.9.7e-dev"
66.249.82.108 - - [18/Aug/2013:18:47:36 -0400] "GET /images/you-tube.png HTTP/1.1" 200 3090 "http://www.judgepenny.com/shopping.php" "Mozilla/5.0 (X11; Linux x86_64) AppleWebKit/537.4 (KHTML, like Gecko; Google Web Preview) Chrome/22.0.1229 Safari/537.4"
66.249.82.108 - - [18/Aug/2013:18:47:36 -0400] "GET /images/judge-jenny.png HTTP/1.1" 200 28663 "http://www.judgepenny.com/shopping.php" "Mozilla/5.0 (X11; Linux x86_64) AppleWebKit/537.4 (KHTML, like Gecko; Google Web Preview) Chrome/22.0.1229 Safari/537.4"
66.249.82.108 - - [18/Aug/2013:18:47:36 -0400] "GET /images/sub-menu.png HTTP/1.1" 200 6956 "http://www.judgepenny.com/shopping.php" "Mozilla/5.0 (X11; Linux x86_64) AppleWebKit/537.4 (KHTML, like Gecko; Google Web Preview) Chrome/22.0.1229 Safari/537.4"
66.249.82.108 - - [18/Aug/2013:18:48:51 -0400] "GET /photos.php HTTP/1.1" 200 6337 "http://www.google.com/search" "Mozilla/5.0 (X11; Linux x86_64) AppleWebKit/537.4 (KHTML, like Gecko; Google Web Preview) Chrome/22.0.1229 Safari/537.4"
66.249.82.108 - - [18/Aug/2013:18:48:51 -0400] "GET /css/style.css HTTP/1.1" 200 9522 "http://www.judgepenny.com/photos.php" "Mozilla/5.0 (X11; Linux x86_64) AppleWebKit/537.4 (KHTML, like Gecko; Google Web Preview) Chrome/22.0.1229 Safari/537.4"
66.249.82.108 - - [18/Aug/2013:18:48:51 -0400] "GET /images/facebook.png HTTP/1.1" 200 2371 "http://www.judgepenny.com/photos.php" "Mozilla/5.0 (X11; Linux x86_64) AppleWebKit/537.4 (KHTML, like Gecko; Google Web Preview) Chrome/22.0.1229 Safari/537.4"
66.249.82.108 - - [18/Aug/2013:18:48:51 -0400] "GET /images/sub-menu.png HTTP/1.1" 200 6956 "http://www.judgepenny.com/photos.php" "Mozilla/5.0 (X11; Linux x86_64) AppleWebKit/537.4 (KHTML, like Gecko; Google Web Preview) Chrome/22.0.1229 Safari/537.4"
66.249.82.108 - - [18/Aug/2013:18:48:51 -0400] "GET /images/you-tube.png HTTP/1.1" 200 3090 "http://www.judgepenny.com/photos.php" "Mozilla/5.0 (X11; Linux x86_64) AppleWebKit/537.4 (KHTML, like Gecko; Google Web Preview) Chrome/22.0.1229 Safari/537.4"
