173.19.73.40 - - [19/Aug/2013:05:02:46 -0400] "GET /images/twitter.png HTTP/1.1" 200 2703 "http://www.judgepenny.com/biography.php" "Mozilla/5.0 (iPad; CPU OS 6_1_3 like Mac OS X) AppleWebKit/536.26 (KHTML, like Gecko) Version/6.0 Mobile/10B329 Safari/8536.25"
173.19.73.40 - - [19/Aug/2013:05:02:46 -0400] "GET /images/judge.png HTTP/1.1" 200 164424 "http://www.judgepenny.com/biography.php" "Mozilla/5.0 (iPad; CPU OS 6_1_3 like Mac OS X) AppleWebKit/536.26 (KHTML, like Gecko) Version/6.0 Mobile/10B329 Safari/8536.25"
173.19.73.40 - - [19/Aug/2013:05:02:47 -0400] "GET /images/btn.png HTTP/1.1" 200 512 "http://www.judgepenny.com/biography.php" "Mozilla/5.0 (iPad; CPU OS 6_1_3 like Mac OS X) AppleWebKit/536.26 (KHTML, like Gecko) Version/6.0 Mobile/10B329 Safari/8536.25"
66.249.75.108 - - [19/Aug/2013:13:41:58 -0400] "GET / HTTP/1.1" 200 8953 "-" "Mozilla/5.0 (iPhone; U; CPU iPhone OS 4_1 like Mac OS X; en-us) AppleWebKit/532.9 (KHTML, like Gecko) Version/4.0.5 Mobile/8B117 Safari/6531.22.7 (compatible; Googlebot-Mobile/2.1; +http://www.google.com/bot.html)"
208.87.234.180 - - [19/Aug/2013:16:23:24 -0400] "GET /images/twitter.png HTTP/1.1" 200 2703 "http://www.judgepenny.com/judge-penny-foundation.php" "Mozilla/4.0 (compatible; MSIE 8.0; Windows NT 6.1; Trident/4.0; SLCC2; .NET CLR 2.0.50727; .NET CLR 3.5.30729; .NET CLR 3.0.30729; Media Center PC 6.0; .NET4.0C; .NET4.0E)"
41.222.183.58 - - [19/Aug/2013:12:42:15 -0400] "GET / HTTP/1.1" 200 8953 "-" "Mozilla/5.0 (iPhone; CPU iPhone OS 6_1_4 like Mac OS X) AppleWebKit/536.26 (KHTML, like Gecko) Version/6.0 Mobile/10B350 Safari/8536.25"
107.206.18.5 - - [19/Aug/2013:13:34:13 -0400] "GET /slide-style.css HTTP/1.1" 404 575 "http://www.judgepenny.com/biography.php" "Mozilla/5.0 (iPad; CPU OS 5_1_1 like Mac OS X) AppleWebKit/534.46 (KHTML, like Gecko) Version/5.1 Mobile/9B206 Safari/7534.48.3"
107.206.18.5 - - [19/Aug/2013:13:34:13 -0400] "GET /images/buy-now.png HTTP/1.1" 200 89906 "http://www.judgepenny.com/biography.php" "Mozilla/5.0 (iPad; CPU OS 5_1_1 like Mac OS X) AppleWebKit/534.46 (KHTML, like Gecko) Version/5.1 Mobile/9B206 Safari/7534.48.3"
107.206.18.5 - - [19/Aug/2013:13:34:14 -0400] "GET /images/ftr-bg.png HTTP/1.1" 200 198 "http://www.judgepenny.com/biography.php" "Mozilla/5.0 (iPad; CPU OS 5_1_1 like Mac OS X) AppleWebKit/534.46 (KHTML, like Gecko) Version/5.1 Mobile/9B206 Safari/7534.48.3"
46.119.118.152 - - [19/Aug/2013:16:39:32 -0400] "GET / HTTP/1.1" 200 8953 "http://master-remont-tehniki.ru/" "Mozilla/4.0 (compatible; MSIE 6.0; Windows NT 5.2; SV1; .NET CLR 1.1.4322; .NET CLR 2.0.50727)"
208.54.35.146 - - [19/Aug/2013:16:43:49 -0400] "GET /css/style.css HTTP/1.1" 200 9522 "http://www.judgepenny.com/biography.php" "Mozilla/5.0 (compatible; MSIE 9.0; Windows Phone OS 7.5; Trident/5.0; IEMobile/9.0; NOKIA; Lumia 710)"
208.54.35.146 - - [19/Aug/2013:16:43:49 -0400] "GET /images/you-tube.png HTTP/1.1" 200 3090 "http://www.judgepenny.com/biography.php" "Mozilla/5.0 (compatible; MSIE 9.0; Windows Phone OS 7.5; Trident/5.0; IEMobile/9.0; NOKIA; Lumia 710)"
208.54.35.146 - - [19/Aug/2013:16:43:49 -0400] "GET /images/facebook.png HTTP/1.1" 200 2371 "http://www.judgepenny.com/biography.php" "Mozilla/5.0 (compatible; MSIE 9.0; Windows Phone OS 7.5; Trident/5.0; IEMobile/9.0; NOKIA; Lumia 710)"
208.54.35.146 - - [19/Aug/2013:16:43:49 -0400] "GET /slide-style.css HTTP/1.1" 404 575 "http://www.judgepenny.com/biography.php" "Mozilla/5.0 (compatible; MSIE 9.0; Windows Phone OS 7.5; Trident/5.0; IEMobile/9.0; NOKIA; Lumia 710)"
208.54.35.175 - - [19/Aug/2013:16:47:33 -0400] "GET /slide-style.css HTTP/1.1" 404 575 "http://www.judgepenny.com/shopping.php" "Mozilla/5.0 (compatible; MSIE 9.0; Windows Phone OS 7.5; Trident/5.0; IEMobile/9.0; NOKIA; Lumia 710)"
208.54.35.175 - - [19/Aug/2013:16:47:33 -0400] "GET /images/events.png HTTP/1.1" 200 3829 "http://www.judgepenny.com/shopping.php" "Mozilla/5.0 (compatible; MSIE 9.0; Windows Phone OS 7.5; Trident/5.0; IEMobile/9.0; NOKIA; Lumia 710)"
46.119.118.152 - - [19/Aug/2013:22:07:18 -0400] "GET / HTTP/1.1" 200 8953 "http://ilya-muromec.ru/" "Mozilla/4.0 (compatible; MSIE 6.0; Windows NT 5.2; SV1; .NET CLR 1.1.4322; .NET CLR 2.0.50727)"
50.10.208.175 - - [19/Aug/2013:18:41:27 -0400] "GET /images/girls_with_pearls.png HTTP/1.1" 200 244372 "-" "Mozilla/5.0 (iPad; CPU OS 6_1_3 like Mac OS X) AppleWebKit/536.26 (KHTML, like Gecko) Version/6.0 Mobile/10B329 Safari/8536.25"
66.87.108.148 - - [19/Aug/2013:07:20:04 -0400] "GET /images/linked-in.png HTTP/1.1" 200 2575 "http://www.judgepenny.com/biography.php" "Mozilla/5.0 (Linux; U; Android 4.1.1; en-us; EVO Build/JRO03C) AppleWebKit/534.30 (KHTML, like Gecko) Version/4.0 Mobile Safari/534.30"
66.87.108.148 - - [19/Aug/2013:07:20:04 -0400] "GET /images/h-div.png HTTP/1.1" 200 1503 "http://www.judgepenny.com/biography.php" "Mozilla/5.0 (Linux; U; Android 4.1.1; en-us; EVO Build/JRO03C) AppleWebKit/534.30 (KHTML, like Gecko) Version/4.0 Mobile Safari/534.30"
66.87.108.148 - - [19/Aug/2013:07:20:04 -0400] "GET /images/entry-bg.png HTTP/1.1" 200 18958 "http://www.judgepenny.com/biography.php" "Mozilla/5.0 (Linux; U; Android 4.1.1; en-us; EVO Build/JRO03C) AppleWebKit/534.30 (KHTML, like Gecko) Version/4.0 Mobile Safari/534.30"
4.30.236.130 - - [19/Aug/2013:07:35:21 -0400] "GET /judge-penny-foundation.php HTTP/1.1" 200 7746 "http://www.judgepenny.com/index.php" "Mozilla/5.0 (Macintosh; Intel Mac OS X 10_8_4) AppleWebKit/537.36 (KHTML, like Gecko) Chrome/28.0.1500.95 Safari/537.36"
195.242.218.133 - - [19/Aug/2013:03:31:57 -0400] "GET / HTTP/1.1" 200 8953 "http://gribnoybiz.ru/" "Mozilla/4.0 (compatible; MSIE 6.0; AOL 9.0; Windows NT 5.1)"
66.249.75.130 - - [19/Aug/2013:05:28:28 -0400] "GET / HTTP/1.1" 200 8953 "-" "Mozilla/5.0 (compatible; Googlebot/2.1; +http://www.google.com/bot.html)"
98.100.17.18 - - [19/Aug/2013:12:26:49 -0400] "GET / HTTP/1.1" 200 8953 "-" "Mozilla/5.0 (Macintosh; Intel Mac OS X 10_6_8) AppleWebKit/534.52.7 (KHTML, like Gecko) Version/5.1.2 Safari/534.52.7"
98.100.17.18 - - [19/Aug/2013:12:26:55 -0400] "GET /css/loading.gif HTTP/1.1" 200 1737 "http://www.judgepenny.com/" "Mozilla/5.0 (Macintosh; Intel Mac OS X 10_6_8) AppleWebKit/534.52.7 (KHTML, like Gecko) Version/5.1.2 Safari/534.52.7"
98.100.17.18 - - [19/Aug/2013:12:26:57 -0400] "GET /slideshow/images/judge_penny_foundation.jpg HTTP/1.1" 200 175194 "http://www.judgepenny.com/" "Mozilla/5.0 (Macintosh; Intel Mac OS X 10_6_8) AppleWebKit/534.52.7 (KHTML, like Gecko) Version/5.1.2 Safari/534.52.7"
46.119.118.152 - - [19/Aug/2013:16:39:33 -0400] "GET / HTTP/1.1" 200 8953 "http://master-remont-tehniki.ru/" "Mozilla/4.0 (compatible; MSIE 6.0; Windows NT 5.2; SV1; .NET CLR 1.1.4322; .NET CLR 2.0.50727)"
208.54.40.162 - - [19/Aug/2013:16:53:21 -0400] "GET /images/jenny-header.png HTTP/1.1" 200 69160 "http://www.judgepenny.com/biography.php" "Mozilla/5.0 (Linux; Android 4.0.4; LG-MS770 Build/IMM76I) AppleWebKit/537.36 (KHTML, like Gecko) Chrome/28.0.1500.94 Mobile Safari/537.36"
98.100.17.18 - - [19/Aug/2013:12:27:08 -0400] "GET /images/m-top.png HTTP/1.1" 200 574 "http://www.judgepenny.com/" "Mozilla/5.0 (Macintosh; Intel Mac OS X 10_6_8) AppleWebKit/534.52.7 (KHTML, like Gecko) Version/5.1.2 Safari/534.52.7"
98.100.17.18 - - [19/Aug/2013:12:27:09 -0400] "GET /images/h-left.png HTTP/1.1" 200 137 "http://www.judgepenny.com/" "Mozilla/5.0 (Macintosh; Intel Mac OS X 10_6_8) AppleWebKit/534.52.7 (KHTML, like Gecko) Version/5.1.2 Safari/534.52.7"
98.100.17.18 - - [19/Aug/2013:12:27:11 -0400] "GET /images/mail-div.png HTTP/1.1" 200 1078 "http://www.judgepenny.com/" "Mozilla/5.0 (Macintosh; Intel Mac OS X 10_6_8) AppleWebKit/534.52.7 (KHTML, like Gecko) Version/5.1.2 Safari/534.52.7"
98.100.17.18 - - [19/Aug/2013:12:27:13 -0400] "GET /images/s-btm.png HTTP/1.1" 200 605 "http://www.judgepenny.com/" "Mozilla/5.0 (Macintosh; Intel Mac OS X 10_6_8) AppleWebKit/534.52.7 (KHTML, like Gecko) Version/5.1.2 Safari/534.52.7"
4.30.236.130 - - [19/Aug/2013:07:46:39 -0400] "GET /index.php HTTP/1.1" 200 8953 "http://www.judgepenny.com/speaking-requests.php" "Mozilla/5.0 (Macintosh; Intel Mac OS X 10_8_4) AppleWebKit/537.36 (KHTML, like Gecko) Chrome/28.0.1500.95 Safari/537.36"
4.30.236.130 - - [19/Aug/2013:07:46:40 -0400] "GET /slide-style.css HTTP/1.1" 404 575 "http://www.judgepenny.com/index.php" "Mozilla/5.0 (Macintosh; Intel Mac OS X 10_8_4) AppleWebKit/537.36 (KHTML, like Gecko) Chrome/28.0.1500.95 Safari/537.36"
4.30.236.130 - - [19/Aug/2013:07:46:41 -0400] "GET /favicon.ico HTTP/1.1" 404 575 "-" "Mozilla/5.0 (Macintosh; Intel Mac OS X 10_8_4) AppleWebKit/537.36 (KHTML, like Gecko) Chrome/28.0.1500.95 Safari/537.36"
166.147.120.46 - - [19/Aug/2013:07:47:17 -0400] "GET /index.php HTTP/1.1" 200 8953 "http://www.judgepenny.com/index.php" "Mozilla/5.0 (iPad; CPU OS 6_1_3 like Mac OS X) AppleWebKit/536.26 (KHTML, like Gecko) Version/6.0 Mobile/10B329 Safari/8536.25"
166.147.120.46 - - [19/Aug/2013:07:47:19 -0400] "GET /slide-style.css HTTP/1.1" 404 575 "http://www.judgepenny.com/index.php" "Mozilla/5.0 (iPad; CPU OS 6_1_3 like Mac OS X) AppleWebKit/536.26 (KHTML, like Gecko) Version/6.0 Mobile/10B329 Safari/8536.25"
208.87.234.180 - - [19/Aug/2013:16:22:59 -0400] "GET /judge-penny-foundation.php HTTP/1.1" 302 410 "http://www.bing.com/search?q=Judge+Penny+Foundation&src=IE-SearchBox&FORM=IE8SRC" "Mozilla/4.0 (compatible; MSIE 8.0; Windows NT 6.1; Trident/4.0; SLCC2; .NET CLR 2.0.50727; .NET CLR 3.5.30729; .NET CLR 3.0.30729; Media Center PC 6.0; .NET4.0C; .NET4.0E)"
208.54.35.146 - - [19/Aug/2013:16:43:54 -0400] "GET /images/entry-bg.png HTTP/1.1" 200 18958 "http://www.judgepenny.com/biography.php" "Mozilla/5.0 (compatible; MSIE 9.0; Windows Phone OS 7.5; Trident/5.0; IEMobile/9.0; NOKIA; Lumia 710)"
166.137.88.25 - - [19/Aug/2013:19:48:42 -0400] "GET /images/m-btm.png HTTP/1.1" 200 741 "http://judgepenny.com/" "Mozilla/5.0 (iPhone; CPU iPhone OS 5_0 like Mac OS X) AppleWebKit/534.46 (KHTML, like Gecko) Version/5.1 Mobile/9A334 Safari/7534.48.3"
166.137.88.25 - - [19/Aug/2013:19:48:42 -0400] "GET /images/bg.jpg HTTP/1.1" 200 71900 "http://judgepenny.com/" "Mozilla/5.0 (iPhone; CPU iPhone OS 5_0 like Mac OS X) AppleWebKit/534.46 (KHTML, like Gecko) Version/5.1 Mobile/9A334 Safari/7534.48.3"
166.137.88.25 - - [19/Aug/2013:19:48:42 -0400] "GET /images/jenny-header.png HTTP/1.1" 200 69160 "http://judgepenny.com/" "Mozilla/5.0 (iPhone; CPU iPhone OS 5_0 like Mac OS X) AppleWebKit/534.46 (KHTML, like Gecko) Version/5.1 Mobile/9A334 Safari/7534.48.3"
208.54.40.162 - - [19/Aug/2013:16:53:17 -0400] "GET /css/default.css HTTP/1.1" 200 1295 "http://www.judgepenny.com/biography.php" "Mozilla/5.0 (Linux; Android 4.0.4; LG-MS770 Build/IMM76I) AppleWebKit/537.36 (KHTML, like Gecko) Chrome/28.0.1500.94 Mobile Safari/537.36"
208.54.40.162 - - [19/Aug/2013:16:53:20 -0400] "GET /images/linked-in.png HTTP/1.1" 200 2575 "http://www.judgepenny.com/biography.php" "Mozilla/5.0 (Linux; Android 4.0.4; LG-MS770 Build/IMM76I) AppleWebKit/537.36 (KHTML, like Gecko) Chrome/28.0.1500.94 Mobile Safari/537.36"
199.30.16.54 - - [19/Aug/2013:17:46:59 -0400] "GET /slideshow/images/judge_penny_the_judge.jpg HTTP/1.1" 200 151096 "-" "msnbot-media/1.1 (+http://search.msn.com/msnbot.htm)"
91.207.9.226 - - [19/Aug/2013:18:08:24 -0400] "GET / HTTP/1.1" 200 8953 "http://hdseven.ru/" "Mozilla/4.0 (compatible; MSIE 5.0; Windows 3.1)"
218.30.103.39 - - [19/Aug/2013:18:20:50 -0400] "GET / HTTP/1.1" 200 8953 "-" "Sogou web spider/4.0(+http://www.sogou.com/docs/help/webmasters.htm#07)"
66.87.108.148 - - [19/Aug/2013:07:20:04 -0400] "GET /images/seprator.png HTTP/1.1" 200 429 "http://www.judgepenny.com/biography.php" "Mozilla/5.0 (Linux; U; Android 4.1.1; en-us; EVO Build/JRO03C) AppleWebKit/534.30 (KHTML, like Gecko) Version/4.0 Mobile Safari/534.30"
4.30.236.130 - - [19/Aug/2013:07:24:52 -0400] "GET /judge-penny-foundation.php HTTP/1.1" 200 7746 "http://www.judgepenny.com/" "Mozilla/5.0 (Macintosh; Intel Mac OS X 10_8_4) AppleWebKit/537.36 (KHTML, like Gecko) Chrome/28.0.1500.95 Safari/537.36"
4.30.236.130 - - [19/Aug/2013:07:24:54 -0400] "GET /slide-style.css HTTP/1.1" 404 575 "http://www.judgepenny.com/judge-penny-foundation.php" "Mozilla/5.0 (Macintosh; Intel Mac OS X 10_8_4) AppleWebKit/537.36 (KHTML, like Gecko) Chrome/28.0.1500.95 Safari/537.36"
4.30.236.130 - - [19/Aug/2013:07:24:54 -0400] "GET /images/girls_with_pearls.png HTTP/1.1" 200 244372 "http://www.judgepenny.com/judge-penny-foundation.php" "Mozilla/5.0 (Macintosh; Intel Mac OS X 10_8_4) AppleWebKit/537.36 (KHTML, like Gecko) Chrome/28.0.1500.95 Safari/537.36"
4.30.236.130 - - [19/Aug/2013:07:24:54 -0400] "GET /images/entry-bg3.png HTTP/1.1" 200 19110 "http://www.judgepenny.com/judge-penny-foundation.php" "Mozilla/5.0 (Macintosh; Intel Mac OS X 10_8_4) AppleWebKit/537.36 (KHTML, like Gecko) Chrome/28.0.1500.95 Safari/537.36"
166.137.88.25 - - [19/Aug/2013:19:48:52 -0400] "GET /slideshow/images/judge_penny_the_judge.jpg HTTP/1.1" 200 151096 "http://judgepenny.com/" "Mozilla/5.0 (iPhone; CPU iPhone OS 5_0 like Mac OS X) AppleWebKit/534.46 (KHTML, like Gecko) Version/5.1 Mobile/9A334 Safari/7534.48.3"
166.137.88.25 - - [19/Aug/2013:19:48:53 -0400] "GET /images/m-top.png HTTP/1.1" 200 574 "http://judgepenny.com/" "Mozilla/5.0 (iPhone; CPU iPhone OS 5_0 like Mac OS X) AppleWebKit/534.46 (KHTML, like Gecko) Version/5.1 Mobile/9A334 Safari/7534.48.3"
46.119.118.152 - - [19/Aug/2013:22:07:17 -0400] "GET / HTTP/1.1" 200 8953 "http://ilya-muromec.ru/" "Mozilla/4.0 (compatible; MSIE 6.0; Windows NT 5.2; SV1; .NET CLR 1.1.4322; .NET CLR 2.0.50727)"
208.54.35.146 - - [19/Aug/2013:16:43:54 -0400] "GET /images/btn.png HTTP/1.1" 200 512 "http://www.judgepenny.com/biography.php" "Mozilla/5.0 (compatible; MSIE 9.0; Windows Phone OS 7.5; Trident/5.0; IEMobile/9.0; NOKIA; Lumia 710)"
208.54.35.146 - - [19/Aug/2013:16:43:54 -0400] "GET /images/h-div.png HTTP/1.1" 200 1503 "http://www.judgepenny.com/biography.php" "Mozilla/5.0 (compatible; MSIE 9.0; Windows Phone OS 7.5; Trident/5.0; IEMobile/9.0; NOKIA; Lumia 710)"
208.54.35.146 - - [19/Aug/2013:16:43:55 -0400] "GET /images/jenny-header.png HTTP/1.1" 200 69160 "http://www.judgepenny.com/biography.php" "Mozilla/5.0 (compatible; MSIE 9.0; Windows Phone OS 7.5; Trident/5.0; IEMobile/9.0; NOKIA; Lumia 710)"
208.54.35.175 - - [19/Aug/2013:16:46:22 -0400] "GET /slide-style.css HTTP/1.1" 404 575 "http://www.judgepenny.com/beyond-the-robe.php" "Mozilla/5.0 (compatible; MSIE 9.0; Windows Phone OS 7.5; Trident/5.0; IEMobile/9.0; NOKIA; Lumia 710)"
66.87.108.148 - - [19/Aug/2013:07:20:04 -0400] "GET /images/you-tube.png HTTP/1.1" 200 3090 "http://www.judgepenny.com/biography.php" "Mozilla/5.0 (Linux; U; Android 4.1.1; en-us; EVO Build/JRO03C) AppleWebKit/534.30 (KHTML, like Gecko) Version/4.0 Mobile Safari/534.30"
66.87.108.148 - - [19/Aug/2013:07:20:04 -0400] "GET /images/right-div.png HTTP/1.1" 200 5479 "http://www.judgepenny.com/biography.php" "Mozilla/5.0 (Linux; U; Android 4.1.1; en-us; EVO Build/JRO03C) AppleWebKit/534.30 (KHTML, like Gecko) Version/4.0 Mobile Safari/534.30"
98.100.17.18 - - [19/Aug/2013:12:26:54 -0400] "GET /images/twitter.png HTTP/1.1" 200 2703 "http://www.judgepenny.com/" "Mozilla/5.0 (Macintosh; Intel Mac OS X 10_6_8) AppleWebKit/534.52.7 (KHTML, like Gecko) Version/5.1.2 Safari/534.52.7"
41.222.183.56 - - [19/Aug/2013:12:42:17 -0400] "GET /css/default.css HTTP/1.1" 200 1295 "http://www.judgepenny.com/" "Mozilla/5.0 (iPhone; CPU iPhone OS 6_1_4 like Mac OS X) AppleWebKit/536.26 (KHTML, like Gecko) Version/6.0 Mobile/10B350 Safari/8536.25"
41.222.183.56 - - [19/Aug/2013:12:42:20 -0400] "GET /images/linked-in.png HTTP/1.1" 200 2575 "http://www.judgepenny.com/" "Mozilla/5.0 (iPhone; CPU iPhone OS 6_1_4 like Mac OS X) AppleWebKit/536.26 (KHTML, like Gecko) Version/6.0 Mobile/10B350 Safari/8536.25"
41.222.183.56 - - [19/Aug/2013:12:42:20 -0400] "GET /slideshow/images/judge_penny_foundation.jpg HTTP/1.1" 200 175194 "http://www.judgepenny.com/" "Mozilla/5.0 (iPhone; CPU iPhone OS 6_1_4 like Mac OS X) AppleWebKit/536.26 (KHTML, like Gecko) Version/6.0 Mobile/10B350 Safari/8536.25"
41.222.183.56 - - [19/Aug/2013:12:42:22 -0400] "GET /images/m-top.png HTTP/1.1" 200 574 "http://www.judgepenny.com/" "Mozilla/5.0 (iPhone; CPU iPhone OS 6_1_4 like Mac OS X) AppleWebKit/536.26 (KHTML, like Gecko) Version/6.0 Mobile/10B350 Safari/8536.25"
41.222.183.56 - - [19/Aug/2013:12:42:23 -0400] "GET /css/loading.gif HTTP/1.1" 200 1737 "http://www.judgepenny.com/" "Mozilla/5.0 (iPhone; CPU iPhone OS 6_1_4 like Mac OS X) AppleWebKit/536.26 (KHTML, like Gecko) Version/6.0 Mobile/10B350 Safari/8536.25"
208.115.111.70 - - [19/Aug/2013:12:42:45 -0400] "GET /robots.txt HTTP/1.1" 404 575 "-" "Mozilla/5.0 (compatible; Ezooms/1.0; ezooms.bot@gmail.com)"
107.206.18.5 - - [19/Aug/2013:13:34:12 -0400] "GET /biography.php HTTP/1.1" 200 9590 "http://www.google.com/url?sa=t&rct=j&q=judge%20penny%20brown%20reynolds%20husband&source=web&cd=1&ved=0CCkQFjAA&url=http%3A%2F%2Fwww.judgepenny.com%2Fbiography.php&ei=EFcSUoffKoij2QXbzYCoCQ&usg=AFQjCNGUQ2K5i51RxnosGnvOv7jN2Ne2mA&bvm=bv.50768961,d.b2I" "Mozilla/5.0 (iPad; CPU OS 5_1_1 like Mac OS X) AppleWebKit/534.46 (KHTML, like Gecko) Version/5.1 Mobile/9B206 Safari/7534.48.3"
107.206.18.5 - - [19/Aug/2013:13:34:13 -0400] "GET /images/facebook.png HTTP/1.1" 200 2371 "http://www.judgepenny.com/biography.php" "Mozilla/5.0 (iPad; CPU OS 5_1_1 like Mac OS X) AppleWebKit/534.46 (KHTML, like Gecko) Version/5.1 Mobile/9B206 Safari/7534.48.3"
107.206.18.5 - - [19/Aug/2013:13:34:13 -0400] "GET /images/bg.jpg HTTP/1.1" 200 71900 "http://www.judgepenny.com/biography.php" "Mozilla/5.0 (iPad; CPU OS 5_1_1 like Mac OS X) AppleWebKit/534.46 (KHTML, like Gecko) Version/5.1 Mobile/9B206 Safari/7534.48.3"
107.206.18.5 - - [19/Aug/2013:13:34:15 -0400] "GET /images/sub-menu.png HTTP/1.1" 200 6956 "http://www.judgepenny.com/biography.php" "Mozilla/5.0 (iPad; CPU OS 5_1_1 like Mac OS X) AppleWebKit/534.46 (KHTML, like Gecko) Version/5.1 Mobile/9B206 Safari/7534.48.3"
66.87.108.148 - - [19/Aug/2013:07:20:02 -0400] "GET /css/default.css HTTP/1.1" 200 1295 "http://www.judgepenny.com/biography.php" "Mozilla/5.0 (Linux; U; Android 4.1.1; en-us; EVO Build/JRO03C) AppleWebKit/534.30 (KHTML, like Gecko) Version/4.0 Mobile Safari/534.30"
66.87.108.148 - - [19/Aug/2013:07:20:04 -0400] "GET /images/bg.jpg HTTP/1.1" 200 71900 "http://www.judgepenny.com/biography.php" "Mozilla/5.0 (Linux; U; Android 4.1.1; en-us; EVO Build/JRO03C) AppleWebKit/534.30 (KHTML, like Gecko) Version/4.0 Mobile Safari/534.30"
93.115.86.194 - - [19/Aug/2013:11:54:33 -0400] "GET /events.php HTTP/1.1" 200 8644 "-" "Mozilla/4.0 (compatible; MSIE 6.0; Windows NT 5.1; SV1)"
65.55.24.245 - - [19/Aug/2013:10:19:42 -0400] "GET / HTTP/1.1" 200 8953 "-" "Mozilla/5.0 (compatible; bingbot/2.0; +http://www.bing.com/bingbot.htm)"
71.8.27.209 - - [19/Aug/2013:11:01:53 -0400] "GET / HTTP/1.1" 200 8953 "http://en.wikipedia.org/wiki/Family_Court_with_Judge_Penny" "Mozilla/5.0 (compatible; MSIE 10.0; Windows NT 6.1; WOW64; Trident/6.0)"
71.8.27.209 - - [19/Aug/2013:11:01:57 -0400] "GET /images/judge-jenny.png HTTP/1.1" 200 28663 "http://www.judgepenny.com/" "Mozilla/5.0 (compatible; MSIE 10.0; Windows NT 6.1; WOW64; Trident/6.0)"
71.8.27.209 - - [19/Aug/2013:11:01:57 -0400] "GET /slideshow/images/judge_penny_self_worth.jpg HTTP/1.1" 200 129594 "http://www.judgepenny.com/" "Mozilla/5.0 (compatible; MSIE 10.0; Windows NT 6.1; WOW64; Trident/6.0)"
71.8.27.209 - - [19/Aug/2013:11:01:57 -0400] "GET /js/jquery.nivo.slider.pack.js HTTP/1.1" 200 15854 "http://www.judgepenny.com/" "Mozilla/5.0 (compatible; MSIE 10.0; Windows NT 6.1; WOW64; Trident/6.0)"
71.8.27.209 - - [19/Aug/2013:11:01:57 -0400] "GET /images/m-btm.png HTTP/1.1" 200 741 "http://www.judgepenny.com/" "Mozilla/5.0 (compatible; MSIE 10.0; Windows NT 6.1; WOW64; Trident/6.0)"
71.8.27.209 - - [19/Aug/2013:11:01:57 -0400] "GET /images/jenny-header.png HTTP/1.1" 200 69160 "http://www.judgepenny.com/" "Mozilla/5.0 (compatible; MSIE 10.0; Windows NT 6.1; WOW64; Trident/6.0)"
71.8.27.209 - - [19/Aug/2013:11:01:57 -0400] "GET /images/s-btm.png HTTP/1.1" 200 605 "http://www.judgepenny.com/" "Mozilla/5.0 (compatible; MSIE 10.0; Windows NT 6.1; WOW64; Trident/6.0)"
4.30.236.130 - - [19/Aug/2013:07:23:08 -0400] "GET /css/nivo-slider.css HTTP/1.1" 200 1430 "http://www.judgepenny.com/" "Mozilla/5.0 (Macintosh; Intel Mac OS X 10_8_4) AppleWebKit/537.36 (KHTML, like Gecko) Chrome/28.0.1500.95 Safari/537.36"
4.30.236.130 - - [19/Aug/2013:07:23:08 -0400] "GET /images/twitter.png HTTP/1.1" 200 2703 "http://www.judgepenny.com/" "Mozilla/5.0 (Macintosh; Intel Mac OS X 10_8_4) AppleWebKit/537.36 (KHTML, like Gecko) Chrome/28.0.1500.95 Safari/537.36"
4.30.236.130 - - [19/Aug/2013:07:23:08 -0400] "GET /slideshow/images/judge_penny_speaking_request.png HTTP/1.1" 200 291884 "http://www.judgepenny.com/" "Mozilla/5.0 (Macintosh; Intel Mac OS X 10_8_4) AppleWebKit/537.36 (KHTML, like Gecko) Chrome/28.0.1500.95 Safari/537.36"
4.30.236.130 - - [19/Aug/2013:07:23:08 -0400] "GET /images/s-btm.png HTTP/1.1" 200 605 "http://www.judgepenny.com/" "Mozilla/5.0 (Macintosh; Intel Mac OS X 10_8_4) AppleWebKit/537.36 (KHTML, like Gecko) Chrome/28.0.1500.95 Safari/537.36"
4.30.236.130 - - [19/Aug/2013:07:24:54 -0400] "GET /images/sub-menu.png HTTP/1.1" 200 6956 "http://www.judgepenny.com/judge-penny-foundation.php" "Mozilla/5.0 (Macintosh; Intel Mac OS X 10_8_4) AppleWebKit/537.36 (KHTML, like Gecko) Chrome/28.0.1500.95 Safari/537.36"
98.100.17.18 - - [19/Aug/2013:12:27:09 -0400] "GET /images/h-right.png HTTP/1.1" 200 279 "http://www.judgepenny.com/" "Mozilla/5.0 (Macintosh; Intel Mac OS X 10_6_8) AppleWebKit/534.52.7 (KHTML, like Gecko) Version/5.1.2 Safari/534.52.7"
98.100.17.18 - - [19/Aug/2013:12:27:11 -0400] "GET /images/s-top.png HTTP/1.1" 200 440 "http://www.judgepenny.com/" "Mozilla/5.0 (Macintosh; Intel Mac OS X 10_6_8) AppleWebKit/534.52.7 (KHTML, like Gecko) Version/5.1.2 Safari/534.52.7"
98.100.17.18 - - [19/Aug/2013:12:27:13 -0400] "GET /css/arrows.png HTTP/1.1" 200 824 "http://www.judgepenny.com/" "Mozilla/5.0 (Macintosh; Intel Mac OS X 10_6_8) AppleWebKit/534.52.7 (KHTML, like Gecko) Version/5.1.2 Safari/534.52.7"
65.55.24.245 - - [19/Aug/2013:13:20:49 -0400] "GET /robots.txt HTTP/1.1" 404 575 "-" "Mozilla/5.0 (compatible; bingbot/2.0; +http://www.bing.com/bingbot.htm)"
107.206.18.5 - - [19/Aug/2013:13:34:13 -0400] "GET /css/nivo-slider.css HTTP/1.1" 200 1430 "http://www.judgepenny.com/biography.php" "Mozilla/5.0 (iPad; CPU OS 5_1_1 like Mac OS X) AppleWebKit/534.46 (KHTML, like Gecko) Version/5.1 Mobile/9B206 Safari/7534.48.3"
107.206.18.5 - - [19/Aug/2013:13:34:13 -0400] "GET /images/you-tube.png HTTP/1.1" 200 3090 "http://www.judgepenny.com/biography.php" "Mozilla/5.0 (iPad; CPU OS 5_1_1 like Mac OS X) AppleWebKit/534.46 (KHTML, like Gecko) Version/5.1 Mobile/9B206 Safari/7534.48.3"
107.206.18.5 - - [19/Aug/2013:13:34:13 -0400] "GET /images/btn.png HTTP/1.1" 200 512 "http://www.judgepenny.com/biography.php" "Mozilla/5.0 (iPad; CPU OS 5_1_1 like Mac OS X) AppleWebKit/534.46 (KHTML, like Gecko) Version/5.1 Mobile/9B206 Safari/7534.48.3"
107.206.18.5 - - [19/Aug/2013:13:34:13 -0400] "GET /images/entry-bg.png HTTP/1.1" 200 18958 "http://www.judgepenny.com/biography.php" "Mozilla/5.0 (iPad; CPU OS 5_1_1 like Mac OS X) AppleWebKit/534.46 (KHTML, like Gecko) Version/5.1 Mobile/9B206 Safari/7534.48.3"
66.87.105.220 - - [19/Aug/2013:13:43:37 -0400] "GET /slideshow/images/judge_penny_the_judge.jpg HTTP/1.1" 200 151096 "http://www.google.com/search?q=judge+penny&client=ms-android-boost-us&hl=en&source=android-search-app&v=133247963&tbm=isch&tbo=u&source=univ&sa=X&ei=k1gSUuLzI8eh2AWS6oCABw&ved=0CCcQsAQ&biw=320&bih=508" "Mozilla/5.0 (Linux; U; Android 2.3.5; en-us; N860 Build/GINGERBREAD) AppleWebKit/533.1 (KHTML, like Gecko) Version/4.0 Mobile Safari/533.1"
184.188.8.188 - - [19/Aug/2013:16:28:30 -0400] "GET /images/contact.png HTTP/1.1" 302 378 "http://search.yahoo.com/search;_ylt=A0oG7lx5fhJS.yQAve5XNyoA;_ylc=X1MDMjc2NjY3OQRfcgMyBGJjawM3ajBvOGRkOTBmZ3E1JTI2YiUzRDMlMjZzJTNEMGYEY3NyY3B2aWQDUk40Z0cwZ2V1ckI1Z3doclVnZkRSUVg2dUx3SXZGSVNmbmtBRFQwNARmcgN5ZnAtdC02MjItMS1zBGZyMgNzYS1ncARncHJpZANDS0VadTdzcVJQeWFpWjQ0RmYydXVBBG5fcnNsdAMxMARuX3N1Z2cDMTAEb3JpZ2luA3NlYXJjaC55YWhvby5jb20EcG9zAzEEcHFzdHIDanVkZ2UgcGVubnkgBHBxc3RybAMxMgRxc3RybAMyNgRxdWVyeQNqdWRnZSBwZW5ueSBicm93biByZXlub2xkcwR0X3N0bXADMTM3Njk0Mzg0OTk1NwR2dGVzdGlkA1ZJUDI2OQ--?p=judge+penny+brown+reynolds&fr2=sb-top&fr=yfp-t-622-1-s" "Mozilla/5.0 (compatible; MSIE 10.0; Windows NT 6.1; WOW64; Trident/6.0)"
46.119.118.152 - - [19/Aug/2013:16:39:34 -0400] "GET / HTTP/1.1" 200 8953 "http://master-remont-tehniki.ru/" "Mozilla/4.0 (compatible; MSIE 6.0; Windows NT 5.2; SV1; .NET CLR 1.1.4322; .NET CLR 2.0.50727)"
66.249.75.130 - - [19/Aug/2013:05:28:28 -0400] "GET /robots.txt HTTP/1.1" 404 575 "-" "Mozilla/5.0 (compatible; Googlebot/2.1; +http://www.google.com/bot.html)"
173.19.73.40 - - [19/Aug/2013:05:02:46 -0400] "GET /videos/jwplayer.js HTTP/1.1" 200 133009 "http://www.judgepenny.com/biography.php" "Mozilla/5.0 (iPad; CPU OS 6_1_3 like Mac OS X) AppleWebKit/536.26 (KHTML, like Gecko) Version/6.0 Mobile/10B329 Safari/8536.25"
173.19.73.40 - - [19/Aug/2013:05:02:46 -0400] "GET /images/judge-jenny.png HTTP/1.1" 200 28663 "http://www.judgepenny.com/biography.php" "Mozilla/5.0 (iPad; CPU OS 6_1_3 like Mac OS X) AppleWebKit/536.26 (KHTML, like Gecko) Version/6.0 Mobile/10B329 Safari/8536.25"
173.19.73.40 - - [19/Aug/2013:05:02:46 -0400] "GET /images/bg.jpg HTTP/1.1" 200 71900 "http://www.judgepenny.com/biography.php" "Mozilla/5.0 (iPad; CPU OS 6_1_3 like Mac OS X) AppleWebKit/536.26 (KHTML, like Gecko) Version/6.0 Mobile/10B329 Safari/8536.25"
173.19.73.40 - - [19/Aug/2013:05:02:47 -0400] "GET /images/seprator.png HTTP/1.1" 200 429 "http://www.judgepenny.com/biography.php" "Mozilla/5.0 (iPad; CPU OS 6_1_3 like Mac OS X) AppleWebKit/536.26 (KHTML, like Gecko) Version/6.0 Mobile/10B329 Safari/8536.25"
157.55.34.178 - - [19/Aug/2013:16:00:40 -0400] "GET /video-clips.php HTTP/1.1" 200 7451 "-" "Mozilla/5.0 (compatible; bingbot/2.0; +http://www.bing.com/bingbot.htm)"
208.54.35.146 - - [19/Aug/2013:16:43:54 -0400] "GET /css/nivo-slider.css HTTP/1.1" 200 1430 "http://www.judgepenny.com/biography.php" "Mozilla/5.0 (compatible; MSIE 9.0; Windows Phone OS 7.5; Trident/5.0; IEMobile/9.0; NOKIA; Lumia 710)"
208.54.35.146 - - [19/Aug/2013:16:43:54 -0400] "GET /images/right-div.png HTTP/1.1" 200 5479 "http://www.judgepenny.com/biography.php" "Mozilla/5.0 (compatible; MSIE 9.0; Windows Phone OS 7.5; Trident/5.0; IEMobile/9.0; NOKIA; Lumia 710)"
93.115.86.194 - - [19/Aug/2013:11:54:43 -0400] "GET /index.php HTTP/1.1" 200 8953 "-" "Mozilla/4.0 (compatible; MSIE 6.0; Windows NT 5.1; SV1)"
4.30.236.130 - - [19/Aug/2013:07:22:04 -0400] "GET / HTTP/1.1" 503 323 "-" "Mozilla/5.0 (Macintosh; Intel Mac OS X 10_8_4) AppleWebKit/537.36 (KHTML, like Gecko) Chrome/28.0.1500.95 Safari/537.36"
4.30.236.130 - - [19/Aug/2013:07:22:57 -0400] "GET / HTTP/1.1" 503 323 "-" "Mozilla/5.0 (Macintosh; Intel Mac OS X 10_8_4) AppleWebKit/537.36 (KHTML, like Gecko) Chrome/28.0.1500.95 Safari/537.36"
4.30.236.130 - - [19/Aug/2013:07:25:15 -0400] "GET /images/btn.png HTTP/1.1" 200 512 "http://www.judgepenny.com/judge-penny-foundation.php" "Mozilla/5.0 (Macintosh; Intel Mac OS X 10_8_4) AppleWebKit/537.36 (KHTML, like Gecko) Chrome/28.0.1500.95 Safari/537.36"
4.30.236.130 - - [19/Aug/2013:07:25:15 -0400] "GET /favicon.ico HTTP/1.1" 404 575 "-" "Mozilla/5.0 (Macintosh; Intel Mac OS X 10_8_4) AppleWebKit/537.36 (KHTML, like Gecko) Chrome/28.0.1500.95 Safari/537.36"
4.30.236.130 - - [19/Aug/2013:07:41:05 -0400] "GET /index.php HTTP/1.1" 503 323 "http://www.judgepenny.com/judge-penny-foundation.php" "Mozilla/5.0 (Macintosh; Intel Mac OS X 10_8_4) AppleWebKit/537.36 (KHTML, like Gecko) Chrome/28.0.1500.95 Safari/537.36"
4.30.236.130 - - [19/Aug/2013:07:48:16 -0400] "GET /speaking-requests.php HTTP/1.1" 503 323 "http://www.judgepenny.com/index.php" "Mozilla/5.0 (Macintosh; Intel Mac OS X 10_8_4) AppleWebKit/537.36 (KHTML, like Gecko) Chrome/28.0.1500.95 Safari/537.36"
166.147.120.46 - - [19/Aug/2013:07:48:55 -0400] "GET /index.php HTTP/1.1" 503 323 "http://www.judgepenny.com/speaking-requests.php" "Mozilla/5.0 (iPad; CPU OS 6_1_3 like Mac OS X) AppleWebKit/536.26 (KHTML, like Gecko) Version/6.0 Mobile/10B329 Safari/8536.25"
93.115.86.194 - - [19/Aug/2013:11:54:39 -0400] "GET /penny-for-your-thoughts.php HTTP/1.1" 200 11765 "-" "Mozilla/4.0 (compatible; MSIE 6.0; Windows NT 5.1; SV1)"
173.19.73.40 - - [19/Aug/2013:05:02:46 -0400] "GET /css/default.css HTTP/1.1" 200 1295 "http://www.judgepenny.com/biography.php" "Mozilla/5.0 (iPad; CPU OS 6_1_3 like Mac OS X) AppleWebKit/536.26 (KHTML, like Gecko) Version/6.0 Mobile/10B329 Safari/8536.25"
173.19.73.40 - - [19/Aug/2013:05:02:46 -0400] "GET /images/linked-in.png HTTP/1.1" 200 2575 "http://www.judgepenny.com/biography.php" "Mozilla/5.0 (iPad; CPU OS 6_1_3 like Mac OS X) AppleWebKit/536.26 (KHTML, like Gecko) Version/6.0 Mobile/10B329 Safari/8536.25"
173.19.73.40 - - [19/Aug/2013:05:02:46 -0400] "GET /images/main-btm.png HTTP/1.1" 200 398 "http://www.judgepenny.com/biography.php" "Mozilla/5.0 (iPad; CPU OS 6_1_3 like Mac OS X) AppleWebKit/536.26 (KHTML, like Gecko) Version/6.0 Mobile/10B329 Safari/8536.25"
173.19.73.40 - - [19/Aug/2013:05:02:46 -0400] "GET /images/jenny-header.png HTTP/1.1" 200 69160 "http://www.judgepenny.com/biography.php" "Mozilla/5.0 (iPad; CPU OS 6_1_3 like Mac OS X) AppleWebKit/536.26 (KHTML, like Gecko) Version/6.0 Mobile/10B329 Safari/8536.25"
173.19.73.40 - - [19/Aug/2013:05:02:46 -0400] "GET /images/sub-menu.png HTTP/1.1" 200 6956 "http://www.judgepenny.com/biography.php" "Mozilla/5.0 (iPad; CPU OS 6_1_3 like Mac OS X) AppleWebKit/536.26 (KHTML, like Gecko) Version/6.0 Mobile/10B329 Safari/8536.25"
208.87.234.180 - - [19/Aug/2013:16:23:23 -0400] "GET /css/style.css HTTP/1.1" 200 9522 "http://www.judgepenny.com/judge-penny-foundation.php" "Mozilla/4.0 (compatible; MSIE 8.0; Windows NT 6.1; Trident/4.0; SLCC2; .NET CLR 2.0.50727; .NET CLR 3.5.30729; .NET CLR 3.0.30729; Media Center PC 6.0; .NET4.0C; .NET4.0E)"
208.87.234.180 - - [19/Aug/2013:16:23:23 -0400] "GET /images/judge-jenny.png HTTP/1.1" 200 28663 "http://www.judgepenny.com/judge-penny-foundation.php" "Mozilla/4.0 (compatible; MSIE 8.0; Windows NT 6.1; Trident/4.0; SLCC2; .NET CLR 2.0.50727; .NET CLR 3.5.30729; .NET CLR 3.0.30729; Media Center PC 6.0; .NET4.0C; .NET4.0E)"
208.87.234.180 - - [19/Aug/2013:16:23:23 -0400] "GET /images/you-tube.png HTTP/1.1" 200 3090 "http://www.judgepenny.com/judge-penny-foundation.php" "Mozilla/4.0 (compatible; MSIE 8.0; Windows NT 6.1; Trident/4.0; SLCC2; .NET CLR 2.0.50727; .NET CLR 3.5.30729; .NET CLR 3.0.30729; Media Center PC 6.0; .NET4.0C; .NET4.0E)"
208.87.234.180 - - [19/Aug/2013:16:23:23 -0400] "GET /images/jenny-header.png HTTP/1.1" 200 69160 "http://www.judgepenny.com/judge-penny-foundation.php" "Mozilla/4.0 (compatible; MSIE 8.0; Windows NT 6.1; Trident/4.0; SLCC2; .NET CLR 2.0.50727; .NET CLR 3.5.30729; .NET CLR 3.0.30729; Media Center PC 6.0; .NET4.0C; .NET4.0E)"
208.87.234.180 - - [19/Aug/2013:16:23:23 -0400] "GET /images/seprator.png HTTP/1.1" 200 429 "http://www.judgepenny.com/judge-penny-foundation.php" "Mozilla/4.0 (compatible; MSIE 8.0; Windows NT 6.1; Trident/4.0; SLCC2; .NET CLR 2.0.50727; .NET CLR 3.5.30729; .NET CLR 3.0.30729; Media Center PC 6.0; .NET4.0C; .NET4.0E)"
208.87.234.180 - - [19/Aug/2013:16:23:24 -0400] "GET /images/btn.png HTTP/1.1" 200 512 "http://www.judgepenny.com/judge-penny-foundation.php" "Mozilla/4.0 (compatible; MSIE 8.0; Windows NT 6.1; Trident/4.0; SLCC2; .NET CLR 2.0.50727; .NET CLR 3.5.30729; .NET CLR 3.0.30729; Media Center PC 6.0; .NET4.0C; .NET4.0E)"
208.115.111.70 - - [19/Aug/2013:16:40:01 -0400] "GET /robots.txt HTTP/1.1" 404 575 "-" "Mozilla/5.0 (compatible; Ezooms/1.0; ezooms.bot@gmail.com)"
208.54.40.162 - - [19/Aug/2013:16:53:20 -0400] "GET /slide-style.css HTTP/1.1" 404 575 "http://www.judgepenny.com/biography.php" "Mozilla/5.0 (Linux; Android 4.0.4; LG-MS770 Build/IMM76I) AppleWebKit/537.36 (KHTML, like Gecko) Chrome/28.0.1500.94 Mobile Safari/537.36"
208.54.40.162 - - [19/Aug/2013:16:53:20 -0400] "GET /images/main-btm.png HTTP/1.1" 200 398 "http://www.judgepenny.com/biography.php" "Mozilla/5.0 (Linux; Android 4.0.4; LG-MS770 Build/IMM76I) AppleWebKit/537.36 (KHTML, like Gecko) Chrome/28.0.1500.94 Mobile Safari/537.36"
208.54.40.162 - - [19/Aug/2013:16:53:22 -0400] "GET /images/btn.png HTTP/1.1" 200 512 "http://www.judgepenny.com/biography.php" "Mozilla/5.0 (Linux; Android 4.0.4; LG-MS770 Build/IMM76I) AppleWebKit/537.36 (KHTML, like Gecko) Chrome/28.0.1500.94 Mobile Safari/537.36"
208.54.40.162 - - [19/Aug/2013:16:53:23 -0400] "GET /images/h-div.png HTTP/1.1" 200 1503 "http://www.judgepenny.com/biography.php" "Mozilla/5.0 (Linux; Android 4.0.4; LG-MS770 Build/IMM76I) AppleWebKit/537.36 (KHTML, like Gecko) Chrome/28.0.1500.94 Mobile Safari/537.36"
208.54.40.162 - - [19/Aug/2013:16:53:24 -0400] "GET /images/right-div.png HTTP/1.1" 200 5479 "http://www.judgepenny.com/biography.php" "Mozilla/5.0 (Linux; Android 4.0.4; LG-MS770 Build/IMM76I) AppleWebKit/537.36 (KHTML, like Gecko) Chrome/28.0.1500.94 Mobile Safari/537.36"
208.54.40.162 - - [19/Aug/2013:16:53:26 -0400] "GET /images/ftr-bg.png HTTP/1.1" 200 198 "http://www.judgepenny.com/biography.php" "Mozilla/5.0 (Linux; Android 4.0.4; LG-MS770 Build/IMM76I) AppleWebKit/537.36 (KHTML, like Gecko) Chrome/28.0.1500.94 Mobile Safari/537.36"
208.115.111.70 - - [19/Aug/2013:13:22:43 -0400] "GET / HTTP/1.1" 200 8953 "-" "Mozilla/5.0 (compatible; Ezooms/1.0; ezooms.bot@gmail.com)"
46.118.126.194 - - [19/Aug/2013:22:25:48 -0400] "GET / HTTP/1.1" 200 8953 "http://www.wood-expert.ru/" "Mozilla/4.0 (compatible; MSIE 6.0; Windows NT 5.2; SV1; .NET CLR 1.1.4322; .NET CLR 2.0.50727)"
46.118.126.194 - - [19/Aug/2013:22:25:49 -0400] "GET / HTTP/1.1" 200 8953 "http://remdizain.ru/" "Mozilla/4.0 (compatible; MSIE 6.0; Windows NT 5.2; SV1; .NET CLR 1.1.4322; .NET CLR 2.0.50727)"
208.87.234.180 - - [19/Aug/2013:16:24:29 -0400] "GET /penny-for-your-thoughts.php HTTP/1.1" 200 11765 "http://www.judgepenny.com/judge-penny-foundation.php" "Mozilla/4.0 (compatible; MSIE 8.0; Windows NT 6.1; Trident/4.0; SLCC2; .NET CLR 2.0.50727; .NET CLR 3.5.30729; .NET CLR 3.0.30729; Media Center PC 6.0; .NET4.0C; .NET4.0E)"
41.222.183.57 - - [19/Aug/2013:12:42:17 -0400] "GET /css/style.css HTTP/1.1" 200 9522 "http://www.judgepenny.com/" "Mozilla/5.0 (iPhone; CPU iPhone OS 6_1_4 like Mac OS X) AppleWebKit/536.26 (KHTML, like Gecko) Version/6.0 Mobile/10B350 Safari/8536.25"
41.222.183.57 - - [19/Aug/2013:12:42:20 -0400] "GET /images/twitter.png HTTP/1.1" 200 2703 "http://www.judgepenny.com/" "Mozilla/5.0 (iPhone; CPU iPhone OS 6_1_4 like Mac OS X) AppleWebKit/536.26 (KHTML, like Gecko) Version/6.0 Mobile/10B350 Safari/8536.25"
41.222.183.57 - - [19/Aug/2013:12:42:20 -0400] "GET /images/facebook.png HTTP/1.1" 200 2371 "http://www.judgepenny.com/" "Mozilla/5.0 (iPhone; CPU iPhone OS 6_1_4 like Mac OS X) AppleWebKit/536.26 (KHTML, like Gecko) Version/6.0 Mobile/10B350 Safari/8536.25"
41.222.183.57 - - [19/Aug/2013:12:42:20 -0400] "GET /slideshow/images/judge_penny_the_judge.jpg HTTP/1.1" 200 151096 "http://www.judgepenny.com/" "Mozilla/5.0 (iPhone; CPU iPhone OS 6_1_4 like Mac OS X) AppleWebKit/536.26 (KHTML, like Gecko) Version/6.0 Mobile/10B350 Safari/8536.25"
41.222.183.57 - - [19/Aug/2013:12:42:21 -0400] "GET /images/seprator.png HTTP/1.1" 200 429 "http://www.judgepenny.com/" "Mozilla/5.0 (iPhone; CPU iPhone OS 6_1_4 like Mac OS X) AppleWebKit/536.26 (KHTML, like Gecko) Version/6.0 Mobile/10B350 Safari/8536.25"
41.222.183.57 - - [19/Aug/2013:12:42:21 -0400] "GET /images/mail-div.png HTTP/1.1" 200 1078 "http://www.judgepenny.com/" "Mozilla/5.0 (iPhone; CPU iPhone OS 6_1_4 like Mac OS X) AppleWebKit/536.26 (KHTML, like Gecko) Version/6.0 Mobile/10B350 Safari/8536.25"
41.222.183.57 - - [19/Aug/2013:12:42:21 -0400] "GET /images/s-top.png HTTP/1.1" 200 440 "http://www.judgepenny.com/" "Mozilla/5.0 (iPhone; CPU iPhone OS 6_1_4 like Mac OS X) AppleWebKit/536.26 (KHTML, like Gecko) Version/6.0 Mobile/10B350 Safari/8536.25"
41.222.183.57 - - [19/Aug/2013:12:42:21 -0400] "GET /images/side-bg.png HTTP/1.1" 200 168 "http://www.judgepenny.com/" "Mozilla/5.0 (iPhone; CPU iPhone OS 6_1_4 like Mac OS X) AppleWebKit/536.26 (KHTML, like Gecko) Version/6.0 Mobile/10B350 Safari/8536.25"
41.222.183.57 - - [19/Aug/2013:12:42:21 -0400] "GET /images/s-btm.png HTTP/1.1" 200 605 "http://www.judgepenny.com/" "Mozilla/5.0 (iPhone; CPU iPhone OS 6_1_4 like Mac OS X) AppleWebKit/536.26 (KHTML, like Gecko) Version/6.0 Mobile/10B350 Safari/8536.25"
41.222.183.57 - - [19/Aug/2013:12:42:21 -0400] "GET /images/ftr-bg.png HTTP/1.1" 200 198 "http://www.judgepenny.com/" "Mozilla/5.0 (iPhone; CPU iPhone OS 6_1_4 like Mac OS X) AppleWebKit/536.26 (KHTML, like Gecko) Version/6.0 Mobile/10B350 Safari/8536.25"
41.222.183.57 - - [19/Aug/2013:12:42:21 -0400] "GET /css/arrows.png HTTP/1.1" 200 824 "http://www.judgepenny.com/" "Mozilla/5.0 (iPhone; CPU iPhone OS 6_1_4 like Mac OS X) AppleWebKit/536.26 (KHTML, like Gecko) Version/6.0 Mobile/10B350 Safari/8536.25"
66.87.108.148 - - [19/Aug/2013:07:16:25 -0400] "GET /images/judge.png HTTP/1.1" 200 164424 "http://www.google.com/search?q=penny+brown+reynolds&client=ms-android-sprint-us&hl=en&source=android-browser-suggest&v=200400000&tbm=isch&tbo=u&source=univ&sa=X&ei=Bv4RUvPOBsjC2wXT1IHoCw&ved=0CCcQsAQ&biw=360&bih=563&sei=Dv4RUpe6I4uE2gWer4DAAw" "Mozilla/5.0 (Linux; U; Android 4.1.1; en-us; EVO Build/JRO03C) AppleWebKit/534.30 (KHTML, like Gecko) Version/4.0 Mobile Safari/534.30"
166.147.120.18 - - [19/Aug/2013:07:24:26 -0400] "GET /judge-penny-foundation.php HTTP/1.1" 200 7746 "http://www.judgepenny.com/" "Mozilla/5.0 (iPad; CPU OS 6_1_3 like Mac OS X) AppleWebKit/536.26 (KHTML, like Gecko) Version/6.0 Mobile/10B329 Safari/8536.25"
166.147.120.18 - - [19/Aug/2013:07:24:28 -0400] "GET /slide-style.css HTTP/1.1" 404 575 "http://www.judgepenny.com/judge-penny-foundation.php" "Mozilla/5.0 (iPad; CPU OS 6_1_3 like Mac OS X) AppleWebKit/536.26 (KHTML, like Gecko) Version/6.0 Mobile/10B329 Safari/8536.25"
108.230.223.81 - - [19/Aug/2013:10:54:24 -0400] "GET /videos/jwplayer.js HTTP/1.1" 200 133009 "http://www.judgepenny.com/biography.php" "Mozilla/5.0 (iPad; CPU OS 6_1_3 like Mac OS X) AppleWebKit/536.26 (KHTML, like Gecko) Version/6.0 Mobile/10B329 Safari/8536.25"
108.230.223.81 - - [19/Aug/2013:10:54:24 -0400] "GET /images/judge-jenny.png HTTP/1.1" 200 28663 "http://www.judgepenny.com/biography.php" "Mozilla/5.0 (iPad; CPU OS 6_1_3 like Mac OS X) AppleWebKit/536.26 (KHTML, like Gecko) Version/6.0 Mobile/10B329 Safari/8536.25"
108.230.223.81 - - [19/Aug/2013:10:54:24 -0400] "GET /images/bg.jpg HTTP/1.1" 200 71900 "http://www.judgepenny.com/biography.php" "Mozilla/5.0 (iPad; CPU OS 6_1_3 like Mac OS X) AppleWebKit/536.26 (KHTML, like Gecko) Version/6.0 Mobile/10B329 Safari/8536.25"
108.230.223.81 - - [19/Aug/2013:10:54:24 -0400] "GET /images/sub-menu.png HTTP/1.1" 200 6956 "http://www.judgepenny.com/biography.php" "Mozilla/5.0 (iPad; CPU OS 6_1_3 like Mac OS X) AppleWebKit/536.26 (KHTML, like Gecko) Version/6.0 Mobile/10B329 Safari/8536.25"
71.8.27.209 - - [19/Aug/2013:11:01:58 -0400] "GET /favicon.ico HTTP/1.1" 404 575 "-" "Mozilla/5.0 (compatible; MSIE 10.0; Windows NT 6.1; Win64; x64; Trident/6.0)"
157.55.34.178 - - [19/Aug/2013:11:05:03 -0400] "GET /photos.php HTTP/1.1" 200 6337 "-" "Mozilla/5.0 (compatible; bingbot/2.0; +http://www.bing.com/bingbot.htm)"
93.115.86.194 - - [19/Aug/2013:11:54:41 -0400] "GET /speaking-requests.php HTTP/1.1" 200 14865 "-" "Mozilla/4.0 (compatible; MSIE 6.0; Windows NT 5.1; SV1)"
208.54.35.146 - - [19/Aug/2013:16:43:48 -0400] "GET /images/judge-jenny.png HTTP/1.1" 200 28663 "http://www.judgepenny.com/biography.php" "Mozilla/5.0 (compatible; MSIE 9.0; Windows Phone OS 7.5; Trident/5.0; IEMobile/9.0; NOKIA; Lumia 710)"
4.30.236.130 - - [19/Aug/2013:07:23:08 -0400] "GET /css/default.css HTTP/1.1" 200 1295 "http://www.judgepenny.com/" "Mozilla/5.0 (Macintosh; Intel Mac OS X 10_8_4) AppleWebKit/537.36 (KHTML, like Gecko) Chrome/28.0.1500.95 Safari/537.36"
4.30.236.130 - - [19/Aug/2013:07:23:08 -0400] "GET /images/you-tube.png HTTP/1.1" 200 3090 "http://www.judgepenny.com/" "Mozilla/5.0 (Macintosh; Intel Mac OS X 10_8_4) AppleWebKit/537.36 (KHTML, like Gecko) Chrome/28.0.1500.95 Safari/537.36"
4.30.236.130 - - [19/Aug/2013:07:23:08 -0400] "GET /slideshow/images/judge_penny_opportunity.jpg HTTP/1.1" 200 99540 "http://www.judgepenny.com/" "Mozilla/5.0 (Macintosh; Intel Mac OS X 10_8_4) AppleWebKit/537.36 (KHTML, like Gecko) Chrome/28.0.1500.95 Safari/537.36"
4.30.236.130 - - [19/Aug/2013:07:23:08 -0400] "GET /images/m-center.png HTTP/1.1" 200 191 "http://www.judgepenny.com/" "Mozilla/5.0 (Macintosh; Intel Mac OS X 10_8_4) AppleWebKit/537.36 (KHTML, like Gecko) Chrome/28.0.1500.95 Safari/537.36"
4.30.236.130 - - [19/Aug/2013:07:23:08 -0400] "GET /images/side-bg.png HTTP/1.1" 200 168 "http://www.judgepenny.com/" "Mozilla/5.0 (Macintosh; Intel Mac OS X 10_8_4) AppleWebKit/537.36 (KHTML, like Gecko) Chrome/28.0.1500.95 Safari/537.36"
4.30.236.130 - - [19/Aug/2013:07:23:08 -0400] "GET /images/ftr-bg.png HTTP/1.1" 200 198 "http://www.judgepenny.com/" "Mozilla/5.0 (Macintosh; Intel Mac OS X 10_8_4) AppleWebKit/537.36 (KHTML, like Gecko) Chrome/28.0.1500.95 Safari/537.36"
4.30.236.130 - - [19/Aug/2013:07:23:08 -0400] "GET /css/arrows.png HTTP/1.1" 200 824 "http://www.judgepenny.com/" "Mozilla/5.0 (Macintosh; Intel Mac OS X 10_8_4) AppleWebKit/537.36 (KHTML, like Gecko) Chrome/28.0.1500.95 Safari/537.36"
4.30.236.130 - - [19/Aug/2013:07:23:08 -0400] "GET /css/bullets.png HTTP/1.1" 200 1281 "http://www.judgepenny.com/" "Mozilla/5.0 (Macintosh; Intel Mac OS X 10_8_4) AppleWebKit/537.36 (KHTML, like Gecko) Chrome/28.0.1500.95 Safari/537.36"
166.147.120.18 - - [19/Aug/2013:07:24:28 -0400] "GET /images/girls_with_pearls.png HTTP/1.1" 200 244372 "http://www.judgepenny.com/judge-penny-foundation.php" "Mozilla/5.0 (iPad; CPU OS 6_1_3 like Mac OS X) AppleWebKit/536.26 (KHTML, like Gecko) Version/6.0 Mobile/10B329 Safari/8536.25"
166.147.120.18 - - [19/Aug/2013:07:24:29 -0400] "GET /images/sub-menu.png HTTP/1.1" 200 6956 "http://www.judgepenny.com/judge-penny-foundation.php" "Mozilla/5.0 (iPad; CPU OS 6_1_3 like Mac OS X) AppleWebKit/536.26 (KHTML, like Gecko) Version/6.0 Mobile/10B329 Safari/8536.25"
166.147.120.21 - - [19/Aug/2013:07:28:09 -0400] "GET /speaking-requests.php HTTP/1.1" 200 14865 "http://www.judgepenny.com/judge-penny-foundation.php" "Mozilla/5.0 (iPad; CPU OS 6_1_3 like Mac OS X) AppleWebKit/536.26 (KHTML, like Gecko) Version/6.0 Mobile/10B329 Safari/8536.25"
166.147.120.21 - - [19/Aug/2013:07:28:11 -0400] "GET /slide-style.css HTTP/1.1" 404 575 "http://www.judgepenny.com/speaking-requests.php" "Mozilla/5.0 (iPad; CPU OS 6_1_3 like Mac OS X) AppleWebKit/536.26 (KHTML, like Gecko) Version/6.0 Mobile/10B329 Safari/8536.25"
166.147.120.21 - - [19/Aug/2013:07:28:51 -0400] "GET /index.php HTTP/1.1" 200 8953 "http://www.judgepenny.com/index.php" "Mozilla/5.0 (iPad; CPU OS 6_1_3 like Mac OS X) AppleWebKit/536.26 (KHTML, like Gecko) Version/6.0 Mobile/10B329 Safari/8536.25"
166.147.120.21 - - [19/Aug/2013:07:28:52 -0400] "GET /slide-style.css HTTP/1.1" 404 575 "http://www.judgepenny.com/index.php" "Mozilla/5.0 (iPad; CPU OS 6_1_3 like Mac OS X) AppleWebKit/536.26 (KHTML, like Gecko) Version/6.0 Mobile/10B329 Safari/8536.25"
4.30.236.130 - - [19/Aug/2013:07:29:49 -0400] "GET /favicon.ico HTTP/1.1" 404 575 "-" "Mozilla/5.0 (Macintosh; Intel Mac OS X 10_8_4) AppleWebKit/537.36 (KHTML, like Gecko) Chrome/28.0.1500.95 Safari/537.36"
166.147.120.46 - - [19/Aug/2013:07:47:21 -0400] "GET /index.php HTTP/1.1" 200 8953 "http://www.judgepenny.com/index.php" "Mozilla/5.0 (iPad; CPU OS 6_1_3 like Mac OS X) AppleWebKit/536.26 (KHTML, like Gecko) Version/6.0 Mobile/10B329 Safari/8536.25"
166.147.120.46 - - [19/Aug/2013:07:47:25 -0400] "GET /slide-style.css HTTP/1.1" 404 575 "http://www.judgepenny.com/index.php" "Mozilla/5.0 (iPad; CPU OS 6_1_3 like Mac OS X) AppleWebKit/536.26 (KHTML, like Gecko) Version/6.0 Mobile/10B329 Safari/8536.25"
107.206.18.5 - - [19/Aug/2013:13:34:13 -0400] "GET /css/style.css HTTP/1.1" 200 9522 "http://www.judgepenny.com/biography.php" "Mozilla/5.0 (iPad; CPU OS 5_1_1 like Mac OS X) AppleWebKit/534.46 (KHTML, like Gecko) Version/5.1 Mobile/9B206 Safari/7534.48.3"
107.206.18.5 - - [19/Aug/2013:13:34:13 -0400] "GET /images/twitter.png HTTP/1.1" 200 2703 "http://www.judgepenny.com/biography.php" "Mozilla/5.0 (iPad; CPU OS 5_1_1 like Mac OS X) AppleWebKit/534.46 (KHTML, like Gecko) Version/5.1 Mobile/9B206 Safari/7534.48.3"
107.206.18.5 - - [19/Aug/2013:13:34:13 -0400] "GET /images/jenny-header.png HTTP/1.1" 200 69160 "http://www.judgepenny.com/biography.php" "Mozilla/5.0 (iPad; CPU OS 5_1_1 like Mac OS X) AppleWebKit/534.46 (KHTML, like Gecko) Version/5.1 Mobile/9B206 Safari/7534.48.3"
107.206.18.5 - - [19/Aug/2013:13:34:14 -0400] "GET /images/h-div.png HTTP/1.1" 200 1503 "http://www.judgepenny.com/biography.php" "Mozilla/5.0 (iPad; CPU OS 5_1_1 like Mac OS X) AppleWebKit/534.46 (KHTML, like Gecko) Version/5.1 Mobile/9B206 Safari/7534.48.3"
108.230.223.81 - - [19/Aug/2013:10:54:24 -0400] "GET /css/default.css HTTP/1.1" 200 1295 "http://www.judgepenny.com/biography.php" "Mozilla/5.0 (iPad; CPU OS 6_1_3 like Mac OS X) AppleWebKit/536.26 (KHTML, like Gecko) Version/6.0 Mobile/10B329 Safari/8536.25"
108.230.223.81 - - [19/Aug/2013:10:54:24 -0400] "GET /images/linked-in.png HTTP/1.1" 200 2575 "http://www.judgepenny.com/biography.php" "Mozilla/5.0 (iPad; CPU OS 6_1_3 like Mac OS X) AppleWebKit/536.26 (KHTML, like Gecko) Version/6.0 Mobile/10B329 Safari/8536.25"
108.230.223.81 - - [19/Aug/2013:10:54:24 -0400] "GET /images/main-btm.png HTTP/1.1" 200 398 "http://www.judgepenny.com/biography.php" "Mozilla/5.0 (iPad; CPU OS 6_1_3 like Mac OS X) AppleWebKit/536.26 (KHTML, like Gecko) Version/6.0 Mobile/10B329 Safari/8536.25"
108.230.223.81 - - [19/Aug/2013:10:54:24 -0400] "GET /images/right-div.png HTTP/1.1" 200 5479 "http://www.judgepenny.com/biography.php" "Mozilla/5.0 (iPad; CPU OS 6_1_3 like Mac OS X) AppleWebKit/536.26 (KHTML, like Gecko) Version/6.0 Mobile/10B329 Safari/8536.25"
108.230.223.81 - - [19/Aug/2013:10:54:24 -0400] "GET /images/entry-bg.png HTTP/1.1" 200 18958 "http://www.judgepenny.com/biography.php" "Mozilla/5.0 (iPad; CPU OS 6_1_3 like Mac OS X) AppleWebKit/536.26 (KHTML, like Gecko) Version/6.0 Mobile/10B329 Safari/8536.25"
4.30.236.130 - - [19/Aug/2013:07:23:06 -0400] "GET / HTTP/1.1" 200 8953 "-" "Mozilla/5.0 (Macintosh; Intel Mac OS X 10_8_4) AppleWebKit/537.36 (KHTML, like Gecko) Chrome/28.0.1500.95 Safari/537.36"
4.30.236.130 - - [19/Aug/2013:07:23:08 -0400] "GET /videos/jwplayer.js HTTP/1.1" 200 133009 "http://www.judgepenny.com/" "Mozilla/5.0 (Macintosh; Intel Mac OS X 10_8_4) AppleWebKit/537.36 (KHTML, like Gecko) Chrome/28.0.1500.95 Safari/537.36"
4.30.236.130 - - [19/Aug/2013:07:23:08 -0400] "GET /images/linked-in.png HTTP/1.1" 200 2575 "http://www.judgepenny.com/" "Mozilla/5.0 (Macintosh; Intel Mac OS X 10_8_4) AppleWebKit/537.36 (KHTML, like Gecko) Chrome/28.0.1500.95 Safari/537.36"
4.30.236.130 - - [19/Aug/2013:07:23:08 -0400] "GET /slideshow/images/judge_penny_foundation.jpg HTTP/1.1" 200 175194 "http://www.judgepenny.com/" "Mozilla/5.0 (Macintosh; Intel Mac OS X 10_8_4) AppleWebKit/537.36 (KHTML, like Gecko) Chrome/28.0.1500.95 Safari/537.36"
166.147.120.18 - - [19/Aug/2013:07:23:26 -0400] "GET / HTTP/1.1" 200 8953 "-" "Mozilla/5.0 (iPad; CPU OS 6_1_3 like Mac OS X) AppleWebKit/536.26 (KHTML, like Gecko) Version/6.0 Mobile/10B329 Safari/8536.25"
166.147.120.18 - - [19/Aug/2013:07:23:27 -0400] "GET /css/style.css HTTP/1.1" 200 9522 "http://www.judgepenny.com/" "Mozilla/5.0 (iPad; CPU OS 6_1_3 like Mac OS X) AppleWebKit/536.26 (KHTML, like Gecko) Version/6.0 Mobile/10B329 Safari/8536.25"
166.147.120.18 - - [19/Aug/2013:07:23:27 -0400] "GET /videos/jwplayer.js HTTP/1.1" 200 133009 "http://www.judgepenny.com/" "Mozilla/5.0 (iPad; CPU OS 6_1_3 like Mac OS X) AppleWebKit/536.26 (KHTML, like Gecko) Version/6.0 Mobile/10B329 Safari/8536.25"
166.147.120.18 - - [19/Aug/2013:07:23:29 -0400] "GET /js/jquery.nivo.slider.pack.js HTTP/1.1" 200 15854 "http://www.judgepenny.com/" "Mozilla/5.0 (iPad; CPU OS 6_1_3 like Mac OS X) AppleWebKit/536.26 (KHTML, like Gecko) Version/6.0 Mobile/10B329 Safari/8536.25"
166.147.120.18 - - [19/Aug/2013:07:23:29 -0400] "GET /images/judge-jenny.png HTTP/1.1" 200 28663 "http://www.judgepenny.com/" "Mozilla/5.0 (iPad; CPU OS 6_1_3 like Mac OS X) AppleWebKit/536.26 (KHTML, like Gecko) Version/6.0 Mobile/10B329 Safari/8536.25"
166.147.120.18 - - [19/Aug/2013:07:23:29 -0400] "GET /slideshow/images/book.jpg HTTP/1.1" 200 132593 "http://www.judgepenny.com/" "Mozilla/5.0 (iPad; CPU OS 6_1_3 like Mac OS X) AppleWebKit/536.26 (KHTML, like Gecko) Version/6.0 Mobile/10B329 Safari/8536.25"
166.147.120.18 - - [19/Aug/2013:07:23:29 -0400] "GET /slideshow/images/judge_penny_foundation.jpg HTTP/1.1" 200 175194 "http://www.judgepenny.com/" "Mozilla/5.0 (iPad; CPU OS 6_1_3 like Mac OS X) AppleWebKit/536.26 (KHTML, like Gecko) Version/6.0 Mobile/10B329 Safari/8536.25"
166.147.120.18 - - [19/Aug/2013:07:23:29 -0400] "GET /slideshow/images/judge_penny_opportunity.jpg HTTP/1.1" 200 99540 "http://www.judgepenny.com/" "Mozilla/5.0 (iPad; CPU OS 6_1_3 like Mac OS X) AppleWebKit/536.26 (KHTML, like Gecko) Version/6.0 Mobile/10B329 Safari/8536.25"
180.76.5.184 - - [19/Aug/2013:15:56:40 -0400] "GET / HTTP/1.1" 200 8953 "-" "Mozilla/5.0 (compatible; Baiduspider/2.0; +http://www.baidu.com/search/spider.html)"
