193.106.136.50 - - [19/Aug/2013:02:13:50 -0400] "GET / HTTP/1.1" 200 8953 "http://dagitalgaz.ru/" "Opera/9.00 (Windows NT 4.0; U; en)"
98.100.17.18 - - [19/Aug/2013:12:26:50 -0400] "GET /js/jquery.nivo.slider.pack.js HTTP/1.1" 200 15854 "http://www.judgepenny.com/" "Mozilla/5.0 (Macintosh; Intel Mac OS X 10_6_8) AppleWebKit/534.52.7 (KHTML, like Gecko) Version/5.1.2 Safari/534.52.7"
208.115.111.70 - - [19/Aug/2013:04:40:24 -0400] "GET /robots.txt HTTP/1.1" 404 575 "-" "Mozilla/5.0 (compatible; Ezooms/1.0; ezooms.bot@gmail.com)"
71.8.27.209 - - [19/Aug/2013:11:02:15 -0400] "GET /favicon.ico HTTP/1.1" 404 575 "-" "Mozilla/5.0 (compatible; MSIE 10.0; Windows NT 6.1; Win64; x64; Trident/6.0)"
66.249.75.108 - - [19/Aug/2013:02:22:31 -0400] "GET /css/style.css HTTP/1.1" 200 9522 "-" "Mozilla/5.0 (compatible; Googlebot/2.1; +http://www.google.com/bot.html)"
157.55.34.178 - - [19/Aug/2013:16:00:00 -0400] "GET /robots.txt HTTP/1.1" 404 575 "-" "Mozilla/5.0 (compatible; bingbot/2.0; +http://www.bing.com/bingbot.htm)"
4.30.236.130 - - [19/Aug/2013:07:24:54 -0400] "GET /images/main-btm.png HTTP/1.1" 200 398 "http://www.judgepenny.com/judge-penny-foundation.php" "Mozilla/5.0 (Macintosh; Intel Mac OS X 10_8_4) AppleWebKit/537.36 (KHTML, like Gecko) Chrome/28.0.1500.95 Safari/537.36"
4.30.236.130 - - [19/Aug/2013:07:24:54 -0400] "GET /images/r-head.png HTTP/1.1" 200 596 "http://www.judgepenny.com/judge-penny-foundation.php" "Mozilla/5.0 (Macintosh; Intel Mac OS X 10_8_4) AppleWebKit/537.36 (KHTML, like Gecko) Chrome/28.0.1500.95 Safari/537.36"
166.147.120.46 - - [19/Aug/2013:07:47:14 -0400] "GET /index.php HTTP/1.1" 200 8953 "http://www.judgepenny.com/index.php" "Mozilla/5.0 (iPad; CPU OS 6_1_3 like Mac OS X) AppleWebKit/536.26 (KHTML, like Gecko) Version/6.0 Mobile/10B329 Safari/8536.25"
166.147.120.46 - - [19/Aug/2013:07:47:16 -0400] "GET /slide-style.css HTTP/1.1" 404 575 "http://www.judgepenny.com/index.php" "Mozilla/5.0 (iPad; CPU OS 6_1_3 like Mac OS X) AppleWebKit/536.26 (KHTML, like Gecko) Version/6.0 Mobile/10B329 Safari/8536.25"
98.100.17.18 - - [19/Aug/2013:12:26:53 -0400] "GET /images/bg.jpg HTTP/1.1" 200 71900 "http://www.judgepenny.com/" "Mozilla/5.0 (Macintosh; Intel Mac OS X 10_6_8) AppleWebKit/534.52.7 (KHTML, like Gecko) Version/5.1.2 Safari/534.52.7"
98.100.17.18 - - [19/Aug/2013:12:27:00 -0400] "GET /slideshow/images/judge_penny_self_worth.jpg HTTP/1.1" 200 129594 "http://www.judgepenny.com/" "Mozilla/5.0 (Macintosh; Intel Mac OS X 10_6_8) AppleWebKit/534.52.7 (KHTML, like Gecko) Version/5.1.2 Safari/534.52.7"
41.222.183.40 - - [19/Aug/2013:12:45:58 -0400] "GET /slide-style.css HTTP/1.1" 404 575 "http://www.judgepenny.com/" "Mozilla/5.0 (iPhone; CPU iPhone OS 6_1_4 like Mac OS X) AppleWebKit/536.26 (KHTML, like Gecko) Version/6.0 Mobile/10B350 Safari/8536.25"
173.165.185.130 - - [19/Aug/2013:13:47:28 -0400] "GET /judge-penny-foundation.php HTTP/1.1" 302 410 "http://www.bing.com/search?q=judge+penny+reynolds+foundation&src=IE-SearchBox&FORM=IE8SRC&adlt=strict" "Mozilla/4.0 (compatible; MSIE 8.0; Windows NT 6.1; Trident/4.0; SLCC2; .NET CLR 2.0.50727; .NET CLR 3.5.30729; .NET CLR 3.0.30729; Media Center PC 6.0; .NET4.0C; Tablet PC 2.0; InfoPath.3)"
193.106.136.50 - - [19/Aug/2013:02:13:49 -0400] "GET / HTTP/1.1" 200 8953 "http://dagitalgaz.ru/" "Opera/9.00 (Windows NT 4.0; U; en)"
66.249.75.108 - - [19/Aug/2013:02:13:51 -0400] "GET / HTTP/1.1" 200 8953 "-" "Mozilla/5.0 (compatible; Googlebot/2.1; +http://www.google.com/bot.html)"
91.207.9.226 - - [19/Aug/2013:18:07:36 -0400] "GET / HTTP/1.1" 200 8953 "http://www.santehsmet.ru/" "Mozilla/4.0 (compatible; MSIE 6.0; Windows NT 5.1; en) Opera 9.0"
66.249.75.108 - - [19/Aug/2013:18:47:57 -0400] "GET /shopping.php HTTP/1.1" 200 8086 "-" "SAMSUNG-SGH-E250/1.0 Profile/MIDP-2.0 Configuration/CLDC-1.1 UP.Browser/6.2.3.3.c.1.101 (GUI) MMP/2.0 (compatible; Googlebot-Mobile/2.1; +http://www.google.com/bot.html)"
166.137.88.25 - - [19/Aug/2013:19:48:37 -0400] "GET /css/nivo-slider.css HTTP/1.1" 200 1430 "http://judgepenny.com/" "Mozilla/5.0 (iPhone; CPU iPhone OS 5_0 like Mac OS X) AppleWebKit/534.46 (KHTML, like Gecko) Version/5.1 Mobile/9A334 Safari/7534.48.3"
166.137.88.25 - - [19/Aug/2013:19:48:37 -0400] "GET /css/default.css HTTP/1.1" 200 1295 "http://judgepenny.com/" "Mozilla/5.0 (iPhone; CPU iPhone OS 5_0 like Mac OS X) AppleWebKit/534.46 (KHTML, like Gecko) Version/5.1 Mobile/9A334 Safari/7534.48.3"
166.137.88.25 - - [19/Aug/2013:19:48:38 -0400] "GET /slide-style.css HTTP/1.1" 404 575 "http://judgepenny.com/" "Mozilla/5.0 (iPhone; CPU iPhone OS 5_0 like Mac OS X) AppleWebKit/534.46 (KHTML, like Gecko) Version/5.1 Mobile/9A334 Safari/7534.48.3"
66.87.108.148 - - [19/Aug/2013:07:20:03 -0400] "GET /slide-style.css HTTP/1.1" 404 575 "http://www.judgepenny.com/biography.php" "Mozilla/5.0 (Linux; U; Android 4.1.1; en-us; EVO Build/JRO03C) AppleWebKit/534.30 (KHTML, like Gecko) Version/4.0 Mobile Safari/534.30"
66.87.108.148 - - [19/Aug/2013:07:20:04 -0400] "GET /images/jenny-header.png HTTP/1.1" 200 69160 "http://www.judgepenny.com/biography.php" "Mozilla/5.0 (Linux; U; Android 4.1.1; en-us; EVO Build/JRO03C) AppleWebKit/534.30 (KHTML, like Gecko) Version/4.0 Mobile Safari/534.30"
66.87.108.148 - - [19/Aug/2013:07:20:04 -0400] "GET /images/ftr-bg.png HTTP/1.1" 200 198 "http://www.judgepenny.com/biography.php" "Mozilla/5.0 (Linux; U; Android 4.1.1; en-us; EVO Build/JRO03C) AppleWebKit/534.30 (KHTML, like Gecko) Version/4.0 Mobile Safari/534.30"
166.147.120.18 - - [19/Aug/2013:07:24:28 -0400] "GET /images/main-btm.png HTTP/1.1" 200 398 "http://www.judgepenny.com/judge-penny-foundation.php" "Mozilla/5.0 (iPad; CPU OS 6_1_3 like Mac OS X) AppleWebKit/536.26 (KHTML, like Gecko) Version/6.0 Mobile/10B329 Safari/8536.25"
166.147.120.18 - - [19/Aug/2013:07:24:28 -0400] "GET /images/btn.png HTTP/1.1" 200 512 "http://www.judgepenny.com/judge-penny-foundation.php" "Mozilla/5.0 (iPad; CPU OS 6_1_3 like Mac OS X) AppleWebKit/536.26 (KHTML, like Gecko) Version/6.0 Mobile/10B329 Safari/8536.25"
166.147.120.18 - - [19/Aug/2013:07:24:28 -0400] "GET /images/s-menu-b.png HTTP/1.1" 200 334 "http://www.judgepenny.com/judge-penny-foundation.php" "Mozilla/5.0 (iPad; CPU OS 6_1_3 like Mac OS X) AppleWebKit/536.26 (KHTML, like Gecko) Version/6.0 Mobile/10B329 Safari/8536.25"
166.147.120.18 - - [19/Aug/2013:07:24:28 -0400] "GET /images/entry-bg3.png HTTP/1.1" 200 19110 "http://www.judgepenny.com/judge-penny-foundation.php" "Mozilla/5.0 (iPad; CPU OS 6_1_3 like Mac OS X) AppleWebKit/536.26 (KHTML, like Gecko) Version/6.0 Mobile/10B329 Safari/8536.25"
166.147.120.18 - - [19/Aug/2013:07:24:28 -0400] "GET /images/events.png HTTP/1.1" 200 3829 "http://www.judgepenny.com/judge-penny-foundation.php" "Mozilla/5.0 (iPad; CPU OS 6_1_3 like Mac OS X) AppleWebKit/536.26 (KHTML, like Gecko) Version/6.0 Mobile/10B329 Safari/8536.25"
166.147.120.21 - - [19/Aug/2013:07:28:11 -0400] "GET /images/speaking.jpg HTTP/1.1" 200 73031 "http://www.judgepenny.com/speaking-requests.php" "Mozilla/5.0 (iPad; CPU OS 6_1_3 like Mac OS X) AppleWebKit/536.26 (KHTML, like Gecko) Version/6.0 Mobile/10B329 Safari/8536.25"
166.147.120.18 - - [19/Aug/2013:07:23:27 -0400] "GET /slide-style.css HTTP/1.1" 404 575 "http://www.judgepenny.com/" "Mozilla/5.0 (iPad; CPU OS 6_1_3 like Mac OS X) AppleWebKit/536.26 (KHTML, like Gecko) Version/6.0 Mobile/10B329 Safari/8536.25"
4.30.236.130 - - [19/Aug/2013:07:46:28 -0400] "GET /speaking-requests.php HTTP/1.1" 200 14865 "http://www.judgepenny.com/judge-penny-foundation.php" "Mozilla/5.0 (Macintosh; Intel Mac OS X 10_8_4) AppleWebKit/537.36 (KHTML, like Gecko) Chrome/28.0.1500.95 Safari/537.36"
4.30.236.130 - - [19/Aug/2013:07:46:29 -0400] "GET /slide-style.css HTTP/1.1" 404 575 "http://www.judgepenny.com/speaking-requests.php" "Mozilla/5.0 (Macintosh; Intel Mac OS X 10_8_4) AppleWebKit/537.36 (KHTML, like Gecko) Chrome/28.0.1500.95 Safari/537.36"
4.30.236.130 - - [19/Aug/2013:07:46:30 -0400] "GET /favicon.ico HTTP/1.1" 404 575 "-" "Mozilla/5.0 (Macintosh; Intel Mac OS X 10_8_4) AppleWebKit/537.36 (KHTML, like Gecko) Chrome/28.0.1500.95 Safari/537.36"
98.100.17.18 - - [19/Aug/2013:12:26:50 -0400] "GET /videos/jwplayer.js HTTP/1.1" 200 133009 "http://www.judgepenny.com/" "Mozilla/5.0 (Macintosh; Intel Mac OS X 10_6_8) AppleWebKit/534.52.7 (KHTML, like Gecko) Version/5.1.2 Safari/534.52.7"
46.118.126.194 - - [19/Aug/2013:22:25:49 -0400] "GET / HTTP/1.1" 200 8953 "http://www.wood-expert.ru/" "Mozilla/4.0 (compatible; MSIE 6.0; Windows NT 5.2; SV1; .NET CLR 1.1.4322; .NET CLR 2.0.50727)"
108.230.223.81 - - [19/Aug/2013:10:54:24 -0400] "GET /css/nivo-slider.css HTTP/1.1" 200 1430 "http://www.judgepenny.com/biography.php" "Mozilla/5.0 (iPad; CPU OS 6_1_3 like Mac OS X) AppleWebKit/536.26 (KHTML, like Gecko) Version/6.0 Mobile/10B329 Safari/8536.25"
108.230.223.81 - - [19/Aug/2013:10:54:24 -0400] "GET /images/you-tube.png HTTP/1.1" 200 3090 "http://www.judgepenny.com/biography.php" "Mozilla/5.0 (iPad; CPU OS 6_1_3 like Mac OS X) AppleWebKit/536.26 (KHTML, like Gecko) Version/6.0 Mobile/10B329 Safari/8536.25"
108.230.223.81 - - [19/Aug/2013:10:54:24 -0400] "GET /images/jenny-header.png HTTP/1.1" 200 69160 "http://www.judgepenny.com/biography.php" "Mozilla/5.0 (iPad; CPU OS 6_1_3 like Mac OS X) AppleWebKit/536.26 (KHTML, like Gecko) Version/6.0 Mobile/10B329 Safari/8536.25"
108.230.223.81 - - [19/Aug/2013:10:54:25 -0400] "GET /images/ftr-bg.png HTTP/1.1" 200 198 "http://www.judgepenny.com/biography.php" "Mozilla/5.0 (iPad; CPU OS 6_1_3 like Mac OS X) AppleWebKit/536.26 (KHTML, like Gecko) Version/6.0 Mobile/10B329 Safari/8536.25"
71.8.27.209 - - [19/Aug/2013:11:01:57 -0400] "GET /css/default.css HTTP/1.1" 200 1295 "http://www.judgepenny.com/" "Mozilla/5.0 (compatible; MSIE 10.0; Windows NT 6.1; WOW64; Trident/6.0)"
71.8.27.209 - - [19/Aug/2013:11:01:57 -0400] "GET /images/twitter.png HTTP/1.1" 200 2703 "http://www.judgepenny.com/" "Mozilla/5.0 (compatible; MSIE 10.0; Windows NT 6.1; WOW64; Trident/6.0)"
71.8.27.209 - - [19/Aug/2013:11:01:57 -0400] "GET /slideshow/images/book.jpg HTTP/1.1" 200 132593 "http://www.judgepenny.com/" "Mozilla/5.0 (compatible; MSIE 10.0; Windows NT 6.1; WOW64; Trident/6.0)"
71.8.27.209 - - [19/Aug/2013:11:01:58 -0400] "GET /css/bullets.png HTTP/1.1" 200 1281 "http://www.judgepenny.com/" "Mozilla/5.0 (compatible; MSIE 10.0; Windows NT 6.1; WOW64; Trident/6.0)"
66.249.75.108 - - [19/Aug/2013:02:22:43 -0400] "GET /css/nivo-slider.css HTTP/1.1" 200 1430 "-" "Mozilla/5.0 (compatible; Googlebot/2.1; +http://www.google.com/bot.html)"
166.137.88.25 - - [19/Aug/2013:19:48:42 -0400] "GET /images/seprator.png HTTP/1.1" 200 429 "http://judgepenny.com/" "Mozilla/5.0 (iPhone; CPU iPhone OS 5_0 like Mac OS X) AppleWebKit/534.46 (KHTML, like Gecko) Version/5.1 Mobile/9A334 Safari/7534.48.3"
166.137.88.25 - - [19/Aug/2013:19:48:42 -0400] "GET /css/loading.gif HTTP/1.1" 200 1737 "http://judgepenny.com/" "Mozilla/5.0 (iPhone; CPU iPhone OS 5_0 like Mac OS X) AppleWebKit/534.46 (KHTML, like Gecko) Version/5.1 Mobile/9A334 Safari/7534.48.3"
166.137.88.25 - - [19/Aug/2013:19:48:43 -0400] "GET /images/h-right.png HTTP/1.1" 200 279 "http://judgepenny.com/" "Mozilla/5.0 (iPhone; CPU iPhone OS 5_0 like Mac OS X) AppleWebKit/534.46 (KHTML, like Gecko) Version/5.1 Mobile/9A334 Safari/7534.48.3"
166.137.88.25 - - [19/Aug/2013:19:48:43 -0400] "GET /images/m-center.png HTTP/1.1" 200 191 "http://judgepenny.com/" "Mozilla/5.0 (iPhone; CPU iPhone OS 5_0 like Mac OS X) AppleWebKit/534.46 (KHTML, like Gecko) Version/5.1 Mobile/9A334 Safari/7534.48.3"
166.137.88.25 - - [19/Aug/2013:19:48:43 -0400] "GET /images/mail-div.png HTTP/1.1" 200 1078 "http://judgepenny.com/" "Mozilla/5.0 (iPhone; CPU iPhone OS 5_0 like Mac OS X) AppleWebKit/534.46 (KHTML, like Gecko) Version/5.1 Mobile/9A334 Safari/7534.48.3"
166.137.88.25 - - [19/Aug/2013:19:48:44 -0400] "GET /images/ftr-bg.png HTTP/1.1" 200 198 "http://judgepenny.com/" "Mozilla/5.0 (iPhone; CPU iPhone OS 5_0 like Mac OS X) AppleWebKit/534.46 (KHTML, like Gecko) Version/5.1 Mobile/9A334 Safari/7534.48.3"
166.137.88.25 - - [19/Aug/2013:19:48:44 -0400] "GET /css/arrows.png HTTP/1.1" 200 824 "http://judgepenny.com/" "Mozilla/5.0 (iPhone; CPU iPhone OS 5_0 like Mac OS X) AppleWebKit/534.46 (KHTML, like Gecko) Version/5.1 Mobile/9A334 Safari/7534.48.3"
166.137.88.25 - - [19/Aug/2013:19:48:44 -0400] "GET /css/bullets.png HTTP/1.1" 200 1281 "http://judgepenny.com/" "Mozilla/5.0 (iPhone; CPU iPhone OS 5_0 like Mac OS X) AppleWebKit/534.46 (KHTML, like Gecko) Version/5.1 Mobile/9A334 Safari/7534.48.3"
195.242.218.133 - - [19/Aug/2013:03:31:56 -0400] "GET / HTTP/1.1" 200 8953 "http://gribnoybiz.ru/" "Mozilla/4.0 (compatible; MSIE 6.0; AOL 9.0; Windows NT 5.1)"
208.54.35.146 - - [19/Aug/2013:16:43:47 -0400] "GET /biography.php HTTP/1.1" 200 9590 "-" "Mozilla/5.0 (compatible; MSIE 9.0; Windows Phone OS 7.5; Trident/5.0; IEMobile/9.0; NOKIA; Lumia 710)"
208.54.35.146 - - [19/Aug/2013:16:43:48 -0400] "GET /slide-style.css HTTP/1.1" 404 575 "http://www.judgepenny.com/biography.php" "Mozilla/5.0 (compatible; MSIE 9.0; Windows Phone OS 7.5; Trident/5.0; IEMobile/9.0; NOKIA; Lumia 710)"
66.87.105.220 - - [19/Aug/2013:13:48:36 -0400] "GET /slideshow/images/judge_penny_speaking_request.png HTTP/1.1" 200 291884 "http://www.google.com/search?q=judge+penny&client=ms-android-boost-us&hl=en&source=android-search-app&v=133247963&tbm=isch&tbo=u&source=univ&sa=X&ei=k1gSUuLzI8eh2AWS6oCABw&ved=0CCcQsAQ&biw=320&bih=508" "Mozilla/5.0 (Linux; U; Android 2.3.5; en-us; N860 Build/GINGERBREAD) AppleWebKit/533.1 (KHTML, like Gecko) Version/4.0 Mobile Safari/533.1"
66.87.108.148 - - [19/Aug/2013:07:20:04 -0400] "GET /images/btn.png HTTP/1.1" 200 512 "http://www.judgepenny.com/biography.php" "Mozilla/5.0 (Linux; U; Android 4.1.1; en-us; EVO Build/JRO03C) AppleWebKit/534.30 (KHTML, like Gecko) Version/4.0 Mobile Safari/534.30"
166.147.120.21 - - [19/Aug/2013:07:29:02 -0400] "GET /shopping.php HTTP/1.1" 200 8086 "http://www.judgepenny.com/index.php" "Mozilla/5.0 (iPad; CPU OS 6_1_3 like Mac OS X) AppleWebKit/536.26 (KHTML, like Gecko) Version/6.0 Mobile/10B329 Safari/8536.25"
166.147.120.21 - - [19/Aug/2013:07:29:03 -0400] "GET /slide-style.css HTTP/1.1" 404 575 "http://www.judgepenny.com/shopping.php" "Mozilla/5.0 (iPad; CPU OS 6_1_3 like Mac OS X) AppleWebKit/536.26 (KHTML, like Gecko) Version/6.0 Mobile/10B329 Safari/8536.25"
4.30.236.130 - - [19/Aug/2013:07:46:21 -0400] "GET /judge-penny-foundation.php HTTP/1.1" 200 7746 "http://www.judgepenny.com/" "Mozilla/5.0 (Macintosh; Intel Mac OS X 10_8_4) AppleWebKit/537.36 (KHTML, like Gecko) Chrome/28.0.1500.95 Safari/537.36"
4.30.236.130 - - [19/Aug/2013:07:46:22 -0400] "GET /slide-style.css HTTP/1.1" 404 575 "http://www.judgepenny.com/judge-penny-foundation.php" "Mozilla/5.0 (Macintosh; Intel Mac OS X 10_8_4) AppleWebKit/537.36 (KHTML, like Gecko) Chrome/28.0.1500.95 Safari/537.36"
4.30.236.130 - - [19/Aug/2013:07:46:23 -0400] "GET /favicon.ico HTTP/1.1" 404 575 "-" "Mozilla/5.0 (Macintosh; Intel Mac OS X 10_8_4) AppleWebKit/537.36 (KHTML, like Gecko) Chrome/28.0.1500.95 Safari/537.36"
166.137.88.25 - - [19/Aug/2013:19:48:34 -0400] "GET / HTTP/1.1" 200 8953 "http://search.yahoo.com/mobile/s?ei=UTF-8&_tsrc=apple&fr2=p&p=judge+penny" "Mozilla/5.0 (iPhone; CPU iPhone OS 5_0 like Mac OS X) AppleWebKit/534.46 (KHTML, like Gecko) Version/5.1 Mobile/9A334 Safari/7534.48.3"
4.30.236.130 - - [19/Aug/2013:07:42:51 -0400] "GET / HTTP/1.1" 200 8953 "-" "Mozilla/5.0 (Macintosh; Intel Mac OS X 10_8_4) AppleWebKit/537.36 (KHTML, like Gecko) Chrome/28.0.1500.95 Safari/537.36"
4.30.236.130 - - [19/Aug/2013:07:42:52 -0400] "GET /slide-style.css HTTP/1.1" 404 575 "http://www.judgepenny.com/" "Mozilla/5.0 (Macintosh; Intel Mac OS X 10_8_4) AppleWebKit/537.36 (KHTML, like Gecko) Chrome/28.0.1500.95 Safari/537.36"
4.30.236.130 - - [19/Aug/2013:07:42:53 -0400] "GET /favicon.ico HTTP/1.1" 404 575 "-" "Mozilla/5.0 (Macintosh; Intel Mac OS X 10_8_4) AppleWebKit/537.36 (KHTML, like Gecko) Chrome/28.0.1500.95 Safari/537.36"
71.8.27.209 - - [19/Aug/2013:11:02:09 -0400] "GET /video-clips.php HTTP/1.1" 200 7451 "http://www.judgepenny.com/" "Mozilla/5.0 (compatible; MSIE 10.0; Windows NT 6.1; WOW64; Trident/6.0)"
71.8.27.209 - - [19/Aug/2013:11:02:11 -0400] "GET /images/entry-bg3.png HTTP/1.1" 200 19110 "http://www.judgepenny.com/video-clips.php" "Mozilla/5.0 (compatible; MSIE 10.0; Windows NT 6.1; WOW64; Trident/6.0)"
71.8.27.209 - - [19/Aug/2013:11:02:11 -0400] "GET /images/sub-menu.png HTTP/1.1" 200 6956 "http://www.judgepenny.com/video-clips.php" "Mozilla/5.0 (compatible; MSIE 10.0; Windows NT 6.1; WOW64; Trident/6.0)"
65.55.24.245 - - [19/Aug/2013:02:35:37 -0400] "GET / HTTP/1.1" 200 8953 "-" "Mozilla/5.0 (compatible; bingbot/2.0; +http://www.bing.com/bingbot.htm)"
91.207.9.226 - - [19/Aug/2013:18:07:35 -0400] "GET / HTTP/1.1" 200 8953 "http://www.santehsmet.ru/" "Mozilla/4.0 (compatible; MSIE 6.0; Windows NT 5.1; en) Opera 9.0"
50.10.208.175 - - [19/Aug/2013:18:41:27 -0400] "GET /images/contact.png HTTP/1.1" 200 137804 "-" "Mozilla/5.0 (iPad; CPU OS 6_1_3 like Mac OS X) AppleWebKit/536.26 (KHTML, like Gecko) Version/6.0 Mobile/10B329 Safari/8536.25"
50.10.208.175 - - [19/Aug/2013:18:41:27 -0400] "GET /images/judge2.jpg HTTP/1.1" 200 50523 "-" "Mozilla/5.0 (iPad; CPU OS 6_1_3 like Mac OS X) AppleWebKit/536.26 (KHTML, like Gecko) Version/6.0 Mobile/10B329 Safari/8536.25"
98.100.17.18 - - [19/Aug/2013:12:26:50 -0400] "GET /css/style.css HTTP/1.1" 200 9522 "http://www.judgepenny.com/" "Mozilla/5.0 (Macintosh; Intel Mac OS X 10_6_8) AppleWebKit/534.52.7 (KHTML, like Gecko) Version/5.1.2 Safari/534.52.7"
98.100.17.18 - - [19/Aug/2013:12:26:54 -0400] "GET /images/judge-jenny.png HTTP/1.1" 200 28663 "http://www.judgepenny.com/" "Mozilla/5.0 (Macintosh; Intel Mac OS X 10_6_8) AppleWebKit/534.52.7 (KHTML, like Gecko) Version/5.1.2 Safari/534.52.7"
178.154.243.82 - - [19/Aug/2013:15:17:26 -0400] "GET /images/pic3.jpg HTTP/1.1" 304 - "-" "Mozilla/5.0 (compatible; YandexImages/3.0; +http://yandex.com/bots)"
208.87.234.180 - - [19/Aug/2013:16:23:23 -0400] "GET /css/fonts/give_you_glory.eot HTTP/1.1" 404 575 "http://www.judgepenny.com/judge-penny-foundation.php" "Mozilla/4.0 (compatible; MSIE 8.0; Windows NT 6.1; Trident/4.0; SLCC2; .NET CLR 2.0.50727; .NET CLR 3.5.30729; .NET CLR 3.0.30729; Media Center PC 6.0; .NET4.0C; .NET4.0E)"
208.54.35.175 - - [19/Aug/2013:16:46:14 -0400] "GET /slide-style.css HTTP/1.1" 404 575 "http://www.judgepenny.com/events.php" "Mozilla/5.0 (compatible; MSIE 9.0; Windows Phone OS 7.5; Trident/5.0; IEMobile/9.0; NOKIA; Lumia 710)"
66.87.108.148 - - [19/Aug/2013:07:20:02 -0400] "GET /css/style.css HTTP/1.1" 200 9522 "http://www.judgepenny.com/biography.php" "Mozilla/5.0 (Linux; U; Android 4.1.1; en-us; EVO Build/JRO03C) AppleWebKit/534.30 (KHTML, like Gecko) Version/4.0 Mobile Safari/534.30"
66.87.108.148 - - [19/Aug/2013:07:20:02 -0400] "GET /css/nivo-slider.css HTTP/1.1" 200 1430 "http://www.judgepenny.com/biography.php" "Mozilla/5.0 (Linux; U; Android 4.1.1; en-us; EVO Build/JRO03C) AppleWebKit/534.30 (KHTML, like Gecko) Version/4.0 Mobile Safari/534.30"
66.87.108.148 - - [19/Aug/2013:07:20:04 -0400] "GET /images/facebook.png HTTP/1.1" 200 2371 "http://www.judgepenny.com/biography.php" "Mozilla/5.0 (Linux; U; Android 4.1.1; en-us; EVO Build/JRO03C) AppleWebKit/534.30 (KHTML, like Gecko) Version/4.0 Mobile Safari/534.30"
66.87.108.148 - - [19/Aug/2013:07:20:04 -0400] "GET /images/twitter.png HTTP/1.1" 200 2703 "http://www.judgepenny.com/biography.php" "Mozilla/5.0 (Linux; U; Android 4.1.1; en-us; EVO Build/JRO03C) AppleWebKit/534.30 (KHTML, like Gecko) Version/4.0 Mobile Safari/534.30"
4.30.236.130 - - [19/Aug/2013:07:23:08 -0400] "GET /css/style.css HTTP/1.1" 200 9522 "http://www.judgepenny.com/" "Mozilla/5.0 (Macintosh; Intel Mac OS X 10_8_4) AppleWebKit/537.36 (KHTML, like Gecko) Chrome/28.0.1500.95 Safari/537.36"
4.30.236.130 - - [19/Aug/2013:07:23:08 -0400] "GET /slideshow/images/book.jpg HTTP/1.1" 200 132593 "http://www.judgepenny.com/" "Mozilla/5.0 (Macintosh; Intel Mac OS X 10_8_4) AppleWebKit/537.36 (KHTML, like Gecko) Chrome/28.0.1500.95 Safari/537.36"
4.30.236.130 - - [19/Aug/2013:07:23:08 -0400] "GET /images/m-top.png HTTP/1.1" 200 574 "http://www.judgepenny.com/" "Mozilla/5.0 (Macintosh; Intel Mac OS X 10_8_4) AppleWebKit/537.36 (KHTML, like Gecko) Chrome/28.0.1500.95 Safari/537.36"
4.30.236.130 - - [19/Aug/2013:07:23:08 -0400] "GET /images/bg.jpg HTTP/1.1" 200 71900 "http://www.judgepenny.com/" "Mozilla/5.0 (Macintosh; Intel Mac OS X 10_8_4) AppleWebKit/537.36 (KHTML, like Gecko) Chrome/28.0.1500.95 Safari/537.36"
4.30.236.130 - - [19/Aug/2013:07:23:08 -0400] "GET /css/loading.gif HTTP/1.1" 200 1737 "http://www.judgepenny.com/" "Mozilla/5.0 (Macintosh; Intel Mac OS X 10_8_4) AppleWebKit/537.36 (KHTML, like Gecko) Chrome/28.0.1500.95 Safari/537.36"
4.30.236.130 - - [19/Aug/2013:07:23:08 -0400] "GET /images/h-left.png HTTP/1.1" 200 137 "http://www.judgepenny.com/" "Mozilla/5.0 (Macintosh; Intel Mac OS X 10_8_4) AppleWebKit/537.36 (KHTML, like Gecko) Chrome/28.0.1500.95 Safari/537.36"
4.30.236.130 - - [19/Aug/2013:07:23:08 -0400] "GET /images/s-top.png HTTP/1.1" 200 440 "http://www.judgepenny.com/" "Mozilla/5.0 (Macintosh; Intel Mac OS X 10_8_4) AppleWebKit/537.36 (KHTML, like Gecko) Chrome/28.0.1500.95 Safari/537.36"
166.147.120.18 - - [19/Aug/2013:07:23:27 -0400] "GET /css/default.css HTTP/1.1" 200 1295 "http://www.judgepenny.com/" "Mozilla/5.0 (iPad; CPU OS 6_1_3 like Mac OS X) AppleWebKit/536.26 (KHTML, like Gecko) Version/6.0 Mobile/10B329 Safari/8536.25"
166.147.120.18 - - [19/Aug/2013:07:23:29 -0400] "GET /images/facebook.png HTTP/1.1" 200 2371 "http://www.judgepenny.com/" "Mozilla/5.0 (iPad; CPU OS 6_1_3 like Mac OS X) AppleWebKit/536.26 (KHTML, like Gecko) Version/6.0 Mobile/10B329 Safari/8536.25"
166.147.120.18 - - [19/Aug/2013:07:23:29 -0400] "GET /images/you-tube.png HTTP/1.1" 200 3090 "http://www.judgepenny.com/" "Mozilla/5.0 (iPad; CPU OS 6_1_3 like Mac OS X) AppleWebKit/536.26 (KHTML, like Gecko) Version/6.0 Mobile/10B329 Safari/8536.25"
166.147.120.18 - - [19/Aug/2013:07:23:29 -0400] "GET /images/linked-in.png HTTP/1.1" 200 2575 "http://www.judgepenny.com/" "Mozilla/5.0 (iPad; CPU OS 6_1_3 like Mac OS X) AppleWebKit/536.26 (KHTML, like Gecko) Version/6.0 Mobile/10B329 Safari/8536.25"
166.147.120.18 - - [19/Aug/2013:07:23:29 -0400] "GET /slideshow/images/judge_penny_self_worth.jpg HTTP/1.1" 200 129594 "http://www.judgepenny.com/" "Mozilla/5.0 (iPad; CPU OS 6_1_3 like Mac OS X) AppleWebKit/536.26 (KHTML, like Gecko) Version/6.0 Mobile/10B329 Safari/8536.25"
166.147.120.18 - - [19/Aug/2013:07:23:29 -0400] "GET /slideshow/images/judge_penny_speaking_request.png HTTP/1.1" 200 291884 "http://www.judgepenny.com/" "Mozilla/5.0 (iPad; CPU OS 6_1_3 like Mac OS X) AppleWebKit/536.26 (KHTML, like Gecko) Version/6.0 Mobile/10B329 Safari/8536.25"
166.147.120.18 - - [19/Aug/2013:07:23:45 -0400] "GET /slideshow/images/judge_penny_the_judge.jpg HTTP/1.1" 200 151096 "http://www.judgepenny.com/" "Mozilla/5.0 (iPad; CPU OS 6_1_3 like Mac OS X) AppleWebKit/536.26 (KHTML, like Gecko) Version/6.0 Mobile/10B329 Safari/8536.25"
93.115.86.194 - - [19/Aug/2013:11:54:58 -0400] "GET /photos.php HTTP/1.1" 200 6337 "-" "Mozilla/4.0 (compatible; MSIE 6.0; Windows NT 5.1; SV1)"
208.87.234.180 - - [19/Aug/2013:16:24:31 -0400] "GET /images/advice.jpg HTTP/1.1" 200 51293 "http://www.judgepenny.com/penny-for-your-thoughts.php" "Mozilla/4.0 (compatible; MSIE 8.0; Windows NT 6.1; Trident/4.0; SLCC2; .NET CLR 2.0.50727; .NET CLR 3.5.30729; .NET CLR 3.0.30729; Media Center PC 6.0; .NET4.0C; .NET4.0E)"
208.54.35.146 - - [19/Aug/2013:16:43:49 -0400] "GET /videos/jwplayer.js HTTP/1.1" 200 133009 "http://www.judgepenny.com/biography.php" "Mozilla/5.0 (compatible; MSIE 9.0; Windows Phone OS 7.5; Trident/5.0; IEMobile/9.0; NOKIA; Lumia 710)"
208.115.111.70 - - [19/Aug/2013:05:28:21 -0400] "GET /shopping.html HTTP/1.1" 404 575 "-" "Mozilla/5.0 (compatible; Ezooms/1.0; ezooms.bot@gmail.com)"
46.118.126.194 - - [19/Aug/2013:22:25:48 -0400] "GET / HTTP/1.1" 200 8953 "http://remdizain.ru/" "Mozilla/4.0 (compatible; MSIE 6.0; Windows NT 5.2; SV1; .NET CLR 1.1.4322; .NET CLR 2.0.50727)"
71.8.27.209 - - [19/Aug/2013:11:02:11 -0400] "GET /images/main-btm.png HTTP/1.1" 200 398 "http://www.judgepenny.com/video-clips.php" "Mozilla/5.0 (compatible; MSIE 10.0; Windows NT 6.1; WOW64; Trident/6.0)"
93.115.86.194 - - [19/Aug/2013:11:54:38 -0400] "GET /thank_you.php HTTP/1.1" 200 14715 "-" "Mozilla/4.0 (compatible; MSIE 6.0; Windows NT 5.1; SV1)"
66.87.108.148 - - [19/Aug/2013:07:20:04 -0400] "GET /images/main-btm.png HTTP/1.1" 200 398 "http://www.judgepenny.com/biography.php" "Mozilla/5.0 (Linux; U; Android 4.1.1; en-us; EVO Build/JRO03C) AppleWebKit/534.30 (KHTML, like Gecko) Version/4.0 Mobile Safari/534.30"
184.188.8.188 - - [19/Aug/2013:16:22:54 -0400] "GET /biography.php HTTP/1.1" 302 397 "http://search.yahoo.com/search;_ylt=A0oG7ih3fhJSaDgAAupXNyoA?ei=UTF-8&fr=yfp-t-622-1-s&p=judge+penny+brown+reynolds+bio&rs=1&fr2=rs-top" "Mozilla/5.0 (compatible; MSIE 10.0; Windows NT 6.1; WOW64; Trident/6.0)"
184.188.8.188 - - [19/Aug/2013:16:27:57 -0400] "GET /slideshow/images/judge_penny_the_judge.jpg HTTP/1.1" 302 398 "http://search.yahoo.com/search;_ylt=A0oG7lx5fhJS.yQAve5XNyoA;_ylc=X1MDMjc2NjY3OQRfcgMyBGJjawM3ajBvOGRkOTBmZ3E1JTI2YiUzRDMlMjZzJTNEMGYEY3NyY3B2aWQDUk40Z0cwZ2V1ckI1Z3doclVnZkRSUVg2dUx3SXZGSVNmbmtBRFQwNARmcgN5ZnAtdC02MjItMS1zBGZyMgNzYS1ncARncHJpZANDS0VadTdzcVJQeWFpWjQ0RmYydXVBBG5fcnNsdAMxMARuX3N1Z2cDMTAEb3JpZ2luA3NlYXJjaC55YWhvby5jb20EcG9zAzEEcHFzdHIDanVkZ2UgcGVubnkgBHBxc3RybAMxMgRxc3RybAMyNgRxdWVyeQNqdWRnZSBwZW5ueSBicm93biByZXlub2xkcwR0X3N0bXADMTM3Njk0Mzg0OTk1NwR2dGVzdGlkA1ZJUDI2OQ--?p=judge+penny+brown+reynolds&fr2=sb-top&fr=yfp-t-622-1-s" "Mozilla/5.0 (compatible; MSIE 10.0; Windows NT 6.1; WOW64; Trident/6.0)"
166.137.88.25 - - [19/Aug/2013:19:48:48 -0400] "GET /slideshow/images/judge_penny_opportunity.jpg HTTP/1.1" 200 99540 "http://judgepenny.com/" "Mozilla/5.0 (iPhone; CPU iPhone OS 5_0 like Mac OS X) AppleWebKit/534.46 (KHTML, like Gecko) Version/5.1 Mobile/9A334 Safari/7534.48.3"
65.55.24.233 - - [19/Aug/2013:05:49:08 -0400] "GET /contact.php HTTP/1.1" 200 6149 "-" "Mozilla/5.0 (compatible; bingbot/2.0; +http://www.bing.com/bingbot.htm)"
66.87.108.148 - - [19/Aug/2013:07:20:08 -0400] "GET /favicon.ico HTTP/1.1" 404 575 "http://www.judgepenny.com/biography.php" "Mozilla/5.0 (Linux; U; Android 4.1.1; en-us; EVO Build/JRO03C) AppleWebKit/534.30 (KHTML, like Gecko) Version/4.0 Mobile Safari/534.30"
166.147.120.18 - - [19/Aug/2013:07:23:27 -0400] "GET /css/nivo-slider.css HTTP/1.1" 200 1430 "http://www.judgepenny.com/" "Mozilla/5.0 (iPad; CPU OS 6_1_3 like Mac OS X) AppleWebKit/536.26 (KHTML, like Gecko) Version/6.0 Mobile/10B329 Safari/8536.25"
166.147.120.18 - - [19/Aug/2013:07:23:29 -0400] "GET /images/twitter.png HTTP/1.1" 200 2703 "http://www.judgepenny.com/" "Mozilla/5.0 (iPad; CPU OS 6_1_3 like Mac OS X) AppleWebKit/536.26 (KHTML, like Gecko) Version/6.0 Mobile/10B329 Safari/8536.25"
166.147.120.18 - - [19/Aug/2013:07:23:29 -0400] "GET /images/m-top.png HTTP/1.1" 200 574 "http://www.judgepenny.com/" "Mozilla/5.0 (iPad; CPU OS 6_1_3 like Mac OS X) AppleWebKit/536.26 (KHTML, like Gecko) Version/6.0 Mobile/10B329 Safari/8536.25"
166.147.120.18 - - [19/Aug/2013:07:23:29 -0400] "GET /images/m-btm.png HTTP/1.1" 200 741 "http://www.judgepenny.com/" "Mozilla/5.0 (iPad; CPU OS 6_1_3 like Mac OS X) AppleWebKit/536.26 (KHTML, like Gecko) Version/6.0 Mobile/10B329 Safari/8536.25"
166.147.120.18 - - [19/Aug/2013:07:23:29 -0400] "GET /images/bg.jpg HTTP/1.1" 200 71900 "http://www.judgepenny.com/" "Mozilla/5.0 (iPad; CPU OS 6_1_3 like Mac OS X) AppleWebKit/536.26 (KHTML, like Gecko) Version/6.0 Mobile/10B329 Safari/8536.25"
166.147.120.18 - - [19/Aug/2013:07:23:29 -0400] "GET /css/bullets.png HTTP/1.1" 200 1281 "http://www.judgepenny.com/" "Mozilla/5.0 (iPad; CPU OS 6_1_3 like Mac OS X) AppleWebKit/536.26 (KHTML, like Gecko) Version/6.0 Mobile/10B329 Safari/8536.25"
166.147.120.18 - - [19/Aug/2013:07:23:30 -0400] "GET /images/ftr-bg.png HTTP/1.1" 200 198 "http://www.judgepenny.com/" "Mozilla/5.0 (iPad; CPU OS 6_1_3 like Mac OS X) AppleWebKit/536.26 (KHTML, like Gecko) Version/6.0 Mobile/10B329 Safari/8536.25"
166.147.120.18 - - [19/Aug/2013:07:23:30 -0400] "GET /images/s-top.png HTTP/1.1" 200 440 "http://www.judgepenny.com/" "Mozilla/5.0 (iPad; CPU OS 6_1_3 like Mac OS X) AppleWebKit/536.26 (KHTML, like Gecko) Version/6.0 Mobile/10B329 Safari/8536.25"
166.147.120.18 - - [19/Aug/2013:07:23:32 -0400] "GET /images/m-center.png HTTP/1.1" 200 191 "http://www.judgepenny.com/" "Mozilla/5.0 (iPad; CPU OS 6_1_3 like Mac OS X) AppleWebKit/536.26 (KHTML, like Gecko) Version/6.0 Mobile/10B329 Safari/8536.25"
166.147.120.18 - - [19/Aug/2013:07:24:28 -0400] "GET /images/r-head.png HTTP/1.1" 200 596 "http://www.judgepenny.com/judge-penny-foundation.php" "Mozilla/5.0 (iPad; CPU OS 6_1_3 like Mac OS X) AppleWebKit/536.26 (KHTML, like Gecko) Version/6.0 Mobile/10B329 Safari/8536.25"
65.55.24.245 - - [19/Aug/2013:07:32:01 -0400] "GET / HTTP/1.1" 200 8953 "-" "Mozilla/5.0 (compatible; bingbot/2.0; +http://www.bing.com/bingbot.htm)"
98.100.17.18 - - [19/Aug/2013:12:26:54 -0400] "GET /images/linked-in.png HTTP/1.1" 200 2575 "http://www.judgepenny.com/" "Mozilla/5.0 (Macintosh; Intel Mac OS X 10_6_8) AppleWebKit/534.52.7 (KHTML, like Gecko) Version/5.1.2 Safari/534.52.7"
41.222.183.53 - - [19/Aug/2013:12:42:17 -0400] "GET /css/nivo-slider.css HTTP/1.1" 200 1430 "http://www.judgepenny.com/" "Mozilla/5.0 (iPhone; CPU iPhone OS 6_1_4 like Mac OS X) AppleWebKit/536.26 (KHTML, like Gecko) Version/6.0 Mobile/10B350 Safari/8536.25"
41.222.183.53 - - [19/Aug/2013:12:42:20 -0400] "GET /images/you-tube.png HTTP/1.1" 200 3090 "http://www.judgepenny.com/" "Mozilla/5.0 (iPhone; CPU iPhone OS 6_1_4 like Mac OS X) AppleWebKit/536.26 (KHTML, like Gecko) Version/6.0 Mobile/10B350 Safari/8536.25"
41.222.183.53 - - [19/Aug/2013:12:42:20 -0400] "GET /slideshow/images/judge_penny_opportunity.jpg HTTP/1.1" 200 99540 "http://www.judgepenny.com/" "Mozilla/5.0 (iPhone; CPU iPhone OS 6_1_4 like Mac OS X) AppleWebKit/536.26 (KHTML, like Gecko) Version/6.0 Mobile/10B350 Safari/8536.25"
41.222.183.53 - - [19/Aug/2013:12:42:21 -0400] "GET /images/m-btm.png HTTP/1.1" 200 741 "http://www.judgepenny.com/" "Mozilla/5.0 (iPhone; CPU iPhone OS 6_1_4 like Mac OS X) AppleWebKit/536.26 (KHTML, like Gecko) Version/6.0 Mobile/10B350 Safari/8536.25"
41.222.183.53 - - [19/Aug/2013:12:42:21 -0400] "GET /images/h-left.png HTTP/1.1" 200 137 "http://www.judgepenny.com/" "Mozilla/5.0 (iPhone; CPU iPhone OS 6_1_4 like Mac OS X) AppleWebKit/536.26 (KHTML, like Gecko) Version/6.0 Mobile/10B350 Safari/8536.25"
41.222.183.53 - - [19/Aug/2013:12:42:21 -0400] "GET /css/bullets.png HTTP/1.1" 200 1281 "http://www.judgepenny.com/" "Mozilla/5.0 (iPhone; CPU iPhone OS 6_1_4 like Mac OS X) AppleWebKit/536.26 (KHTML, like Gecko) Version/6.0 Mobile/10B350 Safari/8536.25"
108.230.223.81 - - [19/Aug/2013:10:54:24 -0400] "GET /css/style.css HTTP/1.1" 200 9522 "http://www.judgepenny.com/biography.php" "Mozilla/5.0 (iPad; CPU OS 6_1_3 like Mac OS X) AppleWebKit/536.26 (KHTML, like Gecko) Version/6.0 Mobile/10B329 Safari/8536.25"
108.230.223.81 - - [19/Aug/2013:10:54:24 -0400] "GET /images/twitter.png HTTP/1.1" 200 2703 "http://www.judgepenny.com/biography.php" "Mozilla/5.0 (iPad; CPU OS 6_1_3 like Mac OS X) AppleWebKit/536.26 (KHTML, like Gecko) Version/6.0 Mobile/10B329 Safari/8536.25"
108.230.223.81 - - [19/Aug/2013:10:54:24 -0400] "GET /images/judge.png HTTP/1.1" 200 164424 "http://www.judgepenny.com/biography.php" "Mozilla/5.0 (iPad; CPU OS 6_1_3 like Mac OS X) AppleWebKit/536.26 (KHTML, like Gecko) Version/6.0 Mobile/10B329 Safari/8536.25"
108.230.223.81 - - [19/Aug/2013:10:54:25 -0400] "GET /images/h-div.png HTTP/1.1" 200 1503 "http://www.judgepenny.com/biography.php" "Mozilla/5.0 (iPad; CPU OS 6_1_3 like Mac OS X) AppleWebKit/536.26 (KHTML, like Gecko) Version/6.0 Mobile/10B329 Safari/8536.25"
66.249.75.108 - - [19/Aug/2013:15:15:54 -0400] "GET /robots.txt HTTP/1.1" 404 575 "-" "Mozilla/5.0 (compatible; Googlebot/2.1; +http://www.google.com/bot.html)"
208.87.234.180 - - [19/Aug/2013:16:24:43 -0400] "GET /css/fonts/give_you_glory.eot HTTP/1.1" 404 575 "http://www.judgepenny.com/penny-for-your-thoughts.php" "Mozilla/4.0 (compatible; MSIE 8.0; Windows NT 6.1; Trident/4.0; SLCC2; .NET CLR 2.0.50727; .NET CLR 3.5.30729; .NET CLR 3.0.30729; Media Center PC 6.0; .NET4.0C; .NET4.0E)"
157.56.92.150 - - [19/Aug/2013:18:27:51 -0400] "GET /workshops.htm HTTP/1.1" 404 575 "-" "Mozilla/5.0 (compatible; bingbot/2.0; +http://www.bing.com/bingbot.htm)"
157.55.33.88 - - [19/Aug/2013:20:56:22 -0400] "GET /robots.txt HTTP/1.1" 404 575 "-" "Mozilla/5.0 (compatible; bingbot/2.0; +http://www.bing.com/bingbot.htm)"
61.135.189.130 - - [19/Aug/2013:05:41:25 -0400] "GET /slide-style.css HTTP/1.1" 404 575 "-" "Mozilla/4.0 (compatible; MSIE 7.0; Windows NT 6.0; Trident/4.0)"
4.30.236.130 - - [19/Aug/2013:07:23:08 -0400] "GET /slide-style.css HTTP/1.1" 404 575 "http://www.judgepenny.com/" "Mozilla/5.0 (Macintosh; Intel Mac OS X 10_8_4) AppleWebKit/537.36 (KHTML, like Gecko) Chrome/28.0.1500.95 Safari/537.36"
4.30.236.130 - - [19/Aug/2013:07:23:08 -0400] "GET /images/facebook.png HTTP/1.1" 200 2371 "http://www.judgepenny.com/" "Mozilla/5.0 (Macintosh; Intel Mac OS X 10_8_4) AppleWebKit/537.36 (KHTML, like Gecko) Chrome/28.0.1500.95 Safari/537.36"
4.30.236.130 - - [19/Aug/2013:07:23:08 -0400] "GET /slideshow/images/judge_penny_self_worth.jpg HTTP/1.1" 200 129594 "http://www.judgepenny.com/" "Mozilla/5.0 (Macintosh; Intel Mac OS X 10_8_4) AppleWebKit/537.36 (KHTML, like Gecko) Chrome/28.0.1500.95 Safari/537.36"
4.30.236.130 - - [19/Aug/2013:07:23:09 -0400] "GET /favicon.ico HTTP/1.1" 404 575 "-" "Mozilla/5.0 (Macintosh; Intel Mac OS X 10_8_4) AppleWebKit/537.36 (KHTML, like Gecko) Chrome/28.0.1500.95 Safari/537.36"
166.147.120.21 - - [19/Aug/2013:07:28:36 -0400] "GET /index.php HTTP/1.1" 200 8953 "http://www.judgepenny.com/speaking-requests.php" "Mozilla/5.0 (iPad; CPU OS 6_1_3 like Mac OS X) AppleWebKit/536.26 (KHTML, like Gecko) Version/6.0 Mobile/10B329 Safari/8536.25"
166.147.120.21 - - [19/Aug/2013:07:28:37 -0400] "GET /slide-style.css HTTP/1.1" 404 575 "http://www.judgepenny.com/index.php" "Mozilla/5.0 (iPad; CPU OS 6_1_3 like Mac OS X) AppleWebKit/536.26 (KHTML, like Gecko) Version/6.0 Mobile/10B329 Safari/8536.25"
172.12.150.65 - - [19/Aug/2013:13:47:37 -0400] "GET / HTTP/1.1" 302 356 "http://search.yahoo.com/search;_ylt=A0oG7hSLWRJSnUwAorVXNyoA;_ylc=X1MDMjc2NjY3OQRfcgMyBGJjawMzcHNlb2V0OTE0aWhpJTI2YiUzRDMlMjZzJTNEdHUEY3NyY3B2aWQDTmpzblkwZ2V1ckE4OGRoM1VoSktNZ3A0ckF5V1FWSVNXWXNBQzBlUgRmcgN5ZnAtdC05MDAEZnIyA3NiLXRvcARncHJpZANobGFkd283bFQzQ2djUGUudU5GUGZBBG5fcnNsdAMxMARuX3N1Z2cDMARvcmlnaW4Dc2VhcmNoLnlhaG9vLmNvbQRwb3MDMARwcXN0cgMEcHFzdHJsAwRxc3RybAMzMQRxdWVyeQNob25vcmFibGUgcGVubnkgYnJvbnduIHJleW5vbGRzBHRfc3RtcAMxMzc2OTM0NDQ4MzMyBHZ0ZXN0aWQDU1dJTUMw?p=honorable+penny+bronwn+reynolds&fr2=sb-top&fr=yfp-t-900" "Mozilla/5.0 (compatible; MSIE 10.0; Windows NT 6.1; Trident/6.0; MALC)"
71.8.27.209 - - [19/Aug/2013:11:01:57 -0400] "GET /slide-style.css HTTP/1.1" 404 575 "http://www.judgepenny.com/" "Mozilla/5.0 (compatible; MSIE 10.0; Windows NT 6.1; WOW64; Trident/6.0)"
71.8.27.209 - - [19/Aug/2013:11:01:57 -0400] "GET /images/linked-in.png HTTP/1.1" 200 2575 "http://www.judgepenny.com/" "Mozilla/5.0 (compatible; MSIE 10.0; Windows NT 6.1; WOW64; Trident/6.0)"
71.8.27.209 - - [19/Aug/2013:11:01:57 -0400] "GET /slideshow/images/judge_penny_foundation.jpg HTTP/1.1" 200 175194 "http://www.judgepenny.com/" "Mozilla/5.0 (compatible; MSIE 10.0; Windows NT 6.1; WOW64; Trident/6.0)"
71.8.27.209 - - [19/Aug/2013:11:01:57 -0400] "GET /images/seprator.png HTTP/1.1" 200 429 "http://www.judgepenny.com/" "Mozilla/5.0 (compatible; MSIE 10.0; Windows NT 6.1; WOW64; Trident/6.0)"
71.8.27.209 - - [19/Aug/2013:11:01:57 -0400] "GET /images/h-left.png HTTP/1.1" 200 137 "http://www.judgepenny.com/" "Mozilla/5.0 (compatible; MSIE 10.0; Windows NT 6.1; WOW64; Trident/6.0)"
71.8.27.209 - - [19/Aug/2013:11:01:57 -0400] "GET /images/ftr-bg.png HTTP/1.1" 200 198 "http://www.judgepenny.com/" "Mozilla/5.0 (compatible; MSIE 10.0; Windows NT 6.1; WOW64; Trident/6.0)"
93.115.86.194 - - [19/Aug/2013:11:54:42 -0400] "GET / HTTP/1.1" 200 8953 "-" "Mozilla/4.0 (compatible; MSIE 6.0; Windows NT 5.1; SV1)"
93.115.86.194 - - [19/Aug/2013:11:54:59 -0400] "GET /press-room.php HTTP/1.1" 200 6775 "-" "Mozilla/4.0 (compatible; MSIE 6.0; Windows NT 5.1; SV1)"
107.206.18.5 - - [19/Aug/2013:13:34:13 -0400] "GET /videos/jwplayer.js HTTP/1.1" 200 133009 "http://www.judgepenny.com/biography.php" "Mozilla/5.0 (iPad; CPU OS 5_1_1 like Mac OS X) AppleWebKit/534.46 (KHTML, like Gecko) Version/5.1 Mobile/9B206 Safari/7534.48.3"
107.206.18.5 - - [19/Aug/2013:13:34:13 -0400] "GET /images/judge-jenny.png HTTP/1.1" 200 28663 "http://www.judgepenny.com/biography.php" "Mozilla/5.0 (iPad; CPU OS 5_1_1 like Mac OS X) AppleWebKit/534.46 (KHTML, like Gecko) Version/5.1 Mobile/9B206 Safari/7534.48.3"
107.206.18.5 - - [19/Aug/2013:13:34:13 -0400] "GET /images/judge.png HTTP/1.1" 200 164424 "http://www.judgepenny.com/biography.php" "Mozilla/5.0 (iPad; CPU OS 5_1_1 like Mac OS X) AppleWebKit/534.46 (KHTML, like Gecko) Version/5.1 Mobile/9B206 Safari/7534.48.3"
107.206.18.5 - - [19/Aug/2013:13:34:14 -0400] "GET /images/main-btm.png HTTP/1.1" 200 398 "http://www.judgepenny.com/biography.php" "Mozilla/5.0 (iPad; CPU OS 5_1_1 like Mac OS X) AppleWebKit/534.46 (KHTML, like Gecko) Version/5.1 Mobile/9B206 Safari/7534.48.3"
208.54.35.146 - - [19/Aug/2013:16:43:49 -0400] "GET /css/default.css HTTP/1.1" 200 1295 "http://www.judgepenny.com/biography.php" "Mozilla/5.0 (compatible; MSIE 9.0; Windows Phone OS 7.5; Trident/5.0; IEMobile/9.0; NOKIA; Lumia 710)"
208.54.35.146 - - [19/Aug/2013:16:43:49 -0400] "GET /images/buy-now.png HTTP/1.1" 200 89906 "http://www.judgepenny.com/biography.php" "Mozilla/5.0 (compatible; MSIE 9.0; Windows Phone OS 7.5; Trident/5.0; IEMobile/9.0; NOKIA; Lumia 710)"
208.54.40.162 - - [19/Aug/2013:16:53:52 -0400] "GET /favicon.ico HTTP/1.1" 404 575 "-" "Mozilla/5.0 (Linux; Android 4.0.4; LG-MS770 Build/IMM76I) AppleWebKit/537.36 (KHTML, like Gecko) Chrome/28.0.1500.94 Mobile Safari/537.36"
4.30.236.130 - - [19/Aug/2013:07:28:39 -0400] "GET /index.php HTTP/1.1" 200 8953 "http://www.judgepenny.com/speaking-requests.php" "Mozilla/5.0 (Macintosh; Intel Mac OS X 10_8_4) AppleWebKit/537.36 (KHTML, like Gecko) Chrome/28.0.1500.95 Safari/537.36"
4.30.236.130 - - [19/Aug/2013:07:28:39 -0400] "GET /slide-style.css HTTP/1.1" 404 575 "http://www.judgepenny.com/index.php" "Mozilla/5.0 (Macintosh; Intel Mac OS X 10_8_4) AppleWebKit/537.36 (KHTML, like Gecko) Chrome/28.0.1500.95 Safari/537.36"
4.30.236.130 - - [19/Aug/2013:07:28:40 -0400] "GET /favicon.ico HTTP/1.1" 404 575 "-" "Mozilla/5.0 (Macintosh; Intel Mac OS X 10_8_4) AppleWebKit/537.36 (KHTML, like Gecko) Chrome/28.0.1500.95 Safari/537.36"
4.30.236.130 - - [19/Aug/2013:07:48:23 -0400] "GET /speaking-requests.php HTTP/1.1" 200 14865 "http://www.judgepenny.com/index.php" "Mozilla/5.0 (Macintosh; Intel Mac OS X 10_8_4) AppleWebKit/537.36 (KHTML, like Gecko) Chrome/28.0.1500.95 Safari/537.36"
4.30.236.130 - - [19/Aug/2013:07:48:23 -0400] "GET /slide-style.css HTTP/1.1" 404 575 "http://www.judgepenny.com/speaking-requests.php" "Mozilla/5.0 (Macintosh; Intel Mac OS X 10_8_4) AppleWebKit/537.36 (KHTML, like Gecko) Chrome/28.0.1500.95 Safari/537.36"
218.30.103.39 - - [19/Aug/2013:05:17:52 -0400] "GET / HTTP/1.1" 200 8953 "-" "Sogou web spider/4.0(+http://www.sogou.com/docs/help/webmasters.htm#07)"
66.87.108.148 - - [19/Aug/2013:07:20:04 -0400] "GET /images/sub-menu.png HTTP/1.1" 200 6956 "http://www.judgepenny.com/biography.php" "Mozilla/5.0 (Linux; U; Android 4.1.1; en-us; EVO Build/JRO03C) AppleWebKit/534.30 (KHTML, like Gecko) Version/4.0 Mobile Safari/534.30"
4.30.236.130 - - [19/Aug/2013:07:28:14 -0400] "GET /speaking-requests.php HTTP/1.1" 200 14865 "http://www.judgepenny.com/judge-penny-foundation.php" "Mozilla/5.0 (Macintosh; Intel Mac OS X 10_8_4) AppleWebKit/537.36 (KHTML, like Gecko) Chrome/28.0.1500.95 Safari/537.36"
4.30.236.130 - - [19/Aug/2013:07:28:16 -0400] "GET /slide-style.css HTTP/1.1" 404 575 "http://www.judgepenny.com/speaking-requests.php" "Mozilla/5.0 (Macintosh; Intel Mac OS X 10_8_4) AppleWebKit/537.36 (KHTML, like Gecko) Chrome/28.0.1500.95 Safari/537.36"
4.30.236.130 - - [19/Aug/2013:07:28:16 -0400] "GET /images/speaking.jpg HTTP/1.1" 200 73031 "http://www.judgepenny.com/speaking-requests.php" "Mozilla/5.0 (Macintosh; Intel Mac OS X 10_8_4) AppleWebKit/537.36 (KHTML, like Gecko) Chrome/28.0.1500.95 Safari/537.36"
4.30.236.130 - - [19/Aug/2013:07:28:17 -0400] "GET /favicon.ico HTTP/1.1" 404 575 "-" "Mozilla/5.0 (Macintosh; Intel Mac OS X 10_8_4) AppleWebKit/537.36 (KHTML, like Gecko) Chrome/28.0.1500.95 Safari/537.36"
208.87.234.180 - - [19/Aug/2013:16:23:23 -0400] "GET /css/default.css HTTP/1.1" 200 1295 "http://www.judgepenny.com/judge-penny-foundation.php" "Mozilla/4.0 (compatible; MSIE 8.0; Windows NT 6.1; Trident/4.0; SLCC2; .NET CLR 2.0.50727; .NET CLR 3.5.30729; .NET CLR 3.0.30729; Media Center PC 6.0; .NET4.0C; .NET4.0E)"
208.87.234.180 - - [19/Aug/2013:16:23:23 -0400] "GET /images/linked-in.png HTTP/1.1" 200 2575 "http://www.judgepenny.com/judge-penny-foundation.php" "Mozilla/4.0 (compatible; MSIE 8.0; Windows NT 6.1; Trident/4.0; SLCC2; .NET CLR 2.0.50727; .NET CLR 3.5.30729; .NET CLR 3.0.30729; Media Center PC 6.0; .NET4.0C; .NET4.0E)"
208.87.234.180 - - [19/Aug/2013:16:23:23 -0400] "GET /images/s-menu-b.png HTTP/1.1" 200 334 "http://www.judgepenny.com/judge-penny-foundation.php" "Mozilla/4.0 (compatible; MSIE 8.0; Windows NT 6.1; Trident/4.0; SLCC2; .NET CLR 2.0.50727; .NET CLR 3.5.30729; .NET CLR 3.0.30729; Media Center PC 6.0; .NET4.0C; .NET4.0E)"
208.87.234.180 - - [19/Aug/2013:16:23:23 -0400] "GET /images/bg.jpg HTTP/1.1" 200 71900 "http://www.judgepenny.com/judge-penny-foundation.php" "Mozilla/4.0 (compatible; MSIE 8.0; Windows NT 6.1; Trident/4.0; SLCC2; .NET CLR 2.0.50727; .NET CLR 3.5.30729; .NET CLR 3.0.30729; Media Center PC 6.0; .NET4.0C; .NET4.0E)"
208.87.234.180 - - [19/Aug/2013:16:23:24 -0400] "GET /images/entry-bg3.png HTTP/1.1" 200 19110 "http://www.judgepenny.com/judge-penny-foundation.php" "Mozilla/4.0 (compatible; MSIE 8.0; Windows NT 6.1; Trident/4.0; SLCC2; .NET CLR 2.0.50727; .NET CLR 3.5.30729; .NET CLR 3.0.30729; Media Center PC 6.0; .NET4.0C; .NET4.0E)"
208.87.234.180 - - [19/Aug/2013:16:23:24 -0400] "GET /images/events.png HTTP/1.1" 200 3829 "http://www.judgepenny.com/judge-penny-foundation.php" "Mozilla/4.0 (compatible; MSIE 8.0; Windows NT 6.1; Trident/4.0; SLCC2; .NET CLR 2.0.50727; .NET CLR 3.5.30729; .NET CLR 3.0.30729; Media Center PC 6.0; .NET4.0C; .NET4.0E)"
66.249.75.130 - - [19/Aug/2013:05:34:35 -0400] "GET /css/default.css HTTP/1.1" 200 1295 "-" "Mozilla/5.0 (compatible; Googlebot/2.1; +http://www.google.com/bot.html)"
71.8.27.209 - - [19/Aug/2013:11:02:11 -0400] "GET /slide-style.css HTTP/1.1" 404 575 "http://www.judgepenny.com/video-clips.php" "Mozilla/5.0 (compatible; MSIE 10.0; Windows NT 6.1; WOW64; Trident/6.0)"
71.8.27.209 - - [19/Aug/2013:11:02:11 -0400] "GET /images/r-head.png HTTP/1.1" 200 596 "http://www.judgepenny.com/video-clips.php" "Mozilla/5.0 (compatible; MSIE 10.0; Windows NT 6.1; WOW64; Trident/6.0)"
71.8.27.209 - - [19/Aug/2013:11:02:11 -0400] "GET /images/events.png HTTP/1.1" 200 3829 "http://www.judgepenny.com/video-clips.php" "Mozilla/5.0 (compatible; MSIE 10.0; Windows NT 6.1; WOW64; Trident/6.0)"
173.79.101.49 - - [19/Aug/2013:11:11:28 -0400] "GET / HTTP/1.1" 302 360 "http://www.google.com/url?sa=t&rct=j&q=&esrc=s&frm=1&source=web&cd=7&sqi=2&ved=0CEIQFjAG&url=http%3A%2F%2Fwww.judgepenny.com%2F&ei=5DISUuPMM-qmyQHskIAw&usg=AFQjCNHtHkI_C9gsk1xU2I1lfXHdPYI7Ow&bvm=bv.50768961,d.aWc" "Mozilla/5.0 (compatible; MSIE 10.0; Windows NT 6.1; WOW64; Trident/6.0)"
108.59.8.70 - - [19/Aug/2013:11:28:13 -0400] "GET / HTTP/1.0" 200 8953 "-" "Mozilla/5.0 (compatible; MJ12bot/v1.4.3; http://www.majestic12.co.uk/bot.php?+)"
98.100.17.18 - - [19/Aug/2013:12:27:14 -0400] "GET /images/ftr-bg.png HTTP/1.1" 200 198 "http://www.judgepenny.com/" "Mozilla/5.0 (Macintosh; Intel Mac OS X 10_6_8) AppleWebKit/534.52.7 (KHTML, like Gecko) Version/5.1.2 Safari/534.52.7"
66.249.75.108 - - [19/Aug/2013:02:22:17 -0400] "GET /css/default.css HTTP/1.1" 200 1295 "-" "Mozilla/5.0 (compatible; Googlebot/2.1; +http://www.google.com/bot.html)"
208.87.234.180 - - [19/Aug/2013:16:24:31 -0400] "GET /slide-style.css HTTP/1.1" 404 575 "http://www.judgepenny.com/penny-for-your-thoughts.php" "Mozilla/4.0 (compatible; MSIE 8.0; Windows NT 6.1; Trident/4.0; SLCC2; .NET CLR 2.0.50727; .NET CLR 3.5.30729; .NET CLR 3.0.30729; Media Center PC 6.0; .NET4.0C; .NET4.0E)"
208.54.35.175 - - [19/Aug/2013:16:47:30 -0400] "GET /penny-for-your-thoughts.php HTTP/1.1" 200 11765 "http://www.judgepenny.com/beyond-the-robe.php" "Mozilla/5.0 (compatible; MSIE 9.0; Windows Phone OS 7.5; Trident/5.0; IEMobile/9.0; NOKIA; Lumia 710)"
218.30.103.39 - - [19/Aug/2013:17:50:14 -0400] "GET / HTTP/1.1" 200 8953 "-" "Sogou web spider/4.0(+http://www.sogou.com/docs/help/webmasters.htm#07)"
41.222.183.58 - - [19/Aug/2013:12:42:17 -0400] "GET /videos/jwplayer.js HTTP/1.1" 200 133009 "http://www.judgepenny.com/" "Mozilla/5.0 (iPhone; CPU iPhone OS 6_1_4 like Mac OS X) AppleWebKit/536.26 (KHTML, like Gecko) Version/6.0 Mobile/10B350 Safari/8536.25"
41.222.183.58 - - [19/Aug/2013:12:42:19 -0400] "GET /js/jquery.nivo.slider.pack.js HTTP/1.1" 200 15854 "http://www.judgepenny.com/" "Mozilla/5.0 (iPhone; CPU iPhone OS 6_1_4 like Mac OS X) AppleWebKit/536.26 (KHTML, like Gecko) Version/6.0 Mobile/10B350 Safari/8536.25"
41.222.183.58 - - [19/Aug/2013:12:42:20 -0400] "GET /images/judge-jenny.png HTTP/1.1" 200 28663 "http://www.judgepenny.com/" "Mozilla/5.0 (iPhone; CPU iPhone OS 6_1_4 like Mac OS X) AppleWebKit/536.26 (KHTML, like Gecko) Version/6.0 Mobile/10B350 Safari/8536.25"
41.222.183.58 - - [19/Aug/2013:12:42:20 -0400] "GET /slideshow/images/judge_penny_speaking_request.png HTTP/1.1" 200 291884 "http://www.judgepenny.com/" "Mozilla/5.0 (iPhone; CPU iPhone OS 6_1_4 like Mac OS X) AppleWebKit/536.26 (KHTML, like Gecko) Version/6.0 Mobile/10B350 Safari/8536.25"
41.222.183.58 - - [19/Aug/2013:12:42:21 -0400] "GET /images/jenny-header.png HTTP/1.1" 200 69160 "http://www.judgepenny.com/" "Mozilla/5.0 (iPhone; CPU iPhone OS 6_1_4 like Mac OS X) AppleWebKit/536.26 (KHTML, like Gecko) Version/6.0 Mobile/10B350 Safari/8536.25"
41.222.183.58 - - [19/Aug/2013:12:42:22 -0400] "GET /images/h-right.png HTTP/1.1" 200 279 "http://www.judgepenny.com/" "Mozilla/5.0 (iPhone; CPU iPhone OS 6_1_4 like Mac OS X) AppleWebKit/536.26 (KHTML, like Gecko) Version/6.0 Mobile/10B350 Safari/8536.25"
66.87.105.220 - - [19/Aug/2013:13:46:35 -0400] "GET /images/story.jpg HTTP/1.1" 200 76093 "http://www.google.com/search?q=judge+penny&client=ms-android-boost-us&hl=en&source=android-search-app&v=133247963&tbm=isch&tbo=u&source=univ&sa=X&ei=k1gSUuLzI8eh2AWS6oCABw&ved=0CCcQsAQ&biw=320&bih=508" "Mozilla/5.0 (Linux; U; Android 2.3.5; en-us; N860 Build/GINGERBREAD) AppleWebKit/533.1 (KHTML, like Gecko) Version/4.0 Mobile Safari/533.1"
66.249.75.108 - - [19/Aug/2013:23:22:31 -0400] "GET /penny-for-your-thoughts.php HTTP/1.1" 200 11765 "-" "Mozilla/5.0 (iPhone; U; CPU iPhone OS 4_1 like Mac OS X; en-us) AppleWebKit/532.9 (KHTML, like Gecko) Version/4.0.5 Mobile/8B117 Safari/6531.22.7 (compatible; Googlebot-Mobile/2.1; +http://www.google.com/bot.html)"
65.55.24.245 - - [19/Aug/2013:10:18:39 -0400] "GET /robots.txt HTTP/1.1" 404 575 "-" "Mozilla/5.0 (compatible; bingbot/2.0; +http://www.bing.com/bingbot.htm)"
93.115.86.194 - - [19/Aug/2013:11:54:35 -0400] "GET /speaking-requests.php HTTP/1.1" 200 14865 "-" "Mozilla/4.0 (compatible; MSIE 6.0; Windows NT 5.1; SV1)"
41.222.183.54 - - [19/Aug/2013:12:42:17 -0400] "GET /slide-style.css HTTP/1.1" 404 575 "http://www.judgepenny.com/" "Mozilla/5.0 (iPhone; CPU iPhone OS 6_1_4 like Mac OS X) AppleWebKit/536.26 (KHTML, like Gecko) Version/6.0 Mobile/10B350 Safari/8536.25"
41.222.183.54 - - [19/Aug/2013:12:42:20 -0400] "GET /slideshow/images/book.jpg HTTP/1.1" 200 132593 "http://www.judgepenny.com/" "Mozilla/5.0 (iPhone; CPU iPhone OS 6_1_4 like Mac OS X) AppleWebKit/536.26 (KHTML, like Gecko) Version/6.0 Mobile/10B350 Safari/8536.25"
41.222.183.54 - - [19/Aug/2013:12:42:21 -0400] "GET /slideshow/images/judge_penny_self_worth.jpg HTTP/1.1" 200 129594 "http://www.judgepenny.com/" "Mozilla/5.0 (iPhone; CPU iPhone OS 6_1_4 like Mac OS X) AppleWebKit/536.26 (KHTML, like Gecko) Version/6.0 Mobile/10B350 Safari/8536.25"
41.222.183.54 - - [19/Aug/2013:12:42:22 -0400] "GET /images/bg.jpg HTTP/1.1" 200 71900 "http://www.judgepenny.com/" "Mozilla/5.0 (iPhone; CPU iPhone OS 6_1_4 like Mac OS X) AppleWebKit/536.26 (KHTML, like Gecko) Version/6.0 Mobile/10B350 Safari/8536.25"
41.222.183.54 - - [19/Aug/2013:12:42:22 -0400] "GET /images/m-center.png HTTP/1.1" 200 191 "http://www.judgepenny.com/" "Mozilla/5.0 (iPhone; CPU iPhone OS 6_1_4 like Mac OS X) AppleWebKit/536.26 (KHTML, like Gecko) Version/6.0 Mobile/10B350 Safari/8536.25"
208.87.234.180 - - [19/Aug/2013:16:23:15 -0400] "GET / HTTP/1.1" 302 356 "http://www.bing.com/search?q=Judge+Penny+Foundation&src=IE-SearchBox&FORM=IE8SRC" "Mozilla/4.0 (compatible; MSIE 8.0; Windows NT 6.1; Trident/4.0; SLCC2; .NET CLR 2.0.50727; .NET CLR 3.5.30729; .NET CLR 3.0.30729; Media Center PC 6.0; .NET4.0C; .NET4.0E)"
